Calling target program-options parser
[21:38:15.152] [bmv2] [D] [thread 3263] Set default default entry for table 'tbl_qos199': qos199 - 
[21:38:15.164] [bmv2] [D] [thread 3263] Set default default entry for table 'MyIngress.ipv4_lpm': NoAction - 
Adding interface s2-eth1 as port 1
[21:38:15.165] [bmv2] [D] [thread 3263] Adding interface s2-eth1 as port 1
Adding interface s2-eth2 as port 2
[21:38:15.168] [bmv2] [D] [thread 3263] Adding interface s2-eth2 as port 2
Adding interface s2-eth3 as port 3
[21:38:15.179] [bmv2] [D] [thread 3263] Adding interface s2-eth3 as port 3
Adding interface s2-eth4 as port 4
[21:38:15.186] [bmv2] [D] [thread 3263] Adding interface s2-eth4 as port 4
Server listening on 0.0.0.0:50052
[21:38:15.196] [bmv2] [I] [thread 3263] Starting Thrift server on port 9091
[21:38:15.201] [bmv2] [I] [thread 3263] Thrift server was started
[21:38:15.318] [bmv2] [D] [thread 3275] [0.0] [cxt 0] Processing packet received on port 4
[21:38:15.319] [bmv2] [D] [thread 3275] [0.0] [cxt 0] Parser 'parser': start
[21:38:15.319] [bmv2] [D] [thread 3275] [0.0] [cxt 0] Parser 'parser' entering state 'start'
[21:38:15.319] [bmv2] [D] [thread 3275] [0.0] [cxt 0] Extracting header 'ethernet'
[21:38:15.319] [bmv2] [D] [thread 3275] [0.0] [cxt 0] Parser state 'start': key is 86dd
[21:38:15.319] [bmv2] [T] [thread 3275] [0.0] [cxt 0] Bytes parsed: 14
[21:38:15.319] [bmv2] [D] [thread 3275] [0.0] [cxt 0] Parser 'parser': end
[21:38:15.319] [bmv2] [D] [thread 3275] [0.0] [cxt 0] Pipeline 'ingress': start
[21:38:15.319] [bmv2] [T] [thread 3275] [0.0] [cxt 0] qos.p4(197) Condition "hdr.ipv4.isValid()" (node_2) is false
[21:38:15.319] [bmv2] [D] [thread 3275] [0.0] [cxt 0] Pipeline 'ingress': end
[21:38:15.319] [bmv2] [D] [thread 3275] [0.0] [cxt 0] Egress port is 0
[21:38:15.319] [bmv2] [D] [thread 3275] [1.0] [cxt 0] Processing packet received on port 4
[21:38:15.319] [bmv2] [D] [thread 3275] [1.0] [cxt 0] Parser 'parser': start
[21:38:15.319] [bmv2] [D] [thread 3275] [1.0] [cxt 0] Parser 'parser' entering state 'start'
[21:38:15.319] [bmv2] [D] [thread 3275] [1.0] [cxt 0] Extracting header 'ethernet'
[21:38:15.319] [bmv2] [D] [thread 3275] [1.0] [cxt 0] Parser state 'start': key is 86dd
[21:38:15.319] [bmv2] [T] [thread 3275] [1.0] [cxt 0] Bytes parsed: 14
[21:38:15.319] [bmv2] [D] [thread 3275] [1.0] [cxt 0] Parser 'parser': end
[21:38:15.319] [bmv2] [D] [thread 3275] [1.0] [cxt 0] Pipeline 'ingress': start
[21:38:15.319] [bmv2] [T] [thread 3275] [1.0] [cxt 0] qos.p4(197) Condition "hdr.ipv4.isValid()" (node_2) is false
[21:38:15.319] [bmv2] [D] [thread 3275] [1.0] [cxt 0] Pipeline 'ingress': end
[21:38:15.319] [bmv2] [D] [thread 3275] [1.0] [cxt 0] Egress port is 0
[21:38:15.319] [bmv2] [D] [thread 3276] [0.0] [cxt 0] Pipeline 'egress': start
[21:38:15.319] [bmv2] [D] [thread 3276] [0.0] [cxt 0] Pipeline 'egress': end
[21:38:15.319] [bmv2] [D] [thread 3276] [0.0] [cxt 0] Deparser 'deparser': start
[21:38:15.319] [bmv2] [T] [thread 3276] [0.0] [cxt 0] Skipping checksum 'cksum' update because condition not met
[21:38:15.319] [bmv2] [D] [thread 3276] [0.0] [cxt 0] Deparsing header 'ethernet'
[21:38:15.319] [bmv2] [D] [thread 3276] [0.0] [cxt 0] Deparser 'deparser': end
[21:38:15.319] [bmv2] [D] [thread 3276] [1.0] [cxt 0] Pipeline 'egress': start
[21:38:15.319] [bmv2] [D] [thread 3276] [1.0] [cxt 0] Pipeline 'egress': end
[21:38:15.319] [bmv2] [D] [thread 3276] [1.0] [cxt 0] Deparser 'deparser': start
[21:38:15.319] [bmv2] [T] [thread 3276] [1.0] [cxt 0] Skipping checksum 'cksum' update because condition not met
[21:38:15.319] [bmv2] [D] [thread 3276] [1.0] [cxt 0] Deparsing header 'ethernet'
[21:38:15.319] [bmv2] [D] [thread 3276] [1.0] [cxt 0] Deparser 'deparser': end
[21:38:15.320] [bmv2] [D] [thread 3280] [0.0] [cxt 0] Transmitting packet of size 90 out of port 0
[21:38:15.320] [bmv2] [D] [thread 3280] [1.0] [cxt 0] Transmitting packet of size 70 out of port 0
[21:38:15.668] [bmv2] [D] [thread 3275] [2.0] [cxt 0] Processing packet received on port 4
[21:38:15.668] [bmv2] [D] [thread 3275] [2.0] [cxt 0] Parser 'parser': start
[21:38:15.668] [bmv2] [D] [thread 3275] [2.0] [cxt 0] Parser 'parser' entering state 'start'
[21:38:15.669] [bmv2] [D] [thread 3275] [2.0] [cxt 0] Extracting header 'ethernet'
[21:38:15.669] [bmv2] [D] [thread 3275] [2.0] [cxt 0] Parser state 'start': key is 86dd
[21:38:15.669] [bmv2] [T] [thread 3275] [2.0] [cxt 0] Bytes parsed: 14
[21:38:15.669] [bmv2] [D] [thread 3275] [2.0] [cxt 0] Parser 'parser': end
[21:38:15.669] [bmv2] [D] [thread 3275] [2.0] [cxt 0] Pipeline 'ingress': start
[21:38:15.669] [bmv2] [T] [thread 3275] [2.0] [cxt 0] qos.p4(197) Condition "hdr.ipv4.isValid()" (node_2) is false
[21:38:15.669] [bmv2] [D] [thread 3275] [2.0] [cxt 0] Pipeline 'ingress': end
[21:38:15.669] [bmv2] [D] [thread 3275] [2.0] [cxt 0] Egress port is 0
[21:38:15.669] [bmv2] [D] [thread 3276] [2.0] [cxt 0] Pipeline 'egress': start
[21:38:15.669] [bmv2] [D] [thread 3276] [2.0] [cxt 0] Pipeline 'egress': end
[21:38:15.669] [bmv2] [D] [thread 3276] [2.0] [cxt 0] Deparser 'deparser': start
[21:38:15.669] [bmv2] [T] [thread 3276] [2.0] [cxt 0] Skipping checksum 'cksum' update because condition not met
[21:38:15.669] [bmv2] [D] [thread 3276] [2.0] [cxt 0] Deparsing header 'ethernet'
[21:38:15.669] [bmv2] [D] [thread 3276] [2.0] [cxt 0] Deparser 'deparser': end
[21:38:15.669] [bmv2] [D] [thread 3280] [2.0] [cxt 0] Transmitting packet of size 90 out of port 0
[21:38:15.862] [bmv2] [D] [thread 3275] [3.0] [cxt 0] Processing packet received on port 3
[21:38:15.862] [bmv2] [D] [thread 3275] [3.0] [cxt 0] Parser 'parser': start
[21:38:15.862] [bmv2] [D] [thread 3275] [3.0] [cxt 0] Parser 'parser' entering state 'start'
[21:38:15.862] [bmv2] [D] [thread 3275] [3.0] [cxt 0] Extracting header 'ethernet'
[21:38:15.862] [bmv2] [D] [thread 3275] [3.0] [cxt 0] Parser state 'start': key is 86dd
[21:38:15.862] [bmv2] [T] [thread 3275] [3.0] [cxt 0] Bytes parsed: 14
[21:38:15.862] [bmv2] [D] [thread 3275] [3.0] [cxt 0] Parser 'parser': end
[21:38:15.862] [bmv2] [D] [thread 3275] [3.0] [cxt 0] Pipeline 'ingress': start
[21:38:15.862] [bmv2] [T] [thread 3275] [3.0] [cxt 0] qos.p4(197) Condition "hdr.ipv4.isValid()" (node_2) is false
[21:38:15.862] [bmv2] [D] [thread 3275] [3.0] [cxt 0] Pipeline 'ingress': end
[21:38:15.862] [bmv2] [D] [thread 3275] [3.0] [cxt 0] Egress port is 0
[21:38:15.863] [bmv2] [D] [thread 3276] [3.0] [cxt 0] Pipeline 'egress': start
[21:38:15.863] [bmv2] [D] [thread 3276] [3.0] [cxt 0] Pipeline 'egress': end
[21:38:15.863] [bmv2] [D] [thread 3276] [3.0] [cxt 0] Deparser 'deparser': start
[21:38:15.863] [bmv2] [T] [thread 3276] [3.0] [cxt 0] Skipping checksum 'cksum' update because condition not met
[21:38:15.863] [bmv2] [D] [thread 3276] [3.0] [cxt 0] Deparsing header 'ethernet'
[21:38:15.863] [bmv2] [D] [thread 3276] [3.0] [cxt 0] Deparser 'deparser': end
[21:38:15.863] [bmv2] [D] [thread 3280] [3.0] [cxt 0] Transmitting packet of size 90 out of port 0
[21:38:16.150] [bmv2] [D] [thread 3275] [4.0] [cxt 0] Processing packet received on port 4
[21:38:16.150] [bmv2] [D] [thread 3275] [4.0] [cxt 0] Parser 'parser': start
[21:38:16.150] [bmv2] [D] [thread 3275] [4.0] [cxt 0] Parser 'parser' entering state 'start'
[21:38:16.150] [bmv2] [D] [thread 3275] [4.0] [cxt 0] Extracting header 'ethernet'
[21:38:16.150] [bmv2] [D] [thread 3275] [4.0] [cxt 0] Parser state 'start': key is 86dd
[21:38:16.150] [bmv2] [T] [thread 3275] [4.0] [cxt 0] Bytes parsed: 14
[21:38:16.150] [bmv2] [D] [thread 3275] [4.0] [cxt 0] Parser 'parser': end
[21:38:16.150] [bmv2] [D] [thread 3275] [4.0] [cxt 0] Pipeline 'ingress': start
[21:38:16.150] [bmv2] [T] [thread 3275] [4.0] [cxt 0] qos.p4(197) Condition "hdr.ipv4.isValid()" (node_2) is false
[21:38:16.150] [bmv2] [D] [thread 3275] [4.0] [cxt 0] Pipeline 'ingress': end
[21:38:16.151] [bmv2] [D] [thread 3275] [4.0] [cxt 0] Egress port is 0
[21:38:16.151] [bmv2] [D] [thread 3276] [4.0] [cxt 0] Pipeline 'egress': start
[21:38:16.151] [bmv2] [D] [thread 3276] [4.0] [cxt 0] Pipeline 'egress': end
[21:38:16.151] [bmv2] [D] [thread 3276] [4.0] [cxt 0] Deparser 'deparser': start
[21:38:16.151] [bmv2] [T] [thread 3276] [4.0] [cxt 0] Skipping checksum 'cksum' update because condition not met
[21:38:16.151] [bmv2] [D] [thread 3276] [4.0] [cxt 0] Deparsing header 'ethernet'
[21:38:16.151] [bmv2] [D] [thread 3276] [4.0] [cxt 0] Deparser 'deparser': end
[21:38:16.151] [bmv2] [D] [thread 3280] [4.0] [cxt 0] Transmitting packet of size 90 out of port 0
[21:38:17.840] [bmv2] [W] [thread 3327] [P4Runtime] p4::tmp::P4DeviceConfig is deprecated
[21:38:17.851] [bmv2] [D] [thread 3327] Set default default entry for table 'tbl_qos199': qos199 - 
[21:38:17.851] [bmv2] [D] [thread 3327] Set default default entry for table 'MyIngress.ipv4_lpm': NoAction - 
[21:38:17.858] [bmv2] [D] [thread 3327] simple_switch target has been notified of a config swap
[21:38:17.870] [bmv2] [D] [thread 3329] Entry 0 added to table 'MyIngress.ipv4_lpm'
[21:38:17.871] [bmv2] [D] [thread 3329] Dumping entry 0
Match key:
* hdr.ipv4.dstAddr    : LPM       0a000202/32
Action entry: MyIngress.ipv4_forward - 80000000202,2,

[21:38:17.876] [bmv2] [D] [thread 3327] Entry 1 added to table 'MyIngress.ipv4_lpm'
[21:38:17.877] [bmv2] [D] [thread 3327] Dumping entry 1
Match key:
* hdr.ipv4.dstAddr    : LPM       0a000216/32
Action entry: MyIngress.ipv4_forward - 80000000222,1,

[21:38:17.891] [bmv2] [D] [thread 3329] Entry 2 added to table 'MyIngress.ipv4_lpm'
[21:38:17.891] [bmv2] [D] [thread 3329] Dumping entry 2
Match key:
* hdr.ipv4.dstAddr    : LPM       0a000100/24
Action entry: MyIngress.ipv4_forward - 80000000100,3,

[21:38:17.897] [bmv2] [D] [thread 3327] Entry 3 added to table 'MyIngress.ipv4_lpm'
[21:38:17.897] [bmv2] [D] [thread 3327] Dumping entry 3
Match key:
* hdr.ipv4.dstAddr    : LPM       0a000300/24
Action entry: MyIngress.ipv4_forward - 80000000300,4,

[21:38:18.168] [bmv2] [D] [thread 3275] [5.0] [cxt 0] Processing packet received on port 1
[21:38:18.169] [bmv2] [D] [thread 3275] [5.0] [cxt 0] Parser 'parser': start
[21:38:18.169] [bmv2] [D] [thread 3275] [5.0] [cxt 0] Parser 'parser' entering state 'start'
[21:38:18.169] [bmv2] [D] [thread 3275] [5.0] [cxt 0] Extracting header 'ethernet'
[21:38:18.169] [bmv2] [D] [thread 3275] [5.0] [cxt 0] Parser state 'start': key is 86dd
[21:38:18.169] [bmv2] [T] [thread 3275] [5.0] [cxt 0] Bytes parsed: 14
[21:38:18.169] [bmv2] [D] [thread 3275] [5.0] [cxt 0] Parser 'parser': end
[21:38:18.169] [bmv2] [D] [thread 3275] [5.0] [cxt 0] Pipeline 'ingress': start
[21:38:18.169] [bmv2] [T] [thread 3275] [5.0] [cxt 0] qos.p4(197) Condition "hdr.ipv4.isValid()" (node_2) is false
[21:38:18.169] [bmv2] [D] [thread 3275] [5.0] [cxt 0] Pipeline 'ingress': end
[21:38:18.169] [bmv2] [D] [thread 3275] [5.0] [cxt 0] Egress port is 0
[21:38:18.169] [bmv2] [D] [thread 3276] [5.0] [cxt 0] Pipeline 'egress': start
[21:38:18.169] [bmv2] [D] [thread 3276] [5.0] [cxt 0] Pipeline 'egress': end
[21:38:18.169] [bmv2] [D] [thread 3276] [5.0] [cxt 0] Deparser 'deparser': start
[21:38:18.169] [bmv2] [T] [thread 3276] [5.0] [cxt 0] Skipping checksum 'cksum' update because condition not met
[21:38:18.169] [bmv2] [D] [thread 3276] [5.0] [cxt 0] Deparsing header 'ethernet'
[21:38:18.169] [bmv2] [D] [thread 3276] [5.0] [cxt 0] Deparser 'deparser': end
[21:38:18.169] [bmv2] [D] [thread 3280] [5.0] [cxt 0] Transmitting packet of size 70 out of port 0
[21:38:18.687] [bmv2] [D] [thread 3275] [6.0] [cxt 0] Processing packet received on port 2
[21:38:18.687] [bmv2] [D] [thread 3275] [6.0] [cxt 0] Parser 'parser': start
[21:38:18.687] [bmv2] [D] [thread 3275] [6.0] [cxt 0] Parser 'parser' entering state 'start'
[21:38:18.687] [bmv2] [D] [thread 3275] [6.0] [cxt 0] Extracting header 'ethernet'
[21:38:18.687] [bmv2] [D] [thread 3275] [6.0] [cxt 0] Parser state 'start': key is 86dd
[21:38:18.687] [bmv2] [T] [thread 3275] [6.0] [cxt 0] Bytes parsed: 14
[21:38:18.687] [bmv2] [D] [thread 3275] [6.0] [cxt 0] Parser 'parser': end
[21:38:18.688] [bmv2] [D] [thread 3275] [6.0] [cxt 0] Pipeline 'ingress': start
[21:38:18.688] [bmv2] [T] [thread 3275] [6.0] [cxt 0] qos.p4(197) Condition "hdr.ipv4.isValid()" (node_2) is false
[21:38:18.688] [bmv2] [D] [thread 3275] [6.0] [cxt 0] Pipeline 'ingress': end
[21:38:18.688] [bmv2] [D] [thread 3275] [6.0] [cxt 0] Egress port is 0
[21:38:18.688] [bmv2] [D] [thread 3276] [6.0] [cxt 0] Pipeline 'egress': start
[21:38:18.688] [bmv2] [D] [thread 3276] [6.0] [cxt 0] Pipeline 'egress': end
[21:38:18.688] [bmv2] [D] [thread 3276] [6.0] [cxt 0] Deparser 'deparser': start
[21:38:18.689] [bmv2] [T] [thread 3276] [6.0] [cxt 0] Skipping checksum 'cksum' update because condition not met
[21:38:18.689] [bmv2] [D] [thread 3276] [6.0] [cxt 0] Deparsing header 'ethernet'
[21:38:18.689] [bmv2] [D] [thread 3276] [6.0] [cxt 0] Deparser 'deparser': end
[21:38:18.689] [bmv2] [D] [thread 3280] [6.0] [cxt 0] Transmitting packet of size 70 out of port 0
[21:38:18.936] [bmv2] [D] [thread 3275] [7.0] [cxt 0] Processing packet received on port 3
[21:38:18.943] [bmv2] [D] [thread 3275] [7.0] [cxt 0] Parser 'parser': start
[21:38:18.943] [bmv2] [D] [thread 3275] [7.0] [cxt 0] Parser 'parser' entering state 'start'
[21:38:18.943] [bmv2] [D] [thread 3275] [7.0] [cxt 0] Extracting header 'ethernet'
[21:38:18.943] [bmv2] [D] [thread 3275] [7.0] [cxt 0] Parser state 'start': key is 86dd
[21:38:18.943] [bmv2] [T] [thread 3275] [7.0] [cxt 0] Bytes parsed: 14
[21:38:18.943] [bmv2] [D] [thread 3275] [7.0] [cxt 0] Parser 'parser': end
[21:38:18.943] [bmv2] [D] [thread 3275] [7.0] [cxt 0] Pipeline 'ingress': start
[21:38:18.943] [bmv2] [T] [thread 3275] [7.0] [cxt 0] qos.p4(197) Condition "hdr.ipv4.isValid()" (node_2) is false
[21:38:18.943] [bmv2] [D] [thread 3275] [7.0] [cxt 0] Pipeline 'ingress': end
[21:38:18.943] [bmv2] [D] [thread 3275] [7.0] [cxt 0] Egress port is 0
[21:38:18.949] [bmv2] [D] [thread 3276] [7.0] [cxt 0] Pipeline 'egress': start
[21:38:18.949] [bmv2] [D] [thread 3276] [7.0] [cxt 0] Pipeline 'egress': end
[21:38:18.949] [bmv2] [D] [thread 3276] [7.0] [cxt 0] Deparser 'deparser': start
[21:38:18.949] [bmv2] [T] [thread 3276] [7.0] [cxt 0] Skipping checksum 'cksum' update because condition not met
[21:38:18.949] [bmv2] [D] [thread 3276] [7.0] [cxt 0] Deparsing header 'ethernet'
[21:38:18.949] [bmv2] [D] [thread 3276] [7.0] [cxt 0] Deparser 'deparser': end
[21:38:18.949] [bmv2] [D] [thread 3280] [7.0] [cxt 0] Transmitting packet of size 70 out of port 0
[21:38:18.949] [bmv2] [D] [thread 3275] [8.0] [cxt 0] Processing packet received on port 3
[21:38:18.949] [bmv2] [D] [thread 3275] [8.0] [cxt 0] Parser 'parser': start
[21:38:18.949] [bmv2] [D] [thread 3275] [8.0] [cxt 0] Parser 'parser' entering state 'start'
[21:38:18.949] [bmv2] [D] [thread 3275] [8.0] [cxt 0] Extracting header 'ethernet'
[21:38:18.949] [bmv2] [D] [thread 3275] [8.0] [cxt 0] Parser state 'start': key is 86dd
[21:38:18.950] [bmv2] [T] [thread 3275] [8.0] [cxt 0] Bytes parsed: 14
[21:38:18.950] [bmv2] [D] [thread 3275] [8.0] [cxt 0] Parser 'parser': end
[21:38:18.950] [bmv2] [D] [thread 3275] [8.0] [cxt 0] Pipeline 'ingress': start
[21:38:18.950] [bmv2] [T] [thread 3275] [8.0] [cxt 0] qos.p4(197) Condition "hdr.ipv4.isValid()" (node_2) is false
[21:38:18.950] [bmv2] [D] [thread 3275] [8.0] [cxt 0] Pipeline 'ingress': end
[21:38:18.950] [bmv2] [D] [thread 3275] [8.0] [cxt 0] Egress port is 0
[21:38:18.951] [bmv2] [D] [thread 3276] [8.0] [cxt 0] Pipeline 'egress': start
[21:38:18.951] [bmv2] [D] [thread 3276] [8.0] [cxt 0] Pipeline 'egress': end
[21:38:18.951] [bmv2] [D] [thread 3276] [8.0] [cxt 0] Deparser 'deparser': start
[21:38:18.951] [bmv2] [T] [thread 3276] [8.0] [cxt 0] Skipping checksum 'cksum' update because condition not met
[21:38:18.951] [bmv2] [D] [thread 3276] [8.0] [cxt 0] Deparsing header 'ethernet'
[21:38:18.951] [bmv2] [D] [thread 3276] [8.0] [cxt 0] Deparser 'deparser': end
[21:38:18.951] [bmv2] [D] [thread 3280] [8.0] [cxt 0] Transmitting packet of size 70 out of port 0
[21:38:19.189] [bmv2] [D] [thread 3275] [9.0] [cxt 0] Processing packet received on port 4
[21:38:19.189] [bmv2] [D] [thread 3275] [9.0] [cxt 0] Parser 'parser': start
[21:38:19.189] [bmv2] [D] [thread 3275] [9.0] [cxt 0] Parser 'parser' entering state 'start'
[21:38:19.189] [bmv2] [D] [thread 3275] [9.0] [cxt 0] Extracting header 'ethernet'
[21:38:19.190] [bmv2] [D] [thread 3275] [9.0] [cxt 0] Parser state 'start': key is 86dd
[21:38:19.190] [bmv2] [T] [thread 3275] [9.0] [cxt 0] Bytes parsed: 14
[21:38:19.190] [bmv2] [D] [thread 3275] [9.0] [cxt 0] Parser 'parser': end
[21:38:19.190] [bmv2] [D] [thread 3275] [9.0] [cxt 0] Pipeline 'ingress': start
[21:38:19.190] [bmv2] [T] [thread 3275] [9.0] [cxt 0] qos.p4(197) Condition "hdr.ipv4.isValid()" (node_2) is false
[21:38:19.190] [bmv2] [D] [thread 3275] [9.0] [cxt 0] Pipeline 'ingress': end
[21:38:19.190] [bmv2] [D] [thread 3275] [9.0] [cxt 0] Egress port is 0
[21:38:19.190] [bmv2] [D] [thread 3276] [9.0] [cxt 0] Pipeline 'egress': start
[21:38:19.190] [bmv2] [D] [thread 3276] [9.0] [cxt 0] Pipeline 'egress': end
[21:38:19.190] [bmv2] [D] [thread 3276] [9.0] [cxt 0] Deparser 'deparser': start
[21:38:19.190] [bmv2] [T] [thread 3276] [9.0] [cxt 0] Skipping checksum 'cksum' update because condition not met
[21:38:19.190] [bmv2] [D] [thread 3276] [9.0] [cxt 0] Deparsing header 'ethernet'
[21:38:19.190] [bmv2] [D] [thread 3276] [9.0] [cxt 0] Deparser 'deparser': end
[21:38:19.190] [bmv2] [D] [thread 3280] [9.0] [cxt 0] Transmitting packet of size 70 out of port 0
[21:38:19.453] [bmv2] [D] [thread 3275] [10.0] [cxt 0] Processing packet received on port 4
[21:38:19.453] [bmv2] [D] [thread 3275] [10.0] [cxt 0] Parser 'parser': start
[21:38:19.453] [bmv2] [D] [thread 3275] [10.0] [cxt 0] Parser 'parser' entering state 'start'
[21:38:19.453] [bmv2] [D] [thread 3275] [10.0] [cxt 0] Extracting header 'ethernet'
[21:38:19.454] [bmv2] [D] [thread 3275] [10.0] [cxt 0] Parser state 'start': key is 86dd
[21:38:19.454] [bmv2] [T] [thread 3275] [10.0] [cxt 0] Bytes parsed: 14
[21:38:19.454] [bmv2] [D] [thread 3275] [10.0] [cxt 0] Parser 'parser': end
[21:38:19.454] [bmv2] [D] [thread 3275] [10.0] [cxt 0] Pipeline 'ingress': start
[21:38:19.454] [bmv2] [T] [thread 3275] [10.0] [cxt 0] qos.p4(197) Condition "hdr.ipv4.isValid()" (node_2) is false
[21:38:19.454] [bmv2] [D] [thread 3275] [10.0] [cxt 0] Pipeline 'ingress': end
[21:38:19.454] [bmv2] [D] [thread 3275] [10.0] [cxt 0] Egress port is 0
[21:38:19.454] [bmv2] [D] [thread 3276] [10.0] [cxt 0] Pipeline 'egress': start
[21:38:19.455] [bmv2] [D] [thread 3276] [10.0] [cxt 0] Pipeline 'egress': end
[21:38:19.455] [bmv2] [D] [thread 3276] [10.0] [cxt 0] Deparser 'deparser': start
[21:38:19.455] [bmv2] [T] [thread 3276] [10.0] [cxt 0] Skipping checksum 'cksum' update because condition not met
[21:38:19.455] [bmv2] [D] [thread 3276] [10.0] [cxt 0] Deparsing header 'ethernet'
[21:38:19.455] [bmv2] [D] [thread 3276] [10.0] [cxt 0] Deparser 'deparser': end
[21:38:19.455] [bmv2] [D] [thread 3280] [10.0] [cxt 0] Transmitting packet of size 70 out of port 0
[21:38:26.126] [bmv2] [D] [thread 3275] [11.0] [cxt 0] Processing packet received on port 1
[21:38:26.126] [bmv2] [D] [thread 3275] [11.0] [cxt 0] Parser 'parser': start
[21:38:26.126] [bmv2] [D] [thread 3275] [11.0] [cxt 0] Parser 'parser' entering state 'start'
[21:38:26.127] [bmv2] [D] [thread 3275] [11.0] [cxt 0] Extracting header 'ethernet'
[21:38:26.127] [bmv2] [D] [thread 3275] [11.0] [cxt 0] Parser state 'start': key is 86dd
[21:38:26.127] [bmv2] [T] [thread 3275] [11.0] [cxt 0] Bytes parsed: 14
[21:38:26.127] [bmv2] [D] [thread 3275] [11.0] [cxt 0] Parser 'parser': end
[21:38:26.128] [bmv2] [D] [thread 3275] [11.0] [cxt 0] Pipeline 'ingress': start
[21:38:26.128] [bmv2] [T] [thread 3275] [11.0] [cxt 0] qos.p4(197) Condition "hdr.ipv4.isValid()" (node_2) is false
[21:38:26.128] [bmv2] [D] [thread 3275] [11.0] [cxt 0] Pipeline 'ingress': end
[21:38:26.140] [bmv2] [D] [thread 3275] [11.0] [cxt 0] Egress port is 0
[21:38:26.141] [bmv2] [D] [thread 3276] [11.0] [cxt 0] Pipeline 'egress': start
[21:38:26.141] [bmv2] [D] [thread 3276] [11.0] [cxt 0] Pipeline 'egress': end
[21:38:26.141] [bmv2] [D] [thread 3276] [11.0] [cxt 0] Deparser 'deparser': start
[21:38:26.141] [bmv2] [T] [thread 3276] [11.0] [cxt 0] Skipping checksum 'cksum' update because condition not met
[21:38:26.141] [bmv2] [D] [thread 3276] [11.0] [cxt 0] Deparsing header 'ethernet'
[21:38:26.141] [bmv2] [D] [thread 3276] [11.0] [cxt 0] Deparser 'deparser': end
[21:38:26.141] [bmv2] [D] [thread 3280] [11.0] [cxt 0] Transmitting packet of size 70 out of port 0
[21:38:26.874] [bmv2] [D] [thread 3275] [12.0] [cxt 0] Processing packet received on port 2
[21:38:26.874] [bmv2] [D] [thread 3275] [12.0] [cxt 0] Parser 'parser': start
[21:38:26.874] [bmv2] [D] [thread 3275] [12.0] [cxt 0] Parser 'parser' entering state 'start'
[21:38:26.874] [bmv2] [D] [thread 3275] [12.0] [cxt 0] Extracting header 'ethernet'
[21:38:26.874] [bmv2] [D] [thread 3275] [12.0] [cxt 0] Parser state 'start': key is 86dd
[21:38:26.874] [bmv2] [T] [thread 3275] [12.0] [cxt 0] Bytes parsed: 14
[21:38:26.874] [bmv2] [D] [thread 3275] [12.0] [cxt 0] Parser 'parser': end
[21:38:26.875] [bmv2] [D] [thread 3275] [12.0] [cxt 0] Pipeline 'ingress': start
[21:38:26.875] [bmv2] [T] [thread 3275] [12.0] [cxt 0] qos.p4(197) Condition "hdr.ipv4.isValid()" (node_2) is false
[21:38:26.875] [bmv2] [D] [thread 3275] [12.0] [cxt 0] Pipeline 'ingress': end
[21:38:26.875] [bmv2] [D] [thread 3275] [12.0] [cxt 0] Egress port is 0
[21:38:26.875] [bmv2] [D] [thread 3275] [13.0] [cxt 0] Processing packet received on port 3
[21:38:26.875] [bmv2] [D] [thread 3275] [13.0] [cxt 0] Parser 'parser': start
[21:38:26.875] [bmv2] [D] [thread 3275] [13.0] [cxt 0] Parser 'parser' entering state 'start'
[21:38:26.875] [bmv2] [D] [thread 3275] [13.0] [cxt 0] Extracting header 'ethernet'
[21:38:26.875] [bmv2] [D] [thread 3275] [13.0] [cxt 0] Parser state 'start': key is 86dd
[21:38:26.875] [bmv2] [T] [thread 3275] [13.0] [cxt 0] Bytes parsed: 14
[21:38:26.875] [bmv2] [D] [thread 3275] [13.0] [cxt 0] Parser 'parser': end
[21:38:26.875] [bmv2] [D] [thread 3275] [13.0] [cxt 0] Pipeline 'ingress': start
[21:38:26.875] [bmv2] [T] [thread 3275] [13.0] [cxt 0] qos.p4(197) Condition "hdr.ipv4.isValid()" (node_2) is false
[21:38:26.875] [bmv2] [D] [thread 3275] [13.0] [cxt 0] Pipeline 'ingress': end
[21:38:26.875] [bmv2] [D] [thread 3275] [13.0] [cxt 0] Egress port is 0
[21:38:26.875] [bmv2] [D] [thread 3276] [12.0] [cxt 0] Pipeline 'egress': start
[21:38:26.875] [bmv2] [D] [thread 3276] [12.0] [cxt 0] Pipeline 'egress': end
[21:38:26.875] [bmv2] [D] [thread 3276] [12.0] [cxt 0] Deparser 'deparser': start
[21:38:26.875] [bmv2] [T] [thread 3276] [12.0] [cxt 0] Skipping checksum 'cksum' update because condition not met
[21:38:26.875] [bmv2] [D] [thread 3276] [12.0] [cxt 0] Deparsing header 'ethernet'
[21:38:26.875] [bmv2] [D] [thread 3276] [12.0] [cxt 0] Deparser 'deparser': end
[21:38:26.875] [bmv2] [D] [thread 3276] [13.0] [cxt 0] Pipeline 'egress': start
[21:38:26.875] [bmv2] [D] [thread 3276] [13.0] [cxt 0] Pipeline 'egress': end
[21:38:26.875] [bmv2] [D] [thread 3276] [13.0] [cxt 0] Deparser 'deparser': start
[21:38:26.875] [bmv2] [T] [thread 3276] [13.0] [cxt 0] Skipping checksum 'cksum' update because condition not met
[21:38:26.875] [bmv2] [D] [thread 3276] [13.0] [cxt 0] Deparsing header 'ethernet'
[21:38:26.875] [bmv2] [D] [thread 3276] [13.0] [cxt 0] Deparser 'deparser': end
[21:38:26.876] [bmv2] [D] [thread 3280] [12.0] [cxt 0] Transmitting packet of size 70 out of port 0
[21:38:26.876] [bmv2] [D] [thread 3280] [13.0] [cxt 0] Transmitting packet of size 70 out of port 0
[21:38:27.128] [bmv2] [D] [thread 3275] [14.0] [cxt 0] Processing packet received on port 4
[21:38:27.129] [bmv2] [D] [thread 3275] [14.0] [cxt 0] Parser 'parser': start
[21:38:27.129] [bmv2] [D] [thread 3275] [14.0] [cxt 0] Parser 'parser' entering state 'start'
[21:38:27.129] [bmv2] [D] [thread 3275] [14.0] [cxt 0] Extracting header 'ethernet'
[21:38:27.129] [bmv2] [D] [thread 3275] [14.0] [cxt 0] Parser state 'start': key is 86dd
[21:38:27.129] [bmv2] [T] [thread 3275] [14.0] [cxt 0] Bytes parsed: 14
[21:38:27.130] [bmv2] [D] [thread 3275] [14.0] [cxt 0] Parser 'parser': end
[21:38:27.130] [bmv2] [D] [thread 3275] [14.0] [cxt 0] Pipeline 'ingress': start
[21:38:27.130] [bmv2] [T] [thread 3275] [14.0] [cxt 0] qos.p4(197) Condition "hdr.ipv4.isValid()" (node_2) is false
[21:38:27.130] [bmv2] [D] [thread 3275] [14.0] [cxt 0] Pipeline 'ingress': end
[21:38:27.131] [bmv2] [D] [thread 3275] [14.0] [cxt 0] Egress port is 0
[21:38:27.135] [bmv2] [D] [thread 3276] [14.0] [cxt 0] Pipeline 'egress': start
[21:38:27.135] [bmv2] [D] [thread 3276] [14.0] [cxt 0] Pipeline 'egress': end
[21:38:27.135] [bmv2] [D] [thread 3276] [14.0] [cxt 0] Deparser 'deparser': start
[21:38:27.136] [bmv2] [T] [thread 3276] [14.0] [cxt 0] Skipping checksum 'cksum' update because condition not met
[21:38:27.136] [bmv2] [D] [thread 3276] [14.0] [cxt 0] Deparsing header 'ethernet'
[21:38:27.136] [bmv2] [D] [thread 3276] [14.0] [cxt 0] Deparser 'deparser': end
[21:38:27.136] [bmv2] [D] [thread 3280] [14.0] [cxt 0] Transmitting packet of size 70 out of port 0
[21:38:27.639] [bmv2] [D] [thread 3275] [15.0] [cxt 0] Processing packet received on port 4
[21:38:27.639] [bmv2] [D] [thread 3275] [15.0] [cxt 0] Parser 'parser': start
[21:38:27.640] [bmv2] [D] [thread 3275] [15.0] [cxt 0] Parser 'parser' entering state 'start'
[21:38:27.649] [bmv2] [D] [thread 3275] [15.0] [cxt 0] Extracting header 'ethernet'
[21:38:27.649] [bmv2] [D] [thread 3275] [15.0] [cxt 0] Parser state 'start': key is 86dd
[21:38:27.649] [bmv2] [T] [thread 3275] [15.0] [cxt 0] Bytes parsed: 14
[21:38:27.649] [bmv2] [D] [thread 3275] [15.0] [cxt 0] Parser 'parser': end
[21:38:27.649] [bmv2] [D] [thread 3275] [15.0] [cxt 0] Pipeline 'ingress': start
[21:38:27.649] [bmv2] [T] [thread 3275] [15.0] [cxt 0] qos.p4(197) Condition "hdr.ipv4.isValid()" (node_2) is false
[21:38:27.649] [bmv2] [D] [thread 3275] [15.0] [cxt 0] Pipeline 'ingress': end
[21:38:27.649] [bmv2] [D] [thread 3275] [15.0] [cxt 0] Egress port is 0
[21:38:27.650] [bmv2] [D] [thread 3276] [15.0] [cxt 0] Pipeline 'egress': start
[21:38:27.651] [bmv2] [D] [thread 3276] [15.0] [cxt 0] Pipeline 'egress': end
[21:38:27.651] [bmv2] [D] [thread 3276] [15.0] [cxt 0] Deparser 'deparser': start
[21:38:27.651] [bmv2] [T] [thread 3276] [15.0] [cxt 0] Skipping checksum 'cksum' update because condition not met
[21:38:27.651] [bmv2] [D] [thread 3276] [15.0] [cxt 0] Deparsing header 'ethernet'
[21:38:27.651] [bmv2] [D] [thread 3276] [15.0] [cxt 0] Deparser 'deparser': end
[21:38:27.651] [bmv2] [D] [thread 3280] [15.0] [cxt 0] Transmitting packet of size 70 out of port 0
[21:38:28.151] [bmv2] [D] [thread 3275] [16.0] [cxt 0] Processing packet received on port 3
[21:38:28.152] [bmv2] [D] [thread 3275] [16.0] [cxt 0] Parser 'parser': start
[21:38:28.152] [bmv2] [D] [thread 3275] [16.0] [cxt 0] Parser 'parser' entering state 'start'
[21:38:28.152] [bmv2] [D] [thread 3275] [16.0] [cxt 0] Extracting header 'ethernet'
[21:38:28.152] [bmv2] [D] [thread 3275] [16.0] [cxt 0] Parser state 'start': key is 86dd
[21:38:28.158] [bmv2] [T] [thread 3275] [16.0] [cxt 0] Bytes parsed: 14
[21:38:28.159] [bmv2] [D] [thread 3275] [16.0] [cxt 0] Parser 'parser': end
[21:38:28.159] [bmv2] [D] [thread 3275] [16.0] [cxt 0] Pipeline 'ingress': start
[21:38:28.159] [bmv2] [T] [thread 3275] [16.0] [cxt 0] qos.p4(197) Condition "hdr.ipv4.isValid()" (node_2) is false
[21:38:28.159] [bmv2] [D] [thread 3275] [16.0] [cxt 0] Pipeline 'ingress': end
[21:38:28.159] [bmv2] [D] [thread 3275] [16.0] [cxt 0] Egress port is 0
[21:38:28.161] [bmv2] [D] [thread 3276] [16.0] [cxt 0] Pipeline 'egress': start
[21:38:28.161] [bmv2] [D] [thread 3276] [16.0] [cxt 0] Pipeline 'egress': end
[21:38:28.161] [bmv2] [D] [thread 3276] [16.0] [cxt 0] Deparser 'deparser': start
[21:38:28.161] [bmv2] [T] [thread 3276] [16.0] [cxt 0] Skipping checksum 'cksum' update because condition not met
[21:38:28.161] [bmv2] [D] [thread 3276] [16.0] [cxt 0] Deparsing header 'ethernet'
[21:38:28.161] [bmv2] [D] [thread 3276] [16.0] [cxt 0] Deparser 'deparser': end
[21:38:28.161] [bmv2] [D] [thread 3280] [16.0] [cxt 0] Transmitting packet of size 70 out of port 0
[21:38:36.763] [bmv2] [D] [thread 3275] [17.0] [cxt 0] Processing packet received on port 3
[21:38:36.763] [bmv2] [D] [thread 3275] [17.0] [cxt 0] Parser 'parser': start
[21:38:36.763] [bmv2] [D] [thread 3275] [17.0] [cxt 0] Parser 'parser' entering state 'start'
[21:38:36.763] [bmv2] [D] [thread 3275] [17.0] [cxt 0] Extracting header 'ethernet'
[21:38:36.763] [bmv2] [D] [thread 3275] [17.0] [cxt 0] Parser state 'start': key is 8100
[21:38:36.763] [bmv2] [T] [thread 3275] [17.0] [cxt 0] Bytes parsed: 14
[21:38:36.763] [bmv2] [D] [thread 3275] [17.0] [cxt 0] Parser 'parser' entering state 'parse_vlan'
[21:38:36.763] [bmv2] [D] [thread 3275] [17.0] [cxt 0] Extracting header 'vlan'
[21:38:36.763] [bmv2] [D] [thread 3275] [17.0] [cxt 0] Parser state 'parse_vlan': key is 0800
[21:38:36.763] [bmv2] [T] [thread 3275] [17.0] [cxt 0] Bytes parsed: 18
[21:38:36.763] [bmv2] [D] [thread 3275] [17.0] [cxt 0] Parser 'parser' entering state 'parse_ipv4'
[21:38:36.763] [bmv2] [D] [thread 3275] [17.0] [cxt 0] Extracting header 'ipv4'
[21:38:36.763] [bmv2] [D] [thread 3275] [17.0] [cxt 0] Parser set: setting field 'scalars.tmp' from expression, new value is 1
[21:38:36.763] [bmv2] [D] [thread 3275] [17.0] [cxt 0] Parser state 'parse_ipv4': key is 06
[21:38:36.763] [bmv2] [T] [thread 3275] [17.0] [cxt 0] Bytes parsed: 38
[21:38:36.763] [bmv2] [D] [thread 3275] [17.0] [cxt 0] Parser 'parser' entering state 'parse_ipv4_option'
[21:38:36.763] [bmv2] [D] [thread 3275] [17.0] [cxt 0] Extracting header 'ipv4_option'
[21:38:36.763] [bmv2] [D] [thread 3275] [17.0] [cxt 0] Parser state 'parse_ipv4_option': key is 1f
[21:38:36.763] [bmv2] [T] [thread 3275] [17.0] [cxt 0] Bytes parsed: 40
[21:38:36.763] [bmv2] [D] [thread 3275] [17.0] [cxt 0] Parser 'parser' entering state 'parse_link_qos'
[21:38:36.763] [bmv2] [D] [thread 3275] [17.0] [cxt 0] Extracting header 'link_qos'
[21:38:36.763] [bmv2] [D] [thread 3275] [17.0] [cxt 0] Parser state 'parse_link_qos' has no switch, going to default next state
[21:38:36.763] [bmv2] [T] [thread 3275] [17.0] [cxt 0] Bytes parsed: 42
[21:38:36.763] [bmv2] [D] [thread 3275] [17.0] [cxt 0] Parser 'parser': end
[21:38:36.763] [bmv2] [D] [thread 3275] [17.0] [cxt 0] Pipeline 'ingress': start
[21:38:36.763] [bmv2] [T] [thread 3275] [17.0] [cxt 0] qos.p4(197) Condition "hdr.ipv4.isValid()" (node_2) is true
[21:38:36.763] [bmv2] [T] [thread 3275] [17.0] [cxt 0] qos.p4(198) Condition "hdr.link_qos.link_qos == TARGET_LINK_QOS" (node_3) is true
[21:38:36.763] [bmv2] [T] [thread 3275] [17.0] [cxt 0] Applying table 'tbl_qos199'
[21:38:36.763] [bmv2] [D] [thread 3275] [17.0] [cxt 0] Looking up key:

[21:38:36.763] [bmv2] [D] [thread 3275] [17.0] [cxt 0] Table 'tbl_qos199': miss
[21:38:36.763] [bmv2] [D] [thread 3275] [17.0] [cxt 0] Action entry is qos199 - 
[21:38:36.763] [bmv2] [T] [thread 3275] [17.0] [cxt 0] Action qos199
[21:38:36.763] [bmv2] [T] [thread 3275] [17.0] [cxt 0] qos.p4(199) Primitive hdr.ipv4.diffserv = (TARGET_DSCP << 2
[21:38:36.763] [bmv2] [T] [thread 3275] [17.0] [cxt 0] qos.p4(28) Primitive 7; ...
[21:38:36.763] [bmv2] [T] [thread 3275] [17.0] [cxt 0] Applying table 'MyIngress.ipv4_lpm'
[21:38:36.763] [bmv2] [D] [thread 3275] [17.0] [cxt 0] Looking up key:
* hdr.ipv4.dstAddr    : 0a000202

[21:38:36.763] [bmv2] [D] [thread 3275] [17.0] [cxt 0] Table 'MyIngress.ipv4_lpm': hit with handle 0
[21:38:36.764] [bmv2] [D] [thread 3275] [17.0] [cxt 0] Dumping entry 0
Match key:
* hdr.ipv4.dstAddr    : LPM       0a000202/32
Action entry: MyIngress.ipv4_forward - 80000000202,2,

[21:38:36.764] [bmv2] [D] [thread 3275] [17.0] [cxt 0] Action entry is MyIngress.ipv4_forward - 80000000202,2,
[21:38:36.764] [bmv2] [T] [thread 3275] [17.0] [cxt 0] Action MyIngress.ipv4_forward
[21:38:36.764] [bmv2] [T] [thread 3275] [17.0] [cxt 0] qos.p4(175) Primitive standard_metadata.egress_spec = port
[21:38:36.764] [bmv2] [T] [thread 3275] [17.0] [cxt 0] qos.p4(176) Primitive hdr.ethernet.srcAddr = hdr.ethernet.dstAddr
[21:38:36.764] [bmv2] [T] [thread 3275] [17.0] [cxt 0] qos.p4(177) Primitive hdr.ethernet.dstAddr = dstAddr
[21:38:36.764] [bmv2] [T] [thread 3275] [17.0] [cxt 0] qos.p4(178) Primitive hdr.ipv4.ttl = hdr.ipv4.ttl - 1
[21:38:36.764] [bmv2] [D] [thread 3275] [17.0] [cxt 0] Pipeline 'ingress': end
[21:38:36.764] [bmv2] [D] [thread 3275] [17.0] [cxt 0] Egress port is 2
[21:38:36.764] [bmv2] [D] [thread 3278] [17.0] [cxt 0] Pipeline 'egress': start
[21:38:36.764] [bmv2] [D] [thread 3278] [17.0] [cxt 0] Pipeline 'egress': end
[21:38:36.764] [bmv2] [D] [thread 3278] [17.0] [cxt 0] Deparser 'deparser': start
[21:38:36.764] [bmv2] [D] [thread 3278] [17.0] [cxt 0] Updating checksum 'cksum'
[21:38:36.764] [bmv2] [D] [thread 3278] [17.0] [cxt 0] Deparsing header 'ethernet'
[21:38:36.764] [bmv2] [D] [thread 3278] [17.0] [cxt 0] Deparsing header 'vlan'
[21:38:36.764] [bmv2] [D] [thread 3278] [17.0] [cxt 0] Deparsing header 'ipv4'
[21:38:36.764] [bmv2] [D] [thread 3278] [17.0] [cxt 0] Deparsing header 'ipv4_option'
[21:38:36.764] [bmv2] [D] [thread 3278] [17.0] [cxt 0] Deparsing header 'link_qos'
[21:38:36.764] [bmv2] [D] [thread 3278] [17.0] [cxt 0] Deparser 'deparser': end
[21:38:36.764] [bmv2] [D] [thread 3280] [17.0] [cxt 0] Transmitting packet of size 562 out of port 2
[21:38:37.803] [bmv2] [D] [thread 3275] [18.0] [cxt 0] Processing packet received on port 3
[21:38:37.803] [bmv2] [D] [thread 3275] [18.0] [cxt 0] Parser 'parser': start
[21:38:37.803] [bmv2] [D] [thread 3275] [18.0] [cxt 0] Parser 'parser' entering state 'start'
[21:38:37.803] [bmv2] [D] [thread 3275] [18.0] [cxt 0] Extracting header 'ethernet'
[21:38:37.803] [bmv2] [D] [thread 3275] [18.0] [cxt 0] Parser state 'start': key is 8100
[21:38:37.803] [bmv2] [T] [thread 3275] [18.0] [cxt 0] Bytes parsed: 14
[21:38:37.803] [bmv2] [D] [thread 3275] [18.0] [cxt 0] Parser 'parser' entering state 'parse_vlan'
[21:38:37.803] [bmv2] [D] [thread 3275] [18.0] [cxt 0] Extracting header 'vlan'
[21:38:37.803] [bmv2] [D] [thread 3275] [18.0] [cxt 0] Parser state 'parse_vlan': key is 0800
[21:38:37.803] [bmv2] [T] [thread 3275] [18.0] [cxt 0] Bytes parsed: 18
[21:38:37.803] [bmv2] [D] [thread 3275] [18.0] [cxt 0] Parser 'parser' entering state 'parse_ipv4'
[21:38:37.803] [bmv2] [D] [thread 3275] [18.0] [cxt 0] Extracting header 'ipv4'
[21:38:37.803] [bmv2] [D] [thread 3275] [18.0] [cxt 0] Parser set: setting field 'scalars.tmp' from expression, new value is 1
[21:38:37.803] [bmv2] [D] [thread 3275] [18.0] [cxt 0] Parser state 'parse_ipv4': key is 06
[21:38:37.803] [bmv2] [T] [thread 3275] [18.0] [cxt 0] Bytes parsed: 38
[21:38:37.803] [bmv2] [D] [thread 3275] [18.0] [cxt 0] Parser 'parser' entering state 'parse_ipv4_option'
[21:38:37.803] [bmv2] [D] [thread 3275] [18.0] [cxt 0] Extracting header 'ipv4_option'
[21:38:37.804] [bmv2] [D] [thread 3275] [18.0] [cxt 0] Parser state 'parse_ipv4_option': key is 1f
[21:38:37.804] [bmv2] [T] [thread 3275] [18.0] [cxt 0] Bytes parsed: 40
[21:38:37.804] [bmv2] [D] [thread 3275] [18.0] [cxt 0] Parser 'parser' entering state 'parse_link_qos'
[21:38:37.804] [bmv2] [D] [thread 3275] [18.0] [cxt 0] Extracting header 'link_qos'
[21:38:37.804] [bmv2] [D] [thread 3275] [18.0] [cxt 0] Parser state 'parse_link_qos' has no switch, going to default next state
[21:38:37.804] [bmv2] [T] [thread 3275] [18.0] [cxt 0] Bytes parsed: 42
[21:38:37.804] [bmv2] [D] [thread 3275] [18.0] [cxt 0] Parser 'parser': end
[21:38:37.804] [bmv2] [D] [thread 3275] [18.0] [cxt 0] Pipeline 'ingress': start
[21:38:37.804] [bmv2] [T] [thread 3275] [18.0] [cxt 0] qos.p4(197) Condition "hdr.ipv4.isValid()" (node_2) is true
[21:38:37.804] [bmv2] [T] [thread 3275] [18.0] [cxt 0] qos.p4(198) Condition "hdr.link_qos.link_qos == TARGET_LINK_QOS" (node_3) is true
[21:38:37.804] [bmv2] [T] [thread 3275] [18.0] [cxt 0] Applying table 'tbl_qos199'
[21:38:37.804] [bmv2] [D] [thread 3275] [18.0] [cxt 0] Looking up key:

[21:38:37.805] [bmv2] [D] [thread 3275] [18.0] [cxt 0] Table 'tbl_qos199': miss
[21:38:37.805] [bmv2] [D] [thread 3275] [18.0] [cxt 0] Action entry is qos199 - 
[21:38:37.805] [bmv2] [T] [thread 3275] [18.0] [cxt 0] Action qos199
[21:38:37.805] [bmv2] [T] [thread 3275] [18.0] [cxt 0] qos.p4(199) Primitive hdr.ipv4.diffserv = (TARGET_DSCP << 2
[21:38:37.805] [bmv2] [T] [thread 3275] [18.0] [cxt 0] qos.p4(28) Primitive 7; ...
[21:38:37.805] [bmv2] [T] [thread 3275] [18.0] [cxt 0] Applying table 'MyIngress.ipv4_lpm'
[21:38:37.805] [bmv2] [D] [thread 3275] [18.0] [cxt 0] Looking up key:
* hdr.ipv4.dstAddr    : 0a000202

[21:38:37.805] [bmv2] [D] [thread 3275] [18.0] [cxt 0] Table 'MyIngress.ipv4_lpm': hit with handle 0
[21:38:37.805] [bmv2] [D] [thread 3275] [18.0] [cxt 0] Dumping entry 0
Match key:
* hdr.ipv4.dstAddr    : LPM       0a000202/32
Action entry: MyIngress.ipv4_forward - 80000000202,2,

[21:38:37.805] [bmv2] [D] [thread 3275] [18.0] [cxt 0] Action entry is MyIngress.ipv4_forward - 80000000202,2,
[21:38:37.805] [bmv2] [T] [thread 3275] [18.0] [cxt 0] Action MyIngress.ipv4_forward
[21:38:37.805] [bmv2] [T] [thread 3275] [18.0] [cxt 0] qos.p4(175) Primitive standard_metadata.egress_spec = port
[21:38:37.805] [bmv2] [T] [thread 3275] [18.0] [cxt 0] qos.p4(176) Primitive hdr.ethernet.srcAddr = hdr.ethernet.dstAddr
[21:38:37.806] [bmv2] [T] [thread 3275] [18.0] [cxt 0] qos.p4(177) Primitive hdr.ethernet.dstAddr = dstAddr
[21:38:37.806] [bmv2] [T] [thread 3275] [18.0] [cxt 0] qos.p4(178) Primitive hdr.ipv4.ttl = hdr.ipv4.ttl - 1
[21:38:37.806] [bmv2] [D] [thread 3275] [18.0] [cxt 0] Pipeline 'ingress': end
[21:38:37.806] [bmv2] [D] [thread 3275] [18.0] [cxt 0] Egress port is 2
[21:38:37.808] [bmv2] [D] [thread 3278] [18.0] [cxt 0] Pipeline 'egress': start
[21:38:37.808] [bmv2] [D] [thread 3278] [18.0] [cxt 0] Pipeline 'egress': end
[21:38:37.808] [bmv2] [D] [thread 3278] [18.0] [cxt 0] Deparser 'deparser': start
[21:38:37.808] [bmv2] [D] [thread 3278] [18.0] [cxt 0] Updating checksum 'cksum'
[21:38:37.808] [bmv2] [D] [thread 3278] [18.0] [cxt 0] Deparsing header 'ethernet'
[21:38:37.808] [bmv2] [D] [thread 3278] [18.0] [cxt 0] Deparsing header 'vlan'
[21:38:37.808] [bmv2] [D] [thread 3278] [18.0] [cxt 0] Deparsing header 'ipv4'
[21:38:37.808] [bmv2] [D] [thread 3278] [18.0] [cxt 0] Deparsing header 'ipv4_option'
[21:38:37.808] [bmv2] [D] [thread 3278] [18.0] [cxt 0] Deparsing header 'link_qos'
[21:38:37.808] [bmv2] [D] [thread 3278] [18.0] [cxt 0] Deparser 'deparser': end
[21:38:37.810] [bmv2] [D] [thread 3280] [18.0] [cxt 0] Transmitting packet of size 562 out of port 2
[21:38:38.838] [bmv2] [D] [thread 3275] [19.0] [cxt 0] Processing packet received on port 3
[21:38:38.838] [bmv2] [D] [thread 3275] [19.0] [cxt 0] Parser 'parser': start
[21:38:38.838] [bmv2] [D] [thread 3275] [19.0] [cxt 0] Parser 'parser' entering state 'start'
[21:38:38.838] [bmv2] [D] [thread 3275] [19.0] [cxt 0] Extracting header 'ethernet'
[21:38:38.838] [bmv2] [D] [thread 3275] [19.0] [cxt 0] Parser state 'start': key is 8100
[21:38:38.838] [bmv2] [T] [thread 3275] [19.0] [cxt 0] Bytes parsed: 14
[21:38:38.838] [bmv2] [D] [thread 3275] [19.0] [cxt 0] Parser 'parser' entering state 'parse_vlan'
[21:38:38.838] [bmv2] [D] [thread 3275] [19.0] [cxt 0] Extracting header 'vlan'
[21:38:38.838] [bmv2] [D] [thread 3275] [19.0] [cxt 0] Parser state 'parse_vlan': key is 0800
[21:38:38.838] [bmv2] [T] [thread 3275] [19.0] [cxt 0] Bytes parsed: 18
[21:38:38.838] [bmv2] [D] [thread 3275] [19.0] [cxt 0] Parser 'parser' entering state 'parse_ipv4'
[21:38:38.838] [bmv2] [D] [thread 3275] [19.0] [cxt 0] Extracting header 'ipv4'
[21:38:38.838] [bmv2] [D] [thread 3275] [19.0] [cxt 0] Parser set: setting field 'scalars.tmp' from expression, new value is 1
[21:38:38.838] [bmv2] [D] [thread 3275] [19.0] [cxt 0] Parser state 'parse_ipv4': key is 06
[21:38:38.838] [bmv2] [T] [thread 3275] [19.0] [cxt 0] Bytes parsed: 38
[21:38:38.838] [bmv2] [D] [thread 3275] [19.0] [cxt 0] Parser 'parser' entering state 'parse_ipv4_option'
[21:38:38.838] [bmv2] [D] [thread 3275] [19.0] [cxt 0] Extracting header 'ipv4_option'
[21:38:38.838] [bmv2] [D] [thread 3275] [19.0] [cxt 0] Parser state 'parse_ipv4_option': key is 1f
[21:38:38.838] [bmv2] [T] [thread 3275] [19.0] [cxt 0] Bytes parsed: 40
[21:38:38.838] [bmv2] [D] [thread 3275] [19.0] [cxt 0] Parser 'parser' entering state 'parse_link_qos'
[21:38:38.838] [bmv2] [D] [thread 3275] [19.0] [cxt 0] Extracting header 'link_qos'
[21:38:38.838] [bmv2] [D] [thread 3275] [19.0] [cxt 0] Parser state 'parse_link_qos' has no switch, going to default next state
[21:38:38.839] [bmv2] [T] [thread 3275] [19.0] [cxt 0] Bytes parsed: 42
[21:38:38.839] [bmv2] [D] [thread 3275] [19.0] [cxt 0] Parser 'parser': end
[21:38:38.839] [bmv2] [D] [thread 3275] [19.0] [cxt 0] Pipeline 'ingress': start
[21:38:38.839] [bmv2] [T] [thread 3275] [19.0] [cxt 0] qos.p4(197) Condition "hdr.ipv4.isValid()" (node_2) is true
[21:38:38.839] [bmv2] [T] [thread 3275] [19.0] [cxt 0] qos.p4(198) Condition "hdr.link_qos.link_qos == TARGET_LINK_QOS" (node_3) is true
[21:38:38.839] [bmv2] [T] [thread 3275] [19.0] [cxt 0] Applying table 'tbl_qos199'
[21:38:38.839] [bmv2] [D] [thread 3275] [19.0] [cxt 0] Looking up key:

[21:38:38.839] [bmv2] [D] [thread 3275] [19.0] [cxt 0] Table 'tbl_qos199': miss
[21:38:38.839] [bmv2] [D] [thread 3275] [19.0] [cxt 0] Action entry is qos199 - 
[21:38:38.839] [bmv2] [T] [thread 3275] [19.0] [cxt 0] Action qos199
[21:38:38.839] [bmv2] [T] [thread 3275] [19.0] [cxt 0] qos.p4(199) Primitive hdr.ipv4.diffserv = (TARGET_DSCP << 2
[21:38:38.839] [bmv2] [T] [thread 3275] [19.0] [cxt 0] qos.p4(28) Primitive 7; ...
[21:38:38.839] [bmv2] [T] [thread 3275] [19.0] [cxt 0] Applying table 'MyIngress.ipv4_lpm'
[21:38:38.839] [bmv2] [D] [thread 3275] [19.0] [cxt 0] Looking up key:
* hdr.ipv4.dstAddr    : 0a000202

[21:38:38.839] [bmv2] [D] [thread 3275] [19.0] [cxt 0] Table 'MyIngress.ipv4_lpm': hit with handle 0
[21:38:38.839] [bmv2] [D] [thread 3275] [19.0] [cxt 0] Dumping entry 0
Match key:
* hdr.ipv4.dstAddr    : LPM       0a000202/32
Action entry: MyIngress.ipv4_forward - 80000000202,2,

[21:38:38.839] [bmv2] [D] [thread 3275] [19.0] [cxt 0] Action entry is MyIngress.ipv4_forward - 80000000202,2,
[21:38:38.839] [bmv2] [T] [thread 3275] [19.0] [cxt 0] Action MyIngress.ipv4_forward
[21:38:38.839] [bmv2] [T] [thread 3275] [19.0] [cxt 0] qos.p4(175) Primitive standard_metadata.egress_spec = port
[21:38:38.839] [bmv2] [T] [thread 3275] [19.0] [cxt 0] qos.p4(176) Primitive hdr.ethernet.srcAddr = hdr.ethernet.dstAddr
[21:38:38.839] [bmv2] [T] [thread 3275] [19.0] [cxt 0] qos.p4(177) Primitive hdr.ethernet.dstAddr = dstAddr
[21:38:38.839] [bmv2] [T] [thread 3275] [19.0] [cxt 0] qos.p4(178) Primitive hdr.ipv4.ttl = hdr.ipv4.ttl - 1
[21:38:38.839] [bmv2] [D] [thread 3275] [19.0] [cxt 0] Pipeline 'ingress': end
[21:38:38.839] [bmv2] [D] [thread 3275] [19.0] [cxt 0] Egress port is 2
[21:38:38.840] [bmv2] [D] [thread 3278] [19.0] [cxt 0] Pipeline 'egress': start
[21:38:38.840] [bmv2] [D] [thread 3278] [19.0] [cxt 0] Pipeline 'egress': end
[21:38:38.840] [bmv2] [D] [thread 3278] [19.0] [cxt 0] Deparser 'deparser': start
[21:38:38.840] [bmv2] [D] [thread 3278] [19.0] [cxt 0] Updating checksum 'cksum'
[21:38:38.840] [bmv2] [D] [thread 3278] [19.0] [cxt 0] Deparsing header 'ethernet'
[21:38:38.840] [bmv2] [D] [thread 3278] [19.0] [cxt 0] Deparsing header 'vlan'
[21:38:38.840] [bmv2] [D] [thread 3278] [19.0] [cxt 0] Deparsing header 'ipv4'
[21:38:38.840] [bmv2] [D] [thread 3278] [19.0] [cxt 0] Deparsing header 'ipv4_option'
[21:38:38.840] [bmv2] [D] [thread 3278] [19.0] [cxt 0] Deparsing header 'link_qos'
[21:38:38.840] [bmv2] [D] [thread 3278] [19.0] [cxt 0] Deparser 'deparser': end
[21:38:38.840] [bmv2] [D] [thread 3280] [19.0] [cxt 0] Transmitting packet of size 562 out of port 2
[21:38:39.879] [bmv2] [D] [thread 3275] [20.0] [cxt 0] Processing packet received on port 3
[21:38:39.879] [bmv2] [D] [thread 3275] [20.0] [cxt 0] Parser 'parser': start
[21:38:39.879] [bmv2] [D] [thread 3275] [20.0] [cxt 0] Parser 'parser' entering state 'start'
[21:38:39.879] [bmv2] [D] [thread 3275] [20.0] [cxt 0] Extracting header 'ethernet'
[21:38:39.879] [bmv2] [D] [thread 3275] [20.0] [cxt 0] Parser state 'start': key is 8100
[21:38:39.879] [bmv2] [T] [thread 3275] [20.0] [cxt 0] Bytes parsed: 14
[21:38:39.879] [bmv2] [D] [thread 3275] [20.0] [cxt 0] Parser 'parser' entering state 'parse_vlan'
[21:38:39.880] [bmv2] [D] [thread 3275] [20.0] [cxt 0] Extracting header 'vlan'
[21:38:39.880] [bmv2] [D] [thread 3275] [20.0] [cxt 0] Parser state 'parse_vlan': key is 0800
[21:38:39.880] [bmv2] [T] [thread 3275] [20.0] [cxt 0] Bytes parsed: 18
[21:38:39.880] [bmv2] [D] [thread 3275] [20.0] [cxt 0] Parser 'parser' entering state 'parse_ipv4'
[21:38:39.880] [bmv2] [D] [thread 3275] [20.0] [cxt 0] Extracting header 'ipv4'
[21:38:39.880] [bmv2] [D] [thread 3275] [20.0] [cxt 0] Parser set: setting field 'scalars.tmp' from expression, new value is 1
[21:38:39.880] [bmv2] [D] [thread 3275] [20.0] [cxt 0] Parser state 'parse_ipv4': key is 06
[21:38:39.880] [bmv2] [T] [thread 3275] [20.0] [cxt 0] Bytes parsed: 38
[21:38:39.880] [bmv2] [D] [thread 3275] [20.0] [cxt 0] Parser 'parser' entering state 'parse_ipv4_option'
[21:38:39.880] [bmv2] [D] [thread 3275] [20.0] [cxt 0] Extracting header 'ipv4_option'
[21:38:39.884] [bmv2] [D] [thread 3275] [20.0] [cxt 0] Parser state 'parse_ipv4_option': key is 1f
[21:38:39.884] [bmv2] [T] [thread 3275] [20.0] [cxt 0] Bytes parsed: 40
[21:38:39.884] [bmv2] [D] [thread 3275] [20.0] [cxt 0] Parser 'parser' entering state 'parse_link_qos'
[21:38:39.884] [bmv2] [D] [thread 3275] [20.0] [cxt 0] Extracting header 'link_qos'
[21:38:39.885] [bmv2] [D] [thread 3275] [20.0] [cxt 0] Parser state 'parse_link_qos' has no switch, going to default next state
[21:38:39.885] [bmv2] [T] [thread 3275] [20.0] [cxt 0] Bytes parsed: 42
[21:38:39.885] [bmv2] [D] [thread 3275] [20.0] [cxt 0] Parser 'parser': end
[21:38:39.885] [bmv2] [D] [thread 3275] [20.0] [cxt 0] Pipeline 'ingress': start
[21:38:39.885] [bmv2] [T] [thread 3275] [20.0] [cxt 0] qos.p4(197) Condition "hdr.ipv4.isValid()" (node_2) is true
[21:38:39.885] [bmv2] [T] [thread 3275] [20.0] [cxt 0] qos.p4(198) Condition "hdr.link_qos.link_qos == TARGET_LINK_QOS" (node_3) is true
[21:38:39.885] [bmv2] [T] [thread 3275] [20.0] [cxt 0] Applying table 'tbl_qos199'
[21:38:39.885] [bmv2] [D] [thread 3275] [20.0] [cxt 0] Looking up key:

[21:38:39.885] [bmv2] [D] [thread 3275] [20.0] [cxt 0] Table 'tbl_qos199': miss
[21:38:39.885] [bmv2] [D] [thread 3275] [20.0] [cxt 0] Action entry is qos199 - 
[21:38:39.885] [bmv2] [T] [thread 3275] [20.0] [cxt 0] Action qos199
[21:38:39.885] [bmv2] [T] [thread 3275] [20.0] [cxt 0] qos.p4(199) Primitive hdr.ipv4.diffserv = (TARGET_DSCP << 2
[21:38:39.885] [bmv2] [T] [thread 3275] [20.0] [cxt 0] qos.p4(28) Primitive 7; ...
[21:38:39.885] [bmv2] [T] [thread 3275] [20.0] [cxt 0] Applying table 'MyIngress.ipv4_lpm'
[21:38:39.885] [bmv2] [D] [thread 3275] [20.0] [cxt 0] Looking up key:
* hdr.ipv4.dstAddr    : 0a000202

[21:38:39.885] [bmv2] [D] [thread 3275] [20.0] [cxt 0] Table 'MyIngress.ipv4_lpm': hit with handle 0
[21:38:39.885] [bmv2] [D] [thread 3275] [20.0] [cxt 0] Dumping entry 0
Match key:
* hdr.ipv4.dstAddr    : LPM       0a000202/32
Action entry: MyIngress.ipv4_forward - 80000000202,2,

[21:38:39.885] [bmv2] [D] [thread 3275] [20.0] [cxt 0] Action entry is MyIngress.ipv4_forward - 80000000202,2,
[21:38:39.886] [bmv2] [T] [thread 3275] [20.0] [cxt 0] Action MyIngress.ipv4_forward
[21:38:39.886] [bmv2] [T] [thread 3275] [20.0] [cxt 0] qos.p4(175) Primitive standard_metadata.egress_spec = port
[21:38:39.886] [bmv2] [T] [thread 3275] [20.0] [cxt 0] qos.p4(176) Primitive hdr.ethernet.srcAddr = hdr.ethernet.dstAddr
[21:38:39.886] [bmv2] [T] [thread 3275] [20.0] [cxt 0] qos.p4(177) Primitive hdr.ethernet.dstAddr = dstAddr
[21:38:39.886] [bmv2] [T] [thread 3275] [20.0] [cxt 0] qos.p4(178) Primitive hdr.ipv4.ttl = hdr.ipv4.ttl - 1
[21:38:39.886] [bmv2] [D] [thread 3275] [20.0] [cxt 0] Pipeline 'ingress': end
[21:38:39.886] [bmv2] [D] [thread 3275] [20.0] [cxt 0] Egress port is 2
[21:38:39.886] [bmv2] [D] [thread 3278] [20.0] [cxt 0] Pipeline 'egress': start
[21:38:39.886] [bmv2] [D] [thread 3278] [20.0] [cxt 0] Pipeline 'egress': end
[21:38:39.886] [bmv2] [D] [thread 3278] [20.0] [cxt 0] Deparser 'deparser': start
[21:38:39.886] [bmv2] [D] [thread 3278] [20.0] [cxt 0] Updating checksum 'cksum'
[21:38:39.886] [bmv2] [D] [thread 3278] [20.0] [cxt 0] Deparsing header 'ethernet'
[21:38:39.886] [bmv2] [D] [thread 3278] [20.0] [cxt 0] Deparsing header 'vlan'
[21:38:39.886] [bmv2] [D] [thread 3278] [20.0] [cxt 0] Deparsing header 'ipv4'
[21:38:39.886] [bmv2] [D] [thread 3278] [20.0] [cxt 0] Deparsing header 'ipv4_option'
[21:38:39.887] [bmv2] [D] [thread 3278] [20.0] [cxt 0] Deparsing header 'link_qos'
[21:38:39.887] [bmv2] [D] [thread 3278] [20.0] [cxt 0] Deparser 'deparser': end
[21:38:39.887] [bmv2] [D] [thread 3280] [20.0] [cxt 0] Transmitting packet of size 562 out of port 2
[21:38:40.907] [bmv2] [D] [thread 3275] [21.0] [cxt 0] Processing packet received on port 3
[21:38:40.907] [bmv2] [D] [thread 3275] [21.0] [cxt 0] Parser 'parser': start
[21:38:40.907] [bmv2] [D] [thread 3275] [21.0] [cxt 0] Parser 'parser' entering state 'start'
[21:38:40.907] [bmv2] [D] [thread 3275] [21.0] [cxt 0] Extracting header 'ethernet'
[21:38:40.907] [bmv2] [D] [thread 3275] [21.0] [cxt 0] Parser state 'start': key is 8100
[21:38:40.907] [bmv2] [T] [thread 3275] [21.0] [cxt 0] Bytes parsed: 14
[21:38:40.907] [bmv2] [D] [thread 3275] [21.0] [cxt 0] Parser 'parser' entering state 'parse_vlan'
[21:38:40.907] [bmv2] [D] [thread 3275] [21.0] [cxt 0] Extracting header 'vlan'
[21:38:40.907] [bmv2] [D] [thread 3275] [21.0] [cxt 0] Parser state 'parse_vlan': key is 0800
[21:38:40.907] [bmv2] [T] [thread 3275] [21.0] [cxt 0] Bytes parsed: 18
[21:38:40.907] [bmv2] [D] [thread 3275] [21.0] [cxt 0] Parser 'parser' entering state 'parse_ipv4'
[21:38:40.907] [bmv2] [D] [thread 3275] [21.0] [cxt 0] Extracting header 'ipv4'
[21:38:40.907] [bmv2] [D] [thread 3275] [21.0] [cxt 0] Parser set: setting field 'scalars.tmp' from expression, new value is 1
[21:38:40.907] [bmv2] [D] [thread 3275] [21.0] [cxt 0] Parser state 'parse_ipv4': key is 06
[21:38:40.907] [bmv2] [T] [thread 3275] [21.0] [cxt 0] Bytes parsed: 38
[21:38:40.907] [bmv2] [D] [thread 3275] [21.0] [cxt 0] Parser 'parser' entering state 'parse_ipv4_option'
[21:38:40.907] [bmv2] [D] [thread 3275] [21.0] [cxt 0] Extracting header 'ipv4_option'
[21:38:40.907] [bmv2] [D] [thread 3275] [21.0] [cxt 0] Parser state 'parse_ipv4_option': key is 1f
[21:38:40.907] [bmv2] [T] [thread 3275] [21.0] [cxt 0] Bytes parsed: 40
[21:38:40.907] [bmv2] [D] [thread 3275] [21.0] [cxt 0] Parser 'parser' entering state 'parse_link_qos'
[21:38:40.907] [bmv2] [D] [thread 3275] [21.0] [cxt 0] Extracting header 'link_qos'
[21:38:40.907] [bmv2] [D] [thread 3275] [21.0] [cxt 0] Parser state 'parse_link_qos' has no switch, going to default next state
[21:38:40.907] [bmv2] [T] [thread 3275] [21.0] [cxt 0] Bytes parsed: 42
[21:38:40.907] [bmv2] [D] [thread 3275] [21.0] [cxt 0] Parser 'parser': end
[21:38:40.908] [bmv2] [D] [thread 3275] [21.0] [cxt 0] Pipeline 'ingress': start
[21:38:40.908] [bmv2] [T] [thread 3275] [21.0] [cxt 0] qos.p4(197) Condition "hdr.ipv4.isValid()" (node_2) is true
[21:38:40.908] [bmv2] [T] [thread 3275] [21.0] [cxt 0] qos.p4(198) Condition "hdr.link_qos.link_qos == TARGET_LINK_QOS" (node_3) is true
[21:38:40.908] [bmv2] [T] [thread 3275] [21.0] [cxt 0] Applying table 'tbl_qos199'
[21:38:40.908] [bmv2] [D] [thread 3275] [21.0] [cxt 0] Looking up key:

[21:38:40.908] [bmv2] [D] [thread 3275] [21.0] [cxt 0] Table 'tbl_qos199': miss
[21:38:40.908] [bmv2] [D] [thread 3275] [21.0] [cxt 0] Action entry is qos199 - 
[21:38:40.908] [bmv2] [T] [thread 3275] [21.0] [cxt 0] Action qos199
[21:38:40.908] [bmv2] [T] [thread 3275] [21.0] [cxt 0] qos.p4(199) Primitive hdr.ipv4.diffserv = (TARGET_DSCP << 2
[21:38:40.908] [bmv2] [T] [thread 3275] [21.0] [cxt 0] qos.p4(28) Primitive 7; ...
[21:38:40.908] [bmv2] [T] [thread 3275] [21.0] [cxt 0] Applying table 'MyIngress.ipv4_lpm'
[21:38:40.908] [bmv2] [D] [thread 3275] [21.0] [cxt 0] Looking up key:
* hdr.ipv4.dstAddr    : 0a000202

[21:38:40.908] [bmv2] [D] [thread 3275] [21.0] [cxt 0] Table 'MyIngress.ipv4_lpm': hit with handle 0
[21:38:40.908] [bmv2] [D] [thread 3275] [21.0] [cxt 0] Dumping entry 0
Match key:
* hdr.ipv4.dstAddr    : LPM       0a000202/32
Action entry: MyIngress.ipv4_forward - 80000000202,2,

[21:38:40.908] [bmv2] [D] [thread 3275] [21.0] [cxt 0] Action entry is MyIngress.ipv4_forward - 80000000202,2,
[21:38:40.908] [bmv2] [T] [thread 3275] [21.0] [cxt 0] Action MyIngress.ipv4_forward
[21:38:40.908] [bmv2] [T] [thread 3275] [21.0] [cxt 0] qos.p4(175) Primitive standard_metadata.egress_spec = port
[21:38:40.908] [bmv2] [T] [thread 3275] [21.0] [cxt 0] qos.p4(176) Primitive hdr.ethernet.srcAddr = hdr.ethernet.dstAddr
[21:38:40.908] [bmv2] [T] [thread 3275] [21.0] [cxt 0] qos.p4(177) Primitive hdr.ethernet.dstAddr = dstAddr
[21:38:40.908] [bmv2] [T] [thread 3275] [21.0] [cxt 0] qos.p4(178) Primitive hdr.ipv4.ttl = hdr.ipv4.ttl - 1
[21:38:40.909] [bmv2] [D] [thread 3275] [21.0] [cxt 0] Pipeline 'ingress': end
[21:38:40.909] [bmv2] [D] [thread 3275] [21.0] [cxt 0] Egress port is 2
[21:38:40.909] [bmv2] [D] [thread 3278] [21.0] [cxt 0] Pipeline 'egress': start
[21:38:40.909] [bmv2] [D] [thread 3278] [21.0] [cxt 0] Pipeline 'egress': end
[21:38:40.909] [bmv2] [D] [thread 3278] [21.0] [cxt 0] Deparser 'deparser': start
[21:38:40.909] [bmv2] [D] [thread 3278] [21.0] [cxt 0] Updating checksum 'cksum'
[21:38:40.909] [bmv2] [D] [thread 3278] [21.0] [cxt 0] Deparsing header 'ethernet'
[21:38:40.909] [bmv2] [D] [thread 3278] [21.0] [cxt 0] Deparsing header 'vlan'
[21:38:40.909] [bmv2] [D] [thread 3278] [21.0] [cxt 0] Deparsing header 'ipv4'
[21:38:40.909] [bmv2] [D] [thread 3278] [21.0] [cxt 0] Deparsing header 'ipv4_option'
[21:38:40.909] [bmv2] [D] [thread 3278] [21.0] [cxt 0] Deparsing header 'link_qos'
[21:38:40.909] [bmv2] [D] [thread 3278] [21.0] [cxt 0] Deparser 'deparser': end
[21:38:40.909] [bmv2] [D] [thread 3280] [21.0] [cxt 0] Transmitting packet of size 562 out of port 2
[21:38:41.208] [bmv2] [D] [thread 3275] [22.0] [cxt 0] Processing packet received on port 1
[21:38:41.209] [bmv2] [D] [thread 3275] [22.0] [cxt 0] Parser 'parser': start
[21:38:41.209] [bmv2] [D] [thread 3275] [22.0] [cxt 0] Parser 'parser' entering state 'start'
[21:38:41.209] [bmv2] [D] [thread 3275] [22.0] [cxt 0] Extracting header 'ethernet'
[21:38:41.209] [bmv2] [D] [thread 3275] [22.0] [cxt 0] Parser state 'start': key is 86dd
[21:38:41.210] [bmv2] [T] [thread 3275] [22.0] [cxt 0] Bytes parsed: 14
[21:38:41.210] [bmv2] [D] [thread 3275] [22.0] [cxt 0] Parser 'parser': end
[21:38:41.210] [bmv2] [D] [thread 3275] [22.0] [cxt 0] Pipeline 'ingress': start
[21:38:41.210] [bmv2] [T] [thread 3275] [22.0] [cxt 0] qos.p4(197) Condition "hdr.ipv4.isValid()" (node_2) is false
[21:38:41.210] [bmv2] [D] [thread 3275] [22.0] [cxt 0] Pipeline 'ingress': end
[21:38:41.210] [bmv2] [D] [thread 3275] [22.0] [cxt 0] Egress port is 0
[21:38:41.211] [bmv2] [D] [thread 3276] [22.0] [cxt 0] Pipeline 'egress': start
[21:38:41.211] [bmv2] [D] [thread 3276] [22.0] [cxt 0] Pipeline 'egress': end
[21:38:41.211] [bmv2] [D] [thread 3276] [22.0] [cxt 0] Deparser 'deparser': start
[21:38:41.211] [bmv2] [T] [thread 3276] [22.0] [cxt 0] Skipping checksum 'cksum' update because condition not met
[21:38:41.211] [bmv2] [D] [thread 3276] [22.0] [cxt 0] Deparsing header 'ethernet'
[21:38:41.211] [bmv2] [D] [thread 3276] [22.0] [cxt 0] Deparser 'deparser': end
[21:38:41.211] [bmv2] [D] [thread 3280] [22.0] [cxt 0] Transmitting packet of size 70 out of port 0
[21:38:41.953] [bmv2] [D] [thread 3275] [23.0] [cxt 0] Processing packet received on port 3
[21:38:41.953] [bmv2] [D] [thread 3275] [23.0] [cxt 0] Parser 'parser': start
[21:38:41.953] [bmv2] [D] [thread 3275] [23.0] [cxt 0] Parser 'parser' entering state 'start'
[21:38:41.953] [bmv2] [D] [thread 3275] [23.0] [cxt 0] Extracting header 'ethernet'
[21:38:41.953] [bmv2] [D] [thread 3275] [23.0] [cxt 0] Parser state 'start': key is 8100
[21:38:41.953] [bmv2] [T] [thread 3275] [23.0] [cxt 0] Bytes parsed: 14
[21:38:41.953] [bmv2] [D] [thread 3275] [23.0] [cxt 0] Parser 'parser' entering state 'parse_vlan'
[21:38:41.953] [bmv2] [D] [thread 3275] [23.0] [cxt 0] Extracting header 'vlan'
[21:38:41.953] [bmv2] [D] [thread 3275] [23.0] [cxt 0] Parser state 'parse_vlan': key is 0800
[21:38:41.953] [bmv2] [T] [thread 3275] [23.0] [cxt 0] Bytes parsed: 18
[21:38:41.953] [bmv2] [D] [thread 3275] [23.0] [cxt 0] Parser 'parser' entering state 'parse_ipv4'
[21:38:41.953] [bmv2] [D] [thread 3275] [23.0] [cxt 0] Extracting header 'ipv4'
[21:38:41.953] [bmv2] [D] [thread 3275] [23.0] [cxt 0] Parser set: setting field 'scalars.tmp' from expression, new value is 1
[21:38:41.953] [bmv2] [D] [thread 3275] [23.0] [cxt 0] Parser state 'parse_ipv4': key is 06
[21:38:41.953] [bmv2] [T] [thread 3275] [23.0] [cxt 0] Bytes parsed: 38
[21:38:41.954] [bmv2] [D] [thread 3275] [23.0] [cxt 0] Parser 'parser' entering state 'parse_ipv4_option'
[21:38:41.954] [bmv2] [D] [thread 3275] [23.0] [cxt 0] Extracting header 'ipv4_option'
[21:38:41.954] [bmv2] [D] [thread 3275] [23.0] [cxt 0] Parser state 'parse_ipv4_option': key is 1f
[21:38:41.954] [bmv2] [T] [thread 3275] [23.0] [cxt 0] Bytes parsed: 40
[21:38:41.954] [bmv2] [D] [thread 3275] [23.0] [cxt 0] Parser 'parser' entering state 'parse_link_qos'
[21:38:41.954] [bmv2] [D] [thread 3275] [23.0] [cxt 0] Extracting header 'link_qos'
[21:38:41.954] [bmv2] [D] [thread 3275] [23.0] [cxt 0] Parser state 'parse_link_qos' has no switch, going to default next state
[21:38:41.954] [bmv2] [T] [thread 3275] [23.0] [cxt 0] Bytes parsed: 42
[21:38:41.954] [bmv2] [D] [thread 3275] [23.0] [cxt 0] Parser 'parser': end
[21:38:41.954] [bmv2] [D] [thread 3275] [23.0] [cxt 0] Pipeline 'ingress': start
[21:38:41.954] [bmv2] [T] [thread 3275] [23.0] [cxt 0] qos.p4(197) Condition "hdr.ipv4.isValid()" (node_2) is true
[21:38:41.954] [bmv2] [T] [thread 3275] [23.0] [cxt 0] qos.p4(198) Condition "hdr.link_qos.link_qos == TARGET_LINK_QOS" (node_3) is true
[21:38:41.954] [bmv2] [T] [thread 3275] [23.0] [cxt 0] Applying table 'tbl_qos199'
[21:38:41.954] [bmv2] [D] [thread 3275] [23.0] [cxt 0] Looking up key:

[21:38:41.954] [bmv2] [D] [thread 3275] [23.0] [cxt 0] Table 'tbl_qos199': miss
[21:38:41.954] [bmv2] [D] [thread 3275] [23.0] [cxt 0] Action entry is qos199 - 
[21:38:41.954] [bmv2] [T] [thread 3275] [23.0] [cxt 0] Action qos199
[21:38:41.954] [bmv2] [T] [thread 3275] [23.0] [cxt 0] qos.p4(199) Primitive hdr.ipv4.diffserv = (TARGET_DSCP << 2
[21:38:41.954] [bmv2] [T] [thread 3275] [23.0] [cxt 0] qos.p4(28) Primitive 7; ...
[21:38:41.954] [bmv2] [T] [thread 3275] [23.0] [cxt 0] Applying table 'MyIngress.ipv4_lpm'
[21:38:41.955] [bmv2] [D] [thread 3275] [23.0] [cxt 0] Looking up key:
* hdr.ipv4.dstAddr    : 0a000202

[21:38:41.955] [bmv2] [D] [thread 3275] [23.0] [cxt 0] Table 'MyIngress.ipv4_lpm': hit with handle 0
[21:38:41.955] [bmv2] [D] [thread 3275] [23.0] [cxt 0] Dumping entry 0
Match key:
* hdr.ipv4.dstAddr    : LPM       0a000202/32
Action entry: MyIngress.ipv4_forward - 80000000202,2,

[21:38:41.955] [bmv2] [D] [thread 3275] [23.0] [cxt 0] Action entry is MyIngress.ipv4_forward - 80000000202,2,
[21:38:41.955] [bmv2] [T] [thread 3275] [23.0] [cxt 0] Action MyIngress.ipv4_forward
[21:38:41.955] [bmv2] [T] [thread 3275] [23.0] [cxt 0] qos.p4(175) Primitive standard_metadata.egress_spec = port
[21:38:41.955] [bmv2] [T] [thread 3275] [23.0] [cxt 0] qos.p4(176) Primitive hdr.ethernet.srcAddr = hdr.ethernet.dstAddr
[21:38:41.955] [bmv2] [T] [thread 3275] [23.0] [cxt 0] qos.p4(177) Primitive hdr.ethernet.dstAddr = dstAddr
[21:38:41.955] [bmv2] [T] [thread 3275] [23.0] [cxt 0] qos.p4(178) Primitive hdr.ipv4.ttl = hdr.ipv4.ttl - 1
[21:38:41.955] [bmv2] [D] [thread 3275] [23.0] [cxt 0] Pipeline 'ingress': end
[21:38:41.955] [bmv2] [D] [thread 3275] [23.0] [cxt 0] Egress port is 2
[21:38:41.956] [bmv2] [D] [thread 3278] [23.0] [cxt 0] Pipeline 'egress': start
[21:38:41.956] [bmv2] [D] [thread 3278] [23.0] [cxt 0] Pipeline 'egress': end
[21:38:41.956] [bmv2] [D] [thread 3278] [23.0] [cxt 0] Deparser 'deparser': start
[21:38:41.956] [bmv2] [D] [thread 3278] [23.0] [cxt 0] Updating checksum 'cksum'
[21:38:41.956] [bmv2] [D] [thread 3278] [23.0] [cxt 0] Deparsing header 'ethernet'
[21:38:41.956] [bmv2] [D] [thread 3278] [23.0] [cxt 0] Deparsing header 'vlan'
[21:38:41.956] [bmv2] [D] [thread 3278] [23.0] [cxt 0] Deparsing header 'ipv4'
[21:38:41.956] [bmv2] [D] [thread 3278] [23.0] [cxt 0] Deparsing header 'ipv4_option'
[21:38:41.956] [bmv2] [D] [thread 3278] [23.0] [cxt 0] Deparsing header 'link_qos'
[21:38:41.956] [bmv2] [D] [thread 3278] [23.0] [cxt 0] Deparser 'deparser': end
[21:38:41.956] [bmv2] [D] [thread 3280] [23.0] [cxt 0] Transmitting packet of size 562 out of port 2
[21:38:42.745] [bmv2] [D] [thread 3275] [24.0] [cxt 0] Processing packet received on port 4
[21:38:42.745] [bmv2] [D] [thread 3275] [24.0] [cxt 0] Parser 'parser': start
[21:38:42.745] [bmv2] [D] [thread 3275] [24.0] [cxt 0] Parser 'parser' entering state 'start'
[21:38:42.745] [bmv2] [D] [thread 3275] [24.0] [cxt 0] Extracting header 'ethernet'
[21:38:42.746] [bmv2] [D] [thread 3275] [24.0] [cxt 0] Parser state 'start': key is 86dd
[21:38:42.746] [bmv2] [T] [thread 3275] [24.0] [cxt 0] Bytes parsed: 14
[21:38:42.746] [bmv2] [D] [thread 3275] [24.0] [cxt 0] Parser 'parser': end
[21:38:42.746] [bmv2] [D] [thread 3275] [24.0] [cxt 0] Pipeline 'ingress': start
[21:38:42.746] [bmv2] [T] [thread 3275] [24.0] [cxt 0] qos.p4(197) Condition "hdr.ipv4.isValid()" (node_2) is false
[21:38:42.747] [bmv2] [D] [thread 3275] [24.0] [cxt 0] Pipeline 'ingress': end
[21:38:42.747] [bmv2] [D] [thread 3275] [24.0] [cxt 0] Egress port is 0
[21:38:42.748] [bmv2] [D] [thread 3276] [24.0] [cxt 0] Pipeline 'egress': start
[21:38:42.748] [bmv2] [D] [thread 3276] [24.0] [cxt 0] Pipeline 'egress': end
[21:38:42.749] [bmv2] [D] [thread 3276] [24.0] [cxt 0] Deparser 'deparser': start
[21:38:42.749] [bmv2] [T] [thread 3276] [24.0] [cxt 0] Skipping checksum 'cksum' update because condition not met
[21:38:42.749] [bmv2] [D] [thread 3276] [24.0] [cxt 0] Deparsing header 'ethernet'
[21:38:42.749] [bmv2] [D] [thread 3276] [24.0] [cxt 0] Deparser 'deparser': end
[21:38:42.749] [bmv2] [D] [thread 3280] [24.0] [cxt 0] Transmitting packet of size 70 out of port 0
[21:38:42.990] [bmv2] [D] [thread 3275] [25.0] [cxt 0] Processing packet received on port 3
[21:38:42.990] [bmv2] [D] [thread 3275] [25.0] [cxt 0] Parser 'parser': start
[21:38:42.990] [bmv2] [D] [thread 3275] [25.0] [cxt 0] Parser 'parser' entering state 'start'
[21:38:42.990] [bmv2] [D] [thread 3275] [25.0] [cxt 0] Extracting header 'ethernet'
[21:38:42.990] [bmv2] [D] [thread 3275] [25.0] [cxt 0] Parser state 'start': key is 8100
[21:38:42.990] [bmv2] [T] [thread 3275] [25.0] [cxt 0] Bytes parsed: 14
[21:38:42.990] [bmv2] [D] [thread 3275] [25.0] [cxt 0] Parser 'parser' entering state 'parse_vlan'
[21:38:42.990] [bmv2] [D] [thread 3275] [25.0] [cxt 0] Extracting header 'vlan'
[21:38:42.990] [bmv2] [D] [thread 3275] [25.0] [cxt 0] Parser state 'parse_vlan': key is 0800
[21:38:42.990] [bmv2] [T] [thread 3275] [25.0] [cxt 0] Bytes parsed: 18
[21:38:42.990] [bmv2] [D] [thread 3275] [25.0] [cxt 0] Parser 'parser' entering state 'parse_ipv4'
[21:38:42.990] [bmv2] [D] [thread 3275] [25.0] [cxt 0] Extracting header 'ipv4'
[21:38:42.990] [bmv2] [D] [thread 3275] [25.0] [cxt 0] Parser set: setting field 'scalars.tmp' from expression, new value is 1
[21:38:42.990] [bmv2] [D] [thread 3275] [25.0] [cxt 0] Parser state 'parse_ipv4': key is 06
[21:38:42.990] [bmv2] [T] [thread 3275] [25.0] [cxt 0] Bytes parsed: 38
[21:38:42.990] [bmv2] [D] [thread 3275] [25.0] [cxt 0] Parser 'parser' entering state 'parse_ipv4_option'
[21:38:42.990] [bmv2] [D] [thread 3275] [25.0] [cxt 0] Extracting header 'ipv4_option'
[21:38:42.990] [bmv2] [D] [thread 3275] [25.0] [cxt 0] Parser state 'parse_ipv4_option': key is 1f
[21:38:42.990] [bmv2] [T] [thread 3275] [25.0] [cxt 0] Bytes parsed: 40
[21:38:42.990] [bmv2] [D] [thread 3275] [25.0] [cxt 0] Parser 'parser' entering state 'parse_link_qos'
[21:38:42.990] [bmv2] [D] [thread 3275] [25.0] [cxt 0] Extracting header 'link_qos'
[21:38:42.990] [bmv2] [D] [thread 3275] [25.0] [cxt 0] Parser state 'parse_link_qos' has no switch, going to default next state
[21:38:42.991] [bmv2] [T] [thread 3275] [25.0] [cxt 0] Bytes parsed: 42
[21:38:42.991] [bmv2] [D] [thread 3275] [25.0] [cxt 0] Parser 'parser': end
[21:38:42.991] [bmv2] [D] [thread 3275] [25.0] [cxt 0] Pipeline 'ingress': start
[21:38:42.991] [bmv2] [T] [thread 3275] [25.0] [cxt 0] qos.p4(197) Condition "hdr.ipv4.isValid()" (node_2) is true
[21:38:42.991] [bmv2] [T] [thread 3275] [25.0] [cxt 0] qos.p4(198) Condition "hdr.link_qos.link_qos == TARGET_LINK_QOS" (node_3) is true
[21:38:42.991] [bmv2] [T] [thread 3275] [25.0] [cxt 0] Applying table 'tbl_qos199'
[21:38:42.991] [bmv2] [D] [thread 3275] [25.0] [cxt 0] Looking up key:

[21:38:42.991] [bmv2] [D] [thread 3275] [25.0] [cxt 0] Table 'tbl_qos199': miss
[21:38:42.991] [bmv2] [D] [thread 3275] [25.0] [cxt 0] Action entry is qos199 - 
[21:38:42.991] [bmv2] [T] [thread 3275] [25.0] [cxt 0] Action qos199
[21:38:42.991] [bmv2] [T] [thread 3275] [25.0] [cxt 0] qos.p4(199) Primitive hdr.ipv4.diffserv = (TARGET_DSCP << 2
[21:38:42.991] [bmv2] [T] [thread 3275] [25.0] [cxt 0] qos.p4(28) Primitive 7; ...
[21:38:42.991] [bmv2] [T] [thread 3275] [25.0] [cxt 0] Applying table 'MyIngress.ipv4_lpm'
[21:38:42.991] [bmv2] [D] [thread 3275] [25.0] [cxt 0] Looking up key:
* hdr.ipv4.dstAddr    : 0a000202

[21:38:42.991] [bmv2] [D] [thread 3275] [25.0] [cxt 0] Table 'MyIngress.ipv4_lpm': hit with handle 0
[21:38:42.991] [bmv2] [D] [thread 3275] [25.0] [cxt 0] Dumping entry 0
Match key:
* hdr.ipv4.dstAddr    : LPM       0a000202/32
Action entry: MyIngress.ipv4_forward - 80000000202,2,

[21:38:42.991] [bmv2] [D] [thread 3275] [25.0] [cxt 0] Action entry is MyIngress.ipv4_forward - 80000000202,2,
[21:38:42.991] [bmv2] [T] [thread 3275] [25.0] [cxt 0] Action MyIngress.ipv4_forward
[21:38:42.991] [bmv2] [T] [thread 3275] [25.0] [cxt 0] qos.p4(175) Primitive standard_metadata.egress_spec = port
[21:38:42.992] [bmv2] [T] [thread 3275] [25.0] [cxt 0] qos.p4(176) Primitive hdr.ethernet.srcAddr = hdr.ethernet.dstAddr
[21:38:42.992] [bmv2] [T] [thread 3275] [25.0] [cxt 0] qos.p4(177) Primitive hdr.ethernet.dstAddr = dstAddr
[21:38:42.992] [bmv2] [T] [thread 3275] [25.0] [cxt 0] qos.p4(178) Primitive hdr.ipv4.ttl = hdr.ipv4.ttl - 1
[21:38:42.992] [bmv2] [D] [thread 3275] [25.0] [cxt 0] Pipeline 'ingress': end
[21:38:42.992] [bmv2] [D] [thread 3275] [25.0] [cxt 0] Egress port is 2
[21:38:42.992] [bmv2] [D] [thread 3278] [25.0] [cxt 0] Pipeline 'egress': start
[21:38:42.992] [bmv2] [D] [thread 3278] [25.0] [cxt 0] Pipeline 'egress': end
[21:38:42.992] [bmv2] [D] [thread 3278] [25.0] [cxt 0] Deparser 'deparser': start
[21:38:42.992] [bmv2] [D] [thread 3278] [25.0] [cxt 0] Updating checksum 'cksum'
[21:38:42.993] [bmv2] [D] [thread 3278] [25.0] [cxt 0] Deparsing header 'ethernet'
[21:38:42.993] [bmv2] [D] [thread 3278] [25.0] [cxt 0] Deparsing header 'vlan'
[21:38:42.993] [bmv2] [D] [thread 3278] [25.0] [cxt 0] Deparsing header 'ipv4'
[21:38:42.993] [bmv2] [D] [thread 3278] [25.0] [cxt 0] Deparsing header 'ipv4_option'
[21:38:42.993] [bmv2] [D] [thread 3278] [25.0] [cxt 0] Deparsing header 'link_qos'
[21:38:42.993] [bmv2] [D] [thread 3278] [25.0] [cxt 0] Deparser 'deparser': end
[21:38:42.993] [bmv2] [D] [thread 3280] [25.0] [cxt 0] Transmitting packet of size 562 out of port 2
[21:38:42.997] [bmv2] [D] [thread 3275] [26.0] [cxt 0] Processing packet received on port 3
[21:38:42.997] [bmv2] [D] [thread 3275] [26.0] [cxt 0] Parser 'parser': start
[21:38:42.997] [bmv2] [D] [thread 3275] [26.0] [cxt 0] Parser 'parser' entering state 'start'
[21:38:42.997] [bmv2] [D] [thread 3275] [26.0] [cxt 0] Extracting header 'ethernet'
[21:38:42.997] [bmv2] [D] [thread 3275] [26.0] [cxt 0] Parser state 'start': key is 86dd
[21:38:42.997] [bmv2] [T] [thread 3275] [26.0] [cxt 0] Bytes parsed: 14
[21:38:42.997] [bmv2] [D] [thread 3275] [26.0] [cxt 0] Parser 'parser': end
[21:38:42.997] [bmv2] [D] [thread 3275] [26.0] [cxt 0] Pipeline 'ingress': start
[21:38:42.997] [bmv2] [T] [thread 3275] [26.0] [cxt 0] qos.p4(197) Condition "hdr.ipv4.isValid()" (node_2) is false
[21:38:42.997] [bmv2] [D] [thread 3275] [26.0] [cxt 0] Pipeline 'ingress': end
[21:38:42.997] [bmv2] [D] [thread 3275] [26.0] [cxt 0] Egress port is 0
[21:38:42.998] [bmv2] [D] [thread 3276] [26.0] [cxt 0] Pipeline 'egress': start
[21:38:42.998] [bmv2] [D] [thread 3276] [26.0] [cxt 0] Pipeline 'egress': end
[21:38:42.998] [bmv2] [D] [thread 3276] [26.0] [cxt 0] Deparser 'deparser': start
[21:38:42.998] [bmv2] [T] [thread 3276] [26.0] [cxt 0] Skipping checksum 'cksum' update because condition not met
[21:38:42.998] [bmv2] [D] [thread 3276] [26.0] [cxt 0] Deparsing header 'ethernet'
[21:38:42.998] [bmv2] [D] [thread 3276] [26.0] [cxt 0] Deparser 'deparser': end
[21:38:42.998] [bmv2] [D] [thread 3280] [26.0] [cxt 0] Transmitting packet of size 70 out of port 0
[21:38:44.036] [bmv2] [D] [thread 3275] [27.0] [cxt 0] Processing packet received on port 3
[21:38:44.036] [bmv2] [D] [thread 3275] [27.0] [cxt 0] Parser 'parser': start
[21:38:44.036] [bmv2] [D] [thread 3275] [27.0] [cxt 0] Parser 'parser' entering state 'start'
[21:38:44.036] [bmv2] [D] [thread 3275] [27.0] [cxt 0] Extracting header 'ethernet'
[21:38:44.037] [bmv2] [D] [thread 3275] [27.0] [cxt 0] Parser state 'start': key is 8100
[21:38:44.037] [bmv2] [T] [thread 3275] [27.0] [cxt 0] Bytes parsed: 14
[21:38:44.037] [bmv2] [D] [thread 3275] [27.0] [cxt 0] Parser 'parser' entering state 'parse_vlan'
[21:38:44.037] [bmv2] [D] [thread 3275] [27.0] [cxt 0] Extracting header 'vlan'
[21:38:44.037] [bmv2] [D] [thread 3275] [27.0] [cxt 0] Parser state 'parse_vlan': key is 0800
[21:38:44.037] [bmv2] [T] [thread 3275] [27.0] [cxt 0] Bytes parsed: 18
[21:38:44.037] [bmv2] [D] [thread 3275] [27.0] [cxt 0] Parser 'parser' entering state 'parse_ipv4'
[21:38:44.037] [bmv2] [D] [thread 3275] [27.0] [cxt 0] Extracting header 'ipv4'
[21:38:44.037] [bmv2] [D] [thread 3275] [27.0] [cxt 0] Parser set: setting field 'scalars.tmp' from expression, new value is 1
[21:38:44.037] [bmv2] [D] [thread 3275] [27.0] [cxt 0] Parser state 'parse_ipv4': key is 06
[21:38:44.037] [bmv2] [T] [thread 3275] [27.0] [cxt 0] Bytes parsed: 38
[21:38:44.037] [bmv2] [D] [thread 3275] [27.0] [cxt 0] Parser 'parser' entering state 'parse_ipv4_option'
[21:38:44.037] [bmv2] [D] [thread 3275] [27.0] [cxt 0] Extracting header 'ipv4_option'
[21:38:44.037] [bmv2] [D] [thread 3275] [27.0] [cxt 0] Parser state 'parse_ipv4_option': key is 1f
[21:38:44.037] [bmv2] [T] [thread 3275] [27.0] [cxt 0] Bytes parsed: 40
[21:38:44.037] [bmv2] [D] [thread 3275] [27.0] [cxt 0] Parser 'parser' entering state 'parse_link_qos'
[21:38:44.037] [bmv2] [D] [thread 3275] [27.0] [cxt 0] Extracting header 'link_qos'
[21:38:44.037] [bmv2] [D] [thread 3275] [27.0] [cxt 0] Parser state 'parse_link_qos' has no switch, going to default next state
[21:38:44.037] [bmv2] [T] [thread 3275] [27.0] [cxt 0] Bytes parsed: 42
[21:38:44.037] [bmv2] [D] [thread 3275] [27.0] [cxt 0] Parser 'parser': end
[21:38:44.037] [bmv2] [D] [thread 3275] [27.0] [cxt 0] Pipeline 'ingress': start
[21:38:44.037] [bmv2] [T] [thread 3275] [27.0] [cxt 0] qos.p4(197) Condition "hdr.ipv4.isValid()" (node_2) is true
[21:38:44.037] [bmv2] [T] [thread 3275] [27.0] [cxt 0] qos.p4(198) Condition "hdr.link_qos.link_qos == TARGET_LINK_QOS" (node_3) is true
[21:38:44.037] [bmv2] [T] [thread 3275] [27.0] [cxt 0] Applying table 'tbl_qos199'
[21:38:44.038] [bmv2] [D] [thread 3275] [27.0] [cxt 0] Looking up key:

[21:38:44.038] [bmv2] [D] [thread 3275] [27.0] [cxt 0] Table 'tbl_qos199': miss
[21:38:44.038] [bmv2] [D] [thread 3275] [27.0] [cxt 0] Action entry is qos199 - 
[21:38:44.038] [bmv2] [T] [thread 3275] [27.0] [cxt 0] Action qos199
[21:38:44.038] [bmv2] [T] [thread 3275] [27.0] [cxt 0] qos.p4(199) Primitive hdr.ipv4.diffserv = (TARGET_DSCP << 2
[21:38:44.038] [bmv2] [T] [thread 3275] [27.0] [cxt 0] qos.p4(28) Primitive 7; ...
[21:38:44.038] [bmv2] [T] [thread 3275] [27.0] [cxt 0] Applying table 'MyIngress.ipv4_lpm'
[21:38:44.038] [bmv2] [D] [thread 3275] [27.0] [cxt 0] Looking up key:
* hdr.ipv4.dstAddr    : 0a000202

[21:38:44.038] [bmv2] [D] [thread 3275] [27.0] [cxt 0] Table 'MyIngress.ipv4_lpm': hit with handle 0
[21:38:44.038] [bmv2] [D] [thread 3275] [27.0] [cxt 0] Dumping entry 0
Match key:
* hdr.ipv4.dstAddr    : LPM       0a000202/32
Action entry: MyIngress.ipv4_forward - 80000000202,2,

[21:38:44.038] [bmv2] [D] [thread 3275] [27.0] [cxt 0] Action entry is MyIngress.ipv4_forward - 80000000202,2,
[21:38:44.038] [bmv2] [T] [thread 3275] [27.0] [cxt 0] Action MyIngress.ipv4_forward
[21:38:44.038] [bmv2] [T] [thread 3275] [27.0] [cxt 0] qos.p4(175) Primitive standard_metadata.egress_spec = port
[21:38:44.038] [bmv2] [T] [thread 3275] [27.0] [cxt 0] qos.p4(176) Primitive hdr.ethernet.srcAddr = hdr.ethernet.dstAddr
[21:38:44.038] [bmv2] [T] [thread 3275] [27.0] [cxt 0] qos.p4(177) Primitive hdr.ethernet.dstAddr = dstAddr
[21:38:44.038] [bmv2] [T] [thread 3275] [27.0] [cxt 0] qos.p4(178) Primitive hdr.ipv4.ttl = hdr.ipv4.ttl - 1
[21:38:44.038] [bmv2] [D] [thread 3275] [27.0] [cxt 0] Pipeline 'ingress': end
[21:38:44.038] [bmv2] [D] [thread 3275] [27.0] [cxt 0] Egress port is 2
[21:38:44.038] [bmv2] [D] [thread 3278] [27.0] [cxt 0] Pipeline 'egress': start
[21:38:44.039] [bmv2] [D] [thread 3278] [27.0] [cxt 0] Pipeline 'egress': end
[21:38:44.039] [bmv2] [D] [thread 3278] [27.0] [cxt 0] Deparser 'deparser': start
[21:38:44.039] [bmv2] [D] [thread 3278] [27.0] [cxt 0] Updating checksum 'cksum'
[21:38:44.039] [bmv2] [D] [thread 3278] [27.0] [cxt 0] Deparsing header 'ethernet'
[21:38:44.039] [bmv2] [D] [thread 3278] [27.0] [cxt 0] Deparsing header 'vlan'
[21:38:44.039] [bmv2] [D] [thread 3278] [27.0] [cxt 0] Deparsing header 'ipv4'
[21:38:44.039] [bmv2] [D] [thread 3278] [27.0] [cxt 0] Deparsing header 'ipv4_option'
[21:38:44.039] [bmv2] [D] [thread 3278] [27.0] [cxt 0] Deparsing header 'link_qos'
[21:38:44.039] [bmv2] [D] [thread 3278] [27.0] [cxt 0] Deparser 'deparser': end
[21:38:44.039] [bmv2] [D] [thread 3280] [27.0] [cxt 0] Transmitting packet of size 562 out of port 2
[21:38:45.067] [bmv2] [D] [thread 3275] [28.0] [cxt 0] Processing packet received on port 3
[21:38:45.067] [bmv2] [D] [thread 3275] [28.0] [cxt 0] Parser 'parser': start
[21:38:45.067] [bmv2] [D] [thread 3275] [28.0] [cxt 0] Parser 'parser' entering state 'start'
[21:38:45.067] [bmv2] [D] [thread 3275] [28.0] [cxt 0] Extracting header 'ethernet'
[21:38:45.067] [bmv2] [D] [thread 3275] [28.0] [cxt 0] Parser state 'start': key is 8100
[21:38:45.067] [bmv2] [T] [thread 3275] [28.0] [cxt 0] Bytes parsed: 14
[21:38:45.067] [bmv2] [D] [thread 3275] [28.0] [cxt 0] Parser 'parser' entering state 'parse_vlan'
[21:38:45.067] [bmv2] [D] [thread 3275] [28.0] [cxt 0] Extracting header 'vlan'
[21:38:45.067] [bmv2] [D] [thread 3275] [28.0] [cxt 0] Parser state 'parse_vlan': key is 0800
[21:38:45.067] [bmv2] [T] [thread 3275] [28.0] [cxt 0] Bytes parsed: 18
[21:38:45.067] [bmv2] [D] [thread 3275] [28.0] [cxt 0] Parser 'parser' entering state 'parse_ipv4'
[21:38:45.067] [bmv2] [D] [thread 3275] [28.0] [cxt 0] Extracting header 'ipv4'
[21:38:45.067] [bmv2] [D] [thread 3275] [28.0] [cxt 0] Parser set: setting field 'scalars.tmp' from expression, new value is 1
[21:38:45.068] [bmv2] [D] [thread 3275] [28.0] [cxt 0] Parser state 'parse_ipv4': key is 06
[21:38:45.068] [bmv2] [T] [thread 3275] [28.0] [cxt 0] Bytes parsed: 38
[21:38:45.068] [bmv2] [D] [thread 3275] [28.0] [cxt 0] Parser 'parser' entering state 'parse_ipv4_option'
[21:38:45.068] [bmv2] [D] [thread 3275] [28.0] [cxt 0] Extracting header 'ipv4_option'
[21:38:45.068] [bmv2] [D] [thread 3275] [28.0] [cxt 0] Parser state 'parse_ipv4_option': key is 1f
[21:38:45.068] [bmv2] [T] [thread 3275] [28.0] [cxt 0] Bytes parsed: 40
[21:38:45.068] [bmv2] [D] [thread 3275] [28.0] [cxt 0] Parser 'parser' entering state 'parse_link_qos'
[21:38:45.068] [bmv2] [D] [thread 3275] [28.0] [cxt 0] Extracting header 'link_qos'
[21:38:45.068] [bmv2] [D] [thread 3275] [28.0] [cxt 0] Parser state 'parse_link_qos' has no switch, going to default next state
[21:38:45.068] [bmv2] [T] [thread 3275] [28.0] [cxt 0] Bytes parsed: 42
[21:38:45.068] [bmv2] [D] [thread 3275] [28.0] [cxt 0] Parser 'parser': end
[21:38:45.068] [bmv2] [D] [thread 3275] [28.0] [cxt 0] Pipeline 'ingress': start
[21:38:45.068] [bmv2] [T] [thread 3275] [28.0] [cxt 0] qos.p4(197) Condition "hdr.ipv4.isValid()" (node_2) is true
[21:38:45.068] [bmv2] [T] [thread 3275] [28.0] [cxt 0] qos.p4(198) Condition "hdr.link_qos.link_qos == TARGET_LINK_QOS" (node_3) is true
[21:38:45.068] [bmv2] [T] [thread 3275] [28.0] [cxt 0] Applying table 'tbl_qos199'
[21:38:45.068] [bmv2] [D] [thread 3275] [28.0] [cxt 0] Looking up key:

[21:38:45.068] [bmv2] [D] [thread 3275] [28.0] [cxt 0] Table 'tbl_qos199': miss
[21:38:45.068] [bmv2] [D] [thread 3275] [28.0] [cxt 0] Action entry is qos199 - 
[21:38:45.068] [bmv2] [T] [thread 3275] [28.0] [cxt 0] Action qos199
[21:38:45.068] [bmv2] [T] [thread 3275] [28.0] [cxt 0] qos.p4(199) Primitive hdr.ipv4.diffserv = (TARGET_DSCP << 2
[21:38:45.068] [bmv2] [T] [thread 3275] [28.0] [cxt 0] qos.p4(28) Primitive 7; ...
[21:38:45.068] [bmv2] [T] [thread 3275] [28.0] [cxt 0] Applying table 'MyIngress.ipv4_lpm'
[21:38:45.068] [bmv2] [D] [thread 3275] [28.0] [cxt 0] Looking up key:
* hdr.ipv4.dstAddr    : 0a000202

[21:38:45.068] [bmv2] [D] [thread 3275] [28.0] [cxt 0] Table 'MyIngress.ipv4_lpm': hit with handle 0
[21:38:45.069] [bmv2] [D] [thread 3275] [28.0] [cxt 0] Dumping entry 0
Match key:
* hdr.ipv4.dstAddr    : LPM       0a000202/32
Action entry: MyIngress.ipv4_forward - 80000000202,2,

[21:38:45.069] [bmv2] [D] [thread 3275] [28.0] [cxt 0] Action entry is MyIngress.ipv4_forward - 80000000202,2,
[21:38:45.069] [bmv2] [T] [thread 3275] [28.0] [cxt 0] Action MyIngress.ipv4_forward
[21:38:45.069] [bmv2] [T] [thread 3275] [28.0] [cxt 0] qos.p4(175) Primitive standard_metadata.egress_spec = port
[21:38:45.069] [bmv2] [T] [thread 3275] [28.0] [cxt 0] qos.p4(176) Primitive hdr.ethernet.srcAddr = hdr.ethernet.dstAddr
[21:38:45.069] [bmv2] [T] [thread 3275] [28.0] [cxt 0] qos.p4(177) Primitive hdr.ethernet.dstAddr = dstAddr
[21:38:45.069] [bmv2] [T] [thread 3275] [28.0] [cxt 0] qos.p4(178) Primitive hdr.ipv4.ttl = hdr.ipv4.ttl - 1
[21:38:45.069] [bmv2] [D] [thread 3275] [28.0] [cxt 0] Pipeline 'ingress': end
[21:38:45.069] [bmv2] [D] [thread 3275] [28.0] [cxt 0] Egress port is 2
[21:38:45.070] [bmv2] [D] [thread 3278] [28.0] [cxt 0] Pipeline 'egress': start
[21:38:45.070] [bmv2] [D] [thread 3278] [28.0] [cxt 0] Pipeline 'egress': end
[21:38:45.070] [bmv2] [D] [thread 3278] [28.0] [cxt 0] Deparser 'deparser': start
[21:38:45.070] [bmv2] [D] [thread 3278] [28.0] [cxt 0] Updating checksum 'cksum'
[21:38:45.070] [bmv2] [D] [thread 3278] [28.0] [cxt 0] Deparsing header 'ethernet'
[21:38:45.070] [bmv2] [D] [thread 3278] [28.0] [cxt 0] Deparsing header 'vlan'
[21:38:45.070] [bmv2] [D] [thread 3278] [28.0] [cxt 0] Deparsing header 'ipv4'
[21:38:45.070] [bmv2] [D] [thread 3278] [28.0] [cxt 0] Deparsing header 'ipv4_option'
[21:38:45.070] [bmv2] [D] [thread 3278] [28.0] [cxt 0] Deparsing header 'link_qos'
[21:38:45.070] [bmv2] [D] [thread 3278] [28.0] [cxt 0] Deparser 'deparser': end
[21:38:45.070] [bmv2] [D] [thread 3280] [28.0] [cxt 0] Transmitting packet of size 562 out of port 2
[21:38:45.827] [bmv2] [D] [thread 3275] [29.0] [cxt 0] Processing packet received on port 2
[21:38:45.827] [bmv2] [D] [thread 3275] [29.0] [cxt 0] Parser 'parser': start
[21:38:45.827] [bmv2] [D] [thread 3275] [29.0] [cxt 0] Parser 'parser' entering state 'start'
[21:38:45.827] [bmv2] [D] [thread 3275] [29.0] [cxt 0] Extracting header 'ethernet'
[21:38:45.827] [bmv2] [D] [thread 3275] [29.0] [cxt 0] Parser state 'start': key is 86dd
[21:38:45.827] [bmv2] [T] [thread 3275] [29.0] [cxt 0] Bytes parsed: 14
[21:38:45.827] [bmv2] [D] [thread 3275] [29.0] [cxt 0] Parser 'parser': end
[21:38:45.827] [bmv2] [D] [thread 3275] [29.0] [cxt 0] Pipeline 'ingress': start
[21:38:45.828] [bmv2] [T] [thread 3275] [29.0] [cxt 0] qos.p4(197) Condition "hdr.ipv4.isValid()" (node_2) is false
[21:38:45.828] [bmv2] [D] [thread 3275] [29.0] [cxt 0] Pipeline 'ingress': end
[21:38:45.828] [bmv2] [D] [thread 3275] [29.0] [cxt 0] Egress port is 0
[21:38:45.828] [bmv2] [D] [thread 3276] [29.0] [cxt 0] Pipeline 'egress': start
[21:38:45.828] [bmv2] [D] [thread 3276] [29.0] [cxt 0] Pipeline 'egress': end
[21:38:45.828] [bmv2] [D] [thread 3276] [29.0] [cxt 0] Deparser 'deparser': start
[21:38:45.828] [bmv2] [T] [thread 3276] [29.0] [cxt 0] Skipping checksum 'cksum' update because condition not met
[21:38:45.828] [bmv2] [D] [thread 3276] [29.0] [cxt 0] Deparsing header 'ethernet'
[21:38:45.828] [bmv2] [D] [thread 3276] [29.0] [cxt 0] Deparser 'deparser': end
[21:38:45.828] [bmv2] [D] [thread 3280] [29.0] [cxt 0] Transmitting packet of size 70 out of port 0
[21:38:45.830] [bmv2] [D] [thread 3275] [30.0] [cxt 0] Processing packet received on port 4
[21:38:45.830] [bmv2] [D] [thread 3275] [30.0] [cxt 0] Parser 'parser': start
[21:38:45.830] [bmv2] [D] [thread 3275] [30.0] [cxt 0] Parser 'parser' entering state 'start'
[21:38:45.830] [bmv2] [D] [thread 3275] [30.0] [cxt 0] Extracting header 'ethernet'
[21:38:45.830] [bmv2] [D] [thread 3275] [30.0] [cxt 0] Parser state 'start': key is 86dd
[21:38:45.830] [bmv2] [T] [thread 3275] [30.0] [cxt 0] Bytes parsed: 14
[21:38:45.830] [bmv2] [D] [thread 3275] [30.0] [cxt 0] Parser 'parser': end
[21:38:45.830] [bmv2] [D] [thread 3275] [30.0] [cxt 0] Pipeline 'ingress': start
[21:38:45.830] [bmv2] [T] [thread 3275] [30.0] [cxt 0] qos.p4(197) Condition "hdr.ipv4.isValid()" (node_2) is false
[21:38:45.830] [bmv2] [D] [thread 3275] [30.0] [cxt 0] Pipeline 'ingress': end
[21:38:45.830] [bmv2] [D] [thread 3275] [30.0] [cxt 0] Egress port is 0
[21:38:45.831] [bmv2] [D] [thread 3276] [30.0] [cxt 0] Pipeline 'egress': start
[21:38:45.831] [bmv2] [D] [thread 3276] [30.0] [cxt 0] Pipeline 'egress': end
[21:38:45.831] [bmv2] [D] [thread 3276] [30.0] [cxt 0] Deparser 'deparser': start
[21:38:45.831] [bmv2] [T] [thread 3276] [30.0] [cxt 0] Skipping checksum 'cksum' update because condition not met
[21:38:45.831] [bmv2] [D] [thread 3276] [30.0] [cxt 0] Deparsing header 'ethernet'
[21:38:45.831] [bmv2] [D] [thread 3276] [30.0] [cxt 0] Deparser 'deparser': end
[21:38:45.831] [bmv2] [D] [thread 3280] [30.0] [cxt 0] Transmitting packet of size 70 out of port 0
[21:38:46.110] [bmv2] [D] [thread 3275] [31.0] [cxt 0] Processing packet received on port 3
[21:38:46.110] [bmv2] [D] [thread 3275] [31.0] [cxt 0] Parser 'parser': start
[21:38:46.110] [bmv2] [D] [thread 3275] [31.0] [cxt 0] Parser 'parser' entering state 'start'
[21:38:46.110] [bmv2] [D] [thread 3275] [31.0] [cxt 0] Extracting header 'ethernet'
[21:38:46.110] [bmv2] [D] [thread 3275] [31.0] [cxt 0] Parser state 'start': key is 8100
[21:38:46.110] [bmv2] [T] [thread 3275] [31.0] [cxt 0] Bytes parsed: 14
[21:38:46.110] [bmv2] [D] [thread 3275] [31.0] [cxt 0] Parser 'parser' entering state 'parse_vlan'
[21:38:46.110] [bmv2] [D] [thread 3275] [31.0] [cxt 0] Extracting header 'vlan'
[21:38:46.110] [bmv2] [D] [thread 3275] [31.0] [cxt 0] Parser state 'parse_vlan': key is 0800
[21:38:46.110] [bmv2] [T] [thread 3275] [31.0] [cxt 0] Bytes parsed: 18
[21:38:46.110] [bmv2] [D] [thread 3275] [31.0] [cxt 0] Parser 'parser' entering state 'parse_ipv4'
[21:38:46.110] [bmv2] [D] [thread 3275] [31.0] [cxt 0] Extracting header 'ipv4'
[21:38:46.110] [bmv2] [D] [thread 3275] [31.0] [cxt 0] Parser set: setting field 'scalars.tmp' from expression, new value is 1
[21:38:46.110] [bmv2] [D] [thread 3275] [31.0] [cxt 0] Parser state 'parse_ipv4': key is 06
[21:38:46.110] [bmv2] [T] [thread 3275] [31.0] [cxt 0] Bytes parsed: 38
[21:38:46.110] [bmv2] [D] [thread 3275] [31.0] [cxt 0] Parser 'parser' entering state 'parse_ipv4_option'
[21:38:46.110] [bmv2] [D] [thread 3275] [31.0] [cxt 0] Extracting header 'ipv4_option'
[21:38:46.110] [bmv2] [D] [thread 3275] [31.0] [cxt 0] Parser state 'parse_ipv4_option': key is 1f
[21:38:46.110] [bmv2] [T] [thread 3275] [31.0] [cxt 0] Bytes parsed: 40
[21:38:46.110] [bmv2] [D] [thread 3275] [31.0] [cxt 0] Parser 'parser' entering state 'parse_link_qos'
[21:38:46.110] [bmv2] [D] [thread 3275] [31.0] [cxt 0] Extracting header 'link_qos'
[21:38:46.110] [bmv2] [D] [thread 3275] [31.0] [cxt 0] Parser state 'parse_link_qos' has no switch, going to default next state
[21:38:46.110] [bmv2] [T] [thread 3275] [31.0] [cxt 0] Bytes parsed: 42
[21:38:46.110] [bmv2] [D] [thread 3275] [31.0] [cxt 0] Parser 'parser': end
[21:38:46.110] [bmv2] [D] [thread 3275] [31.0] [cxt 0] Pipeline 'ingress': start
[21:38:46.110] [bmv2] [T] [thread 3275] [31.0] [cxt 0] qos.p4(197) Condition "hdr.ipv4.isValid()" (node_2) is true
[21:38:46.110] [bmv2] [T] [thread 3275] [31.0] [cxt 0] qos.p4(198) Condition "hdr.link_qos.link_qos == TARGET_LINK_QOS" (node_3) is true
[21:38:46.111] [bmv2] [T] [thread 3275] [31.0] [cxt 0] Applying table 'tbl_qos199'
[21:38:46.111] [bmv2] [D] [thread 3275] [31.0] [cxt 0] Looking up key:

[21:38:46.111] [bmv2] [D] [thread 3275] [31.0] [cxt 0] Table 'tbl_qos199': miss
[21:38:46.111] [bmv2] [D] [thread 3275] [31.0] [cxt 0] Action entry is qos199 - 
[21:38:46.111] [bmv2] [T] [thread 3275] [31.0] [cxt 0] Action qos199
[21:38:46.111] [bmv2] [T] [thread 3275] [31.0] [cxt 0] qos.p4(199) Primitive hdr.ipv4.diffserv = (TARGET_DSCP << 2
[21:38:46.111] [bmv2] [T] [thread 3275] [31.0] [cxt 0] qos.p4(28) Primitive 7; ...
[21:38:46.111] [bmv2] [T] [thread 3275] [31.0] [cxt 0] Applying table 'MyIngress.ipv4_lpm'
[21:38:46.111] [bmv2] [D] [thread 3275] [31.0] [cxt 0] Looking up key:
* hdr.ipv4.dstAddr    : 0a000202

[21:38:46.111] [bmv2] [D] [thread 3275] [31.0] [cxt 0] Table 'MyIngress.ipv4_lpm': hit with handle 0
[21:38:46.111] [bmv2] [D] [thread 3275] [31.0] [cxt 0] Dumping entry 0
Match key:
* hdr.ipv4.dstAddr    : LPM       0a000202/32
Action entry: MyIngress.ipv4_forward - 80000000202,2,

[21:38:46.111] [bmv2] [D] [thread 3275] [31.0] [cxt 0] Action entry is MyIngress.ipv4_forward - 80000000202,2,
[21:38:46.111] [bmv2] [T] [thread 3275] [31.0] [cxt 0] Action MyIngress.ipv4_forward
[21:38:46.111] [bmv2] [T] [thread 3275] [31.0] [cxt 0] qos.p4(175) Primitive standard_metadata.egress_spec = port
[21:38:46.111] [bmv2] [T] [thread 3275] [31.0] [cxt 0] qos.p4(176) Primitive hdr.ethernet.srcAddr = hdr.ethernet.dstAddr
[21:38:46.111] [bmv2] [T] [thread 3275] [31.0] [cxt 0] qos.p4(177) Primitive hdr.ethernet.dstAddr = dstAddr
[21:38:46.111] [bmv2] [T] [thread 3275] [31.0] [cxt 0] qos.p4(178) Primitive hdr.ipv4.ttl = hdr.ipv4.ttl - 1
[21:38:46.111] [bmv2] [D] [thread 3275] [31.0] [cxt 0] Pipeline 'ingress': end
[21:38:46.111] [bmv2] [D] [thread 3275] [31.0] [cxt 0] Egress port is 2
[21:38:46.112] [bmv2] [D] [thread 3278] [31.0] [cxt 0] Pipeline 'egress': start
[21:38:46.112] [bmv2] [D] [thread 3278] [31.0] [cxt 0] Pipeline 'egress': end
[21:38:46.112] [bmv2] [D] [thread 3278] [31.0] [cxt 0] Deparser 'deparser': start
[21:38:46.112] [bmv2] [D] [thread 3278] [31.0] [cxt 0] Updating checksum 'cksum'
[21:38:46.112] [bmv2] [D] [thread 3278] [31.0] [cxt 0] Deparsing header 'ethernet'
[21:38:46.112] [bmv2] [D] [thread 3278] [31.0] [cxt 0] Deparsing header 'vlan'
[21:38:46.112] [bmv2] [D] [thread 3278] [31.0] [cxt 0] Deparsing header 'ipv4'
[21:38:46.112] [bmv2] [D] [thread 3278] [31.0] [cxt 0] Deparsing header 'ipv4_option'
[21:38:46.112] [bmv2] [D] [thread 3278] [31.0] [cxt 0] Deparsing header 'link_qos'
[21:38:46.112] [bmv2] [D] [thread 3278] [31.0] [cxt 0] Deparser 'deparser': end
[21:38:46.112] [bmv2] [D] [thread 3280] [31.0] [cxt 0] Transmitting packet of size 562 out of port 2
[21:38:47.867] [bmv2] [D] [thread 3275] [32.0] [cxt 0] Processing packet received on port 3
[21:38:47.867] [bmv2] [D] [thread 3275] [32.0] [cxt 0] Parser 'parser': start
[21:38:47.867] [bmv2] [D] [thread 3275] [32.0] [cxt 0] Parser 'parser' entering state 'start'
[21:38:47.867] [bmv2] [D] [thread 3275] [32.0] [cxt 0] Extracting header 'ethernet'
[21:38:47.867] [bmv2] [D] [thread 3275] [32.0] [cxt 0] Parser state 'start': key is 86dd
[21:38:47.867] [bmv2] [T] [thread 3275] [32.0] [cxt 0] Bytes parsed: 14
[21:38:47.867] [bmv2] [D] [thread 3275] [32.0] [cxt 0] Parser 'parser': end
[21:38:47.867] [bmv2] [D] [thread 3275] [32.0] [cxt 0] Pipeline 'ingress': start
[21:38:47.867] [bmv2] [T] [thread 3275] [32.0] [cxt 0] qos.p4(197) Condition "hdr.ipv4.isValid()" (node_2) is false
[21:38:47.867] [bmv2] [D] [thread 3275] [32.0] [cxt 0] Pipeline 'ingress': end
[21:38:47.867] [bmv2] [D] [thread 3275] [32.0] [cxt 0] Egress port is 0
[21:38:47.867] [bmv2] [D] [thread 3276] [32.0] [cxt 0] Pipeline 'egress': start
[21:38:47.867] [bmv2] [D] [thread 3276] [32.0] [cxt 0] Pipeline 'egress': end
[21:38:47.867] [bmv2] [D] [thread 3276] [32.0] [cxt 0] Deparser 'deparser': start
[21:38:47.867] [bmv2] [T] [thread 3276] [32.0] [cxt 0] Skipping checksum 'cksum' update because condition not met
[21:38:47.867] [bmv2] [D] [thread 3276] [32.0] [cxt 0] Deparsing header 'ethernet'
[21:38:47.868] [bmv2] [D] [thread 3276] [32.0] [cxt 0] Deparser 'deparser': end
[21:38:47.868] [bmv2] [D] [thread 3280] [32.0] [cxt 0] Transmitting packet of size 70 out of port 0
[21:39:12.441] [bmv2] [D] [thread 3275] [33.0] [cxt 0] Processing packet received on port 1
[21:39:12.441] [bmv2] [D] [thread 3275] [33.0] [cxt 0] Parser 'parser': start
[21:39:12.442] [bmv2] [D] [thread 3275] [33.0] [cxt 0] Parser 'parser' entering state 'start'
[21:39:12.442] [bmv2] [D] [thread 3275] [33.0] [cxt 0] Extracting header 'ethernet'
[21:39:12.442] [bmv2] [D] [thread 3275] [33.0] [cxt 0] Parser state 'start': key is 86dd
[21:39:12.442] [bmv2] [T] [thread 3275] [33.0] [cxt 0] Bytes parsed: 14
[21:39:12.442] [bmv2] [D] [thread 3275] [33.0] [cxt 0] Parser 'parser': end
[21:39:12.443] [bmv2] [D] [thread 3275] [33.0] [cxt 0] Pipeline 'ingress': start
[21:39:12.443] [bmv2] [T] [thread 3275] [33.0] [cxt 0] qos.p4(197) Condition "hdr.ipv4.isValid()" (node_2) is false
[21:39:12.443] [bmv2] [D] [thread 3275] [33.0] [cxt 0] Pipeline 'ingress': end
[21:39:12.443] [bmv2] [D] [thread 3275] [33.0] [cxt 0] Egress port is 0
[21:39:12.443] [bmv2] [D] [thread 3276] [33.0] [cxt 0] Pipeline 'egress': start
[21:39:12.443] [bmv2] [D] [thread 3276] [33.0] [cxt 0] Pipeline 'egress': end
[21:39:12.443] [bmv2] [D] [thread 3276] [33.0] [cxt 0] Deparser 'deparser': start
[21:39:12.444] [bmv2] [T] [thread 3276] [33.0] [cxt 0] Skipping checksum 'cksum' update because condition not met
[21:39:12.444] [bmv2] [D] [thread 3276] [33.0] [cxt 0] Deparsing header 'ethernet'
[21:39:12.444] [bmv2] [D] [thread 3276] [33.0] [cxt 0] Deparser 'deparser': end
[21:39:12.444] [bmv2] [D] [thread 3280] [33.0] [cxt 0] Transmitting packet of size 70 out of port 0
[21:39:14.486] [bmv2] [D] [thread 3275] [34.0] [cxt 0] Processing packet received on port 3
[21:39:14.486] [bmv2] [D] [thread 3275] [34.0] [cxt 0] Parser 'parser': start
[21:39:14.486] [bmv2] [D] [thread 3275] [34.0] [cxt 0] Parser 'parser' entering state 'start'
[21:39:14.486] [bmv2] [D] [thread 3275] [34.0] [cxt 0] Extracting header 'ethernet'
[21:39:14.486] [bmv2] [D] [thread 3275] [34.0] [cxt 0] Parser state 'start': key is 86dd
[21:39:14.486] [bmv2] [T] [thread 3275] [34.0] [cxt 0] Bytes parsed: 14
[21:39:14.486] [bmv2] [D] [thread 3275] [34.0] [cxt 0] Parser 'parser': end
[21:39:14.486] [bmv2] [D] [thread 3275] [34.0] [cxt 0] Pipeline 'ingress': start
[21:39:14.486] [bmv2] [T] [thread 3275] [34.0] [cxt 0] qos.p4(197) Condition "hdr.ipv4.isValid()" (node_2) is false
[21:39:14.486] [bmv2] [D] [thread 3275] [34.0] [cxt 0] Pipeline 'ingress': end
[21:39:14.486] [bmv2] [D] [thread 3275] [34.0] [cxt 0] Egress port is 0
[21:39:14.487] [bmv2] [D] [thread 3276] [34.0] [cxt 0] Pipeline 'egress': start
[21:39:14.487] [bmv2] [D] [thread 3276] [34.0] [cxt 0] Pipeline 'egress': end
[21:39:14.487] [bmv2] [D] [thread 3276] [34.0] [cxt 0] Deparser 'deparser': start
[21:39:14.487] [bmv2] [T] [thread 3276] [34.0] [cxt 0] Skipping checksum 'cksum' update because condition not met
[21:39:14.487] [bmv2] [D] [thread 3276] [34.0] [cxt 0] Deparsing header 'ethernet'
[21:39:14.487] [bmv2] [D] [thread 3276] [34.0] [cxt 0] Deparser 'deparser': end
[21:39:14.487] [bmv2] [D] [thread 3280] [34.0] [cxt 0] Transmitting packet of size 70 out of port 0
[21:39:14.487] [bmv2] [D] [thread 3275] [35.0] [cxt 0] Processing packet received on port 4
[21:39:14.487] [bmv2] [D] [thread 3275] [35.0] [cxt 0] Parser 'parser': start
[21:39:14.487] [bmv2] [D] [thread 3275] [35.0] [cxt 0] Parser 'parser' entering state 'start'
[21:39:14.487] [bmv2] [D] [thread 3275] [35.0] [cxt 0] Extracting header 'ethernet'
[21:39:14.487] [bmv2] [D] [thread 3275] [35.0] [cxt 0] Parser state 'start': key is 86dd
[21:39:14.487] [bmv2] [T] [thread 3275] [35.0] [cxt 0] Bytes parsed: 14
[21:39:14.487] [bmv2] [D] [thread 3275] [35.0] [cxt 0] Parser 'parser': end
[21:39:14.487] [bmv2] [D] [thread 3275] [35.0] [cxt 0] Pipeline 'ingress': start
[21:39:14.487] [bmv2] [T] [thread 3275] [35.0] [cxt 0] qos.p4(197) Condition "hdr.ipv4.isValid()" (node_2) is false
[21:39:14.487] [bmv2] [D] [thread 3275] [35.0] [cxt 0] Pipeline 'ingress': end
[21:39:14.487] [bmv2] [D] [thread 3275] [35.0] [cxt 0] Egress port is 0
[21:39:14.487] [bmv2] [D] [thread 3276] [35.0] [cxt 0] Pipeline 'egress': start
[21:39:14.487] [bmv2] [D] [thread 3276] [35.0] [cxt 0] Pipeline 'egress': end
[21:39:14.487] [bmv2] [D] [thread 3276] [35.0] [cxt 0] Deparser 'deparser': start
[21:39:14.487] [bmv2] [T] [thread 3276] [35.0] [cxt 0] Skipping checksum 'cksum' update because condition not met
[21:39:14.487] [bmv2] [D] [thread 3276] [35.0] [cxt 0] Deparsing header 'ethernet'
[21:39:14.487] [bmv2] [D] [thread 3276] [35.0] [cxt 0] Deparser 'deparser': end
[21:39:14.487] [bmv2] [D] [thread 3280] [35.0] [cxt 0] Transmitting packet of size 70 out of port 0
[21:39:18.580] [bmv2] [D] [thread 3275] [36.0] [cxt 0] Processing packet received on port 4
[21:39:18.581] [bmv2] [D] [thread 3275] [36.0] [cxt 0] Parser 'parser': start
[21:39:18.581] [bmv2] [D] [thread 3275] [36.0] [cxt 0] Parser 'parser' entering state 'start'
[21:39:18.581] [bmv2] [D] [thread 3275] [36.0] [cxt 0] Extracting header 'ethernet'
[21:39:18.581] [bmv2] [D] [thread 3275] [36.0] [cxt 0] Parser state 'start': key is 86dd
[21:39:18.581] [bmv2] [T] [thread 3275] [36.0] [cxt 0] Bytes parsed: 14
[21:39:18.581] [bmv2] [D] [thread 3275] [36.0] [cxt 0] Parser 'parser': end
[21:39:18.581] [bmv2] [D] [thread 3275] [36.0] [cxt 0] Pipeline 'ingress': start
[21:39:18.581] [bmv2] [T] [thread 3275] [36.0] [cxt 0] qos.p4(197) Condition "hdr.ipv4.isValid()" (node_2) is false
[21:39:18.581] [bmv2] [D] [thread 3275] [36.0] [cxt 0] Pipeline 'ingress': end
[21:39:18.581] [bmv2] [D] [thread 3275] [36.0] [cxt 0] Egress port is 0
[21:39:18.581] [bmv2] [D] [thread 3276] [36.0] [cxt 0] Pipeline 'egress': start
[21:39:18.581] [bmv2] [D] [thread 3276] [36.0] [cxt 0] Pipeline 'egress': end
[21:39:18.581] [bmv2] [D] [thread 3276] [36.0] [cxt 0] Deparser 'deparser': start
[21:39:18.581] [bmv2] [T] [thread 3276] [36.0] [cxt 0] Skipping checksum 'cksum' update because condition not met
[21:39:18.581] [bmv2] [D] [thread 3276] [36.0] [cxt 0] Deparsing header 'ethernet'
[21:39:18.581] [bmv2] [D] [thread 3276] [36.0] [cxt 0] Deparser 'deparser': end
[21:39:18.581] [bmv2] [D] [thread 3280] [36.0] [cxt 0] Transmitting packet of size 70 out of port 0
open: No such file or directory
open: No such file or directory
open: No such file or directory
open: No such file or directory
open: No such file or directory
open: No such file or directory
open: No such file or directory
