Calling target program-options parser
[22:36:07.960] [bmv2] [D] [thread 7062] Set default default entry for table 'tbl_qos200': qos200 - 
[22:36:07.960] [bmv2] [D] [thread 7062] Set default default entry for table 'MyIngress.ipv4_lpm': NoAction - 
Adding interface s3-eth1 as port 1
[22:36:07.962] [bmv2] [D] [thread 7062] Adding interface s3-eth1 as port 1
Adding interface s3-eth2 as port 2
[22:36:07.976] [bmv2] [D] [thread 7062] Adding interface s3-eth2 as port 2
Adding interface s3-eth3 as port 3
[22:36:07.983] [bmv2] [D] [thread 7062] Adding interface s3-eth3 as port 3
Server listening on 0.0.0.0:50053
[22:36:07.991] [bmv2] [I] [thread 7062] Starting Thrift server on port 9092
[22:36:07.997] [bmv2] [I] [thread 7062] Thrift server was started
[22:36:09.906] [bmv2] [W] [thread 7117] [P4Runtime] p4::tmp::P4DeviceConfig is deprecated
[22:36:09.919] [bmv2] [D] [thread 7117] Set default default entry for table 'tbl_qos200': qos200 - 
[22:36:09.919] [bmv2] [D] [thread 7117] Set default default entry for table 'MyIngress.ipv4_lpm': NoAction - 
[22:36:09.923] [bmv2] [D] [thread 7117] simple_switch target has been notified of a config swap
[22:36:09.930] [bmv2] [D] [thread 7118] Entry 0 added to table 'MyIngress.ipv4_lpm'
[22:36:09.930] [bmv2] [D] [thread 7118] Dumping entry 0
Match key:
* hdr.ipv4.dstAddr    : LPM       0a000303/32
Action entry: MyIngress.ipv4_forward - 80000000303,1,

[22:36:09.938] [bmv2] [D] [thread 7117] Entry 1 added to table 'MyIngress.ipv4_lpm'
[22:36:09.938] [bmv2] [D] [thread 7117] Dumping entry 1
Match key:
* hdr.ipv4.dstAddr    : LPM       0a000100/24
Action entry: MyIngress.ipv4_forward - 80000000100,2,

[22:36:09.945] [bmv2] [D] [thread 7118] Entry 2 added to table 'MyIngress.ipv4_lpm'
[22:36:09.945] [bmv2] [D] [thread 7118] Dumping entry 2
Match key:
* hdr.ipv4.dstAddr    : LPM       0a000200/24
Action entry: MyIngress.ipv4_forward - 80000000200,3,

[22:36:10.304] [bmv2] [D] [thread 7072] [0.0] [cxt 0] Processing packet received on port 1
[22:36:10.305] [bmv2] [D] [thread 7072] [0.0] [cxt 0] Parser 'parser': start
[22:36:10.305] [bmv2] [D] [thread 7072] [0.0] [cxt 0] Parser 'parser' entering state 'start'
[22:36:10.305] [bmv2] [D] [thread 7072] [0.0] [cxt 0] Extracting header 'ethernet'
[22:36:10.305] [bmv2] [D] [thread 7072] [0.0] [cxt 0] Parser state 'start': key is 86dd
[22:36:10.305] [bmv2] [T] [thread 7072] [0.0] [cxt 0] Bytes parsed: 14
[22:36:10.305] [bmv2] [D] [thread 7072] [0.0] [cxt 0] Parser 'parser': end
[22:36:10.305] [bmv2] [D] [thread 7072] [0.0] [cxt 0] Pipeline 'ingress': start
[22:36:10.306] [bmv2] [T] [thread 7072] [0.0] [cxt 0] qos.p4(197) Condition "hdr.ipv4.isValid()" (node_2) is false
[22:36:10.306] [bmv2] [D] [thread 7072] [0.0] [cxt 0] Pipeline 'ingress': end
[22:36:10.306] [bmv2] [D] [thread 7072] [0.0] [cxt 0] Egress port is 0
[22:36:10.306] [bmv2] [D] [thread 7073] [0.0] [cxt 0] Pipeline 'egress': start
[22:36:10.306] [bmv2] [D] [thread 7073] [0.0] [cxt 0] Pipeline 'egress': end
[22:36:10.306] [bmv2] [D] [thread 7073] [0.0] [cxt 0] Deparser 'deparser': start
[22:36:10.307] [bmv2] [T] [thread 7073] [0.0] [cxt 0] Skipping checksum 'cksum' update because condition not met
[22:36:10.307] [bmv2] [D] [thread 7073] [0.0] [cxt 0] Deparsing header 'ethernet'
[22:36:10.307] [bmv2] [D] [thread 7073] [0.0] [cxt 0] Deparser 'deparser': end
[22:36:10.307] [bmv2] [D] [thread 7077] [0.0] [cxt 0] Transmitting packet of size 70 out of port 0
[22:36:11.065] [bmv2] [D] [thread 7072] [1.0] [cxt 0] Processing packet received on port 2
[22:36:11.065] [bmv2] [D] [thread 7072] [1.0] [cxt 0] Parser 'parser': start
[22:36:11.065] [bmv2] [D] [thread 7072] [1.0] [cxt 0] Parser 'parser' entering state 'start'
[22:36:11.065] [bmv2] [D] [thread 7072] [1.0] [cxt 0] Extracting header 'ethernet'
[22:36:11.065] [bmv2] [D] [thread 7072] [1.0] [cxt 0] Parser state 'start': key is 86dd
[22:36:11.065] [bmv2] [T] [thread 7072] [1.0] [cxt 0] Bytes parsed: 14
[22:36:11.065] [bmv2] [D] [thread 7072] [1.0] [cxt 0] Parser 'parser': end
[22:36:11.066] [bmv2] [D] [thread 7072] [1.0] [cxt 0] Pipeline 'ingress': start
[22:36:11.066] [bmv2] [T] [thread 7072] [1.0] [cxt 0] qos.p4(197) Condition "hdr.ipv4.isValid()" (node_2) is false
[22:36:11.066] [bmv2] [D] [thread 7072] [1.0] [cxt 0] Pipeline 'ingress': end
[22:36:11.066] [bmv2] [D] [thread 7072] [1.0] [cxt 0] Egress port is 0
[22:36:11.066] [bmv2] [D] [thread 7072] [2.0] [cxt 0] Processing packet received on port 3
[22:36:11.066] [bmv2] [D] [thread 7072] [2.0] [cxt 0] Parser 'parser': start
[22:36:11.066] [bmv2] [D] [thread 7072] [2.0] [cxt 0] Parser 'parser' entering state 'start'
[22:36:11.066] [bmv2] [D] [thread 7072] [2.0] [cxt 0] Extracting header 'ethernet'
[22:36:11.066] [bmv2] [D] [thread 7072] [2.0] [cxt 0] Parser state 'start': key is 86dd
[22:36:11.066] [bmv2] [T] [thread 7072] [2.0] [cxt 0] Bytes parsed: 14
[22:36:11.066] [bmv2] [D] [thread 7072] [2.0] [cxt 0] Parser 'parser': end
[22:36:11.066] [bmv2] [D] [thread 7072] [2.0] [cxt 0] Pipeline 'ingress': start
[22:36:11.066] [bmv2] [T] [thread 7072] [2.0] [cxt 0] qos.p4(197) Condition "hdr.ipv4.isValid()" (node_2) is false
[22:36:11.066] [bmv2] [D] [thread 7072] [2.0] [cxt 0] Pipeline 'ingress': end
[22:36:11.066] [bmv2] [D] [thread 7072] [2.0] [cxt 0] Egress port is 0
[22:36:11.070] [bmv2] [D] [thread 7073] [1.0] [cxt 0] Pipeline 'egress': start
[22:36:11.070] [bmv2] [D] [thread 7073] [1.0] [cxt 0] Pipeline 'egress': end
[22:36:11.070] [bmv2] [D] [thread 7073] [1.0] [cxt 0] Deparser 'deparser': start
[22:36:11.070] [bmv2] [T] [thread 7073] [1.0] [cxt 0] Skipping checksum 'cksum' update because condition not met
[22:36:11.070] [bmv2] [D] [thread 7073] [1.0] [cxt 0] Deparsing header 'ethernet'
[22:36:11.070] [bmv2] [D] [thread 7073] [1.0] [cxt 0] Deparser 'deparser': end
[22:36:11.070] [bmv2] [D] [thread 7073] [2.0] [cxt 0] Pipeline 'egress': start
[22:36:11.070] [bmv2] [D] [thread 7073] [2.0] [cxt 0] Pipeline 'egress': end
[22:36:11.070] [bmv2] [D] [thread 7073] [2.0] [cxt 0] Deparser 'deparser': start
[22:36:11.070] [bmv2] [T] [thread 7073] [2.0] [cxt 0] Skipping checksum 'cksum' update because condition not met
[22:36:11.070] [bmv2] [D] [thread 7073] [2.0] [cxt 0] Deparsing header 'ethernet'
[22:36:11.070] [bmv2] [D] [thread 7073] [2.0] [cxt 0] Deparser 'deparser': end
[22:36:11.071] [bmv2] [D] [thread 7077] [1.0] [cxt 0] Transmitting packet of size 70 out of port 0
[22:36:11.071] [bmv2] [D] [thread 7077] [2.0] [cxt 0] Transmitting packet of size 70 out of port 0
[22:36:11.321] [bmv2] [D] [thread 7072] [3.0] [cxt 0] Processing packet received on port 2
[22:36:11.321] [bmv2] [D] [thread 7072] [3.0] [cxt 0] Parser 'parser': start
[22:36:11.321] [bmv2] [D] [thread 7072] [3.0] [cxt 0] Parser 'parser' entering state 'start'
[22:36:11.321] [bmv2] [D] [thread 7072] [3.0] [cxt 0] Extracting header 'ethernet'
[22:36:11.321] [bmv2] [D] [thread 7072] [3.0] [cxt 0] Parser state 'start': key is 86dd
[22:36:11.321] [bmv2] [T] [thread 7072] [3.0] [cxt 0] Bytes parsed: 14
[22:36:11.321] [bmv2] [D] [thread 7072] [3.0] [cxt 0] Parser 'parser': end
[22:36:11.321] [bmv2] [D] [thread 7072] [3.0] [cxt 0] Pipeline 'ingress': start
[22:36:11.321] [bmv2] [T] [thread 7072] [3.0] [cxt 0] qos.p4(197) Condition "hdr.ipv4.isValid()" (node_2) is false
[22:36:11.322] [bmv2] [D] [thread 7072] [3.0] [cxt 0] Pipeline 'ingress': end
[22:36:11.322] [bmv2] [D] [thread 7072] [3.0] [cxt 0] Egress port is 0
[22:36:11.322] [bmv2] [D] [thread 7072] [4.0] [cxt 0] Processing packet received on port 3
[22:36:11.322] [bmv2] [D] [thread 7072] [4.0] [cxt 0] Parser 'parser': start
[22:36:11.322] [bmv2] [D] [thread 7072] [4.0] [cxt 0] Parser 'parser' entering state 'start'
[22:36:11.322] [bmv2] [D] [thread 7072] [4.0] [cxt 0] Extracting header 'ethernet'
[22:36:11.322] [bmv2] [D] [thread 7072] [4.0] [cxt 0] Parser state 'start': key is 86dd
[22:36:11.322] [bmv2] [T] [thread 7072] [4.0] [cxt 0] Bytes parsed: 14
[22:36:11.322] [bmv2] [D] [thread 7072] [4.0] [cxt 0] Parser 'parser': end
[22:36:11.322] [bmv2] [D] [thread 7072] [4.0] [cxt 0] Pipeline 'ingress': start
[22:36:11.322] [bmv2] [T] [thread 7072] [4.0] [cxt 0] qos.p4(197) Condition "hdr.ipv4.isValid()" (node_2) is false
[22:36:11.322] [bmv2] [D] [thread 7072] [4.0] [cxt 0] Pipeline 'ingress': end
[22:36:11.322] [bmv2] [D] [thread 7072] [4.0] [cxt 0] Egress port is 0
[22:36:11.322] [bmv2] [D] [thread 7073] [3.0] [cxt 0] Pipeline 'egress': start
[22:36:11.322] [bmv2] [D] [thread 7073] [3.0] [cxt 0] Pipeline 'egress': end
[22:36:11.322] [bmv2] [D] [thread 7073] [3.0] [cxt 0] Deparser 'deparser': start
[22:36:11.322] [bmv2] [T] [thread 7073] [3.0] [cxt 0] Skipping checksum 'cksum' update because condition not met
[22:36:11.323] [bmv2] [D] [thread 7073] [3.0] [cxt 0] Deparsing header 'ethernet'
[22:36:11.323] [bmv2] [D] [thread 7073] [3.0] [cxt 0] Deparser 'deparser': end
[22:36:11.323] [bmv2] [D] [thread 7073] [4.0] [cxt 0] Pipeline 'egress': start
[22:36:11.323] [bmv2] [D] [thread 7073] [4.0] [cxt 0] Pipeline 'egress': end
[22:36:11.323] [bmv2] [D] [thread 7073] [4.0] [cxt 0] Deparser 'deparser': start
[22:36:11.323] [bmv2] [T] [thread 7073] [4.0] [cxt 0] Skipping checksum 'cksum' update because condition not met
[22:36:11.323] [bmv2] [D] [thread 7073] [4.0] [cxt 0] Deparsing header 'ethernet'
[22:36:11.323] [bmv2] [D] [thread 7073] [4.0] [cxt 0] Deparser 'deparser': end
[22:36:11.323] [bmv2] [D] [thread 7077] [3.0] [cxt 0] Transmitting packet of size 70 out of port 0
[22:36:11.323] [bmv2] [D] [thread 7077] [4.0] [cxt 0] Transmitting packet of size 70 out of port 0
[22:36:18.234] [bmv2] [D] [thread 7072] [5.0] [cxt 0] Processing packet received on port 1
[22:36:18.234] [bmv2] [D] [thread 7072] [5.0] [cxt 0] Parser 'parser': start
[22:36:18.234] [bmv2] [D] [thread 7072] [5.0] [cxt 0] Parser 'parser' entering state 'start'
[22:36:18.234] [bmv2] [D] [thread 7072] [5.0] [cxt 0] Extracting header 'ethernet'
[22:36:18.234] [bmv2] [D] [thread 7072] [5.0] [cxt 0] Parser state 'start': key is 86dd
[22:36:18.234] [bmv2] [T] [thread 7072] [5.0] [cxt 0] Bytes parsed: 14
[22:36:18.234] [bmv2] [D] [thread 7072] [5.0] [cxt 0] Parser 'parser': end
[22:36:18.234] [bmv2] [D] [thread 7072] [5.0] [cxt 0] Pipeline 'ingress': start
[22:36:18.234] [bmv2] [T] [thread 7072] [5.0] [cxt 0] qos.p4(197) Condition "hdr.ipv4.isValid()" (node_2) is false
[22:36:18.234] [bmv2] [D] [thread 7072] [5.0] [cxt 0] Pipeline 'ingress': end
[22:36:18.234] [bmv2] [D] [thread 7072] [5.0] [cxt 0] Egress port is 0
[22:36:18.234] [bmv2] [D] [thread 7073] [5.0] [cxt 0] Pipeline 'egress': start
[22:36:18.235] [bmv2] [D] [thread 7073] [5.0] [cxt 0] Pipeline 'egress': end
[22:36:18.235] [bmv2] [D] [thread 7073] [5.0] [cxt 0] Deparser 'deparser': start
[22:36:18.235] [bmv2] [T] [thread 7073] [5.0] [cxt 0] Skipping checksum 'cksum' update because condition not met
[22:36:18.235] [bmv2] [D] [thread 7073] [5.0] [cxt 0] Deparsing header 'ethernet'
[22:36:18.235] [bmv2] [D] [thread 7073] [5.0] [cxt 0] Deparser 'deparser': end
[22:36:18.235] [bmv2] [D] [thread 7077] [5.0] [cxt 0] Transmitting packet of size 70 out of port 0
[22:36:19.000] [bmv2] [D] [thread 7072] [6.0] [cxt 0] Processing packet received on port 3
[22:36:19.003] [bmv2] [D] [thread 7072] [6.0] [cxt 0] Parser 'parser': start
[22:36:19.003] [bmv2] [D] [thread 7072] [6.0] [cxt 0] Parser 'parser' entering state 'start'
[22:36:19.004] [bmv2] [D] [thread 7072] [6.0] [cxt 0] Extracting header 'ethernet'
[22:36:19.004] [bmv2] [D] [thread 7072] [6.0] [cxt 0] Parser state 'start': key is 86dd
[22:36:19.004] [bmv2] [T] [thread 7072] [6.0] [cxt 0] Bytes parsed: 14
[22:36:19.004] [bmv2] [D] [thread 7072] [6.0] [cxt 0] Parser 'parser': end
[22:36:19.004] [bmv2] [D] [thread 7072] [6.0] [cxt 0] Pipeline 'ingress': start
[22:36:19.004] [bmv2] [T] [thread 7072] [6.0] [cxt 0] qos.p4(197) Condition "hdr.ipv4.isValid()" (node_2) is false
[22:36:19.004] [bmv2] [D] [thread 7072] [6.0] [cxt 0] Pipeline 'ingress': end
[22:36:19.005] [bmv2] [D] [thread 7072] [6.0] [cxt 0] Egress port is 0
[22:36:19.006] [bmv2] [D] [thread 7073] [6.0] [cxt 0] Pipeline 'egress': start
[22:36:19.006] [bmv2] [D] [thread 7073] [6.0] [cxt 0] Pipeline 'egress': end
[22:36:19.007] [bmv2] [D] [thread 7073] [6.0] [cxt 0] Deparser 'deparser': start
[22:36:19.007] [bmv2] [T] [thread 7073] [6.0] [cxt 0] Skipping checksum 'cksum' update because condition not met
[22:36:19.007] [bmv2] [D] [thread 7073] [6.0] [cxt 0] Deparsing header 'ethernet'
[22:36:19.007] [bmv2] [D] [thread 7073] [6.0] [cxt 0] Deparser 'deparser': end
[22:36:19.007] [bmv2] [D] [thread 7077] [6.0] [cxt 0] Transmitting packet of size 70 out of port 0
[22:36:20.031] [bmv2] [D] [thread 7072] [7.0] [cxt 0] Processing packet received on port 2
[22:36:20.032] [bmv2] [D] [thread 7072] [7.0] [cxt 0] Parser 'parser': start
[22:36:20.032] [bmv2] [D] [thread 7072] [7.0] [cxt 0] Parser 'parser' entering state 'start'
[22:36:20.032] [bmv2] [D] [thread 7072] [7.0] [cxt 0] Extracting header 'ethernet'
[22:36:20.032] [bmv2] [D] [thread 7072] [7.0] [cxt 0] Parser state 'start': key is 86dd
[22:36:20.032] [bmv2] [T] [thread 7072] [7.0] [cxt 0] Bytes parsed: 14
[22:36:20.032] [bmv2] [D] [thread 7072] [7.0] [cxt 0] Parser 'parser': end
[22:36:20.032] [bmv2] [D] [thread 7072] [7.0] [cxt 0] Pipeline 'ingress': start
[22:36:20.032] [bmv2] [T] [thread 7072] [7.0] [cxt 0] qos.p4(197) Condition "hdr.ipv4.isValid()" (node_2) is false
[22:36:20.033] [bmv2] [D] [thread 7072] [7.0] [cxt 0] Pipeline 'ingress': end
[22:36:20.033] [bmv2] [D] [thread 7072] [7.0] [cxt 0] Egress port is 0
[22:36:20.033] [bmv2] [D] [thread 7073] [7.0] [cxt 0] Pipeline 'egress': start
[22:36:20.033] [bmv2] [D] [thread 7073] [7.0] [cxt 0] Pipeline 'egress': end
[22:36:20.033] [bmv2] [D] [thread 7073] [7.0] [cxt 0] Deparser 'deparser': start
[22:36:20.033] [bmv2] [T] [thread 7073] [7.0] [cxt 0] Skipping checksum 'cksum' update because condition not met
[22:36:20.033] [bmv2] [D] [thread 7073] [7.0] [cxt 0] Deparsing header 'ethernet'
[22:36:20.033] [bmv2] [D] [thread 7073] [7.0] [cxt 0] Deparser 'deparser': end
[22:36:20.033] [bmv2] [D] [thread 7077] [7.0] [cxt 0] Transmitting packet of size 70 out of port 0
[22:36:20.034] [bmv2] [D] [thread 7072] [8.0] [cxt 0] Processing packet received on port 3
[22:36:20.034] [bmv2] [D] [thread 7072] [8.0] [cxt 0] Parser 'parser': start
[22:36:20.034] [bmv2] [D] [thread 7072] [8.0] [cxt 0] Parser 'parser' entering state 'start'
[22:36:20.034] [bmv2] [D] [thread 7072] [8.0] [cxt 0] Extracting header 'ethernet'
[22:36:20.034] [bmv2] [D] [thread 7072] [8.0] [cxt 0] Parser state 'start': key is 86dd
[22:36:20.034] [bmv2] [T] [thread 7072] [8.0] [cxt 0] Bytes parsed: 14
[22:36:20.034] [bmv2] [D] [thread 7072] [8.0] [cxt 0] Parser 'parser': end
[22:36:20.034] [bmv2] [D] [thread 7072] [8.0] [cxt 0] Pipeline 'ingress': start
[22:36:20.034] [bmv2] [T] [thread 7072] [8.0] [cxt 0] qos.p4(197) Condition "hdr.ipv4.isValid()" (node_2) is false
[22:36:20.034] [bmv2] [D] [thread 7072] [8.0] [cxt 0] Pipeline 'ingress': end
[22:36:20.034] [bmv2] [D] [thread 7072] [8.0] [cxt 0] Egress port is 0
[22:36:20.035] [bmv2] [D] [thread 7073] [8.0] [cxt 0] Pipeline 'egress': start
[22:36:20.035] [bmv2] [D] [thread 7073] [8.0] [cxt 0] Pipeline 'egress': end
[22:36:20.035] [bmv2] [D] [thread 7073] [8.0] [cxt 0] Deparser 'deparser': start
[22:36:20.035] [bmv2] [T] [thread 7073] [8.0] [cxt 0] Skipping checksum 'cksum' update because condition not met
[22:36:20.035] [bmv2] [D] [thread 7073] [8.0] [cxt 0] Deparsing header 'ethernet'
[22:36:20.035] [bmv2] [D] [thread 7073] [8.0] [cxt 0] Deparser 'deparser': end
[22:36:20.035] [bmv2] [D] [thread 7077] [8.0] [cxt 0] Transmitting packet of size 70 out of port 0
[22:36:20.281] [bmv2] [D] [thread 7072] [9.0] [cxt 0] Processing packet received on port 2
[22:36:20.282] [bmv2] [D] [thread 7072] [9.0] [cxt 0] Parser 'parser': start
[22:36:20.282] [bmv2] [D] [thread 7072] [9.0] [cxt 0] Parser 'parser' entering state 'start'
[22:36:20.282] [bmv2] [D] [thread 7072] [9.0] [cxt 0] Extracting header 'ethernet'
[22:36:20.283] [bmv2] [D] [thread 7072] [9.0] [cxt 0] Parser state 'start': key is 86dd
[22:36:20.283] [bmv2] [T] [thread 7072] [9.0] [cxt 0] Bytes parsed: 14
[22:36:20.283] [bmv2] [D] [thread 7072] [9.0] [cxt 0] Parser 'parser': end
[22:36:20.283] [bmv2] [D] [thread 7072] [9.0] [cxt 0] Pipeline 'ingress': start
[22:36:20.283] [bmv2] [T] [thread 7072] [9.0] [cxt 0] qos.p4(197) Condition "hdr.ipv4.isValid()" (node_2) is false
[22:36:20.284] [bmv2] [D] [thread 7072] [9.0] [cxt 0] Pipeline 'ingress': end
[22:36:20.284] [bmv2] [D] [thread 7072] [9.0] [cxt 0] Egress port is 0
[22:36:20.287] [bmv2] [D] [thread 7073] [9.0] [cxt 0] Pipeline 'egress': start
[22:36:20.288] [bmv2] [D] [thread 7073] [9.0] [cxt 0] Pipeline 'egress': end
[22:36:20.288] [bmv2] [D] [thread 7073] [9.0] [cxt 0] Deparser 'deparser': start
[22:36:20.288] [bmv2] [T] [thread 7073] [9.0] [cxt 0] Skipping checksum 'cksum' update because condition not met
[22:36:20.288] [bmv2] [D] [thread 7073] [9.0] [cxt 0] Deparsing header 'ethernet'
[22:36:20.288] [bmv2] [D] [thread 7073] [9.0] [cxt 0] Deparser 'deparser': end
[22:36:20.288] [bmv2] [D] [thread 7077] [9.0] [cxt 0] Transmitting packet of size 70 out of port 0
[22:36:33.595] [bmv2] [D] [thread 7072] [10.0] [cxt 0] Processing packet received on port 1
[22:36:33.595] [bmv2] [D] [thread 7072] [10.0] [cxt 0] Parser 'parser': start
[22:36:33.595] [bmv2] [D] [thread 7072] [10.0] [cxt 0] Parser 'parser' entering state 'start'
[22:36:33.595] [bmv2] [D] [thread 7072] [10.0] [cxt 0] Extracting header 'ethernet'
[22:36:33.596] [bmv2] [D] [thread 7072] [10.0] [cxt 0] Parser state 'start': key is 86dd
[22:36:33.596] [bmv2] [T] [thread 7072] [10.0] [cxt 0] Bytes parsed: 14
[22:36:33.596] [bmv2] [D] [thread 7072] [10.0] [cxt 0] Parser 'parser': end
[22:36:33.598] [bmv2] [D] [thread 7072] [10.0] [cxt 0] Pipeline 'ingress': start
[22:36:33.599] [bmv2] [T] [thread 7072] [10.0] [cxt 0] qos.p4(197) Condition "hdr.ipv4.isValid()" (node_2) is false
[22:36:33.599] [bmv2] [D] [thread 7072] [10.0] [cxt 0] Pipeline 'ingress': end
[22:36:33.599] [bmv2] [D] [thread 7072] [10.0] [cxt 0] Egress port is 0
[22:36:33.601] [bmv2] [D] [thread 7073] [10.0] [cxt 0] Pipeline 'egress': start
[22:36:33.601] [bmv2] [D] [thread 7073] [10.0] [cxt 0] Pipeline 'egress': end
[22:36:33.601] [bmv2] [D] [thread 7073] [10.0] [cxt 0] Deparser 'deparser': start
[22:36:33.601] [bmv2] [T] [thread 7073] [10.0] [cxt 0] Skipping checksum 'cksum' update because condition not met
[22:36:33.601] [bmv2] [D] [thread 7073] [10.0] [cxt 0] Deparsing header 'ethernet'
[22:36:33.601] [bmv2] [D] [thread 7073] [10.0] [cxt 0] Deparser 'deparser': end
[22:36:33.601] [bmv2] [D] [thread 7077] [10.0] [cxt 0] Transmitting packet of size 70 out of port 0
[22:36:34.111] [bmv2] [D] [thread 7072] [11.0] [cxt 0] Processing packet received on port 3
[22:36:34.111] [bmv2] [D] [thread 7072] [11.0] [cxt 0] Parser 'parser': start
[22:36:34.111] [bmv2] [D] [thread 7072] [11.0] [cxt 0] Parser 'parser' entering state 'start'
[22:36:34.111] [bmv2] [D] [thread 7072] [11.0] [cxt 0] Extracting header 'ethernet'
[22:36:34.112] [bmv2] [D] [thread 7072] [11.0] [cxt 0] Parser state 'start': key is 86dd
[22:36:34.112] [bmv2] [T] [thread 7072] [11.0] [cxt 0] Bytes parsed: 14
[22:36:34.112] [bmv2] [D] [thread 7072] [11.0] [cxt 0] Parser 'parser': end
[22:36:34.112] [bmv2] [D] [thread 7072] [11.0] [cxt 0] Pipeline 'ingress': start
[22:36:34.113] [bmv2] [T] [thread 7072] [11.0] [cxt 0] qos.p4(197) Condition "hdr.ipv4.isValid()" (node_2) is false
[22:36:34.113] [bmv2] [D] [thread 7072] [11.0] [cxt 0] Pipeline 'ingress': end
[22:36:34.113] [bmv2] [D] [thread 7072] [11.0] [cxt 0] Egress port is 0
[22:36:34.113] [bmv2] [D] [thread 7073] [11.0] [cxt 0] Pipeline 'egress': start
[22:36:34.113] [bmv2] [D] [thread 7073] [11.0] [cxt 0] Pipeline 'egress': end
[22:36:34.113] [bmv2] [D] [thread 7073] [11.0] [cxt 0] Deparser 'deparser': start
[22:36:34.113] [bmv2] [T] [thread 7073] [11.0] [cxt 0] Skipping checksum 'cksum' update because condition not met
[22:36:34.113] [bmv2] [D] [thread 7073] [11.0] [cxt 0] Deparsing header 'ethernet'
[22:36:34.113] [bmv2] [D] [thread 7073] [11.0] [cxt 0] Deparser 'deparser': end
[22:36:34.113] [bmv2] [D] [thread 7077] [11.0] [cxt 0] Transmitting packet of size 70 out of port 0
[22:36:39.225] [bmv2] [D] [thread 7072] [12.0] [cxt 0] Processing packet received on port 2
[22:36:39.226] [bmv2] [D] [thread 7072] [12.0] [cxt 0] Parser 'parser': start
[22:36:39.227] [bmv2] [D] [thread 7072] [12.0] [cxt 0] Parser 'parser' entering state 'start'
[22:36:39.227] [bmv2] [D] [thread 7072] [12.0] [cxt 0] Extracting header 'ethernet'
[22:36:39.228] [bmv2] [D] [thread 7072] [12.0] [cxt 0] Parser state 'start': key is 86dd
[22:36:39.228] [bmv2] [T] [thread 7072] [12.0] [cxt 0] Bytes parsed: 14
[22:36:39.228] [bmv2] [D] [thread 7072] [12.0] [cxt 0] Parser 'parser': end
[22:36:39.228] [bmv2] [D] [thread 7072] [12.0] [cxt 0] Pipeline 'ingress': start
[22:36:39.239] [bmv2] [T] [thread 7072] [12.0] [cxt 0] qos.p4(197) Condition "hdr.ipv4.isValid()" (node_2) is false
[22:36:39.239] [bmv2] [D] [thread 7072] [12.0] [cxt 0] Pipeline 'ingress': end
[22:36:39.239] [bmv2] [D] [thread 7072] [12.0] [cxt 0] Egress port is 0
[22:36:39.239] [bmv2] [D] [thread 7073] [12.0] [cxt 0] Pipeline 'egress': start
[22:36:39.239] [bmv2] [D] [thread 7073] [12.0] [cxt 0] Pipeline 'egress': end
[22:36:39.239] [bmv2] [D] [thread 7073] [12.0] [cxt 0] Deparser 'deparser': start
[22:36:39.240] [bmv2] [T] [thread 7073] [12.0] [cxt 0] Skipping checksum 'cksum' update because condition not met
[22:36:39.240] [bmv2] [D] [thread 7073] [12.0] [cxt 0] Deparsing header 'ethernet'
[22:36:39.240] [bmv2] [D] [thread 7073] [12.0] [cxt 0] Deparser 'deparser': end
[22:36:39.240] [bmv2] [D] [thread 7077] [12.0] [cxt 0] Transmitting packet of size 70 out of port 0
[22:36:39.240] [bmv2] [D] [thread 7072] [13.0] [cxt 0] Processing packet received on port 3
[22:36:39.240] [bmv2] [D] [thread 7072] [13.0] [cxt 0] Parser 'parser': start
[22:36:39.240] [bmv2] [D] [thread 7072] [13.0] [cxt 0] Parser 'parser' entering state 'start'
[22:36:39.240] [bmv2] [D] [thread 7072] [13.0] [cxt 0] Extracting header 'ethernet'
[22:36:39.240] [bmv2] [D] [thread 7072] [13.0] [cxt 0] Parser state 'start': key is 86dd
[22:36:39.240] [bmv2] [T] [thread 7072] [13.0] [cxt 0] Bytes parsed: 14
[22:36:39.240] [bmv2] [D] [thread 7072] [13.0] [cxt 0] Parser 'parser': end
[22:36:39.240] [bmv2] [D] [thread 7072] [13.0] [cxt 0] Pipeline 'ingress': start
[22:36:39.240] [bmv2] [T] [thread 7072] [13.0] [cxt 0] qos.p4(197) Condition "hdr.ipv4.isValid()" (node_2) is false
[22:36:39.240] [bmv2] [D] [thread 7072] [13.0] [cxt 0] Pipeline 'ingress': end
[22:36:39.240] [bmv2] [D] [thread 7072] [13.0] [cxt 0] Egress port is 0
[22:36:39.240] [bmv2] [D] [thread 7073] [13.0] [cxt 0] Pipeline 'egress': start
[22:36:39.240] [bmv2] [D] [thread 7073] [13.0] [cxt 0] Pipeline 'egress': end
[22:36:39.240] [bmv2] [D] [thread 7073] [13.0] [cxt 0] Deparser 'deparser': start
[22:36:39.241] [bmv2] [T] [thread 7073] [13.0] [cxt 0] Skipping checksum 'cksum' update because condition not met
[22:36:39.241] [bmv2] [D] [thread 7073] [13.0] [cxt 0] Deparsing header 'ethernet'
[22:36:39.241] [bmv2] [D] [thread 7073] [13.0] [cxt 0] Deparser 'deparser': end
[22:36:39.241] [bmv2] [D] [thread 7077] [13.0] [cxt 0] Transmitting packet of size 70 out of port 0
[22:36:39.241] [bmv2] [D] [thread 7072] [14.0] [cxt 0] Processing packet received on port 2
[22:36:39.241] [bmv2] [D] [thread 7072] [14.0] [cxt 0] Parser 'parser': start
[22:36:39.241] [bmv2] [D] [thread 7072] [14.0] [cxt 0] Parser 'parser' entering state 'start'
[22:36:39.241] [bmv2] [D] [thread 7072] [14.0] [cxt 0] Extracting header 'ethernet'
[22:36:39.241] [bmv2] [D] [thread 7072] [14.0] [cxt 0] Parser state 'start': key is 86dd
[22:36:39.241] [bmv2] [T] [thread 7072] [14.0] [cxt 0] Bytes parsed: 14
[22:36:39.241] [bmv2] [D] [thread 7072] [14.0] [cxt 0] Parser 'parser': end
[22:36:39.241] [bmv2] [D] [thread 7072] [14.0] [cxt 0] Pipeline 'ingress': start
[22:36:39.241] [bmv2] [T] [thread 7072] [14.0] [cxt 0] qos.p4(197) Condition "hdr.ipv4.isValid()" (node_2) is false
[22:36:39.241] [bmv2] [D] [thread 7072] [14.0] [cxt 0] Pipeline 'ingress': end
[22:36:39.241] [bmv2] [D] [thread 7072] [14.0] [cxt 0] Egress port is 0
[22:36:39.241] [bmv2] [D] [thread 7073] [14.0] [cxt 0] Pipeline 'egress': start
[22:36:39.241] [bmv2] [D] [thread 7073] [14.0] [cxt 0] Pipeline 'egress': end
[22:36:39.241] [bmv2] [D] [thread 7073] [14.0] [cxt 0] Deparser 'deparser': start
[22:36:39.241] [bmv2] [T] [thread 7073] [14.0] [cxt 0] Skipping checksum 'cksum' update because condition not met
[22:36:39.242] [bmv2] [D] [thread 7073] [14.0] [cxt 0] Deparsing header 'ethernet'
[22:36:39.242] [bmv2] [D] [thread 7073] [14.0] [cxt 0] Deparser 'deparser': end
[22:36:39.242] [bmv2] [D] [thread 7077] [14.0] [cxt 0] Transmitting packet of size 70 out of port 0
[22:37:03.797] [bmv2] [D] [thread 7072] [15.0] [cxt 0] Processing packet received on port 3
[22:37:03.798] [bmv2] [D] [thread 7072] [15.0] [cxt 0] Parser 'parser': start
[22:37:03.798] [bmv2] [D] [thread 7072] [15.0] [cxt 0] Parser 'parser' entering state 'start'
[22:37:03.798] [bmv2] [D] [thread 7072] [15.0] [cxt 0] Extracting header 'ethernet'
[22:37:03.798] [bmv2] [D] [thread 7072] [15.0] [cxt 0] Parser state 'start': key is 86dd
[22:37:03.798] [bmv2] [T] [thread 7072] [15.0] [cxt 0] Bytes parsed: 14
[22:37:03.798] [bmv2] [D] [thread 7072] [15.0] [cxt 0] Parser 'parser': end
[22:37:03.798] [bmv2] [D] [thread 7072] [15.0] [cxt 0] Pipeline 'ingress': start
[22:37:03.798] [bmv2] [T] [thread 7072] [15.0] [cxt 0] qos.p4(197) Condition "hdr.ipv4.isValid()" (node_2) is false
[22:37:03.798] [bmv2] [D] [thread 7072] [15.0] [cxt 0] Pipeline 'ingress': end
[22:37:03.798] [bmv2] [D] [thread 7072] [15.0] [cxt 0] Egress port is 0
[22:37:03.800] [bmv2] [D] [thread 7073] [15.0] [cxt 0] Pipeline 'egress': start
[22:37:03.800] [bmv2] [D] [thread 7073] [15.0] [cxt 0] Pipeline 'egress': end
[22:37:03.800] [bmv2] [D] [thread 7073] [15.0] [cxt 0] Deparser 'deparser': start
[22:37:03.800] [bmv2] [T] [thread 7073] [15.0] [cxt 0] Skipping checksum 'cksum' update because condition not met
[22:37:03.800] [bmv2] [D] [thread 7073] [15.0] [cxt 0] Deparsing header 'ethernet'
[22:37:03.800] [bmv2] [D] [thread 7073] [15.0] [cxt 0] Deparser 'deparser': end
[22:37:03.801] [bmv2] [D] [thread 7077] [15.0] [cxt 0] Transmitting packet of size 70 out of port 0
[22:37:05.851] [bmv2] [D] [thread 7072] [16.0] [cxt 0] Processing packet received on port 1
[22:37:05.851] [bmv2] [D] [thread 7072] [16.0] [cxt 0] Parser 'parser': start
[22:37:05.851] [bmv2] [D] [thread 7072] [16.0] [cxt 0] Parser 'parser' entering state 'start'
[22:37:05.851] [bmv2] [D] [thread 7072] [16.0] [cxt 0] Extracting header 'ethernet'
[22:37:05.851] [bmv2] [D] [thread 7072] [16.0] [cxt 0] Parser state 'start': key is 86dd
[22:37:05.851] [bmv2] [T] [thread 7072] [16.0] [cxt 0] Bytes parsed: 14
[22:37:05.851] [bmv2] [D] [thread 7072] [16.0] [cxt 0] Parser 'parser': end
[22:37:05.851] [bmv2] [D] [thread 7072] [16.0] [cxt 0] Pipeline 'ingress': start
[22:37:05.851] [bmv2] [T] [thread 7072] [16.0] [cxt 0] qos.p4(197) Condition "hdr.ipv4.isValid()" (node_2) is false
[22:37:05.852] [bmv2] [D] [thread 7072] [16.0] [cxt 0] Pipeline 'ingress': end
[22:37:05.852] [bmv2] [D] [thread 7072] [16.0] [cxt 0] Egress port is 0
[22:37:05.853] [bmv2] [D] [thread 7073] [16.0] [cxt 0] Pipeline 'egress': start
[22:37:05.853] [bmv2] [D] [thread 7073] [16.0] [cxt 0] Pipeline 'egress': end
[22:37:05.853] [bmv2] [D] [thread 7073] [16.0] [cxt 0] Deparser 'deparser': start
[22:37:05.853] [bmv2] [T] [thread 7073] [16.0] [cxt 0] Skipping checksum 'cksum' update because condition not met
[22:37:05.854] [bmv2] [D] [thread 7073] [16.0] [cxt 0] Deparsing header 'ethernet'
[22:37:05.854] [bmv2] [D] [thread 7073] [16.0] [cxt 0] Deparser 'deparser': end
[22:37:05.854] [bmv2] [D] [thread 7077] [16.0] [cxt 0] Transmitting packet of size 70 out of port 0
[22:37:14.037] [bmv2] [D] [thread 7072] [17.0] [cxt 0] Processing packet received on port 3
[22:37:14.037] [bmv2] [D] [thread 7072] [17.0] [cxt 0] Parser 'parser': start
[22:37:14.037] [bmv2] [D] [thread 7072] [17.0] [cxt 0] Parser 'parser' entering state 'start'
[22:37:14.037] [bmv2] [D] [thread 7072] [17.0] [cxt 0] Extracting header 'ethernet'
[22:37:14.037] [bmv2] [D] [thread 7072] [17.0] [cxt 0] Parser state 'start': key is 86dd
[22:37:14.037] [bmv2] [T] [thread 7072] [17.0] [cxt 0] Bytes parsed: 14
[22:37:14.037] [bmv2] [D] [thread 7072] [17.0] [cxt 0] Parser 'parser': end
[22:37:14.037] [bmv2] [D] [thread 7072] [17.0] [cxt 0] Pipeline 'ingress': start
[22:37:14.037] [bmv2] [T] [thread 7072] [17.0] [cxt 0] qos.p4(197) Condition "hdr.ipv4.isValid()" (node_2) is false
[22:37:14.037] [bmv2] [D] [thread 7072] [17.0] [cxt 0] Pipeline 'ingress': end
[22:37:14.037] [bmv2] [D] [thread 7072] [17.0] [cxt 0] Egress port is 0
[22:37:14.038] [bmv2] [D] [thread 7073] [17.0] [cxt 0] Pipeline 'egress': start
[22:37:14.038] [bmv2] [D] [thread 7073] [17.0] [cxt 0] Pipeline 'egress': end
[22:37:14.038] [bmv2] [D] [thread 7073] [17.0] [cxt 0] Deparser 'deparser': start
[22:37:14.038] [bmv2] [T] [thread 7073] [17.0] [cxt 0] Skipping checksum 'cksum' update because condition not met
[22:37:14.038] [bmv2] [D] [thread 7073] [17.0] [cxt 0] Deparsing header 'ethernet'
[22:37:14.038] [bmv2] [D] [thread 7073] [17.0] [cxt 0] Deparser 'deparser': end
[22:37:14.038] [bmv2] [D] [thread 7077] [17.0] [cxt 0] Transmitting packet of size 70 out of port 0
[22:37:16.086] [bmv2] [D] [thread 7072] [18.0] [cxt 0] Processing packet received on port 2
[22:37:16.086] [bmv2] [D] [thread 7072] [18.0] [cxt 0] Parser 'parser': start
[22:37:16.086] [bmv2] [D] [thread 7072] [18.0] [cxt 0] Parser 'parser' entering state 'start'
[22:37:16.086] [bmv2] [D] [thread 7072] [18.0] [cxt 0] Extracting header 'ethernet'
[22:37:16.086] [bmv2] [D] [thread 7072] [18.0] [cxt 0] Parser state 'start': key is 86dd
[22:37:16.086] [bmv2] [T] [thread 7072] [18.0] [cxt 0] Bytes parsed: 14
[22:37:16.086] [bmv2] [D] [thread 7072] [18.0] [cxt 0] Parser 'parser': end
[22:37:16.086] [bmv2] [D] [thread 7072] [18.0] [cxt 0] Pipeline 'ingress': start
[22:37:16.086] [bmv2] [T] [thread 7072] [18.0] [cxt 0] qos.p4(197) Condition "hdr.ipv4.isValid()" (node_2) is false
[22:37:16.086] [bmv2] [D] [thread 7072] [18.0] [cxt 0] Pipeline 'ingress': end
[22:37:16.086] [bmv2] [D] [thread 7072] [18.0] [cxt 0] Egress port is 0
[22:37:16.086] [bmv2] [D] [thread 7072] [19.0] [cxt 0] Processing packet received on port 2
[22:37:16.087] [bmv2] [D] [thread 7072] [19.0] [cxt 0] Parser 'parser': start
[22:37:16.087] [bmv2] [D] [thread 7072] [19.0] [cxt 0] Parser 'parser' entering state 'start'
[22:37:16.087] [bmv2] [D] [thread 7072] [19.0] [cxt 0] Extracting header 'ethernet'
[22:37:16.087] [bmv2] [D] [thread 7072] [19.0] [cxt 0] Parser state 'start': key is 86dd
[22:37:16.087] [bmv2] [T] [thread 7072] [19.0] [cxt 0] Bytes parsed: 14
[22:37:16.087] [bmv2] [D] [thread 7072] [19.0] [cxt 0] Parser 'parser': end
[22:37:16.087] [bmv2] [D] [thread 7072] [19.0] [cxt 0] Pipeline 'ingress': start
[22:37:16.087] [bmv2] [T] [thread 7072] [19.0] [cxt 0] qos.p4(197) Condition "hdr.ipv4.isValid()" (node_2) is false
[22:37:16.087] [bmv2] [D] [thread 7072] [19.0] [cxt 0] Pipeline 'ingress': end
[22:37:16.087] [bmv2] [D] [thread 7072] [19.0] [cxt 0] Egress port is 0
[22:37:16.087] [bmv2] [D] [thread 7073] [18.0] [cxt 0] Pipeline 'egress': start
[22:37:16.087] [bmv2] [D] [thread 7073] [18.0] [cxt 0] Pipeline 'egress': end
[22:37:16.087] [bmv2] [D] [thread 7073] [18.0] [cxt 0] Deparser 'deparser': start
[22:37:16.087] [bmv2] [T] [thread 7073] [18.0] [cxt 0] Skipping checksum 'cksum' update because condition not met
[22:37:16.087] [bmv2] [D] [thread 7073] [18.0] [cxt 0] Deparsing header 'ethernet'
[22:37:16.087] [bmv2] [D] [thread 7073] [18.0] [cxt 0] Deparser 'deparser': end
[22:37:16.087] [bmv2] [D] [thread 7073] [19.0] [cxt 0] Pipeline 'egress': start
[22:37:16.087] [bmv2] [D] [thread 7073] [19.0] [cxt 0] Pipeline 'egress': end
[22:37:16.087] [bmv2] [D] [thread 7073] [19.0] [cxt 0] Deparser 'deparser': start
[22:37:16.087] [bmv2] [T] [thread 7073] [19.0] [cxt 0] Skipping checksum 'cksum' update because condition not met
[22:37:16.087] [bmv2] [D] [thread 7073] [19.0] [cxt 0] Deparsing header 'ethernet'
[22:37:16.087] [bmv2] [D] [thread 7073] [19.0] [cxt 0] Deparser 'deparser': end
[22:37:16.087] [bmv2] [D] [thread 7077] [18.0] [cxt 0] Transmitting packet of size 70 out of port 0
[22:37:16.087] [bmv2] [D] [thread 7077] [19.0] [cxt 0] Transmitting packet of size 70 out of port 0
[22:38:01.141] [bmv2] [D] [thread 7072] [20.0] [cxt 0] Processing packet received on port 3
[22:38:01.141] [bmv2] [D] [thread 7072] [20.0] [cxt 0] Parser 'parser': start
[22:38:01.142] [bmv2] [D] [thread 7072] [20.0] [cxt 0] Parser 'parser' entering state 'start'
[22:38:01.142] [bmv2] [D] [thread 7072] [20.0] [cxt 0] Extracting header 'ethernet'
[22:38:01.142] [bmv2] [D] [thread 7072] [20.0] [cxt 0] Parser state 'start': key is 86dd
[22:38:01.142] [bmv2] [T] [thread 7072] [20.0] [cxt 0] Bytes parsed: 14
[22:38:01.142] [bmv2] [D] [thread 7072] [20.0] [cxt 0] Parser 'parser': end
[22:38:01.142] [bmv2] [D] [thread 7072] [20.0] [cxt 0] Pipeline 'ingress': start
[22:38:01.142] [bmv2] [T] [thread 7072] [20.0] [cxt 0] qos.p4(197) Condition "hdr.ipv4.isValid()" (node_2) is false
[22:38:01.142] [bmv2] [D] [thread 7072] [20.0] [cxt 0] Pipeline 'ingress': end
[22:38:01.142] [bmv2] [D] [thread 7072] [20.0] [cxt 0] Egress port is 0
[22:38:01.142] [bmv2] [D] [thread 7073] [20.0] [cxt 0] Pipeline 'egress': start
[22:38:01.142] [bmv2] [D] [thread 7073] [20.0] [cxt 0] Pipeline 'egress': end
[22:38:01.142] [bmv2] [D] [thread 7073] [20.0] [cxt 0] Deparser 'deparser': start
[22:38:01.143] [bmv2] [T] [thread 7073] [20.0] [cxt 0] Skipping checksum 'cksum' update because condition not met
[22:38:01.143] [bmv2] [D] [thread 7073] [20.0] [cxt 0] Deparsing header 'ethernet'
[22:38:01.143] [bmv2] [D] [thread 7073] [20.0] [cxt 0] Deparser 'deparser': end
[22:38:01.143] [bmv2] [D] [thread 7077] [20.0] [cxt 0] Transmitting packet of size 70 out of port 0
[22:38:07.285] [bmv2] [D] [thread 7072] [21.0] [cxt 0] Processing packet received on port 1
[22:38:07.285] [bmv2] [D] [thread 7072] [21.0] [cxt 0] Parser 'parser': start
[22:38:07.285] [bmv2] [D] [thread 7072] [21.0] [cxt 0] Parser 'parser' entering state 'start'
[22:38:07.285] [bmv2] [D] [thread 7072] [21.0] [cxt 0] Extracting header 'ethernet'
[22:38:07.286] [bmv2] [D] [thread 7072] [21.0] [cxt 0] Parser state 'start': key is 86dd
[22:38:07.286] [bmv2] [T] [thread 7072] [21.0] [cxt 0] Bytes parsed: 14
[22:38:07.286] [bmv2] [D] [thread 7072] [21.0] [cxt 0] Parser 'parser': end
[22:38:07.286] [bmv2] [D] [thread 7072] [21.0] [cxt 0] Pipeline 'ingress': start
[22:38:07.286] [bmv2] [T] [thread 7072] [21.0] [cxt 0] qos.p4(197) Condition "hdr.ipv4.isValid()" (node_2) is false
[22:38:07.286] [bmv2] [D] [thread 7072] [21.0] [cxt 0] Pipeline 'ingress': end
[22:38:07.286] [bmv2] [D] [thread 7072] [21.0] [cxt 0] Egress port is 0
[22:38:07.286] [bmv2] [D] [thread 7073] [21.0] [cxt 0] Pipeline 'egress': start
[22:38:07.286] [bmv2] [D] [thread 7073] [21.0] [cxt 0] Pipeline 'egress': end
[22:38:07.286] [bmv2] [D] [thread 7073] [21.0] [cxt 0] Deparser 'deparser': start
[22:38:07.286] [bmv2] [T] [thread 7073] [21.0] [cxt 0] Skipping checksum 'cksum' update because condition not met
[22:38:07.286] [bmv2] [D] [thread 7073] [21.0] [cxt 0] Deparsing header 'ethernet'
[22:38:07.286] [bmv2] [D] [thread 7073] [21.0] [cxt 0] Deparser 'deparser': end
[22:38:07.286] [bmv2] [D] [thread 7077] [21.0] [cxt 0] Transmitting packet of size 70 out of port 0
open: No such file or directory
open: No such file or directory
open: No such file or directory
open: No such file or directory
open: No such file or directory
