Calling target program-options parser
[21:49:06.072] [bmv2] [D] [thread 6999] Set default default entry for table 'tbl_qos199': qos199 - 
[21:49:06.072] [bmv2] [D] [thread 6999] Set default default entry for table 'MyIngress.ipv4_lpm': NoAction - 
Adding interface s3-eth1 as port 1
[21:49:06.077] [bmv2] [D] [thread 6999] Adding interface s3-eth1 as port 1
Adding interface s3-eth2 as port 2
[21:49:06.090] [bmv2] [D] [thread 6999] Adding interface s3-eth2 as port 2
Adding interface s3-eth3 as port 3
[21:49:06.096] [bmv2] [D] [thread 6999] Adding interface s3-eth3 as port 3
Server listening on 0.0.0.0:50053
[21:49:06.108] [bmv2] [I] [thread 6999] Starting Thrift server on port 9092
[21:49:06.113] [bmv2] [I] [thread 6999] Thrift server was started
[21:49:08.046] [bmv2] [W] [thread 7054] [P4Runtime] p4::tmp::P4DeviceConfig is deprecated
[21:49:08.056] [bmv2] [D] [thread 7054] Set default default entry for table 'tbl_qos199': qos199 - 
[21:49:08.056] [bmv2] [D] [thread 7054] Set default default entry for table 'MyIngress.ipv4_lpm': NoAction - 
[21:49:08.063] [bmv2] [D] [thread 7054] simple_switch target has been notified of a config swap
[21:49:08.069] [bmv2] [D] [thread 7056] Entry 0 added to table 'MyIngress.ipv4_lpm'
[21:49:08.069] [bmv2] [D] [thread 7056] Dumping entry 0
Match key:
* hdr.ipv4.dstAddr    : LPM       0a000303/32
Action entry: MyIngress.ipv4_forward - 80000000303,1,

[21:49:08.081] [bmv2] [D] [thread 7056] Entry 1 added to table 'MyIngress.ipv4_lpm'
[21:49:08.081] [bmv2] [D] [thread 7056] Dumping entry 1
Match key:
* hdr.ipv4.dstAddr    : LPM       0a000100/24
Action entry: MyIngress.ipv4_forward - 80000000100,2,

[21:49:08.087] [bmv2] [D] [thread 7061] Entry 2 added to table 'MyIngress.ipv4_lpm'
[21:49:08.087] [bmv2] [D] [thread 7061] Dumping entry 2
Match key:
* hdr.ipv4.dstAddr    : LPM       0a000200/24
Action entry: MyIngress.ipv4_forward - 80000000200,3,

[21:49:08.624] [bmv2] [D] [thread 7009] [0.0] [cxt 0] Processing packet received on port 1
[21:49:08.624] [bmv2] [D] [thread 7009] [0.0] [cxt 0] Parser 'parser': start
[21:49:08.624] [bmv2] [D] [thread 7009] [0.0] [cxt 0] Parser 'parser' entering state 'start'
[21:49:08.624] [bmv2] [D] [thread 7009] [0.0] [cxt 0] Extracting header 'ethernet'
[21:49:08.625] [bmv2] [D] [thread 7009] [0.0] [cxt 0] Parser state 'start': key is 86dd
[21:49:08.625] [bmv2] [T] [thread 7009] [0.0] [cxt 0] Bytes parsed: 14
[21:49:08.625] [bmv2] [D] [thread 7009] [0.0] [cxt 0] Parser 'parser': end
[21:49:08.625] [bmv2] [D] [thread 7009] [0.0] [cxt 0] Pipeline 'ingress': start
[21:49:08.625] [bmv2] [T] [thread 7009] [0.0] [cxt 0] qos.p4(197) Condition "hdr.ipv4.isValid()" (node_2) is false
[21:49:08.625] [bmv2] [D] [thread 7009] [0.0] [cxt 0] Pipeline 'ingress': end
[21:49:08.625] [bmv2] [D] [thread 7009] [0.0] [cxt 0] Egress port is 0
[21:49:08.625] [bmv2] [D] [thread 7010] [0.0] [cxt 0] Pipeline 'egress': start
[21:49:08.625] [bmv2] [D] [thread 7010] [0.0] [cxt 0] Pipeline 'egress': end
[21:49:08.625] [bmv2] [D] [thread 7010] [0.0] [cxt 0] Deparser 'deparser': start
[21:49:08.625] [bmv2] [T] [thread 7010] [0.0] [cxt 0] Skipping checksum 'cksum' update because condition not met
[21:49:08.625] [bmv2] [D] [thread 7010] [0.0] [cxt 0] Deparsing header 'ethernet'
[21:49:08.625] [bmv2] [D] [thread 7010] [0.0] [cxt 0] Deparser 'deparser': end
[21:49:08.625] [bmv2] [D] [thread 7014] [0.0] [cxt 0] Transmitting packet of size 70 out of port 0
[21:49:08.626] [bmv2] [D] [thread 7009] [1.0] [cxt 0] Processing packet received on port 2
[21:49:08.626] [bmv2] [D] [thread 7009] [1.0] [cxt 0] Parser 'parser': start
[21:49:08.626] [bmv2] [D] [thread 7009] [1.0] [cxt 0] Parser 'parser' entering state 'start'
[21:49:08.626] [bmv2] [D] [thread 7009] [1.0] [cxt 0] Extracting header 'ethernet'
[21:49:08.626] [bmv2] [D] [thread 7009] [1.0] [cxt 0] Parser state 'start': key is 86dd
[21:49:08.626] [bmv2] [T] [thread 7009] [1.0] [cxt 0] Bytes parsed: 14
[21:49:08.626] [bmv2] [D] [thread 7009] [1.0] [cxt 0] Parser 'parser': end
[21:49:08.626] [bmv2] [D] [thread 7009] [1.0] [cxt 0] Pipeline 'ingress': start
[21:49:08.626] [bmv2] [T] [thread 7009] [1.0] [cxt 0] qos.p4(197) Condition "hdr.ipv4.isValid()" (node_2) is false
[21:49:08.626] [bmv2] [D] [thread 7009] [1.0] [cxt 0] Pipeline 'ingress': end
[21:49:08.626] [bmv2] [D] [thread 7009] [1.0] [cxt 0] Egress port is 0
[21:49:08.626] [bmv2] [D] [thread 7010] [1.0] [cxt 0] Pipeline 'egress': start
[21:49:08.626] [bmv2] [D] [thread 7010] [1.0] [cxt 0] Pipeline 'egress': end
[21:49:08.626] [bmv2] [D] [thread 7010] [1.0] [cxt 0] Deparser 'deparser': start
[21:49:08.626] [bmv2] [T] [thread 7010] [1.0] [cxt 0] Skipping checksum 'cksum' update because condition not met
[21:49:08.626] [bmv2] [D] [thread 7010] [1.0] [cxt 0] Deparsing header 'ethernet'
[21:49:08.626] [bmv2] [D] [thread 7010] [1.0] [cxt 0] Deparser 'deparser': end
[21:49:08.626] [bmv2] [D] [thread 7014] [1.0] [cxt 0] Transmitting packet of size 70 out of port 0
[21:49:08.873] [bmv2] [D] [thread 7009] [2.0] [cxt 0] Processing packet received on port 3
[21:49:08.873] [bmv2] [D] [thread 7009] [2.0] [cxt 0] Parser 'parser': start
[21:49:08.874] [bmv2] [D] [thread 7009] [2.0] [cxt 0] Parser 'parser' entering state 'start'
[21:49:08.874] [bmv2] [D] [thread 7009] [2.0] [cxt 0] Extracting header 'ethernet'
[21:49:08.874] [bmv2] [D] [thread 7009] [2.0] [cxt 0] Parser state 'start': key is 86dd
[21:49:08.874] [bmv2] [T] [thread 7009] [2.0] [cxt 0] Bytes parsed: 14
[21:49:08.874] [bmv2] [D] [thread 7009] [2.0] [cxt 0] Parser 'parser': end
[21:49:08.874] [bmv2] [D] [thread 7009] [2.0] [cxt 0] Pipeline 'ingress': start
[21:49:08.875] [bmv2] [T] [thread 7009] [2.0] [cxt 0] qos.p4(197) Condition "hdr.ipv4.isValid()" (node_2) is false
[21:49:08.875] [bmv2] [D] [thread 7009] [2.0] [cxt 0] Pipeline 'ingress': end
[21:49:08.875] [bmv2] [D] [thread 7009] [2.0] [cxt 0] Egress port is 0
[21:49:08.875] [bmv2] [D] [thread 7010] [2.0] [cxt 0] Pipeline 'egress': start
[21:49:08.875] [bmv2] [D] [thread 7010] [2.0] [cxt 0] Pipeline 'egress': end
[21:49:08.875] [bmv2] [D] [thread 7010] [2.0] [cxt 0] Deparser 'deparser': start
[21:49:08.875] [bmv2] [T] [thread 7010] [2.0] [cxt 0] Skipping checksum 'cksum' update because condition not met
[21:49:08.875] [bmv2] [D] [thread 7010] [2.0] [cxt 0] Deparsing header 'ethernet'
[21:49:08.875] [bmv2] [D] [thread 7010] [2.0] [cxt 0] Deparser 'deparser': end
[21:49:08.876] [bmv2] [D] [thread 7014] [2.0] [cxt 0] Transmitting packet of size 70 out of port 0
[21:49:09.123] [bmv2] [D] [thread 7009] [3.0] [cxt 0] Processing packet received on port 2
[21:49:09.123] [bmv2] [D] [thread 7009] [3.0] [cxt 0] Parser 'parser': start
[21:49:09.123] [bmv2] [D] [thread 7009] [3.0] [cxt 0] Parser 'parser' entering state 'start'
[21:49:09.123] [bmv2] [D] [thread 7009] [3.0] [cxt 0] Extracting header 'ethernet'
[21:49:09.123] [bmv2] [D] [thread 7009] [3.0] [cxt 0] Parser state 'start': key is 86dd
[21:49:09.123] [bmv2] [T] [thread 7009] [3.0] [cxt 0] Bytes parsed: 14
[21:49:09.123] [bmv2] [D] [thread 7009] [3.0] [cxt 0] Parser 'parser': end
[21:49:09.123] [bmv2] [D] [thread 7009] [3.0] [cxt 0] Pipeline 'ingress': start
[21:49:09.123] [bmv2] [T] [thread 7009] [3.0] [cxt 0] qos.p4(197) Condition "hdr.ipv4.isValid()" (node_2) is false
[21:49:09.123] [bmv2] [D] [thread 7009] [3.0] [cxt 0] Pipeline 'ingress': end
[21:49:09.124] [bmv2] [D] [thread 7009] [3.0] [cxt 0] Egress port is 0
[21:49:09.125] [bmv2] [D] [thread 7010] [3.0] [cxt 0] Pipeline 'egress': start
[21:49:09.125] [bmv2] [D] [thread 7010] [3.0] [cxt 0] Pipeline 'egress': end
[21:49:09.126] [bmv2] [D] [thread 7010] [3.0] [cxt 0] Deparser 'deparser': start
[21:49:09.126] [bmv2] [T] [thread 7010] [3.0] [cxt 0] Skipping checksum 'cksum' update because condition not met
[21:49:09.126] [bmv2] [D] [thread 7010] [3.0] [cxt 0] Deparsing header 'ethernet'
[21:49:09.126] [bmv2] [D] [thread 7010] [3.0] [cxt 0] Deparser 'deparser': end
[21:49:09.126] [bmv2] [D] [thread 7014] [3.0] [cxt 0] Transmitting packet of size 70 out of port 0
[21:49:09.385] [bmv2] [D] [thread 7009] [4.0] [cxt 0] Processing packet received on port 3
[21:49:09.385] [bmv2] [D] [thread 7009] [4.0] [cxt 0] Parser 'parser': start
[21:49:09.385] [bmv2] [D] [thread 7009] [4.0] [cxt 0] Parser 'parser' entering state 'start'
[21:49:09.385] [bmv2] [D] [thread 7009] [4.0] [cxt 0] Extracting header 'ethernet'
[21:49:09.386] [bmv2] [D] [thread 7009] [4.0] [cxt 0] Parser state 'start': key is 86dd
[21:49:09.386] [bmv2] [T] [thread 7009] [4.0] [cxt 0] Bytes parsed: 14
[21:49:09.386] [bmv2] [D] [thread 7009] [4.0] [cxt 0] Parser 'parser': end
[21:49:09.386] [bmv2] [D] [thread 7009] [4.0] [cxt 0] Pipeline 'ingress': start
[21:49:09.386] [bmv2] [T] [thread 7009] [4.0] [cxt 0] qos.p4(197) Condition "hdr.ipv4.isValid()" (node_2) is false
[21:49:09.386] [bmv2] [D] [thread 7009] [4.0] [cxt 0] Pipeline 'ingress': end
[21:49:09.386] [bmv2] [D] [thread 7009] [4.0] [cxt 0] Egress port is 0
[21:49:09.386] [bmv2] [D] [thread 7010] [4.0] [cxt 0] Pipeline 'egress': start
[21:49:09.386] [bmv2] [D] [thread 7010] [4.0] [cxt 0] Pipeline 'egress': end
[21:49:09.386] [bmv2] [D] [thread 7010] [4.0] [cxt 0] Deparser 'deparser': start
[21:49:09.386] [bmv2] [T] [thread 7010] [4.0] [cxt 0] Skipping checksum 'cksum' update because condition not met
[21:49:09.386] [bmv2] [D] [thread 7010] [4.0] [cxt 0] Deparsing header 'ethernet'
[21:49:09.386] [bmv2] [D] [thread 7010] [4.0] [cxt 0] Deparser 'deparser': end
[21:49:09.387] [bmv2] [D] [thread 7014] [4.0] [cxt 0] Transmitting packet of size 70 out of port 0
[21:49:16.289] [bmv2] [D] [thread 7009] [5.0] [cxt 0] Processing packet received on port 1
[21:49:16.289] [bmv2] [D] [thread 7009] [5.0] [cxt 0] Parser 'parser': start
[21:49:16.289] [bmv2] [D] [thread 7009] [5.0] [cxt 0] Parser 'parser' entering state 'start'
[21:49:16.289] [bmv2] [D] [thread 7009] [5.0] [cxt 0] Extracting header 'ethernet'
[21:49:16.290] [bmv2] [D] [thread 7009] [5.0] [cxt 0] Parser state 'start': key is 86dd
[21:49:16.290] [bmv2] [T] [thread 7009] [5.0] [cxt 0] Bytes parsed: 14
[21:49:16.290] [bmv2] [D] [thread 7009] [5.0] [cxt 0] Parser 'parser': end
[21:49:16.290] [bmv2] [D] [thread 7009] [5.0] [cxt 0] Pipeline 'ingress': start
[21:49:16.290] [bmv2] [T] [thread 7009] [5.0] [cxt 0] qos.p4(197) Condition "hdr.ipv4.isValid()" (node_2) is false
[21:49:16.290] [bmv2] [D] [thread 7009] [5.0] [cxt 0] Pipeline 'ingress': end
[21:49:16.290] [bmv2] [D] [thread 7009] [5.0] [cxt 0] Egress port is 0
[21:49:16.290] [bmv2] [D] [thread 7010] [5.0] [cxt 0] Pipeline 'egress': start
[21:49:16.290] [bmv2] [D] [thread 7010] [5.0] [cxt 0] Pipeline 'egress': end
[21:49:16.290] [bmv2] [D] [thread 7010] [5.0] [cxt 0] Deparser 'deparser': start
[21:49:16.290] [bmv2] [T] [thread 7010] [5.0] [cxt 0] Skipping checksum 'cksum' update because condition not met
[21:49:16.290] [bmv2] [D] [thread 7010] [5.0] [cxt 0] Deparsing header 'ethernet'
[21:49:16.290] [bmv2] [D] [thread 7010] [5.0] [cxt 0] Deparser 'deparser': end
[21:49:16.290] [bmv2] [D] [thread 7014] [5.0] [cxt 0] Transmitting packet of size 70 out of port 0
[21:49:16.807] [bmv2] [D] [thread 7009] [6.0] [cxt 0] Processing packet received on port 2
[21:49:16.807] [bmv2] [D] [thread 7009] [6.0] [cxt 0] Parser 'parser': start
[21:49:16.807] [bmv2] [D] [thread 7009] [6.0] [cxt 0] Parser 'parser' entering state 'start'
[21:49:16.807] [bmv2] [D] [thread 7009] [6.0] [cxt 0] Extracting header 'ethernet'
[21:49:16.808] [bmv2] [D] [thread 7009] [6.0] [cxt 0] Parser state 'start': key is 86dd
[21:49:16.808] [bmv2] [T] [thread 7009] [6.0] [cxt 0] Bytes parsed: 14
[21:49:16.808] [bmv2] [D] [thread 7009] [6.0] [cxt 0] Parser 'parser': end
[21:49:16.808] [bmv2] [D] [thread 7009] [6.0] [cxt 0] Pipeline 'ingress': start
[21:49:16.808] [bmv2] [T] [thread 7009] [6.0] [cxt 0] qos.p4(197) Condition "hdr.ipv4.isValid()" (node_2) is false
[21:49:16.809] [bmv2] [D] [thread 7009] [6.0] [cxt 0] Pipeline 'ingress': end
[21:49:16.813] [bmv2] [D] [thread 7009] [6.0] [cxt 0] Egress port is 0
[21:49:16.815] [bmv2] [D] [thread 7010] [6.0] [cxt 0] Pipeline 'egress': start
[21:49:16.815] [bmv2] [D] [thread 7010] [6.0] [cxt 0] Pipeline 'egress': end
[21:49:16.815] [bmv2] [D] [thread 7010] [6.0] [cxt 0] Deparser 'deparser': start
[21:49:16.815] [bmv2] [T] [thread 7010] [6.0] [cxt 0] Skipping checksum 'cksum' update because condition not met
[21:49:16.815] [bmv2] [D] [thread 7010] [6.0] [cxt 0] Deparsing header 'ethernet'
[21:49:16.815] [bmv2] [D] [thread 7010] [6.0] [cxt 0] Deparser 'deparser': end
[21:49:16.815] [bmv2] [D] [thread 7014] [6.0] [cxt 0] Transmitting packet of size 70 out of port 0
[21:49:17.063] [bmv2] [D] [thread 7009] [7.0] [cxt 0] Processing packet received on port 2
[21:49:17.064] [bmv2] [D] [thread 7009] [7.0] [cxt 0] Parser 'parser': start
[21:49:17.064] [bmv2] [D] [thread 7009] [7.0] [cxt 0] Parser 'parser' entering state 'start'
[21:49:17.064] [bmv2] [D] [thread 7009] [7.0] [cxt 0] Extracting header 'ethernet'
[21:49:17.064] [bmv2] [D] [thread 7009] [7.0] [cxt 0] Parser state 'start': key is 86dd
[21:49:17.065] [bmv2] [T] [thread 7009] [7.0] [cxt 0] Bytes parsed: 14
[21:49:17.071] [bmv2] [D] [thread 7009] [7.0] [cxt 0] Parser 'parser': end
[21:49:17.071] [bmv2] [D] [thread 7009] [7.0] [cxt 0] Pipeline 'ingress': start
[21:49:17.071] [bmv2] [T] [thread 7009] [7.0] [cxt 0] qos.p4(197) Condition "hdr.ipv4.isValid()" (node_2) is false
[21:49:17.071] [bmv2] [D] [thread 7009] [7.0] [cxt 0] Pipeline 'ingress': end
[21:49:17.071] [bmv2] [D] [thread 7009] [7.0] [cxt 0] Egress port is 0
[21:49:17.072] [bmv2] [D] [thread 7010] [7.0] [cxt 0] Pipeline 'egress': start
[21:49:17.072] [bmv2] [D] [thread 7010] [7.0] [cxt 0] Pipeline 'egress': end
[21:49:17.072] [bmv2] [D] [thread 7010] [7.0] [cxt 0] Deparser 'deparser': start
[21:49:17.073] [bmv2] [T] [thread 7010] [7.0] [cxt 0] Skipping checksum 'cksum' update because condition not met
[21:49:17.073] [bmv2] [D] [thread 7010] [7.0] [cxt 0] Deparsing header 'ethernet'
[21:49:17.073] [bmv2] [D] [thread 7010] [7.0] [cxt 0] Deparser 'deparser': end
[21:49:17.073] [bmv2] [D] [thread 7014] [7.0] [cxt 0] Transmitting packet of size 70 out of port 0
[21:49:17.074] [bmv2] [D] [thread 7009] [8.0] [cxt 0] Processing packet received on port 3
[21:49:17.074] [bmv2] [D] [thread 7009] [8.0] [cxt 0] Parser 'parser': start
[21:49:17.074] [bmv2] [D] [thread 7009] [8.0] [cxt 0] Parser 'parser' entering state 'start'
[21:49:17.074] [bmv2] [D] [thread 7009] [8.0] [cxt 0] Extracting header 'ethernet'
[21:49:17.075] [bmv2] [D] [thread 7009] [8.0] [cxt 0] Parser state 'start': key is 86dd
[21:49:17.075] [bmv2] [T] [thread 7009] [8.0] [cxt 0] Bytes parsed: 14
[21:49:17.075] [bmv2] [D] [thread 7009] [8.0] [cxt 0] Parser 'parser': end
[21:49:17.075] [bmv2] [D] [thread 7009] [8.0] [cxt 0] Pipeline 'ingress': start
[21:49:17.075] [bmv2] [T] [thread 7009] [8.0] [cxt 0] qos.p4(197) Condition "hdr.ipv4.isValid()" (node_2) is false
[21:49:17.075] [bmv2] [D] [thread 7009] [8.0] [cxt 0] Pipeline 'ingress': end
[21:49:17.075] [bmv2] [D] [thread 7009] [8.0] [cxt 0] Egress port is 0
[21:49:17.075] [bmv2] [D] [thread 7010] [8.0] [cxt 0] Pipeline 'egress': start
[21:49:17.075] [bmv2] [D] [thread 7010] [8.0] [cxt 0] Pipeline 'egress': end
[21:49:17.075] [bmv2] [D] [thread 7010] [8.0] [cxt 0] Deparser 'deparser': start
[21:49:17.075] [bmv2] [T] [thread 7010] [8.0] [cxt 0] Skipping checksum 'cksum' update because condition not met
[21:49:17.075] [bmv2] [D] [thread 7010] [8.0] [cxt 0] Deparsing header 'ethernet'
[21:49:17.075] [bmv2] [D] [thread 7010] [8.0] [cxt 0] Deparser 'deparser': end
[21:49:17.076] [bmv2] [D] [thread 7014] [8.0] [cxt 0] Transmitting packet of size 70 out of port 0
[21:49:17.573] [bmv2] [D] [thread 7009] [9.0] [cxt 0] Processing packet received on port 3
[21:49:17.577] [bmv2] [D] [thread 7009] [9.0] [cxt 0] Parser 'parser': start
[21:49:17.577] [bmv2] [D] [thread 7009] [9.0] [cxt 0] Parser 'parser' entering state 'start'
[21:49:17.577] [bmv2] [D] [thread 7009] [9.0] [cxt 0] Extracting header 'ethernet'
[21:49:17.577] [bmv2] [D] [thread 7009] [9.0] [cxt 0] Parser state 'start': key is 86dd
[21:49:17.578] [bmv2] [T] [thread 7009] [9.0] [cxt 0] Bytes parsed: 14
[21:49:17.578] [bmv2] [D] [thread 7009] [9.0] [cxt 0] Parser 'parser': end
[21:49:17.578] [bmv2] [D] [thread 7009] [9.0] [cxt 0] Pipeline 'ingress': start
[21:49:17.578] [bmv2] [T] [thread 7009] [9.0] [cxt 0] qos.p4(197) Condition "hdr.ipv4.isValid()" (node_2) is false
[21:49:17.578] [bmv2] [D] [thread 7009] [9.0] [cxt 0] Pipeline 'ingress': end
[21:49:17.578] [bmv2] [D] [thread 7009] [9.0] [cxt 0] Egress port is 0
[21:49:17.580] [bmv2] [D] [thread 7010] [9.0] [cxt 0] Pipeline 'egress': start
[21:49:17.580] [bmv2] [D] [thread 7010] [9.0] [cxt 0] Pipeline 'egress': end
[21:49:17.580] [bmv2] [D] [thread 7010] [9.0] [cxt 0] Deparser 'deparser': start
[21:49:17.580] [bmv2] [T] [thread 7010] [9.0] [cxt 0] Skipping checksum 'cksum' update because condition not met
[21:49:17.580] [bmv2] [D] [thread 7010] [9.0] [cxt 0] Deparsing header 'ethernet'
[21:49:17.580] [bmv2] [D] [thread 7010] [9.0] [cxt 0] Deparser 'deparser': end
[21:49:17.580] [bmv2] [D] [thread 7014] [9.0] [cxt 0] Transmitting packet of size 70 out of port 0
[21:49:31.906] [bmv2] [D] [thread 7009] [10.0] [cxt 0] Processing packet received on port 2
[21:49:31.906] [bmv2] [D] [thread 7009] [10.0] [cxt 0] Parser 'parser': start
[21:49:31.906] [bmv2] [D] [thread 7009] [10.0] [cxt 0] Parser 'parser' entering state 'start'
[21:49:31.906] [bmv2] [D] [thread 7009] [10.0] [cxt 0] Extracting header 'ethernet'
[21:49:31.906] [bmv2] [D] [thread 7009] [10.0] [cxt 0] Parser state 'start': key is 86dd
[21:49:31.906] [bmv2] [T] [thread 7009] [10.0] [cxt 0] Bytes parsed: 14
[21:49:31.906] [bmv2] [D] [thread 7009] [10.0] [cxt 0] Parser 'parser': end
[21:49:31.907] [bmv2] [D] [thread 7009] [10.0] [cxt 0] Pipeline 'ingress': start
[21:49:31.907] [bmv2] [T] [thread 7009] [10.0] [cxt 0] qos.p4(197) Condition "hdr.ipv4.isValid()" (node_2) is false
[21:49:31.907] [bmv2] [D] [thread 7009] [10.0] [cxt 0] Pipeline 'ingress': end
[21:49:31.907] [bmv2] [D] [thread 7009] [10.0] [cxt 0] Egress port is 0
[21:49:31.910] [bmv2] [D] [thread 7010] [10.0] [cxt 0] Pipeline 'egress': start
[21:49:31.910] [bmv2] [D] [thread 7010] [10.0] [cxt 0] Pipeline 'egress': end
[21:49:31.910] [bmv2] [D] [thread 7010] [10.0] [cxt 0] Deparser 'deparser': start
[21:49:31.910] [bmv2] [T] [thread 7010] [10.0] [cxt 0] Skipping checksum 'cksum' update because condition not met
[21:49:31.910] [bmv2] [D] [thread 7010] [10.0] [cxt 0] Deparsing header 'ethernet'
[21:49:31.910] [bmv2] [D] [thread 7010] [10.0] [cxt 0] Deparser 'deparser': end
[21:49:31.910] [bmv2] [D] [thread 7014] [10.0] [cxt 0] Transmitting packet of size 70 out of port 0
[21:49:31.910] [bmv2] [D] [thread 7009] [11.0] [cxt 0] Processing packet received on port 3
[21:49:31.910] [bmv2] [D] [thread 7009] [11.0] [cxt 0] Parser 'parser': start
[21:49:31.910] [bmv2] [D] [thread 7009] [11.0] [cxt 0] Parser 'parser' entering state 'start'
[21:49:31.910] [bmv2] [D] [thread 7009] [11.0] [cxt 0] Extracting header 'ethernet'
[21:49:31.910] [bmv2] [D] [thread 7009] [11.0] [cxt 0] Parser state 'start': key is 86dd
[21:49:31.910] [bmv2] [T] [thread 7009] [11.0] [cxt 0] Bytes parsed: 14
[21:49:31.910] [bmv2] [D] [thread 7009] [11.0] [cxt 0] Parser 'parser': end
[21:49:31.910] [bmv2] [D] [thread 7009] [11.0] [cxt 0] Pipeline 'ingress': start
[21:49:31.910] [bmv2] [T] [thread 7009] [11.0] [cxt 0] qos.p4(197) Condition "hdr.ipv4.isValid()" (node_2) is false
[21:49:31.910] [bmv2] [D] [thread 7009] [11.0] [cxt 0] Pipeline 'ingress': end
[21:49:31.910] [bmv2] [D] [thread 7009] [11.0] [cxt 0] Egress port is 0
[21:49:31.911] [bmv2] [D] [thread 7010] [11.0] [cxt 0] Pipeline 'egress': start
[21:49:31.911] [bmv2] [D] [thread 7010] [11.0] [cxt 0] Pipeline 'egress': end
[21:49:31.911] [bmv2] [D] [thread 7010] [11.0] [cxt 0] Deparser 'deparser': start
[21:49:31.911] [bmv2] [T] [thread 7010] [11.0] [cxt 0] Skipping checksum 'cksum' update because condition not met
[21:49:31.911] [bmv2] [D] [thread 7010] [11.0] [cxt 0] Deparsing header 'ethernet'
[21:49:31.911] [bmv2] [D] [thread 7010] [11.0] [cxt 0] Deparser 'deparser': end
[21:49:31.911] [bmv2] [D] [thread 7014] [11.0] [cxt 0] Transmitting packet of size 70 out of port 0
[21:49:32.419] [bmv2] [D] [thread 7009] [12.0] [cxt 0] Processing packet received on port 1
[21:49:32.419] [bmv2] [D] [thread 7009] [12.0] [cxt 0] Parser 'parser': start
[21:49:32.421] [bmv2] [D] [thread 7009] [12.0] [cxt 0] Parser 'parser' entering state 'start'
[21:49:32.422] [bmv2] [D] [thread 7009] [12.0] [cxt 0] Extracting header 'ethernet'
[21:49:32.422] [bmv2] [D] [thread 7009] [12.0] [cxt 0] Parser state 'start': key is 86dd
[21:49:32.422] [bmv2] [T] [thread 7009] [12.0] [cxt 0] Bytes parsed: 14
[21:49:32.422] [bmv2] [D] [thread 7009] [12.0] [cxt 0] Parser 'parser': end
[21:49:32.422] [bmv2] [D] [thread 7009] [12.0] [cxt 0] Pipeline 'ingress': start
[21:49:32.423] [bmv2] [T] [thread 7009] [12.0] [cxt 0] qos.p4(197) Condition "hdr.ipv4.isValid()" (node_2) is false
[21:49:32.423] [bmv2] [D] [thread 7009] [12.0] [cxt 0] Pipeline 'ingress': end
[21:49:32.423] [bmv2] [D] [thread 7009] [12.0] [cxt 0] Egress port is 0
[21:49:32.423] [bmv2] [D] [thread 7010] [12.0] [cxt 0] Pipeline 'egress': start
[21:49:32.423] [bmv2] [D] [thread 7010] [12.0] [cxt 0] Pipeline 'egress': end
[21:49:32.424] [bmv2] [D] [thread 7010] [12.0] [cxt 0] Deparser 'deparser': start
[21:49:32.424] [bmv2] [T] [thread 7010] [12.0] [cxt 0] Skipping checksum 'cksum' update because condition not met
[21:49:32.424] [bmv2] [D] [thread 7010] [12.0] [cxt 0] Deparsing header 'ethernet'
[21:49:32.424] [bmv2] [D] [thread 7010] [12.0] [cxt 0] Deparser 'deparser': end
[21:49:32.424] [bmv2] [D] [thread 7014] [12.0] [cxt 0] Transmitting packet of size 70 out of port 0
[21:49:32.940] [bmv2] [D] [thread 7009] [13.0] [cxt 0] Processing packet received on port 2
[21:49:32.940] [bmv2] [D] [thread 7009] [13.0] [cxt 0] Parser 'parser': start
[21:49:32.940] [bmv2] [D] [thread 7009] [13.0] [cxt 0] Parser 'parser' entering state 'start'
[21:49:32.940] [bmv2] [D] [thread 7009] [13.0] [cxt 0] Extracting header 'ethernet'
[21:49:32.940] [bmv2] [D] [thread 7009] [13.0] [cxt 0] Parser state 'start': key is 86dd
[21:49:32.940] [bmv2] [T] [thread 7009] [13.0] [cxt 0] Bytes parsed: 14
[21:49:32.940] [bmv2] [D] [thread 7009] [13.0] [cxt 0] Parser 'parser': end
[21:49:32.940] [bmv2] [D] [thread 7009] [13.0] [cxt 0] Pipeline 'ingress': start
[21:49:32.940] [bmv2] [T] [thread 7009] [13.0] [cxt 0] qos.p4(197) Condition "hdr.ipv4.isValid()" (node_2) is false
[21:49:32.940] [bmv2] [D] [thread 7009] [13.0] [cxt 0] Pipeline 'ingress': end
[21:49:32.940] [bmv2] [D] [thread 7009] [13.0] [cxt 0] Egress port is 0
[21:49:32.941] [bmv2] [D] [thread 7010] [13.0] [cxt 0] Pipeline 'egress': start
[21:49:32.941] [bmv2] [D] [thread 7010] [13.0] [cxt 0] Pipeline 'egress': end
[21:49:32.941] [bmv2] [D] [thread 7010] [13.0] [cxt 0] Deparser 'deparser': start
[21:49:32.941] [bmv2] [T] [thread 7010] [13.0] [cxt 0] Skipping checksum 'cksum' update because condition not met
[21:49:32.941] [bmv2] [D] [thread 7010] [13.0] [cxt 0] Deparsing header 'ethernet'
[21:49:32.941] [bmv2] [D] [thread 7010] [13.0] [cxt 0] Deparser 'deparser': end
[21:49:32.941] [bmv2] [D] [thread 7014] [13.0] [cxt 0] Transmitting packet of size 70 out of port 0
[21:49:35.244] [bmv2] [D] [thread 7009] [14.0] [cxt 0] Processing packet received on port 3
[21:49:35.245] [bmv2] [D] [thread 7009] [14.0] [cxt 0] Parser 'parser': start
[21:49:35.245] [bmv2] [D] [thread 7009] [14.0] [cxt 0] Parser 'parser' entering state 'start'
[21:49:35.245] [bmv2] [D] [thread 7009] [14.0] [cxt 0] Extracting header 'ethernet'
[21:49:35.245] [bmv2] [D] [thread 7009] [14.0] [cxt 0] Parser state 'start': key is 86dd
[21:49:35.246] [bmv2] [T] [thread 7009] [14.0] [cxt 0] Bytes parsed: 14
[21:49:35.246] [bmv2] [D] [thread 7009] [14.0] [cxt 0] Parser 'parser': end
[21:49:35.246] [bmv2] [D] [thread 7009] [14.0] [cxt 0] Pipeline 'ingress': start
[21:49:35.246] [bmv2] [T] [thread 7009] [14.0] [cxt 0] qos.p4(197) Condition "hdr.ipv4.isValid()" (node_2) is false
[21:49:35.246] [bmv2] [D] [thread 7009] [14.0] [cxt 0] Pipeline 'ingress': end
[21:49:35.246] [bmv2] [D] [thread 7009] [14.0] [cxt 0] Egress port is 0
[21:49:35.256] [bmv2] [D] [thread 7010] [14.0] [cxt 0] Pipeline 'egress': start
[21:49:35.256] [bmv2] [D] [thread 7010] [14.0] [cxt 0] Pipeline 'egress': end
[21:49:35.257] [bmv2] [D] [thread 7010] [14.0] [cxt 0] Deparser 'deparser': start
[21:49:35.257] [bmv2] [T] [thread 7010] [14.0] [cxt 0] Skipping checksum 'cksum' update because condition not met
[21:49:35.257] [bmv2] [D] [thread 7010] [14.0] [cxt 0] Deparsing header 'ethernet'
[21:49:35.257] [bmv2] [D] [thread 7010] [14.0] [cxt 0] Deparser 'deparser': end
[21:49:35.257] [bmv2] [D] [thread 7014] [14.0] [cxt 0] Transmitting packet of size 70 out of port 0
[21:50:01.864] [bmv2] [D] [thread 7009] [15.0] [cxt 0] Processing packet received on port 2
[21:50:01.864] [bmv2] [D] [thread 7009] [15.0] [cxt 0] Parser 'parser': start
[21:50:01.864] [bmv2] [D] [thread 7009] [15.0] [cxt 0] Parser 'parser' entering state 'start'
[21:50:01.864] [bmv2] [D] [thread 7009] [15.0] [cxt 0] Extracting header 'ethernet'
[21:50:01.865] [bmv2] [D] [thread 7009] [15.0] [cxt 0] Parser state 'start': key is 86dd
[21:50:01.865] [bmv2] [T] [thread 7009] [15.0] [cxt 0] Bytes parsed: 14
[21:50:01.865] [bmv2] [D] [thread 7009] [15.0] [cxt 0] Parser 'parser': end
[21:50:01.865] [bmv2] [D] [thread 7009] [15.0] [cxt 0] Pipeline 'ingress': start
[21:50:01.865] [bmv2] [T] [thread 7009] [15.0] [cxt 0] qos.p4(197) Condition "hdr.ipv4.isValid()" (node_2) is false
[21:50:01.868] [bmv2] [D] [thread 7009] [15.0] [cxt 0] Pipeline 'ingress': end
[21:50:01.868] [bmv2] [D] [thread 7009] [15.0] [cxt 0] Egress port is 0
[21:50:01.871] [bmv2] [D] [thread 7010] [15.0] [cxt 0] Pipeline 'egress': start
[21:50:01.871] [bmv2] [D] [thread 7010] [15.0] [cxt 0] Pipeline 'egress': end
[21:50:01.871] [bmv2] [D] [thread 7010] [15.0] [cxt 0] Deparser 'deparser': start
[21:50:01.871] [bmv2] [T] [thread 7010] [15.0] [cxt 0] Skipping checksum 'cksum' update because condition not met
[21:50:01.871] [bmv2] [D] [thread 7010] [15.0] [cxt 0] Deparsing header 'ethernet'
[21:50:01.871] [bmv2] [D] [thread 7010] [15.0] [cxt 0] Deparser 'deparser': end
[21:50:01.871] [bmv2] [D] [thread 7014] [15.0] [cxt 0] Transmitting packet of size 70 out of port 0
[21:50:01.872] [bmv2] [D] [thread 7009] [16.0] [cxt 0] Processing packet received on port 3
[21:50:01.872] [bmv2] [D] [thread 7009] [16.0] [cxt 0] Parser 'parser': start
[21:50:01.872] [bmv2] [D] [thread 7009] [16.0] [cxt 0] Parser 'parser' entering state 'start'
[21:50:01.872] [bmv2] [D] [thread 7009] [16.0] [cxt 0] Extracting header 'ethernet'
[21:50:01.872] [bmv2] [D] [thread 7009] [16.0] [cxt 0] Parser state 'start': key is 86dd
[21:50:01.872] [bmv2] [T] [thread 7009] [16.0] [cxt 0] Bytes parsed: 14
[21:50:01.872] [bmv2] [D] [thread 7009] [16.0] [cxt 0] Parser 'parser': end
[21:50:01.872] [bmv2] [D] [thread 7009] [16.0] [cxt 0] Pipeline 'ingress': start
[21:50:01.872] [bmv2] [T] [thread 7009] [16.0] [cxt 0] qos.p4(197) Condition "hdr.ipv4.isValid()" (node_2) is false
[21:50:01.872] [bmv2] [D] [thread 7009] [16.0] [cxt 0] Pipeline 'ingress': end
[21:50:01.872] [bmv2] [D] [thread 7009] [16.0] [cxt 0] Egress port is 0
[21:50:01.872] [bmv2] [D] [thread 7010] [16.0] [cxt 0] Pipeline 'egress': start
[21:50:01.872] [bmv2] [D] [thread 7010] [16.0] [cxt 0] Pipeline 'egress': end
[21:50:01.872] [bmv2] [D] [thread 7010] [16.0] [cxt 0] Deparser 'deparser': start
[21:50:01.873] [bmv2] [T] [thread 7010] [16.0] [cxt 0] Skipping checksum 'cksum' update because condition not met
[21:50:01.873] [bmv2] [D] [thread 7010] [16.0] [cxt 0] Deparsing header 'ethernet'
[21:50:01.873] [bmv2] [D] [thread 7010] [16.0] [cxt 0] Deparser 'deparser': end
[21:50:01.873] [bmv2] [D] [thread 7014] [16.0] [cxt 0] Transmitting packet of size 70 out of port 0
[21:50:03.910] [bmv2] [D] [thread 7009] [17.0] [cxt 0] Processing packet received on port 1
[21:50:03.914] [bmv2] [D] [thread 7009] [17.0] [cxt 0] Parser 'parser': start
[21:50:03.915] [bmv2] [D] [thread 7009] [17.0] [cxt 0] Parser 'parser' entering state 'start'
[21:50:03.915] [bmv2] [D] [thread 7009] [17.0] [cxt 0] Extracting header 'ethernet'
[21:50:03.916] [bmv2] [D] [thread 7009] [17.0] [cxt 0] Parser state 'start': key is 86dd
[21:50:03.916] [bmv2] [T] [thread 7009] [17.0] [cxt 0] Bytes parsed: 14
[21:50:03.917] [bmv2] [D] [thread 7009] [17.0] [cxt 0] Parser 'parser': end
[21:50:03.917] [bmv2] [D] [thread 7009] [17.0] [cxt 0] Pipeline 'ingress': start
[21:50:03.918] [bmv2] [T] [thread 7009] [17.0] [cxt 0] qos.p4(197) Condition "hdr.ipv4.isValid()" (node_2) is false
[21:50:03.918] [bmv2] [D] [thread 7009] [17.0] [cxt 0] Pipeline 'ingress': end
[21:50:03.918] [bmv2] [D] [thread 7009] [17.0] [cxt 0] Egress port is 0
[21:50:03.918] [bmv2] [D] [thread 7010] [17.0] [cxt 0] Pipeline 'egress': start
[21:50:03.919] [bmv2] [D] [thread 7010] [17.0] [cxt 0] Pipeline 'egress': end
[21:50:03.919] [bmv2] [D] [thread 7010] [17.0] [cxt 0] Deparser 'deparser': start
[21:50:03.919] [bmv2] [T] [thread 7010] [17.0] [cxt 0] Skipping checksum 'cksum' update because condition not met
[21:50:03.919] [bmv2] [D] [thread 7010] [17.0] [cxt 0] Deparsing header 'ethernet'
[21:50:03.919] [bmv2] [D] [thread 7010] [17.0] [cxt 0] Deparser 'deparser': end
[21:50:03.919] [bmv2] [D] [thread 7014] [17.0] [cxt 0] Transmitting packet of size 70 out of port 0
[21:50:05.964] [bmv2] [D] [thread 7009] [18.0] [cxt 0] Processing packet received on port 2
[21:50:05.965] [bmv2] [D] [thread 7009] [18.0] [cxt 0] Parser 'parser': start
[21:50:05.965] [bmv2] [D] [thread 7009] [18.0] [cxt 0] Parser 'parser' entering state 'start'
[21:50:05.965] [bmv2] [D] [thread 7009] [18.0] [cxt 0] Extracting header 'ethernet'
[21:50:05.965] [bmv2] [D] [thread 7009] [18.0] [cxt 0] Parser state 'start': key is 86dd
[21:50:05.965] [bmv2] [T] [thread 7009] [18.0] [cxt 0] Bytes parsed: 14
[21:50:05.966] [bmv2] [D] [thread 7009] [18.0] [cxt 0] Parser 'parser': end
[21:50:05.966] [bmv2] [D] [thread 7009] [18.0] [cxt 0] Pipeline 'ingress': start
[21:50:05.967] [bmv2] [T] [thread 7009] [18.0] [cxt 0] qos.p4(197) Condition "hdr.ipv4.isValid()" (node_2) is false
[21:50:05.967] [bmv2] [D] [thread 7009] [18.0] [cxt 0] Pipeline 'ingress': end
[21:50:05.967] [bmv2] [D] [thread 7009] [18.0] [cxt 0] Egress port is 0
[21:50:05.967] [bmv2] [D] [thread 7010] [18.0] [cxt 0] Pipeline 'egress': start
[21:50:05.967] [bmv2] [D] [thread 7010] [18.0] [cxt 0] Pipeline 'egress': end
[21:50:05.967] [bmv2] [D] [thread 7010] [18.0] [cxt 0] Deparser 'deparser': start
[21:50:05.967] [bmv2] [T] [thread 7010] [18.0] [cxt 0] Skipping checksum 'cksum' update because condition not met
[21:50:05.967] [bmv2] [D] [thread 7010] [18.0] [cxt 0] Deparsing header 'ethernet'
[21:50:05.967] [bmv2] [D] [thread 7010] [18.0] [cxt 0] Deparser 'deparser': end
[21:50:05.967] [bmv2] [D] [thread 7014] [18.0] [cxt 0] Transmitting packet of size 70 out of port 0
[21:50:10.058] [bmv2] [D] [thread 7009] [19.0] [cxt 0] Processing packet received on port 3
[21:50:10.059] [bmv2] [D] [thread 7009] [19.0] [cxt 0] Parser 'parser': start
[21:50:10.059] [bmv2] [D] [thread 7009] [19.0] [cxt 0] Parser 'parser' entering state 'start'
[21:50:10.059] [bmv2] [D] [thread 7009] [19.0] [cxt 0] Extracting header 'ethernet'
[21:50:10.059] [bmv2] [D] [thread 7009] [19.0] [cxt 0] Parser state 'start': key is 86dd
[21:50:10.060] [bmv2] [T] [thread 7009] [19.0] [cxt 0] Bytes parsed: 14
[21:50:10.060] [bmv2] [D] [thread 7009] [19.0] [cxt 0] Parser 'parser': end
[21:50:10.060] [bmv2] [D] [thread 7009] [19.0] [cxt 0] Pipeline 'ingress': start
[21:50:10.060] [bmv2] [T] [thread 7009] [19.0] [cxt 0] qos.p4(197) Condition "hdr.ipv4.isValid()" (node_2) is false
[21:50:10.060] [bmv2] [D] [thread 7009] [19.0] [cxt 0] Pipeline 'ingress': end
[21:50:10.060] [bmv2] [D] [thread 7009] [19.0] [cxt 0] Egress port is 0
[21:50:10.069] [bmv2] [D] [thread 7010] [19.0] [cxt 0] Pipeline 'egress': start
[21:50:10.069] [bmv2] [D] [thread 7010] [19.0] [cxt 0] Pipeline 'egress': end
[21:50:10.069] [bmv2] [D] [thread 7010] [19.0] [cxt 0] Deparser 'deparser': start
[21:50:10.069] [bmv2] [T] [thread 7010] [19.0] [cxt 0] Skipping checksum 'cksum' update because condition not met
[21:50:10.069] [bmv2] [D] [thread 7010] [19.0] [cxt 0] Deparsing header 'ethernet'
[21:50:10.069] [bmv2] [D] [thread 7010] [19.0] [cxt 0] Deparser 'deparser': end
[21:50:10.069] [bmv2] [D] [thread 7014] [19.0] [cxt 0] Transmitting packet of size 70 out of port 0
[21:50:59.209] [bmv2] [D] [thread 7009] [20.0] [cxt 0] Processing packet received on port 3
[21:50:59.209] [bmv2] [D] [thread 7009] [20.0] [cxt 0] Parser 'parser': start
[21:50:59.209] [bmv2] [D] [thread 7009] [20.0] [cxt 0] Parser 'parser' entering state 'start'
[21:50:59.209] [bmv2] [D] [thread 7009] [20.0] [cxt 0] Extracting header 'ethernet'
[21:50:59.209] [bmv2] [D] [thread 7009] [20.0] [cxt 0] Parser state 'start': key is 86dd
[21:50:59.209] [bmv2] [T] [thread 7009] [20.0] [cxt 0] Bytes parsed: 14
[21:50:59.209] [bmv2] [D] [thread 7009] [20.0] [cxt 0] Parser 'parser': end
[21:50:59.209] [bmv2] [D] [thread 7009] [20.0] [cxt 0] Pipeline 'ingress': start
[21:50:59.210] [bmv2] [T] [thread 7009] [20.0] [cxt 0] qos.p4(197) Condition "hdr.ipv4.isValid()" (node_2) is false
[21:50:59.210] [bmv2] [D] [thread 7009] [20.0] [cxt 0] Pipeline 'ingress': end
[21:50:59.210] [bmv2] [D] [thread 7009] [20.0] [cxt 0] Egress port is 0
[21:50:59.210] [bmv2] [D] [thread 7010] [20.0] [cxt 0] Pipeline 'egress': start
[21:50:59.210] [bmv2] [D] [thread 7010] [20.0] [cxt 0] Pipeline 'egress': end
[21:50:59.210] [bmv2] [D] [thread 7010] [20.0] [cxt 0] Deparser 'deparser': start
[21:50:59.210] [bmv2] [T] [thread 7010] [20.0] [cxt 0] Skipping checksum 'cksum' update because condition not met
[21:50:59.210] [bmv2] [D] [thread 7010] [20.0] [cxt 0] Deparsing header 'ethernet'
[21:50:59.210] [bmv2] [D] [thread 7010] [20.0] [cxt 0] Deparser 'deparser': end
[21:50:59.210] [bmv2] [D] [thread 7014] [20.0] [cxt 0] Transmitting packet of size 70 out of port 0
[21:51:01.251] [bmv2] [D] [thread 7009] [21.0] [cxt 0] Processing packet received on port 2
[21:51:01.252] [bmv2] [D] [thread 7009] [21.0] [cxt 0] Parser 'parser': start
[21:51:01.252] [bmv2] [D] [thread 7009] [21.0] [cxt 0] Parser 'parser' entering state 'start'
[21:51:01.252] [bmv2] [D] [thread 7009] [21.0] [cxt 0] Extracting header 'ethernet'
[21:51:01.252] [bmv2] [D] [thread 7009] [21.0] [cxt 0] Parser state 'start': key is 86dd
[21:51:01.253] [bmv2] [T] [thread 7009] [21.0] [cxt 0] Bytes parsed: 14
[21:51:01.253] [bmv2] [D] [thread 7009] [21.0] [cxt 0] Parser 'parser': end
[21:51:01.253] [bmv2] [D] [thread 7009] [21.0] [cxt 0] Pipeline 'ingress': start
[21:51:01.253] [bmv2] [T] [thread 7009] [21.0] [cxt 0] qos.p4(197) Condition "hdr.ipv4.isValid()" (node_2) is false
[21:51:01.259] [bmv2] [D] [thread 7009] [21.0] [cxt 0] Pipeline 'ingress': end
[21:51:01.259] [bmv2] [D] [thread 7009] [21.0] [cxt 0] Egress port is 0
[21:51:01.259] [bmv2] [D] [thread 7010] [21.0] [cxt 0] Pipeline 'egress': start
[21:51:01.259] [bmv2] [D] [thread 7010] [21.0] [cxt 0] Pipeline 'egress': end
[21:51:01.259] [bmv2] [D] [thread 7010] [21.0] [cxt 0] Deparser 'deparser': start
[21:51:01.259] [bmv2] [T] [thread 7010] [21.0] [cxt 0] Skipping checksum 'cksum' update because condition not met
[21:51:01.259] [bmv2] [D] [thread 7010] [21.0] [cxt 0] Deparsing header 'ethernet'
[21:51:01.259] [bmv2] [D] [thread 7010] [21.0] [cxt 0] Deparser 'deparser': end
[21:51:01.260] [bmv2] [D] [thread 7014] [21.0] [cxt 0] Transmitting packet of size 70 out of port 0
[21:51:05.346] [bmv2] [D] [thread 7009] [22.0] [cxt 0] Processing packet received on port 1
[21:51:05.346] [bmv2] [D] [thread 7009] [22.0] [cxt 0] Parser 'parser': start
[21:51:05.346] [bmv2] [D] [thread 7009] [22.0] [cxt 0] Parser 'parser' entering state 'start'
[21:51:05.346] [bmv2] [D] [thread 7009] [22.0] [cxt 0] Extracting header 'ethernet'
[21:51:05.346] [bmv2] [D] [thread 7009] [22.0] [cxt 0] Parser state 'start': key is 86dd
[21:51:05.347] [bmv2] [T] [thread 7009] [22.0] [cxt 0] Bytes parsed: 14
[21:51:05.347] [bmv2] [D] [thread 7009] [22.0] [cxt 0] Parser 'parser': end
[21:51:05.347] [bmv2] [D] [thread 7009] [22.0] [cxt 0] Pipeline 'ingress': start
[21:51:05.347] [bmv2] [T] [thread 7009] [22.0] [cxt 0] qos.p4(197) Condition "hdr.ipv4.isValid()" (node_2) is false
[21:51:05.347] [bmv2] [D] [thread 7009] [22.0] [cxt 0] Pipeline 'ingress': end
[21:51:05.347] [bmv2] [D] [thread 7009] [22.0] [cxt 0] Egress port is 0
[21:51:05.348] [bmv2] [D] [thread 7010] [22.0] [cxt 0] Pipeline 'egress': start
[21:51:05.348] [bmv2] [D] [thread 7010] [22.0] [cxt 0] Pipeline 'egress': end
[21:51:05.348] [bmv2] [D] [thread 7010] [22.0] [cxt 0] Deparser 'deparser': start
[21:51:05.348] [bmv2] [T] [thread 7010] [22.0] [cxt 0] Skipping checksum 'cksum' update because condition not met
[21:51:05.348] [bmv2] [D] [thread 7010] [22.0] [cxt 0] Deparsing header 'ethernet'
[21:51:05.348] [bmv2] [D] [thread 7010] [22.0] [cxt 0] Deparser 'deparser': end
[21:51:05.349] [bmv2] [D] [thread 7014] [22.0] [cxt 0] Transmitting packet of size 70 out of port 0
[21:51:11.499] [bmv2] [D] [thread 7009] [23.0] [cxt 0] Processing packet received on port 2
[21:51:11.500] [bmv2] [D] [thread 7009] [23.0] [cxt 0] Parser 'parser': start
[21:51:11.500] [bmv2] [D] [thread 7009] [23.0] [cxt 0] Parser 'parser' entering state 'start'
[21:51:11.500] [bmv2] [D] [thread 7009] [23.0] [cxt 0] Extracting header 'ethernet'
[21:51:11.500] [bmv2] [D] [thread 7009] [23.0] [cxt 0] Parser state 'start': key is 86dd
[21:51:11.500] [bmv2] [T] [thread 7009] [23.0] [cxt 0] Bytes parsed: 14
[21:51:11.500] [bmv2] [D] [thread 7009] [23.0] [cxt 0] Parser 'parser': end
[21:51:11.501] [bmv2] [D] [thread 7009] [23.0] [cxt 0] Pipeline 'ingress': start
[21:51:11.501] [bmv2] [T] [thread 7009] [23.0] [cxt 0] qos.p4(197) Condition "hdr.ipv4.isValid()" (node_2) is false
[21:51:11.502] [bmv2] [D] [thread 7009] [23.0] [cxt 0] Pipeline 'ingress': end
[21:51:11.502] [bmv2] [D] [thread 7009] [23.0] [cxt 0] Egress port is 0
[21:51:11.504] [bmv2] [D] [thread 7010] [23.0] [cxt 0] Pipeline 'egress': start
[21:51:11.504] [bmv2] [D] [thread 7010] [23.0] [cxt 0] Pipeline 'egress': end
[21:51:11.504] [bmv2] [D] [thread 7010] [23.0] [cxt 0] Deparser 'deparser': start
[21:51:11.504] [bmv2] [T] [thread 7010] [23.0] [cxt 0] Skipping checksum 'cksum' update because condition not met
[21:51:11.504] [bmv2] [D] [thread 7010] [23.0] [cxt 0] Deparsing header 'ethernet'
[21:51:11.504] [bmv2] [D] [thread 7010] [23.0] [cxt 0] Deparser 'deparser': end
[21:51:11.504] [bmv2] [D] [thread 7014] [23.0] [cxt 0] Transmitting packet of size 70 out of port 0
[21:51:19.691] [bmv2] [D] [thread 7009] [24.0] [cxt 0] Processing packet received on port 3
[21:51:19.691] [bmv2] [D] [thread 7009] [24.0] [cxt 0] Parser 'parser': start
[21:51:19.691] [bmv2] [D] [thread 7009] [24.0] [cxt 0] Parser 'parser' entering state 'start'
[21:51:19.691] [bmv2] [D] [thread 7009] [24.0] [cxt 0] Extracting header 'ethernet'
[21:51:19.691] [bmv2] [D] [thread 7009] [24.0] [cxt 0] Parser state 'start': key is 86dd
[21:51:19.691] [bmv2] [T] [thread 7009] [24.0] [cxt 0] Bytes parsed: 14
[21:51:19.691] [bmv2] [D] [thread 7009] [24.0] [cxt 0] Parser 'parser': end
[21:51:19.691] [bmv2] [D] [thread 7009] [24.0] [cxt 0] Pipeline 'ingress': start
[21:51:19.692] [bmv2] [T] [thread 7009] [24.0] [cxt 0] qos.p4(197) Condition "hdr.ipv4.isValid()" (node_2) is false
[21:51:19.692] [bmv2] [D] [thread 7009] [24.0] [cxt 0] Pipeline 'ingress': end
[21:51:19.692] [bmv2] [D] [thread 7009] [24.0] [cxt 0] Egress port is 0
[21:51:19.692] [bmv2] [D] [thread 7010] [24.0] [cxt 0] Pipeline 'egress': start
[21:51:19.692] [bmv2] [D] [thread 7010] [24.0] [cxt 0] Pipeline 'egress': end
[21:51:19.692] [bmv2] [D] [thread 7010] [24.0] [cxt 0] Deparser 'deparser': start
[21:51:19.692] [bmv2] [T] [thread 7010] [24.0] [cxt 0] Skipping checksum 'cksum' update because condition not met
[21:51:19.692] [bmv2] [D] [thread 7010] [24.0] [cxt 0] Deparsing header 'ethernet'
[21:51:19.692] [bmv2] [D] [thread 7010] [24.0] [cxt 0] Deparser 'deparser': end
[21:51:19.692] [bmv2] [D] [thread 7014] [24.0] [cxt 0] Transmitting packet of size 70 out of port 0
[21:52:51.852] [bmv2] [D] [thread 7009] [25.0] [cxt 0] Processing packet received on port 3
[21:52:51.852] [bmv2] [D] [thread 7009] [25.0] [cxt 0] Parser 'parser': start
[21:52:51.852] [bmv2] [D] [thread 7009] [25.0] [cxt 0] Parser 'parser' entering state 'start'
[21:52:51.852] [bmv2] [D] [thread 7009] [25.0] [cxt 0] Extracting header 'ethernet'
[21:52:51.853] [bmv2] [D] [thread 7009] [25.0] [cxt 0] Parser state 'start': key is 86dd
[21:52:51.853] [bmv2] [T] [thread 7009] [25.0] [cxt 0] Bytes parsed: 14
[21:52:51.853] [bmv2] [D] [thread 7009] [25.0] [cxt 0] Parser 'parser': end
[21:52:51.854] [bmv2] [D] [thread 7009] [25.0] [cxt 0] Pipeline 'ingress': start
[21:52:51.854] [bmv2] [T] [thread 7009] [25.0] [cxt 0] qos.p4(197) Condition "hdr.ipv4.isValid()" (node_2) is false
[21:52:51.854] [bmv2] [D] [thread 7009] [25.0] [cxt 0] Pipeline 'ingress': end
[21:52:51.854] [bmv2] [D] [thread 7009] [25.0] [cxt 0] Egress port is 0
[21:52:51.854] [bmv2] [D] [thread 7010] [25.0] [cxt 0] Pipeline 'egress': start
[21:52:51.854] [bmv2] [D] [thread 7010] [25.0] [cxt 0] Pipeline 'egress': end
[21:52:51.854] [bmv2] [D] [thread 7010] [25.0] [cxt 0] Deparser 'deparser': start
[21:52:51.854] [bmv2] [T] [thread 7010] [25.0] [cxt 0] Skipping checksum 'cksum' update because condition not met
[21:52:51.854] [bmv2] [D] [thread 7010] [25.0] [cxt 0] Deparsing header 'ethernet'
[21:52:51.854] [bmv2] [D] [thread 7010] [25.0] [cxt 0] Deparser 'deparser': end
[21:52:51.855] [bmv2] [D] [thread 7014] [25.0] [cxt 0] Transmitting packet of size 70 out of port 0
[21:52:53.894] [bmv2] [D] [thread 7009] [26.0] [cxt 0] Processing packet received on port 2
[21:52:53.894] [bmv2] [D] [thread 7009] [26.0] [cxt 0] Parser 'parser': start
[21:52:53.894] [bmv2] [D] [thread 7009] [26.0] [cxt 0] Parser 'parser' entering state 'start'
[21:52:53.894] [bmv2] [D] [thread 7009] [26.0] [cxt 0] Extracting header 'ethernet'
[21:52:53.894] [bmv2] [D] [thread 7009] [26.0] [cxt 0] Parser state 'start': key is 86dd
[21:52:53.895] [bmv2] [T] [thread 7009] [26.0] [cxt 0] Bytes parsed: 14
[21:52:53.895] [bmv2] [D] [thread 7009] [26.0] [cxt 0] Parser 'parser': end
[21:52:53.895] [bmv2] [D] [thread 7009] [26.0] [cxt 0] Pipeline 'ingress': start
[21:52:53.895] [bmv2] [T] [thread 7009] [26.0] [cxt 0] qos.p4(197) Condition "hdr.ipv4.isValid()" (node_2) is false
[21:52:53.895] [bmv2] [D] [thread 7009] [26.0] [cxt 0] Pipeline 'ingress': end
[21:52:53.895] [bmv2] [D] [thread 7009] [26.0] [cxt 0] Egress port is 0
[21:52:53.896] [bmv2] [D] [thread 7010] [26.0] [cxt 0] Pipeline 'egress': start
[21:52:53.896] [bmv2] [D] [thread 7010] [26.0] [cxt 0] Pipeline 'egress': end
[21:52:53.897] [bmv2] [D] [thread 7010] [26.0] [cxt 0] Deparser 'deparser': start
[21:52:53.898] [bmv2] [T] [thread 7010] [26.0] [cxt 0] Skipping checksum 'cksum' update because condition not met
[21:52:53.898] [bmv2] [D] [thread 7010] [26.0] [cxt 0] Deparsing header 'ethernet'
[21:52:53.898] [bmv2] [D] [thread 7010] [26.0] [cxt 0] Deparser 'deparser': end
[21:52:53.898] [bmv2] [D] [thread 7014] [26.0] [cxt 0] Transmitting packet of size 70 out of port 0
[21:53:06.181] [bmv2] [D] [thread 7009] [27.0] [cxt 0] Processing packet received on port 1
[21:53:06.183] [bmv2] [D] [thread 7009] [27.0] [cxt 0] Parser 'parser': start
[21:53:06.183] [bmv2] [D] [thread 7009] [27.0] [cxt 0] Parser 'parser' entering state 'start'
[21:53:06.183] [bmv2] [D] [thread 7009] [27.0] [cxt 0] Extracting header 'ethernet'
[21:53:06.184] [bmv2] [D] [thread 7009] [27.0] [cxt 0] Parser state 'start': key is 86dd
[21:53:06.184] [bmv2] [T] [thread 7009] [27.0] [cxt 0] Bytes parsed: 14
[21:53:06.185] [bmv2] [D] [thread 7009] [27.0] [cxt 0] Parser 'parser': end
[21:53:06.185] [bmv2] [D] [thread 7009] [27.0] [cxt 0] Pipeline 'ingress': start
[21:53:06.185] [bmv2] [T] [thread 7009] [27.0] [cxt 0] qos.p4(197) Condition "hdr.ipv4.isValid()" (node_2) is false
[21:53:06.185] [bmv2] [D] [thread 7009] [27.0] [cxt 0] Pipeline 'ingress': end
[21:53:06.185] [bmv2] [D] [thread 7009] [27.0] [cxt 0] Egress port is 0
[21:53:06.186] [bmv2] [D] [thread 7010] [27.0] [cxt 0] Pipeline 'egress': start
[21:53:06.186] [bmv2] [D] [thread 7010] [27.0] [cxt 0] Pipeline 'egress': end
[21:53:06.186] [bmv2] [D] [thread 7010] [27.0] [cxt 0] Deparser 'deparser': start
[21:53:06.186] [bmv2] [T] [thread 7010] [27.0] [cxt 0] Skipping checksum 'cksum' update because condition not met
[21:53:06.186] [bmv2] [D] [thread 7010] [27.0] [cxt 0] Deparsing header 'ethernet'
[21:53:06.187] [bmv2] [D] [thread 7010] [27.0] [cxt 0] Deparser 'deparser': end
[21:53:06.187] [bmv2] [D] [thread 7014] [27.0] [cxt 0] Transmitting packet of size 70 out of port 0
[21:53:20.518] [bmv2] [D] [thread 7009] [28.0] [cxt 0] Processing packet received on port 2
[21:53:20.518] [bmv2] [D] [thread 7009] [28.0] [cxt 0] Parser 'parser': start
[21:53:20.518] [bmv2] [D] [thread 7009] [28.0] [cxt 0] Parser 'parser' entering state 'start'
[21:53:20.518] [bmv2] [D] [thread 7009] [28.0] [cxt 0] Extracting header 'ethernet'
[21:53:20.519] [bmv2] [D] [thread 7009] [28.0] [cxt 0] Parser state 'start': key is 86dd
[21:53:20.519] [bmv2] [T] [thread 7009] [28.0] [cxt 0] Bytes parsed: 14
[21:53:20.519] [bmv2] [D] [thread 7009] [28.0] [cxt 0] Parser 'parser': end
[21:53:20.519] [bmv2] [D] [thread 7009] [28.0] [cxt 0] Pipeline 'ingress': start
[21:53:20.519] [bmv2] [T] [thread 7009] [28.0] [cxt 0] qos.p4(197) Condition "hdr.ipv4.isValid()" (node_2) is false
[21:53:20.519] [bmv2] [D] [thread 7009] [28.0] [cxt 0] Pipeline 'ingress': end
[21:53:20.519] [bmv2] [D] [thread 7009] [28.0] [cxt 0] Egress port is 0
[21:53:20.522] [bmv2] [D] [thread 7010] [28.0] [cxt 0] Pipeline 'egress': start
[21:53:20.522] [bmv2] [D] [thread 7010] [28.0] [cxt 0] Pipeline 'egress': end
[21:53:20.522] [bmv2] [D] [thread 7010] [28.0] [cxt 0] Deparser 'deparser': start
[21:53:20.522] [bmv2] [T] [thread 7010] [28.0] [cxt 0] Skipping checksum 'cksum' update because condition not met
[21:53:20.522] [bmv2] [D] [thread 7010] [28.0] [cxt 0] Deparsing header 'ethernet'
[21:53:20.522] [bmv2] [D] [thread 7010] [28.0] [cxt 0] Deparser 'deparser': end
[21:53:20.523] [bmv2] [D] [thread 7014] [28.0] [cxt 0] Transmitting packet of size 70 out of port 0
[21:53:47.144] [bmv2] [D] [thread 7009] [29.0] [cxt 0] Processing packet received on port 3
[21:53:47.144] [bmv2] [D] [thread 7009] [29.0] [cxt 0] Parser 'parser': start
[21:53:47.144] [bmv2] [D] [thread 7009] [29.0] [cxt 0] Parser 'parser' entering state 'start'
[21:53:47.144] [bmv2] [D] [thread 7009] [29.0] [cxt 0] Extracting header 'ethernet'
[21:53:47.145] [bmv2] [D] [thread 7009] [29.0] [cxt 0] Parser state 'start': key is 86dd
[21:53:47.145] [bmv2] [T] [thread 7009] [29.0] [cxt 0] Bytes parsed: 14
[21:53:47.145] [bmv2] [D] [thread 7009] [29.0] [cxt 0] Parser 'parser': end
[21:53:47.145] [bmv2] [D] [thread 7009] [29.0] [cxt 0] Pipeline 'ingress': start
[21:53:47.145] [bmv2] [T] [thread 7009] [29.0] [cxt 0] qos.p4(197) Condition "hdr.ipv4.isValid()" (node_2) is false
[21:53:47.145] [bmv2] [D] [thread 7009] [29.0] [cxt 0] Pipeline 'ingress': end
[21:53:47.145] [bmv2] [D] [thread 7009] [29.0] [cxt 0] Egress port is 0
[21:53:47.149] [bmv2] [D] [thread 7010] [29.0] [cxt 0] Pipeline 'egress': start
[21:53:47.149] [bmv2] [D] [thread 7010] [29.0] [cxt 0] Pipeline 'egress': end
[21:53:47.149] [bmv2] [D] [thread 7010] [29.0] [cxt 0] Deparser 'deparser': start
[21:53:47.149] [bmv2] [T] [thread 7010] [29.0] [cxt 0] Skipping checksum 'cksum' update because condition not met
[21:53:47.150] [bmv2] [D] [thread 7010] [29.0] [cxt 0] Deparsing header 'ethernet'
[21:53:47.150] [bmv2] [D] [thread 7010] [29.0] [cxt 0] Deparser 'deparser': end
[21:53:47.151] [bmv2] [D] [thread 7014] [29.0] [cxt 0] Transmitting packet of size 70 out of port 0
open: No such file or directory
open: No such file or directory
open: No such file or directory
