Calling target program-options parser
[02:53:04.000] [bmv2] [D] [thread 10993] Set default default entry for table 'tbl_qos198': qos198 - 
[02:53:04.000] [bmv2] [D] [thread 10993] Set default default entry for table 'tbl_qos200': qos200 - 
[02:53:04.000] [bmv2] [D] [thread 10993] Set default default entry for table 'tbl_qos202': qos202 - 
[02:53:04.000] [bmv2] [D] [thread 10993] Set default default entry for table 'tbl_qos208': qos208 - 
[02:53:04.000] [bmv2] [D] [thread 10993] Set default default entry for table 'MyIngress.ipv4_lpm': NoAction - 
[02:53:04.001] [bmv2] [D] [thread 10993] Set default default entry for table 'tbl_qos229': qos229 - 
[02:53:04.001] [bmv2] [D] [thread 10993] Set default default entry for table 'tbl_qos231': qos231 - 
[02:53:04.001] [bmv2] [D] [thread 10993] Set default default entry for table 'tbl_qos233': qos233 - 
Adding interface s3-eth1 as port 1
[02:53:04.013] [bmv2] [D] [thread 10993] Adding interface s3-eth1 as port 1
Adding interface s3-eth2 as port 2
[02:53:04.040] [bmv2] [D] [thread 10993] Adding interface s3-eth2 as port 2
Adding interface s3-eth3 as port 3
[02:53:04.058] [bmv2] [D] [thread 10993] Adding interface s3-eth3 as port 3
Server listening on 0.0.0.0:50053
[02:53:04.068] [bmv2] [I] [thread 10993] Starting Thrift server on port 9092
[02:53:04.073] [bmv2] [I] [thread 10993] Thrift server was started
[02:53:05.644] [bmv2] [D] [thread 11003] [0.0] [cxt 0] Processing packet received on port 1
[02:53:05.644] [bmv2] [D] [thread 11003] [0.0] [cxt 0] Parser 'parser': start
[02:53:05.644] [bmv2] [D] [thread 11003] [0.0] [cxt 0] Parser 'parser' entering state 'start'
[02:53:05.644] [bmv2] [D] [thread 11003] [0.0] [cxt 0] Extracting header 'ethernet'
[02:53:05.645] [bmv2] [D] [thread 11003] [0.0] [cxt 0] Parser state 'start': key is 86dd
[02:53:05.645] [bmv2] [T] [thread 11003] [0.0] [cxt 0] Bytes parsed: 14
[02:53:05.645] [bmv2] [D] [thread 11003] [0.0] [cxt 0] Parser 'parser': end
[02:53:05.645] [bmv2] [D] [thread 11003] [0.0] [cxt 0] Pipeline 'ingress': start
[02:53:05.645] [bmv2] [T] [thread 11003] [0.0] [cxt 0] qos.p4(197) Condition "hdr.vlan.pcp == 7" (node_2) is false
[02:53:05.645] [bmv2] [T] [thread 11003] [0.0] [cxt 0] qos.p4(199) Condition "hdr.vlan.pcp >= 4" (node_4) is false
[02:53:05.645] [bmv2] [T] [thread 11003] [0.0] [cxt 0] Applying table 'tbl_qos202'
[02:53:05.645] [bmv2] [D] [thread 11003] [0.0] [cxt 0] Looking up key:

[02:53:05.645] [bmv2] [D] [thread 11003] [0.0] [cxt 0] Table 'tbl_qos202': miss
[02:53:05.648] [bmv2] [D] [thread 11003] [0.0] [cxt 0] Action entry is qos202 - 
[02:53:05.648] [bmv2] [T] [thread 11003] [0.0] [cxt 0] Action qos202
[02:53:05.648] [bmv2] [T] [thread 11003] [0.0] [cxt 0] qos.p4(202) Primitive meta.qos_priority = 1
[02:53:05.648] [bmv2] [T] [thread 11003] [0.0] [cxt 0] qos.p4(205) Condition "hdr.ipv4.isValid()" (node_7) is false
[02:53:05.648] [bmv2] [D] [thread 11003] [0.0] [cxt 0] Pipeline 'ingress': end
[02:53:05.648] [bmv2] [D] [thread 11003] [0.0] [cxt 0] Egress port is 0
[02:53:05.649] [bmv2] [D] [thread 11004] [0.0] [cxt 0] Pipeline 'egress': start
[02:53:05.649] [bmv2] [T] [thread 11004] [0.0] [cxt 0] qos.p4(228) Condition "meta.qos_priority == 3" (node_14) is false
[02:53:05.649] [bmv2] [T] [thread 11004] [0.0] [cxt 0] qos.p4(230) Condition "meta.qos_priority == 2" (node_16) is false
[02:53:05.649] [bmv2] [T] [thread 11004] [0.0] [cxt 0] Applying table 'tbl_qos233'
[02:53:05.649] [bmv2] [D] [thread 11004] [0.0] [cxt 0] Looking up key:

[02:53:05.649] [bmv2] [D] [thread 11004] [0.0] [cxt 0] Table 'tbl_qos233': miss
[02:53:05.649] [bmv2] [D] [thread 11004] [0.0] [cxt 0] Action entry is qos233 - 
[02:53:05.649] [bmv2] [T] [thread 11004] [0.0] [cxt 0] Action qos233
[02:53:05.649] [bmv2] [T] [thread 11004] [0.0] [cxt 0] qos.p4(233) Primitive standard_metadata.egress_spec = 2
[02:53:05.649] [bmv2] [D] [thread 11004] [0.0] [cxt 0] Pipeline 'egress': end
[02:53:05.649] [bmv2] [D] [thread 11004] [0.0] [cxt 0] Deparser 'deparser': start
[02:53:05.649] [bmv2] [T] [thread 11004] [0.0] [cxt 0] Skipping checksum 'cksum' update because condition not met
[02:53:05.649] [bmv2] [D] [thread 11004] [0.0] [cxt 0] Deparsing header 'ethernet'
[02:53:05.649] [bmv2] [D] [thread 11004] [0.0] [cxt 0] Deparser 'deparser': end
[02:53:05.649] [bmv2] [D] [thread 11008] [0.0] [cxt 0] Transmitting packet of size 70 out of port 0
[02:53:05.902] [bmv2] [D] [thread 11003] [1.0] [cxt 0] Processing packet received on port 2
[02:53:05.902] [bmv2] [D] [thread 11003] [1.0] [cxt 0] Parser 'parser': start
[02:53:05.902] [bmv2] [D] [thread 11003] [1.0] [cxt 0] Parser 'parser' entering state 'start'
[02:53:05.902] [bmv2] [D] [thread 11003] [1.0] [cxt 0] Extracting header 'ethernet'
[02:53:05.902] [bmv2] [D] [thread 11003] [1.0] [cxt 0] Parser state 'start': key is 86dd
[02:53:05.902] [bmv2] [T] [thread 11003] [1.0] [cxt 0] Bytes parsed: 14
[02:53:05.902] [bmv2] [D] [thread 11003] [1.0] [cxt 0] Parser 'parser': end
[02:53:05.902] [bmv2] [D] [thread 11003] [1.0] [cxt 0] Pipeline 'ingress': start
[02:53:05.902] [bmv2] [T] [thread 11003] [1.0] [cxt 0] qos.p4(197) Condition "hdr.vlan.pcp == 7" (node_2) is false
[02:53:05.902] [bmv2] [T] [thread 11003] [1.0] [cxt 0] qos.p4(199) Condition "hdr.vlan.pcp >= 4" (node_4) is false
[02:53:05.902] [bmv2] [T] [thread 11003] [1.0] [cxt 0] Applying table 'tbl_qos202'
[02:53:05.902] [bmv2] [D] [thread 11003] [1.0] [cxt 0] Looking up key:

[02:53:05.902] [bmv2] [D] [thread 11003] [1.0] [cxt 0] Table 'tbl_qos202': miss
[02:53:05.902] [bmv2] [D] [thread 11003] [1.0] [cxt 0] Action entry is qos202 - 
[02:53:05.902] [bmv2] [T] [thread 11003] [1.0] [cxt 0] Action qos202
[02:53:05.902] [bmv2] [T] [thread 11003] [1.0] [cxt 0] qos.p4(202) Primitive meta.qos_priority = 1
[02:53:05.902] [bmv2] [T] [thread 11003] [1.0] [cxt 0] qos.p4(205) Condition "hdr.ipv4.isValid()" (node_7) is false
[02:53:05.902] [bmv2] [D] [thread 11003] [1.0] [cxt 0] Pipeline 'ingress': end
[02:53:05.902] [bmv2] [D] [thread 11003] [1.0] [cxt 0] Egress port is 0
[02:53:05.903] [bmv2] [D] [thread 11004] [1.0] [cxt 0] Pipeline 'egress': start
[02:53:05.903] [bmv2] [T] [thread 11004] [1.0] [cxt 0] qos.p4(228) Condition "meta.qos_priority == 3" (node_14) is false
[02:53:05.903] [bmv2] [T] [thread 11004] [1.0] [cxt 0] qos.p4(230) Condition "meta.qos_priority == 2" (node_16) is false
[02:53:05.903] [bmv2] [T] [thread 11004] [1.0] [cxt 0] Applying table 'tbl_qos233'
[02:53:05.903] [bmv2] [D] [thread 11004] [1.0] [cxt 0] Looking up key:

[02:53:05.903] [bmv2] [D] [thread 11004] [1.0] [cxt 0] Table 'tbl_qos233': miss
[02:53:05.903] [bmv2] [D] [thread 11004] [1.0] [cxt 0] Action entry is qos233 - 
[02:53:05.903] [bmv2] [T] [thread 11004] [1.0] [cxt 0] Action qos233
[02:53:05.903] [bmv2] [T] [thread 11004] [1.0] [cxt 0] qos.p4(233) Primitive standard_metadata.egress_spec = 2
[02:53:05.903] [bmv2] [D] [thread 11004] [1.0] [cxt 0] Pipeline 'egress': end
[02:53:05.903] [bmv2] [D] [thread 11004] [1.0] [cxt 0] Deparser 'deparser': start
[02:53:05.903] [bmv2] [T] [thread 11004] [1.0] [cxt 0] Skipping checksum 'cksum' update because condition not met
[02:53:05.903] [bmv2] [D] [thread 11004] [1.0] [cxt 0] Deparsing header 'ethernet'
[02:53:05.903] [bmv2] [D] [thread 11004] [1.0] [cxt 0] Deparser 'deparser': end
[02:53:05.903] [bmv2] [D] [thread 11008] [1.0] [cxt 0] Transmitting packet of size 70 out of port 0
[02:53:06.020] [bmv2] [W] [thread 11047] [P4Runtime] p4::tmp::P4DeviceConfig is deprecated
[02:53:06.035] [bmv2] [D] [thread 11047] Set default default entry for table 'tbl_qos198': qos198 - 
[02:53:06.035] [bmv2] [D] [thread 11047] Set default default entry for table 'tbl_qos200': qos200 - 
[02:53:06.035] [bmv2] [D] [thread 11047] Set default default entry for table 'tbl_qos202': qos202 - 
[02:53:06.035] [bmv2] [D] [thread 11047] Set default default entry for table 'tbl_qos208': qos208 - 
[02:53:06.035] [bmv2] [D] [thread 11047] Set default default entry for table 'MyIngress.ipv4_lpm': NoAction - 
[02:53:06.036] [bmv2] [D] [thread 11047] Set default default entry for table 'tbl_qos229': qos229 - 
[02:53:06.036] [bmv2] [D] [thread 11047] Set default default entry for table 'tbl_qos231': qos231 - 
[02:53:06.036] [bmv2] [D] [thread 11047] Set default default entry for table 'tbl_qos233': qos233 - 
[02:53:06.039] [bmv2] [D] [thread 11047] simple_switch target has been notified of a config swap
[02:53:06.046] [bmv2] [D] [thread 11049] Entry 0 added to table 'MyIngress.ipv4_lpm'
[02:53:06.046] [bmv2] [D] [thread 11049] Dumping entry 0
Match key:
* hdr.ipv4.dstAddr    : LPM       0a000303/32
Action entry: MyIngress.ipv4_forward - 80000000303,1,

[02:53:06.051] [bmv2] [D] [thread 11047] Entry 1 added to table 'MyIngress.ipv4_lpm'
[02:53:06.051] [bmv2] [D] [thread 11047] Dumping entry 1
Match key:
* hdr.ipv4.dstAddr    : LPM       0a000100/24
Action entry: MyIngress.ipv4_forward - 80000000100,2,

[02:53:06.056] [bmv2] [D] [thread 11049] Entry 2 added to table 'MyIngress.ipv4_lpm'
[02:53:06.056] [bmv2] [D] [thread 11049] Dumping entry 2
Match key:
* hdr.ipv4.dstAddr    : LPM       0a000200/24
Action entry: MyIngress.ipv4_forward - 80000000200,3,

[02:53:06.154] [bmv2] [D] [thread 11003] [2.0] [cxt 0] Processing packet received on port 2
[02:53:06.155] [bmv2] [D] [thread 11003] [2.0] [cxt 0] Parser 'parser': start
[02:53:06.155] [bmv2] [D] [thread 11003] [2.0] [cxt 0] Parser 'parser' entering state 'start'
[02:53:06.155] [bmv2] [D] [thread 11003] [2.0] [cxt 0] Extracting header 'ethernet'
[02:53:06.155] [bmv2] [D] [thread 11003] [2.0] [cxt 0] Parser state 'start': key is 86dd
[02:53:06.155] [bmv2] [T] [thread 11003] [2.0] [cxt 0] Bytes parsed: 14
[02:53:06.155] [bmv2] [D] [thread 11003] [2.0] [cxt 0] Parser 'parser': end
[02:53:06.155] [bmv2] [D] [thread 11003] [2.0] [cxt 0] Pipeline 'ingress': start
[02:53:06.155] [bmv2] [T] [thread 11003] [2.0] [cxt 0] qos.p4(197) Condition "hdr.vlan.pcp == 7" (node_2) is false
[02:53:06.155] [bmv2] [T] [thread 11003] [2.0] [cxt 0] qos.p4(199) Condition "hdr.vlan.pcp >= 4" (node_4) is false
[02:53:06.155] [bmv2] [T] [thread 11003] [2.0] [cxt 0] Applying table 'tbl_qos202'
[02:53:06.155] [bmv2] [D] [thread 11003] [2.0] [cxt 0] Looking up key:

[02:53:06.155] [bmv2] [D] [thread 11003] [2.0] [cxt 0] Table 'tbl_qos202': miss
[02:53:06.155] [bmv2] [D] [thread 11003] [2.0] [cxt 0] Action entry is qos202 - 
[02:53:06.155] [bmv2] [T] [thread 11003] [2.0] [cxt 0] Action qos202
[02:53:06.155] [bmv2] [T] [thread 11003] [2.0] [cxt 0] qos.p4(202) Primitive meta.qos_priority = 1
[02:53:06.155] [bmv2] [T] [thread 11003] [2.0] [cxt 0] qos.p4(205) Condition "hdr.ipv4.isValid()" (node_7) is false
[02:53:06.155] [bmv2] [D] [thread 11003] [2.0] [cxt 0] Pipeline 'ingress': end
[02:53:06.155] [bmv2] [D] [thread 11003] [2.0] [cxt 0] Egress port is 0
[02:53:06.156] [bmv2] [D] [thread 11004] [2.0] [cxt 0] Pipeline 'egress': start
[02:53:06.156] [bmv2] [T] [thread 11004] [2.0] [cxt 0] qos.p4(228) Condition "meta.qos_priority == 3" (node_14) is false
[02:53:06.156] [bmv2] [T] [thread 11004] [2.0] [cxt 0] qos.p4(230) Condition "meta.qos_priority == 2" (node_16) is false
[02:53:06.156] [bmv2] [T] [thread 11004] [2.0] [cxt 0] Applying table 'tbl_qos233'
[02:53:06.156] [bmv2] [D] [thread 11004] [2.0] [cxt 0] Looking up key:

[02:53:06.156] [bmv2] [D] [thread 11004] [2.0] [cxt 0] Table 'tbl_qos233': miss
[02:53:06.156] [bmv2] [D] [thread 11004] [2.0] [cxt 0] Action entry is qos233 - 
[02:53:06.156] [bmv2] [T] [thread 11004] [2.0] [cxt 0] Action qos233
[02:53:06.156] [bmv2] [T] [thread 11004] [2.0] [cxt 0] qos.p4(233) Primitive standard_metadata.egress_spec = 2
[02:53:06.156] [bmv2] [D] [thread 11004] [2.0] [cxt 0] Pipeline 'egress': end
[02:53:06.156] [bmv2] [D] [thread 11004] [2.0] [cxt 0] Deparser 'deparser': start
[02:53:06.156] [bmv2] [T] [thread 11004] [2.0] [cxt 0] Skipping checksum 'cksum' update because condition not met
[02:53:06.156] [bmv2] [D] [thread 11004] [2.0] [cxt 0] Deparsing header 'ethernet'
[02:53:06.156] [bmv2] [D] [thread 11004] [2.0] [cxt 0] Deparser 'deparser': end
[02:53:06.157] [bmv2] [D] [thread 11008] [2.0] [cxt 0] Transmitting packet of size 70 out of port 0
[02:53:06.415] [bmv2] [D] [thread 11003] [3.0] [cxt 0] Processing packet received on port 3
[02:53:06.415] [bmv2] [D] [thread 11003] [3.0] [cxt 0] Parser 'parser': start
[02:53:06.415] [bmv2] [D] [thread 11003] [3.0] [cxt 0] Parser 'parser' entering state 'start'
[02:53:06.415] [bmv2] [D] [thread 11003] [3.0] [cxt 0] Extracting header 'ethernet'
[02:53:06.416] [bmv2] [D] [thread 11003] [3.0] [cxt 0] Parser state 'start': key is 86dd
[02:53:06.416] [bmv2] [T] [thread 11003] [3.0] [cxt 0] Bytes parsed: 14
[02:53:06.416] [bmv2] [D] [thread 11003] [3.0] [cxt 0] Parser 'parser': end
[02:53:06.416] [bmv2] [D] [thread 11003] [3.0] [cxt 0] Pipeline 'ingress': start
[02:53:06.416] [bmv2] [T] [thread 11003] [3.0] [cxt 0] qos.p4(197) Condition "hdr.vlan.pcp == 7" (node_2) is false
[02:53:06.416] [bmv2] [T] [thread 11003] [3.0] [cxt 0] qos.p4(199) Condition "hdr.vlan.pcp >= 4" (node_4) is false
[02:53:06.416] [bmv2] [T] [thread 11003] [3.0] [cxt 0] Applying table 'tbl_qos202'
[02:53:06.416] [bmv2] [D] [thread 11003] [3.0] [cxt 0] Looking up key:

[02:53:06.416] [bmv2] [D] [thread 11003] [3.0] [cxt 0] Table 'tbl_qos202': miss
[02:53:06.417] [bmv2] [D] [thread 11003] [3.0] [cxt 0] Action entry is qos202 - 
[02:53:06.417] [bmv2] [T] [thread 11003] [3.0] [cxt 0] Action qos202
[02:53:06.417] [bmv2] [T] [thread 11003] [3.0] [cxt 0] qos.p4(202) Primitive meta.qos_priority = 1
[02:53:06.417] [bmv2] [T] [thread 11003] [3.0] [cxt 0] qos.p4(205) Condition "hdr.ipv4.isValid()" (node_7) is false
[02:53:06.417] [bmv2] [D] [thread 11003] [3.0] [cxt 0] Pipeline 'ingress': end
[02:53:06.428] [bmv2] [D] [thread 11003] [3.0] [cxt 0] Egress port is 0
[02:53:06.430] [bmv2] [D] [thread 11004] [3.0] [cxt 0] Pipeline 'egress': start
[02:53:06.430] [bmv2] [T] [thread 11004] [3.0] [cxt 0] qos.p4(228) Condition "meta.qos_priority == 3" (node_14) is false
[02:53:06.430] [bmv2] [T] [thread 11004] [3.0] [cxt 0] qos.p4(230) Condition "meta.qos_priority == 2" (node_16) is false
[02:53:06.431] [bmv2] [T] [thread 11004] [3.0] [cxt 0] Applying table 'tbl_qos233'
[02:53:06.431] [bmv2] [D] [thread 11004] [3.0] [cxt 0] Looking up key:

[02:53:06.431] [bmv2] [D] [thread 11004] [3.0] [cxt 0] Table 'tbl_qos233': miss
[02:53:06.431] [bmv2] [D] [thread 11004] [3.0] [cxt 0] Action entry is qos233 - 
[02:53:06.431] [bmv2] [T] [thread 11004] [3.0] [cxt 0] Action qos233
[02:53:06.431] [bmv2] [T] [thread 11004] [3.0] [cxt 0] qos.p4(233) Primitive standard_metadata.egress_spec = 2
[02:53:06.431] [bmv2] [D] [thread 11004] [3.0] [cxt 0] Pipeline 'egress': end
[02:53:06.431] [bmv2] [D] [thread 11004] [3.0] [cxt 0] Deparser 'deparser': start
[02:53:06.431] [bmv2] [T] [thread 11004] [3.0] [cxt 0] Skipping checksum 'cksum' update because condition not met
[02:53:06.431] [bmv2] [D] [thread 11004] [3.0] [cxt 0] Deparsing header 'ethernet'
[02:53:06.431] [bmv2] [D] [thread 11004] [3.0] [cxt 0] Deparser 'deparser': end
[02:53:06.431] [bmv2] [D] [thread 11008] [3.0] [cxt 0] Transmitting packet of size 70 out of port 0
[02:53:06.930] [bmv2] [D] [thread 11003] [4.0] [cxt 0] Processing packet received on port 3
[02:53:06.930] [bmv2] [D] [thread 11003] [4.0] [cxt 0] Parser 'parser': start
[02:53:06.930] [bmv2] [D] [thread 11003] [4.0] [cxt 0] Parser 'parser' entering state 'start'
[02:53:06.931] [bmv2] [D] [thread 11003] [4.0] [cxt 0] Extracting header 'ethernet'
[02:53:06.931] [bmv2] [D] [thread 11003] [4.0] [cxt 0] Parser state 'start': key is 86dd
[02:53:06.931] [bmv2] [T] [thread 11003] [4.0] [cxt 0] Bytes parsed: 14
[02:53:06.931] [bmv2] [D] [thread 11003] [4.0] [cxt 0] Parser 'parser': end
[02:53:06.931] [bmv2] [D] [thread 11003] [4.0] [cxt 0] Pipeline 'ingress': start
[02:53:06.931] [bmv2] [T] [thread 11003] [4.0] [cxt 0] qos.p4(197) Condition "hdr.vlan.pcp == 7" (node_2) is false
[02:53:06.931] [bmv2] [T] [thread 11003] [4.0] [cxt 0] qos.p4(199) Condition "hdr.vlan.pcp >= 4" (node_4) is false
[02:53:06.931] [bmv2] [T] [thread 11003] [4.0] [cxt 0] Applying table 'tbl_qos202'
[02:53:06.932] [bmv2] [D] [thread 11003] [4.0] [cxt 0] Looking up key:

[02:53:06.932] [bmv2] [D] [thread 11003] [4.0] [cxt 0] Table 'tbl_qos202': miss
[02:53:06.932] [bmv2] [D] [thread 11003] [4.0] [cxt 0] Action entry is qos202 - 
[02:53:06.932] [bmv2] [T] [thread 11003] [4.0] [cxt 0] Action qos202
[02:53:06.932] [bmv2] [T] [thread 11003] [4.0] [cxt 0] qos.p4(202) Primitive meta.qos_priority = 1
[02:53:06.932] [bmv2] [T] [thread 11003] [4.0] [cxt 0] qos.p4(205) Condition "hdr.ipv4.isValid()" (node_7) is false
[02:53:06.932] [bmv2] [D] [thread 11003] [4.0] [cxt 0] Pipeline 'ingress': end
[02:53:06.932] [bmv2] [D] [thread 11003] [4.0] [cxt 0] Egress port is 0
[02:53:06.936] [bmv2] [D] [thread 11004] [4.0] [cxt 0] Pipeline 'egress': start
[02:53:06.936] [bmv2] [T] [thread 11004] [4.0] [cxt 0] qos.p4(228) Condition "meta.qos_priority == 3" (node_14) is false
[02:53:06.936] [bmv2] [T] [thread 11004] [4.0] [cxt 0] qos.p4(230) Condition "meta.qos_priority == 2" (node_16) is false
[02:53:06.936] [bmv2] [T] [thread 11004] [4.0] [cxt 0] Applying table 'tbl_qos233'
[02:53:06.936] [bmv2] [D] [thread 11004] [4.0] [cxt 0] Looking up key:

[02:53:06.936] [bmv2] [D] [thread 11004] [4.0] [cxt 0] Table 'tbl_qos233': miss
[02:53:06.936] [bmv2] [D] [thread 11004] [4.0] [cxt 0] Action entry is qos233 - 
[02:53:06.936] [bmv2] [T] [thread 11004] [4.0] [cxt 0] Action qos233
[02:53:06.936] [bmv2] [T] [thread 11004] [4.0] [cxt 0] qos.p4(233) Primitive standard_metadata.egress_spec = 2
[02:53:06.936] [bmv2] [D] [thread 11004] [4.0] [cxt 0] Pipeline 'egress': end
[02:53:06.936] [bmv2] [D] [thread 11004] [4.0] [cxt 0] Deparser 'deparser': start
[02:53:06.936] [bmv2] [T] [thread 11004] [4.0] [cxt 0] Skipping checksum 'cksum' update because condition not met
[02:53:06.936] [bmv2] [D] [thread 11004] [4.0] [cxt 0] Deparsing header 'ethernet'
[02:53:06.937] [bmv2] [D] [thread 11004] [4.0] [cxt 0] Deparser 'deparser': end
[02:53:06.937] [bmv2] [D] [thread 11008] [4.0] [cxt 0] Transmitting packet of size 70 out of port 0
[02:53:13.068] [bmv2] [D] [thread 11003] [5.0] [cxt 0] Processing packet received on port 1
[02:53:13.069] [bmv2] [D] [thread 11003] [5.0] [cxt 0] Parser 'parser': start
[02:53:13.069] [bmv2] [D] [thread 11003] [5.0] [cxt 0] Parser 'parser' entering state 'start'
[02:53:13.069] [bmv2] [D] [thread 11003] [5.0] [cxt 0] Extracting header 'ethernet'
[02:53:13.069] [bmv2] [D] [thread 11003] [5.0] [cxt 0] Parser state 'start': key is 86dd
[02:53:13.069] [bmv2] [T] [thread 11003] [5.0] [cxt 0] Bytes parsed: 14
[02:53:13.069] [bmv2] [D] [thread 11003] [5.0] [cxt 0] Parser 'parser': end
[02:53:13.070] [bmv2] [D] [thread 11003] [5.0] [cxt 0] Pipeline 'ingress': start
[02:53:13.074] [bmv2] [T] [thread 11003] [5.0] [cxt 0] qos.p4(197) Condition "hdr.vlan.pcp == 7" (node_2) is false
[02:53:13.074] [bmv2] [T] [thread 11003] [5.0] [cxt 0] qos.p4(199) Condition "hdr.vlan.pcp >= 4" (node_4) is false
[02:53:13.074] [bmv2] [T] [thread 11003] [5.0] [cxt 0] Applying table 'tbl_qos202'
[02:53:13.074] [bmv2] [D] [thread 11003] [5.0] [cxt 0] Looking up key:

[02:53:13.074] [bmv2] [D] [thread 11003] [5.0] [cxt 0] Table 'tbl_qos202': miss
[02:53:13.075] [bmv2] [D] [thread 11003] [5.0] [cxt 0] Action entry is qos202 - 
[02:53:13.075] [bmv2] [T] [thread 11003] [5.0] [cxt 0] Action qos202
[02:53:13.075] [bmv2] [T] [thread 11003] [5.0] [cxt 0] qos.p4(202) Primitive meta.qos_priority = 1
[02:53:13.075] [bmv2] [T] [thread 11003] [5.0] [cxt 0] qos.p4(205) Condition "hdr.ipv4.isValid()" (node_7) is false
[02:53:13.075] [bmv2] [D] [thread 11003] [5.0] [cxt 0] Pipeline 'ingress': end
[02:53:13.075] [bmv2] [D] [thread 11003] [5.0] [cxt 0] Egress port is 0
[02:53:13.078] [bmv2] [D] [thread 11004] [5.0] [cxt 0] Pipeline 'egress': start
[02:53:13.078] [bmv2] [T] [thread 11004] [5.0] [cxt 0] qos.p4(228) Condition "meta.qos_priority == 3" (node_14) is false
[02:53:13.078] [bmv2] [T] [thread 11004] [5.0] [cxt 0] qos.p4(230) Condition "meta.qos_priority == 2" (node_16) is false
[02:53:13.078] [bmv2] [T] [thread 11004] [5.0] [cxt 0] Applying table 'tbl_qos233'
[02:53:13.078] [bmv2] [D] [thread 11004] [5.0] [cxt 0] Looking up key:

[02:53:13.078] [bmv2] [D] [thread 11004] [5.0] [cxt 0] Table 'tbl_qos233': miss
[02:53:13.078] [bmv2] [D] [thread 11004] [5.0] [cxt 0] Action entry is qos233 - 
[02:53:13.078] [bmv2] [T] [thread 11004] [5.0] [cxt 0] Action qos233
[02:53:13.078] [bmv2] [T] [thread 11004] [5.0] [cxt 0] qos.p4(233) Primitive standard_metadata.egress_spec = 2
[02:53:13.078] [bmv2] [D] [thread 11004] [5.0] [cxt 0] Pipeline 'egress': end
[02:53:13.078] [bmv2] [D] [thread 11004] [5.0] [cxt 0] Deparser 'deparser': start
[02:53:13.078] [bmv2] [T] [thread 11004] [5.0] [cxt 0] Skipping checksum 'cksum' update because condition not met
[02:53:13.079] [bmv2] [D] [thread 11004] [5.0] [cxt 0] Deparsing header 'ethernet'
[02:53:13.079] [bmv2] [D] [thread 11004] [5.0] [cxt 0] Deparser 'deparser': end
[02:53:13.079] [bmv2] [D] [thread 11008] [5.0] [cxt 0] Transmitting packet of size 70 out of port 0
[02:53:13.079] [bmv2] [D] [thread 11003] [6.0] [cxt 0] Processing packet received on port 2
[02:53:13.079] [bmv2] [D] [thread 11003] [6.0] [cxt 0] Parser 'parser': start
[02:53:13.079] [bmv2] [D] [thread 11003] [6.0] [cxt 0] Parser 'parser' entering state 'start'
[02:53:13.079] [bmv2] [D] [thread 11003] [6.0] [cxt 0] Extracting header 'ethernet'
[02:53:13.079] [bmv2] [D] [thread 11003] [6.0] [cxt 0] Parser state 'start': key is 86dd
[02:53:13.079] [bmv2] [T] [thread 11003] [6.0] [cxt 0] Bytes parsed: 14
[02:53:13.079] [bmv2] [D] [thread 11003] [6.0] [cxt 0] Parser 'parser': end
[02:53:13.079] [bmv2] [D] [thread 11003] [6.0] [cxt 0] Pipeline 'ingress': start
[02:53:13.079] [bmv2] [T] [thread 11003] [6.0] [cxt 0] qos.p4(197) Condition "hdr.vlan.pcp == 7" (node_2) is false
[02:53:13.079] [bmv2] [T] [thread 11003] [6.0] [cxt 0] qos.p4(199) Condition "hdr.vlan.pcp >= 4" (node_4) is false
[02:53:13.079] [bmv2] [T] [thread 11003] [6.0] [cxt 0] Applying table 'tbl_qos202'
[02:53:13.080] [bmv2] [D] [thread 11003] [6.0] [cxt 0] Looking up key:

[02:53:13.080] [bmv2] [D] [thread 11003] [6.0] [cxt 0] Table 'tbl_qos202': miss
[02:53:13.080] [bmv2] [D] [thread 11003] [6.0] [cxt 0] Action entry is qos202 - 
[02:53:13.080] [bmv2] [T] [thread 11003] [6.0] [cxt 0] Action qos202
[02:53:13.080] [bmv2] [T] [thread 11003] [6.0] [cxt 0] qos.p4(202) Primitive meta.qos_priority = 1
[02:53:13.080] [bmv2] [T] [thread 11003] [6.0] [cxt 0] qos.p4(205) Condition "hdr.ipv4.isValid()" (node_7) is false
[02:53:13.080] [bmv2] [D] [thread 11003] [6.0] [cxt 0] Pipeline 'ingress': end
[02:53:13.080] [bmv2] [D] [thread 11003] [6.0] [cxt 0] Egress port is 0
[02:53:13.082] [bmv2] [D] [thread 11004] [6.0] [cxt 0] Pipeline 'egress': start
[02:53:13.082] [bmv2] [T] [thread 11004] [6.0] [cxt 0] qos.p4(228) Condition "meta.qos_priority == 3" (node_14) is false
[02:53:13.082] [bmv2] [T] [thread 11004] [6.0] [cxt 0] qos.p4(230) Condition "meta.qos_priority == 2" (node_16) is false
[02:53:13.082] [bmv2] [T] [thread 11004] [6.0] [cxt 0] Applying table 'tbl_qos233'
[02:53:13.082] [bmv2] [D] [thread 11004] [6.0] [cxt 0] Looking up key:

[02:53:13.082] [bmv2] [D] [thread 11004] [6.0] [cxt 0] Table 'tbl_qos233': miss
[02:53:13.082] [bmv2] [D] [thread 11004] [6.0] [cxt 0] Action entry is qos233 - 
[02:53:13.082] [bmv2] [T] [thread 11004] [6.0] [cxt 0] Action qos233
[02:53:13.082] [bmv2] [T] [thread 11004] [6.0] [cxt 0] qos.p4(233) Primitive standard_metadata.egress_spec = 2
[02:53:13.082] [bmv2] [D] [thread 11004] [6.0] [cxt 0] Pipeline 'egress': end
[02:53:13.082] [bmv2] [D] [thread 11004] [6.0] [cxt 0] Deparser 'deparser': start
[02:53:13.082] [bmv2] [T] [thread 11004] [6.0] [cxt 0] Skipping checksum 'cksum' update because condition not met
[02:53:13.082] [bmv2] [D] [thread 11004] [6.0] [cxt 0] Deparsing header 'ethernet'
[02:53:13.082] [bmv2] [D] [thread 11004] [6.0] [cxt 0] Deparser 'deparser': end
[02:53:13.083] [bmv2] [D] [thread 11008] [6.0] [cxt 0] Transmitting packet of size 70 out of port 0
[02:53:14.091] [bmv2] [D] [thread 11003] [7.0] [cxt 0] Processing packet received on port 2
[02:53:14.091] [bmv2] [D] [thread 11003] [7.0] [cxt 0] Parser 'parser': start
[02:53:14.091] [bmv2] [D] [thread 11003] [7.0] [cxt 0] Parser 'parser' entering state 'start'
[02:53:14.091] [bmv2] [D] [thread 11003] [7.0] [cxt 0] Extracting header 'ethernet'
[02:53:14.091] [bmv2] [D] [thread 11003] [7.0] [cxt 0] Parser state 'start': key is 86dd
[02:53:14.091] [bmv2] [T] [thread 11003] [7.0] [cxt 0] Bytes parsed: 14
[02:53:14.091] [bmv2] [D] [thread 11003] [7.0] [cxt 0] Parser 'parser': end
[02:53:14.091] [bmv2] [D] [thread 11003] [7.0] [cxt 0] Pipeline 'ingress': start
[02:53:14.091] [bmv2] [T] [thread 11003] [7.0] [cxt 0] qos.p4(197) Condition "hdr.vlan.pcp == 7" (node_2) is false
[02:53:14.091] [bmv2] [T] [thread 11003] [7.0] [cxt 0] qos.p4(199) Condition "hdr.vlan.pcp >= 4" (node_4) is false
[02:53:14.091] [bmv2] [T] [thread 11003] [7.0] [cxt 0] Applying table 'tbl_qos202'
[02:53:14.092] [bmv2] [D] [thread 11003] [7.0] [cxt 0] Looking up key:

[02:53:14.092] [bmv2] [D] [thread 11003] [7.0] [cxt 0] Table 'tbl_qos202': miss
[02:53:14.092] [bmv2] [D] [thread 11003] [7.0] [cxt 0] Action entry is qos202 - 
[02:53:14.092] [bmv2] [T] [thread 11003] [7.0] [cxt 0] Action qos202
[02:53:14.092] [bmv2] [T] [thread 11003] [7.0] [cxt 0] qos.p4(202) Primitive meta.qos_priority = 1
[02:53:14.092] [bmv2] [T] [thread 11003] [7.0] [cxt 0] qos.p4(205) Condition "hdr.ipv4.isValid()" (node_7) is false
[02:53:14.092] [bmv2] [D] [thread 11003] [7.0] [cxt 0] Pipeline 'ingress': end
[02:53:14.092] [bmv2] [D] [thread 11003] [7.0] [cxt 0] Egress port is 0
[02:53:14.092] [bmv2] [D] [thread 11003] [8.0] [cxt 0] Processing packet received on port 3
[02:53:14.092] [bmv2] [D] [thread 11003] [8.0] [cxt 0] Parser 'parser': start
[02:53:14.092] [bmv2] [D] [thread 11003] [8.0] [cxt 0] Parser 'parser' entering state 'start'
[02:53:14.092] [bmv2] [D] [thread 11003] [8.0] [cxt 0] Extracting header 'ethernet'
[02:53:14.092] [bmv2] [D] [thread 11003] [8.0] [cxt 0] Parser state 'start': key is 86dd
[02:53:14.092] [bmv2] [T] [thread 11003] [8.0] [cxt 0] Bytes parsed: 14
[02:53:14.092] [bmv2] [D] [thread 11003] [8.0] [cxt 0] Parser 'parser': end
[02:53:14.092] [bmv2] [D] [thread 11003] [8.0] [cxt 0] Pipeline 'ingress': start
[02:53:14.092] [bmv2] [T] [thread 11003] [8.0] [cxt 0] qos.p4(197) Condition "hdr.vlan.pcp == 7" (node_2) is false
[02:53:14.092] [bmv2] [T] [thread 11003] [8.0] [cxt 0] qos.p4(199) Condition "hdr.vlan.pcp >= 4" (node_4) is false
[02:53:14.092] [bmv2] [T] [thread 11003] [8.0] [cxt 0] Applying table 'tbl_qos202'
[02:53:14.092] [bmv2] [D] [thread 11003] [8.0] [cxt 0] Looking up key:

[02:53:14.092] [bmv2] [D] [thread 11003] [8.0] [cxt 0] Table 'tbl_qos202': miss
[02:53:14.092] [bmv2] [D] [thread 11003] [8.0] [cxt 0] Action entry is qos202 - 
[02:53:14.092] [bmv2] [T] [thread 11003] [8.0] [cxt 0] Action qos202
[02:53:14.092] [bmv2] [T] [thread 11003] [8.0] [cxt 0] qos.p4(202) Primitive meta.qos_priority = 1
[02:53:14.092] [bmv2] [T] [thread 11003] [8.0] [cxt 0] qos.p4(205) Condition "hdr.ipv4.isValid()" (node_7) is false
[02:53:14.092] [bmv2] [D] [thread 11003] [8.0] [cxt 0] Pipeline 'ingress': end
[02:53:14.092] [bmv2] [D] [thread 11003] [8.0] [cxt 0] Egress port is 0
[02:53:14.094] [bmv2] [D] [thread 11004] [7.0] [cxt 0] Pipeline 'egress': start
[02:53:14.094] [bmv2] [T] [thread 11004] [7.0] [cxt 0] qos.p4(228) Condition "meta.qos_priority == 3" (node_14) is false
[02:53:14.094] [bmv2] [T] [thread 11004] [7.0] [cxt 0] qos.p4(230) Condition "meta.qos_priority == 2" (node_16) is false
[02:53:14.094] [bmv2] [T] [thread 11004] [7.0] [cxt 0] Applying table 'tbl_qos233'
[02:53:14.094] [bmv2] [D] [thread 11004] [7.0] [cxt 0] Looking up key:

[02:53:14.095] [bmv2] [D] [thread 11004] [7.0] [cxt 0] Table 'tbl_qos233': miss
[02:53:14.095] [bmv2] [D] [thread 11004] [7.0] [cxt 0] Action entry is qos233 - 
[02:53:14.095] [bmv2] [T] [thread 11004] [7.0] [cxt 0] Action qos233
[02:53:14.095] [bmv2] [T] [thread 11004] [7.0] [cxt 0] qos.p4(233) Primitive standard_metadata.egress_spec = 2
[02:53:14.095] [bmv2] [D] [thread 11004] [7.0] [cxt 0] Pipeline 'egress': end
[02:53:14.095] [bmv2] [D] [thread 11004] [7.0] [cxt 0] Deparser 'deparser': start
[02:53:14.095] [bmv2] [T] [thread 11004] [7.0] [cxt 0] Skipping checksum 'cksum' update because condition not met
[02:53:14.095] [bmv2] [D] [thread 11004] [7.0] [cxt 0] Deparsing header 'ethernet'
[02:53:14.095] [bmv2] [D] [thread 11004] [7.0] [cxt 0] Deparser 'deparser': end
[02:53:14.095] [bmv2] [D] [thread 11004] [8.0] [cxt 0] Pipeline 'egress': start
[02:53:14.095] [bmv2] [T] [thread 11004] [8.0] [cxt 0] qos.p4(228) Condition "meta.qos_priority == 3" (node_14) is false
[02:53:14.095] [bmv2] [T] [thread 11004] [8.0] [cxt 0] qos.p4(230) Condition "meta.qos_priority == 2" (node_16) is false
[02:53:14.095] [bmv2] [T] [thread 11004] [8.0] [cxt 0] Applying table 'tbl_qos233'
[02:53:14.095] [bmv2] [D] [thread 11004] [8.0] [cxt 0] Looking up key:

[02:53:14.095] [bmv2] [D] [thread 11004] [8.0] [cxt 0] Table 'tbl_qos233': miss
[02:53:14.095] [bmv2] [D] [thread 11004] [8.0] [cxt 0] Action entry is qos233 - 
[02:53:14.095] [bmv2] [T] [thread 11004] [8.0] [cxt 0] Action qos233
[02:53:14.095] [bmv2] [T] [thread 11004] [8.0] [cxt 0] qos.p4(233) Primitive standard_metadata.egress_spec = 2
[02:53:14.095] [bmv2] [D] [thread 11004] [8.0] [cxt 0] Pipeline 'egress': end
[02:53:14.095] [bmv2] [D] [thread 11004] [8.0] [cxt 0] Deparser 'deparser': start
[02:53:14.095] [bmv2] [T] [thread 11004] [8.0] [cxt 0] Skipping checksum 'cksum' update because condition not met
[02:53:14.095] [bmv2] [D] [thread 11004] [8.0] [cxt 0] Deparsing header 'ethernet'
[02:53:14.095] [bmv2] [D] [thread 11004] [8.0] [cxt 0] Deparser 'deparser': end
[02:53:14.096] [bmv2] [D] [thread 11008] [7.0] [cxt 0] Transmitting packet of size 70 out of port 0
[02:53:14.096] [bmv2] [D] [thread 11008] [8.0] [cxt 0] Transmitting packet of size 70 out of port 0
[02:53:14.609] [bmv2] [D] [thread 11003] [9.0] [cxt 0] Processing packet received on port 3
[02:53:14.610] [bmv2] [D] [thread 11003] [9.0] [cxt 0] Parser 'parser': start
[02:53:14.610] [bmv2] [D] [thread 11003] [9.0] [cxt 0] Parser 'parser' entering state 'start'
[02:53:14.610] [bmv2] [D] [thread 11003] [9.0] [cxt 0] Extracting header 'ethernet'
[02:53:14.610] [bmv2] [D] [thread 11003] [9.0] [cxt 0] Parser state 'start': key is 86dd
[02:53:14.610] [bmv2] [T] [thread 11003] [9.0] [cxt 0] Bytes parsed: 14
[02:53:14.610] [bmv2] [D] [thread 11003] [9.0] [cxt 0] Parser 'parser': end
[02:53:14.610] [bmv2] [D] [thread 11003] [9.0] [cxt 0] Pipeline 'ingress': start
[02:53:14.610] [bmv2] [T] [thread 11003] [9.0] [cxt 0] qos.p4(197) Condition "hdr.vlan.pcp == 7" (node_2) is false
[02:53:14.610] [bmv2] [T] [thread 11003] [9.0] [cxt 0] qos.p4(199) Condition "hdr.vlan.pcp >= 4" (node_4) is false
[02:53:14.610] [bmv2] [T] [thread 11003] [9.0] [cxt 0] Applying table 'tbl_qos202'
[02:53:14.610] [bmv2] [D] [thread 11003] [9.0] [cxt 0] Looking up key:

[02:53:14.610] [bmv2] [D] [thread 11003] [9.0] [cxt 0] Table 'tbl_qos202': miss
[02:53:14.610] [bmv2] [D] [thread 11003] [9.0] [cxt 0] Action entry is qos202 - 
[02:53:14.610] [bmv2] [T] [thread 11003] [9.0] [cxt 0] Action qos202
[02:53:14.610] [bmv2] [T] [thread 11003] [9.0] [cxt 0] qos.p4(202) Primitive meta.qos_priority = 1
[02:53:14.610] [bmv2] [T] [thread 11003] [9.0] [cxt 0] qos.p4(205) Condition "hdr.ipv4.isValid()" (node_7) is false
[02:53:14.610] [bmv2] [D] [thread 11003] [9.0] [cxt 0] Pipeline 'ingress': end
[02:53:14.610] [bmv2] [D] [thread 11003] [9.0] [cxt 0] Egress port is 0
[02:53:14.614] [bmv2] [D] [thread 11004] [9.0] [cxt 0] Pipeline 'egress': start
[02:53:14.614] [bmv2] [T] [thread 11004] [9.0] [cxt 0] qos.p4(228) Condition "meta.qos_priority == 3" (node_14) is false
[02:53:14.614] [bmv2] [T] [thread 11004] [9.0] [cxt 0] qos.p4(230) Condition "meta.qos_priority == 2" (node_16) is false
[02:53:14.615] [bmv2] [T] [thread 11004] [9.0] [cxt 0] Applying table 'tbl_qos233'
[02:53:14.615] [bmv2] [D] [thread 11004] [9.0] [cxt 0] Looking up key:

[02:53:14.615] [bmv2] [D] [thread 11004] [9.0] [cxt 0] Table 'tbl_qos233': miss
[02:53:14.615] [bmv2] [D] [thread 11004] [9.0] [cxt 0] Action entry is qos233 - 
[02:53:14.615] [bmv2] [T] [thread 11004] [9.0] [cxt 0] Action qos233
[02:53:14.615] [bmv2] [T] [thread 11004] [9.0] [cxt 0] qos.p4(233) Primitive standard_metadata.egress_spec = 2
[02:53:14.615] [bmv2] [D] [thread 11004] [9.0] [cxt 0] Pipeline 'egress': end
[02:53:14.615] [bmv2] [D] [thread 11004] [9.0] [cxt 0] Deparser 'deparser': start
[02:53:14.615] [bmv2] [T] [thread 11004] [9.0] [cxt 0] Skipping checksum 'cksum' update because condition not met
[02:53:14.615] [bmv2] [D] [thread 11004] [9.0] [cxt 0] Deparsing header 'ethernet'
[02:53:14.615] [bmv2] [D] [thread 11004] [9.0] [cxt 0] Deparser 'deparser': end
[02:53:14.615] [bmv2] [D] [thread 11008] [9.0] [cxt 0] Transmitting packet of size 70 out of port 0
[02:53:27.918] [bmv2] [D] [thread 11003] [10.0] [cxt 0] Processing packet received on port 1
[02:53:27.919] [bmv2] [D] [thread 11003] [10.0] [cxt 0] Parser 'parser': start
[02:53:27.919] [bmv2] [D] [thread 11003] [10.0] [cxt 0] Parser 'parser' entering state 'start'
[02:53:27.919] [bmv2] [D] [thread 11003] [10.0] [cxt 0] Extracting header 'ethernet'
[02:53:27.919] [bmv2] [D] [thread 11003] [10.0] [cxt 0] Parser state 'start': key is 86dd
[02:53:27.919] [bmv2] [T] [thread 11003] [10.0] [cxt 0] Bytes parsed: 14
[02:53:27.919] [bmv2] [D] [thread 11003] [10.0] [cxt 0] Parser 'parser': end
[02:53:27.919] [bmv2] [D] [thread 11003] [10.0] [cxt 0] Pipeline 'ingress': start
[02:53:27.919] [bmv2] [T] [thread 11003] [10.0] [cxt 0] qos.p4(197) Condition "hdr.vlan.pcp == 7" (node_2) is false
[02:53:27.919] [bmv2] [T] [thread 11003] [10.0] [cxt 0] qos.p4(199) Condition "hdr.vlan.pcp >= 4" (node_4) is false
[02:53:27.920] [bmv2] [T] [thread 11003] [10.0] [cxt 0] Applying table 'tbl_qos202'
[02:53:27.920] [bmv2] [D] [thread 11003] [10.0] [cxt 0] Looking up key:

[02:53:27.920] [bmv2] [D] [thread 11003] [10.0] [cxt 0] Table 'tbl_qos202': miss
[02:53:27.920] [bmv2] [D] [thread 11003] [10.0] [cxt 0] Action entry is qos202 - 
[02:53:27.920] [bmv2] [T] [thread 11003] [10.0] [cxt 0] Action qos202
[02:53:27.920] [bmv2] [T] [thread 11003] [10.0] [cxt 0] qos.p4(202) Primitive meta.qos_priority = 1
[02:53:27.920] [bmv2] [T] [thread 11003] [10.0] [cxt 0] qos.p4(205) Condition "hdr.ipv4.isValid()" (node_7) is false
[02:53:27.920] [bmv2] [D] [thread 11003] [10.0] [cxt 0] Pipeline 'ingress': end
[02:53:27.920] [bmv2] [D] [thread 11003] [10.0] [cxt 0] Egress port is 0
[02:53:27.924] [bmv2] [D] [thread 11004] [10.0] [cxt 0] Pipeline 'egress': start
[02:53:27.925] [bmv2] [T] [thread 11004] [10.0] [cxt 0] qos.p4(228) Condition "meta.qos_priority == 3" (node_14) is false
[02:53:27.925] [bmv2] [T] [thread 11004] [10.0] [cxt 0] qos.p4(230) Condition "meta.qos_priority == 2" (node_16) is false
[02:53:27.925] [bmv2] [T] [thread 11004] [10.0] [cxt 0] Applying table 'tbl_qos233'
[02:53:27.925] [bmv2] [D] [thread 11004] [10.0] [cxt 0] Looking up key:

[02:53:27.925] [bmv2] [D] [thread 11004] [10.0] [cxt 0] Table 'tbl_qos233': miss
[02:53:27.926] [bmv2] [D] [thread 11004] [10.0] [cxt 0] Action entry is qos233 - 
[02:53:27.926] [bmv2] [T] [thread 11004] [10.0] [cxt 0] Action qos233
[02:53:27.926] [bmv2] [T] [thread 11004] [10.0] [cxt 0] qos.p4(233) Primitive standard_metadata.egress_spec = 2
[02:53:27.926] [bmv2] [D] [thread 11004] [10.0] [cxt 0] Pipeline 'egress': end
[02:53:27.926] [bmv2] [D] [thread 11004] [10.0] [cxt 0] Deparser 'deparser': start
[02:53:27.926] [bmv2] [T] [thread 11004] [10.0] [cxt 0] Skipping checksum 'cksum' update because condition not met
[02:53:27.926] [bmv2] [D] [thread 11004] [10.0] [cxt 0] Deparsing header 'ethernet'
[02:53:27.926] [bmv2] [D] [thread 11004] [10.0] [cxt 0] Deparser 'deparser': end
[02:53:27.926] [bmv2] [D] [thread 11008] [10.0] [cxt 0] Transmitting packet of size 70 out of port 0
[02:53:27.926] [bmv2] [D] [thread 11003] [11.0] [cxt 0] Processing packet received on port 2
[02:53:27.926] [bmv2] [D] [thread 11003] [11.0] [cxt 0] Parser 'parser': start
[02:53:27.927] [bmv2] [D] [thread 11003] [11.0] [cxt 0] Parser 'parser' entering state 'start'
[02:53:27.927] [bmv2] [D] [thread 11003] [11.0] [cxt 0] Extracting header 'ethernet'
[02:53:27.927] [bmv2] [D] [thread 11003] [11.0] [cxt 0] Parser state 'start': key is 86dd
[02:53:27.927] [bmv2] [T] [thread 11003] [11.0] [cxt 0] Bytes parsed: 14
[02:53:27.927] [bmv2] [D] [thread 11003] [11.0] [cxt 0] Parser 'parser': end
[02:53:27.927] [bmv2] [D] [thread 11003] [11.0] [cxt 0] Pipeline 'ingress': start
[02:53:27.927] [bmv2] [T] [thread 11003] [11.0] [cxt 0] qos.p4(197) Condition "hdr.vlan.pcp == 7" (node_2) is false
[02:53:27.927] [bmv2] [T] [thread 11003] [11.0] [cxt 0] qos.p4(199) Condition "hdr.vlan.pcp >= 4" (node_4) is false
[02:53:27.927] [bmv2] [T] [thread 11003] [11.0] [cxt 0] Applying table 'tbl_qos202'
[02:53:27.927] [bmv2] [D] [thread 11003] [11.0] [cxt 0] Looking up key:

[02:53:27.927] [bmv2] [D] [thread 11003] [11.0] [cxt 0] Table 'tbl_qos202': miss
[02:53:27.927] [bmv2] [D] [thread 11003] [11.0] [cxt 0] Action entry is qos202 - 
[02:53:27.927] [bmv2] [T] [thread 11003] [11.0] [cxt 0] Action qos202
[02:53:27.927] [bmv2] [T] [thread 11003] [11.0] [cxt 0] qos.p4(202) Primitive meta.qos_priority = 1
[02:53:27.927] [bmv2] [T] [thread 11003] [11.0] [cxt 0] qos.p4(205) Condition "hdr.ipv4.isValid()" (node_7) is false
[02:53:27.928] [bmv2] [D] [thread 11003] [11.0] [cxt 0] Pipeline 'ingress': end
[02:53:27.928] [bmv2] [D] [thread 11003] [11.0] [cxt 0] Egress port is 0
[02:53:27.929] [bmv2] [D] [thread 11004] [11.0] [cxt 0] Pipeline 'egress': start
[02:53:27.929] [bmv2] [T] [thread 11004] [11.0] [cxt 0] qos.p4(228) Condition "meta.qos_priority == 3" (node_14) is false
[02:53:27.929] [bmv2] [T] [thread 11004] [11.0] [cxt 0] qos.p4(230) Condition "meta.qos_priority == 2" (node_16) is false
[02:53:27.929] [bmv2] [T] [thread 11004] [11.0] [cxt 0] Applying table 'tbl_qos233'
[02:53:27.930] [bmv2] [D] [thread 11004] [11.0] [cxt 0] Looking up key:

[02:53:27.930] [bmv2] [D] [thread 11004] [11.0] [cxt 0] Table 'tbl_qos233': miss
[02:53:27.930] [bmv2] [D] [thread 11004] [11.0] [cxt 0] Action entry is qos233 - 
[02:53:27.930] [bmv2] [T] [thread 11004] [11.0] [cxt 0] Action qos233
[02:53:27.930] [bmv2] [T] [thread 11004] [11.0] [cxt 0] qos.p4(233) Primitive standard_metadata.egress_spec = 2
[02:53:27.930] [bmv2] [D] [thread 11004] [11.0] [cxt 0] Pipeline 'egress': end
[02:53:27.930] [bmv2] [D] [thread 11004] [11.0] [cxt 0] Deparser 'deparser': start
[02:53:27.930] [bmv2] [T] [thread 11004] [11.0] [cxt 0] Skipping checksum 'cksum' update because condition not met
[02:53:27.930] [bmv2] [D] [thread 11004] [11.0] [cxt 0] Deparsing header 'ethernet'
[02:53:27.930] [bmv2] [D] [thread 11004] [11.0] [cxt 0] Deparser 'deparser': end
[02:53:27.930] [bmv2] [D] [thread 11008] [11.0] [cxt 0] Transmitting packet of size 70 out of port 0
[02:53:28.686] [bmv2] [D] [thread 11003] [12.0] [cxt 0] Processing packet received on port 3
[02:53:28.686] [bmv2] [D] [thread 11003] [12.0] [cxt 0] Parser 'parser': start
[02:53:28.686] [bmv2] [D] [thread 11003] [12.0] [cxt 0] Parser 'parser' entering state 'start'
[02:53:28.686] [bmv2] [D] [thread 11003] [12.0] [cxt 0] Extracting header 'ethernet'
[02:53:28.686] [bmv2] [D] [thread 11003] [12.0] [cxt 0] Parser state 'start': key is 86dd
[02:53:28.686] [bmv2] [T] [thread 11003] [12.0] [cxt 0] Bytes parsed: 14
[02:53:28.686] [bmv2] [D] [thread 11003] [12.0] [cxt 0] Parser 'parser': end
[02:53:28.686] [bmv2] [D] [thread 11003] [12.0] [cxt 0] Pipeline 'ingress': start
[02:53:28.686] [bmv2] [T] [thread 11003] [12.0] [cxt 0] qos.p4(197) Condition "hdr.vlan.pcp == 7" (node_2) is false
[02:53:28.686] [bmv2] [T] [thread 11003] [12.0] [cxt 0] qos.p4(199) Condition "hdr.vlan.pcp >= 4" (node_4) is false
[02:53:28.687] [bmv2] [T] [thread 11003] [12.0] [cxt 0] Applying table 'tbl_qos202'
[02:53:28.687] [bmv2] [D] [thread 11003] [12.0] [cxt 0] Looking up key:

[02:53:28.687] [bmv2] [D] [thread 11003] [12.0] [cxt 0] Table 'tbl_qos202': miss
[02:53:28.687] [bmv2] [D] [thread 11003] [12.0] [cxt 0] Action entry is qos202 - 
[02:53:28.687] [bmv2] [T] [thread 11003] [12.0] [cxt 0] Action qos202
[02:53:28.687] [bmv2] [T] [thread 11003] [12.0] [cxt 0] qos.p4(202) Primitive meta.qos_priority = 1
[02:53:28.687] [bmv2] [T] [thread 11003] [12.0] [cxt 0] qos.p4(205) Condition "hdr.ipv4.isValid()" (node_7) is false
[02:53:28.687] [bmv2] [D] [thread 11003] [12.0] [cxt 0] Pipeline 'ingress': end
[02:53:28.687] [bmv2] [D] [thread 11003] [12.0] [cxt 0] Egress port is 0
[02:53:28.687] [bmv2] [D] [thread 11004] [12.0] [cxt 0] Pipeline 'egress': start
[02:53:28.687] [bmv2] [T] [thread 11004] [12.0] [cxt 0] qos.p4(228) Condition "meta.qos_priority == 3" (node_14) is false
[02:53:28.687] [bmv2] [T] [thread 11004] [12.0] [cxt 0] qos.p4(230) Condition "meta.qos_priority == 2" (node_16) is false
[02:53:28.687] [bmv2] [T] [thread 11004] [12.0] [cxt 0] Applying table 'tbl_qos233'
[02:53:28.687] [bmv2] [D] [thread 11004] [12.0] [cxt 0] Looking up key:

[02:53:28.687] [bmv2] [D] [thread 11004] [12.0] [cxt 0] Table 'tbl_qos233': miss
[02:53:28.687] [bmv2] [D] [thread 11004] [12.0] [cxt 0] Action entry is qos233 - 
[02:53:28.688] [bmv2] [T] [thread 11004] [12.0] [cxt 0] Action qos233
[02:53:28.688] [bmv2] [T] [thread 11004] [12.0] [cxt 0] qos.p4(233) Primitive standard_metadata.egress_spec = 2
[02:53:28.688] [bmv2] [D] [thread 11004] [12.0] [cxt 0] Pipeline 'egress': end
[02:53:28.688] [bmv2] [D] [thread 11004] [12.0] [cxt 0] Deparser 'deparser': start
[02:53:28.688] [bmv2] [T] [thread 11004] [12.0] [cxt 0] Skipping checksum 'cksum' update because condition not met
[02:53:28.688] [bmv2] [D] [thread 11004] [12.0] [cxt 0] Deparsing header 'ethernet'
[02:53:28.688] [bmv2] [D] [thread 11004] [12.0] [cxt 0] Deparser 'deparser': end
[02:53:28.688] [bmv2] [D] [thread 11008] [12.0] [cxt 0] Transmitting packet of size 70 out of port 0
[02:53:29.452] [bmv2] [D] [thread 11003] [13.0] [cxt 0] Processing packet received on port 2
[02:53:29.453] [bmv2] [D] [thread 11003] [13.0] [cxt 0] Parser 'parser': start
[02:53:29.453] [bmv2] [D] [thread 11003] [13.0] [cxt 0] Parser 'parser' entering state 'start'
[02:53:29.453] [bmv2] [D] [thread 11003] [13.0] [cxt 0] Extracting header 'ethernet'
[02:53:29.453] [bmv2] [D] [thread 11003] [13.0] [cxt 0] Parser state 'start': key is 86dd
[02:53:29.457] [bmv2] [T] [thread 11003] [13.0] [cxt 0] Bytes parsed: 14
[02:53:29.457] [bmv2] [D] [thread 11003] [13.0] [cxt 0] Parser 'parser': end
[02:53:29.457] [bmv2] [D] [thread 11003] [13.0] [cxt 0] Pipeline 'ingress': start
[02:53:29.458] [bmv2] [T] [thread 11003] [13.0] [cxt 0] qos.p4(197) Condition "hdr.vlan.pcp == 7" (node_2) is false
[02:53:29.458] [bmv2] [T] [thread 11003] [13.0] [cxt 0] qos.p4(199) Condition "hdr.vlan.pcp >= 4" (node_4) is false
[02:53:29.458] [bmv2] [T] [thread 11003] [13.0] [cxt 0] Applying table 'tbl_qos202'
[02:53:29.458] [bmv2] [D] [thread 11003] [13.0] [cxt 0] Looking up key:

[02:53:29.458] [bmv2] [D] [thread 11003] [13.0] [cxt 0] Table 'tbl_qos202': miss
[02:53:29.458] [bmv2] [D] [thread 11003] [13.0] [cxt 0] Action entry is qos202 - 
[02:53:29.458] [bmv2] [T] [thread 11003] [13.0] [cxt 0] Action qos202
[02:53:29.458] [bmv2] [T] [thread 11003] [13.0] [cxt 0] qos.p4(202) Primitive meta.qos_priority = 1
[02:53:29.467] [bmv2] [T] [thread 11003] [13.0] [cxt 0] qos.p4(205) Condition "hdr.ipv4.isValid()" (node_7) is false
[02:53:29.467] [bmv2] [D] [thread 11003] [13.0] [cxt 0] Pipeline 'ingress': end
[02:53:29.467] [bmv2] [D] [thread 11003] [13.0] [cxt 0] Egress port is 0
[02:53:29.468] [bmv2] [D] [thread 11004] [13.0] [cxt 0] Pipeline 'egress': start
[02:53:29.468] [bmv2] [T] [thread 11004] [13.0] [cxt 0] qos.p4(228) Condition "meta.qos_priority == 3" (node_14) is false
[02:53:29.468] [bmv2] [T] [thread 11004] [13.0] [cxt 0] qos.p4(230) Condition "meta.qos_priority == 2" (node_16) is false
[02:53:29.468] [bmv2] [T] [thread 11004] [13.0] [cxt 0] Applying table 'tbl_qos233'
[02:53:29.468] [bmv2] [D] [thread 11004] [13.0] [cxt 0] Looking up key:

[02:53:29.468] [bmv2] [D] [thread 11004] [13.0] [cxt 0] Table 'tbl_qos233': miss
[02:53:29.468] [bmv2] [D] [thread 11004] [13.0] [cxt 0] Action entry is qos233 - 
[02:53:29.468] [bmv2] [T] [thread 11004] [13.0] [cxt 0] Action qos233
[02:53:29.468] [bmv2] [T] [thread 11004] [13.0] [cxt 0] qos.p4(233) Primitive standard_metadata.egress_spec = 2
[02:53:29.468] [bmv2] [D] [thread 11004] [13.0] [cxt 0] Pipeline 'egress': end
[02:53:29.468] [bmv2] [D] [thread 11004] [13.0] [cxt 0] Deparser 'deparser': start
[02:53:29.468] [bmv2] [T] [thread 11004] [13.0] [cxt 0] Skipping checksum 'cksum' update because condition not met
[02:53:29.468] [bmv2] [D] [thread 11004] [13.0] [cxt 0] Deparsing header 'ethernet'
[02:53:29.468] [bmv2] [D] [thread 11004] [13.0] [cxt 0] Deparser 'deparser': end
[02:53:29.469] [bmv2] [D] [thread 11008] [13.0] [cxt 0] Transmitting packet of size 70 out of port 0
[02:53:29.710] [bmv2] [D] [thread 11003] [14.0] [cxt 0] Processing packet received on port 3
[02:53:29.710] [bmv2] [D] [thread 11003] [14.0] [cxt 0] Parser 'parser': start
[02:53:29.711] [bmv2] [D] [thread 11003] [14.0] [cxt 0] Parser 'parser' entering state 'start'
[02:53:29.711] [bmv2] [D] [thread 11003] [14.0] [cxt 0] Extracting header 'ethernet'
[02:53:29.714] [bmv2] [D] [thread 11003] [14.0] [cxt 0] Parser state 'start': key is 86dd
[02:53:29.715] [bmv2] [T] [thread 11003] [14.0] [cxt 0] Bytes parsed: 14
[02:53:29.715] [bmv2] [D] [thread 11003] [14.0] [cxt 0] Parser 'parser': end
[02:53:29.715] [bmv2] [D] [thread 11003] [14.0] [cxt 0] Pipeline 'ingress': start
[02:53:29.715] [bmv2] [T] [thread 11003] [14.0] [cxt 0] qos.p4(197) Condition "hdr.vlan.pcp == 7" (node_2) is false
[02:53:29.715] [bmv2] [T] [thread 11003] [14.0] [cxt 0] qos.p4(199) Condition "hdr.vlan.pcp >= 4" (node_4) is false
[02:53:29.715] [bmv2] [T] [thread 11003] [14.0] [cxt 0] Applying table 'tbl_qos202'
[02:53:29.716] [bmv2] [D] [thread 11003] [14.0] [cxt 0] Looking up key:

[02:53:29.716] [bmv2] [D] [thread 11003] [14.0] [cxt 0] Table 'tbl_qos202': miss
[02:53:29.716] [bmv2] [D] [thread 11003] [14.0] [cxt 0] Action entry is qos202 - 
[02:53:29.716] [bmv2] [T] [thread 11003] [14.0] [cxt 0] Action qos202
[02:53:29.716] [bmv2] [T] [thread 11003] [14.0] [cxt 0] qos.p4(202) Primitive meta.qos_priority = 1
[02:53:29.716] [bmv2] [T] [thread 11003] [14.0] [cxt 0] qos.p4(205) Condition "hdr.ipv4.isValid()" (node_7) is false
[02:53:29.716] [bmv2] [D] [thread 11003] [14.0] [cxt 0] Pipeline 'ingress': end
[02:53:29.716] [bmv2] [D] [thread 11003] [14.0] [cxt 0] Egress port is 0
[02:53:29.720] [bmv2] [D] [thread 11004] [14.0] [cxt 0] Pipeline 'egress': start
[02:53:29.720] [bmv2] [T] [thread 11004] [14.0] [cxt 0] qos.p4(228) Condition "meta.qos_priority == 3" (node_14) is false
[02:53:29.720] [bmv2] [T] [thread 11004] [14.0] [cxt 0] qos.p4(230) Condition "meta.qos_priority == 2" (node_16) is false
[02:53:29.720] [bmv2] [T] [thread 11004] [14.0] [cxt 0] Applying table 'tbl_qos233'
[02:53:29.721] [bmv2] [D] [thread 11004] [14.0] [cxt 0] Looking up key:

[02:53:29.721] [bmv2] [D] [thread 11004] [14.0] [cxt 0] Table 'tbl_qos233': miss
[02:53:29.721] [bmv2] [D] [thread 11004] [14.0] [cxt 0] Action entry is qos233 - 
[02:53:29.721] [bmv2] [T] [thread 11004] [14.0] [cxt 0] Action qos233
[02:53:29.721] [bmv2] [T] [thread 11004] [14.0] [cxt 0] qos.p4(233) Primitive standard_metadata.egress_spec = 2
[02:53:29.721] [bmv2] [D] [thread 11004] [14.0] [cxt 0] Pipeline 'egress': end
[02:53:29.721] [bmv2] [D] [thread 11004] [14.0] [cxt 0] Deparser 'deparser': start
[02:53:29.721] [bmv2] [T] [thread 11004] [14.0] [cxt 0] Skipping checksum 'cksum' update because condition not met
[02:53:29.721] [bmv2] [D] [thread 11004] [14.0] [cxt 0] Deparsing header 'ethernet'
[02:53:29.721] [bmv2] [D] [thread 11004] [14.0] [cxt 0] Deparser 'deparser': end
[02:53:29.721] [bmv2] [D] [thread 11008] [14.0] [cxt 0] Transmitting packet of size 70 out of port 0
[02:53:59.405] [bmv2] [D] [thread 11003] [15.0] [cxt 0] Processing packet received on port 1
[02:53:59.405] [bmv2] [D] [thread 11003] [15.0] [cxt 0] Parser 'parser': start
[02:53:59.405] [bmv2] [D] [thread 11003] [15.0] [cxt 0] Parser 'parser' entering state 'start'
[02:53:59.405] [bmv2] [D] [thread 11003] [15.0] [cxt 0] Extracting header 'ethernet'
[02:53:59.405] [bmv2] [D] [thread 11003] [15.0] [cxt 0] Parser state 'start': key is 86dd
[02:53:59.405] [bmv2] [T] [thread 11003] [15.0] [cxt 0] Bytes parsed: 14
[02:53:59.406] [bmv2] [D] [thread 11003] [15.0] [cxt 0] Parser 'parser': end
[02:53:59.406] [bmv2] [D] [thread 11003] [15.0] [cxt 0] Pipeline 'ingress': start
[02:53:59.406] [bmv2] [T] [thread 11003] [15.0] [cxt 0] qos.p4(197) Condition "hdr.vlan.pcp == 7" (node_2) is false
[02:53:59.406] [bmv2] [T] [thread 11003] [15.0] [cxt 0] qos.p4(199) Condition "hdr.vlan.pcp >= 4" (node_4) is false
[02:53:59.406] [bmv2] [T] [thread 11003] [15.0] [cxt 0] Applying table 'tbl_qos202'
[02:53:59.406] [bmv2] [D] [thread 11003] [15.0] [cxt 0] Looking up key:

[02:53:59.406] [bmv2] [D] [thread 11003] [15.0] [cxt 0] Table 'tbl_qos202': miss
[02:53:59.406] [bmv2] [D] [thread 11003] [15.0] [cxt 0] Action entry is qos202 - 
[02:53:59.406] [bmv2] [T] [thread 11003] [15.0] [cxt 0] Action qos202
[02:53:59.406] [bmv2] [T] [thread 11003] [15.0] [cxt 0] qos.p4(202) Primitive meta.qos_priority = 1
[02:53:59.406] [bmv2] [T] [thread 11003] [15.0] [cxt 0] qos.p4(205) Condition "hdr.ipv4.isValid()" (node_7) is false
[02:53:59.406] [bmv2] [D] [thread 11003] [15.0] [cxt 0] Pipeline 'ingress': end
[02:53:59.406] [bmv2] [D] [thread 11003] [15.0] [cxt 0] Egress port is 0
[02:53:59.410] [bmv2] [D] [thread 11004] [15.0] [cxt 0] Pipeline 'egress': start
[02:53:59.410] [bmv2] [T] [thread 11004] [15.0] [cxt 0] qos.p4(228) Condition "meta.qos_priority == 3" (node_14) is false
[02:53:59.410] [bmv2] [T] [thread 11004] [15.0] [cxt 0] qos.p4(230) Condition "meta.qos_priority == 2" (node_16) is false
[02:53:59.410] [bmv2] [T] [thread 11004] [15.0] [cxt 0] Applying table 'tbl_qos233'
[02:53:59.410] [bmv2] [D] [thread 11004] [15.0] [cxt 0] Looking up key:

[02:53:59.410] [bmv2] [D] [thread 11004] [15.0] [cxt 0] Table 'tbl_qos233': miss
[02:53:59.410] [bmv2] [D] [thread 11004] [15.0] [cxt 0] Action entry is qos233 - 
[02:53:59.410] [bmv2] [T] [thread 11004] [15.0] [cxt 0] Action qos233
[02:53:59.410] [bmv2] [T] [thread 11004] [15.0] [cxt 0] qos.p4(233) Primitive standard_metadata.egress_spec = 2
[02:53:59.411] [bmv2] [D] [thread 11004] [15.0] [cxt 0] Pipeline 'egress': end
[02:53:59.411] [bmv2] [D] [thread 11004] [15.0] [cxt 0] Deparser 'deparser': start
[02:53:59.411] [bmv2] [T] [thread 11004] [15.0] [cxt 0] Skipping checksum 'cksum' update because condition not met
[02:53:59.411] [bmv2] [D] [thread 11004] [15.0] [cxt 0] Deparsing header 'ethernet'
[02:53:59.411] [bmv2] [D] [thread 11004] [15.0] [cxt 0] Deparser 'deparser': end
[02:53:59.411] [bmv2] [D] [thread 11008] [15.0] [cxt 0] Transmitting packet of size 70 out of port 0
[02:53:59.411] [bmv2] [D] [thread 11003] [16.0] [cxt 0] Processing packet received on port 2
[02:53:59.411] [bmv2] [D] [thread 11003] [16.0] [cxt 0] Parser 'parser': start
[02:53:59.411] [bmv2] [D] [thread 11003] [16.0] [cxt 0] Parser 'parser' entering state 'start'
[02:53:59.411] [bmv2] [D] [thread 11003] [16.0] [cxt 0] Extracting header 'ethernet'
[02:53:59.411] [bmv2] [D] [thread 11003] [16.0] [cxt 0] Parser state 'start': key is 86dd
[02:53:59.411] [bmv2] [T] [thread 11003] [16.0] [cxt 0] Bytes parsed: 14
[02:53:59.411] [bmv2] [D] [thread 11003] [16.0] [cxt 0] Parser 'parser': end
[02:53:59.411] [bmv2] [D] [thread 11003] [16.0] [cxt 0] Pipeline 'ingress': start
[02:53:59.411] [bmv2] [T] [thread 11003] [16.0] [cxt 0] qos.p4(197) Condition "hdr.vlan.pcp == 7" (node_2) is false
[02:53:59.411] [bmv2] [T] [thread 11003] [16.0] [cxt 0] qos.p4(199) Condition "hdr.vlan.pcp >= 4" (node_4) is false
[02:53:59.411] [bmv2] [T] [thread 11003] [16.0] [cxt 0] Applying table 'tbl_qos202'
[02:53:59.411] [bmv2] [D] [thread 11003] [16.0] [cxt 0] Looking up key:

[02:53:59.411] [bmv2] [D] [thread 11003] [16.0] [cxt 0] Table 'tbl_qos202': miss
[02:53:59.411] [bmv2] [D] [thread 11003] [16.0] [cxt 0] Action entry is qos202 - 
[02:53:59.411] [bmv2] [T] [thread 11003] [16.0] [cxt 0] Action qos202
[02:53:59.411] [bmv2] [T] [thread 11003] [16.0] [cxt 0] qos.p4(202) Primitive meta.qos_priority = 1
[02:53:59.411] [bmv2] [T] [thread 11003] [16.0] [cxt 0] qos.p4(205) Condition "hdr.ipv4.isValid()" (node_7) is false
[02:53:59.411] [bmv2] [D] [thread 11003] [16.0] [cxt 0] Pipeline 'ingress': end
[02:53:59.411] [bmv2] [D] [thread 11003] [16.0] [cxt 0] Egress port is 0
[02:53:59.411] [bmv2] [D] [thread 11004] [16.0] [cxt 0] Pipeline 'egress': start
[02:53:59.411] [bmv2] [T] [thread 11004] [16.0] [cxt 0] qos.p4(228) Condition "meta.qos_priority == 3" (node_14) is false
[02:53:59.411] [bmv2] [T] [thread 11004] [16.0] [cxt 0] qos.p4(230) Condition "meta.qos_priority == 2" (node_16) is false
[02:53:59.412] [bmv2] [T] [thread 11004] [16.0] [cxt 0] Applying table 'tbl_qos233'
[02:53:59.412] [bmv2] [D] [thread 11004] [16.0] [cxt 0] Looking up key:

[02:53:59.412] [bmv2] [D] [thread 11004] [16.0] [cxt 0] Table 'tbl_qos233': miss
[02:53:59.412] [bmv2] [D] [thread 11004] [16.0] [cxt 0] Action entry is qos233 - 
[02:53:59.412] [bmv2] [T] [thread 11004] [16.0] [cxt 0] Action qos233
[02:53:59.412] [bmv2] [T] [thread 11004] [16.0] [cxt 0] qos.p4(233) Primitive standard_metadata.egress_spec = 2
[02:53:59.412] [bmv2] [D] [thread 11004] [16.0] [cxt 0] Pipeline 'egress': end
[02:53:59.412] [bmv2] [D] [thread 11004] [16.0] [cxt 0] Deparser 'deparser': start
[02:53:59.412] [bmv2] [T] [thread 11004] [16.0] [cxt 0] Skipping checksum 'cksum' update because condition not met
[02:53:59.412] [bmv2] [D] [thread 11004] [16.0] [cxt 0] Deparsing header 'ethernet'
[02:53:59.412] [bmv2] [D] [thread 11004] [16.0] [cxt 0] Deparser 'deparser': end
[02:53:59.412] [bmv2] [D] [thread 11008] [16.0] [cxt 0] Transmitting packet of size 70 out of port 0
[02:53:59.412] [bmv2] [D] [thread 11003] [17.0] [cxt 0] Processing packet received on port 3
[02:53:59.412] [bmv2] [D] [thread 11003] [17.0] [cxt 0] Parser 'parser': start
[02:53:59.412] [bmv2] [D] [thread 11003] [17.0] [cxt 0] Parser 'parser' entering state 'start'
[02:53:59.412] [bmv2] [D] [thread 11003] [17.0] [cxt 0] Extracting header 'ethernet'
[02:53:59.412] [bmv2] [D] [thread 11003] [17.0] [cxt 0] Parser state 'start': key is 86dd
[02:53:59.412] [bmv2] [T] [thread 11003] [17.0] [cxt 0] Bytes parsed: 14
[02:53:59.412] [bmv2] [D] [thread 11003] [17.0] [cxt 0] Parser 'parser': end
[02:53:59.412] [bmv2] [D] [thread 11003] [17.0] [cxt 0] Pipeline 'ingress': start
[02:53:59.412] [bmv2] [T] [thread 11003] [17.0] [cxt 0] qos.p4(197) Condition "hdr.vlan.pcp == 7" (node_2) is false
[02:53:59.412] [bmv2] [T] [thread 11003] [17.0] [cxt 0] qos.p4(199) Condition "hdr.vlan.pcp >= 4" (node_4) is false
[02:53:59.412] [bmv2] [T] [thread 11003] [17.0] [cxt 0] Applying table 'tbl_qos202'
[02:53:59.412] [bmv2] [D] [thread 11003] [17.0] [cxt 0] Looking up key:

[02:53:59.412] [bmv2] [D] [thread 11003] [17.0] [cxt 0] Table 'tbl_qos202': miss
[02:53:59.412] [bmv2] [D] [thread 11003] [17.0] [cxt 0] Action entry is qos202 - 
[02:53:59.412] [bmv2] [T] [thread 11003] [17.0] [cxt 0] Action qos202
[02:53:59.412] [bmv2] [T] [thread 11003] [17.0] [cxt 0] qos.p4(202) Primitive meta.qos_priority = 1
[02:53:59.412] [bmv2] [T] [thread 11003] [17.0] [cxt 0] qos.p4(205) Condition "hdr.ipv4.isValid()" (node_7) is false
[02:53:59.412] [bmv2] [D] [thread 11003] [17.0] [cxt 0] Pipeline 'ingress': end
[02:53:59.412] [bmv2] [D] [thread 11003] [17.0] [cxt 0] Egress port is 0
[02:53:59.412] [bmv2] [D] [thread 11004] [17.0] [cxt 0] Pipeline 'egress': start
[02:53:59.412] [bmv2] [T] [thread 11004] [17.0] [cxt 0] qos.p4(228) Condition "meta.qos_priority == 3" (node_14) is false
[02:53:59.412] [bmv2] [T] [thread 11004] [17.0] [cxt 0] qos.p4(230) Condition "meta.qos_priority == 2" (node_16) is false
[02:53:59.412] [bmv2] [T] [thread 11004] [17.0] [cxt 0] Applying table 'tbl_qos233'
[02:53:59.412] [bmv2] [D] [thread 11004] [17.0] [cxt 0] Looking up key:

[02:53:59.412] [bmv2] [D] [thread 11004] [17.0] [cxt 0] Table 'tbl_qos233': miss
[02:53:59.412] [bmv2] [D] [thread 11004] [17.0] [cxt 0] Action entry is qos233 - 
[02:53:59.413] [bmv2] [T] [thread 11004] [17.0] [cxt 0] Action qos233
[02:53:59.413] [bmv2] [T] [thread 11004] [17.0] [cxt 0] qos.p4(233) Primitive standard_metadata.egress_spec = 2
[02:53:59.413] [bmv2] [D] [thread 11004] [17.0] [cxt 0] Pipeline 'egress': end
[02:53:59.413] [bmv2] [D] [thread 11004] [17.0] [cxt 0] Deparser 'deparser': start
[02:53:59.413] [bmv2] [T] [thread 11004] [17.0] [cxt 0] Skipping checksum 'cksum' update because condition not met
[02:53:59.413] [bmv2] [D] [thread 11004] [17.0] [cxt 0] Deparsing header 'ethernet'
[02:53:59.413] [bmv2] [D] [thread 11004] [17.0] [cxt 0] Deparser 'deparser': end
[02:53:59.413] [bmv2] [D] [thread 11008] [17.0] [cxt 0] Transmitting packet of size 70 out of port 0
[02:54:01.454] [bmv2] [D] [thread 11003] [18.0] [cxt 0] Processing packet received on port 2
[02:54:01.454] [bmv2] [D] [thread 11003] [18.0] [cxt 0] Parser 'parser': start
[02:54:01.454] [bmv2] [D] [thread 11003] [18.0] [cxt 0] Parser 'parser' entering state 'start'
[02:54:01.454] [bmv2] [D] [thread 11003] [18.0] [cxt 0] Extracting header 'ethernet'
[02:54:01.454] [bmv2] [D] [thread 11003] [18.0] [cxt 0] Parser state 'start': key is 86dd
[02:54:01.454] [bmv2] [T] [thread 11003] [18.0] [cxt 0] Bytes parsed: 14
[02:54:01.454] [bmv2] [D] [thread 11003] [18.0] [cxt 0] Parser 'parser': end
[02:54:01.454] [bmv2] [D] [thread 11003] [18.0] [cxt 0] Pipeline 'ingress': start
[02:54:01.454] [bmv2] [T] [thread 11003] [18.0] [cxt 0] qos.p4(197) Condition "hdr.vlan.pcp == 7" (node_2) is false
[02:54:01.454] [bmv2] [T] [thread 11003] [18.0] [cxt 0] qos.p4(199) Condition "hdr.vlan.pcp >= 4" (node_4) is false
[02:54:01.454] [bmv2] [T] [thread 11003] [18.0] [cxt 0] Applying table 'tbl_qos202'
[02:54:01.454] [bmv2] [D] [thread 11003] [18.0] [cxt 0] Looking up key:

[02:54:01.454] [bmv2] [D] [thread 11003] [18.0] [cxt 0] Table 'tbl_qos202': miss
[02:54:01.454] [bmv2] [D] [thread 11003] [18.0] [cxt 0] Action entry is qos202 - 
[02:54:01.454] [bmv2] [T] [thread 11003] [18.0] [cxt 0] Action qos202
[02:54:01.454] [bmv2] [T] [thread 11003] [18.0] [cxt 0] qos.p4(202) Primitive meta.qos_priority = 1
[02:54:01.455] [bmv2] [T] [thread 11003] [18.0] [cxt 0] qos.p4(205) Condition "hdr.ipv4.isValid()" (node_7) is false
[02:54:01.455] [bmv2] [D] [thread 11003] [18.0] [cxt 0] Pipeline 'ingress': end
[02:54:01.455] [bmv2] [D] [thread 11003] [18.0] [cxt 0] Egress port is 0
[02:54:01.455] [bmv2] [D] [thread 11003] [19.0] [cxt 0] Processing packet received on port 3
[02:54:01.455] [bmv2] [D] [thread 11003] [19.0] [cxt 0] Parser 'parser': start
[02:54:01.455] [bmv2] [D] [thread 11003] [19.0] [cxt 0] Parser 'parser' entering state 'start'
[02:54:01.455] [bmv2] [D] [thread 11003] [19.0] [cxt 0] Extracting header 'ethernet'
[02:54:01.455] [bmv2] [D] [thread 11003] [19.0] [cxt 0] Parser state 'start': key is 86dd
[02:54:01.455] [bmv2] [T] [thread 11003] [19.0] [cxt 0] Bytes parsed: 14
[02:54:01.455] [bmv2] [D] [thread 11003] [19.0] [cxt 0] Parser 'parser': end
[02:54:01.455] [bmv2] [D] [thread 11003] [19.0] [cxt 0] Pipeline 'ingress': start
[02:54:01.455] [bmv2] [T] [thread 11003] [19.0] [cxt 0] qos.p4(197) Condition "hdr.vlan.pcp == 7" (node_2) is false
[02:54:01.455] [bmv2] [T] [thread 11003] [19.0] [cxt 0] qos.p4(199) Condition "hdr.vlan.pcp >= 4" (node_4) is false
[02:54:01.455] [bmv2] [T] [thread 11003] [19.0] [cxt 0] Applying table 'tbl_qos202'
[02:54:01.455] [bmv2] [D] [thread 11003] [19.0] [cxt 0] Looking up key:

[02:54:01.455] [bmv2] [D] [thread 11003] [19.0] [cxt 0] Table 'tbl_qos202': miss
[02:54:01.455] [bmv2] [D] [thread 11003] [19.0] [cxt 0] Action entry is qos202 - 
[02:54:01.455] [bmv2] [T] [thread 11003] [19.0] [cxt 0] Action qos202
[02:54:01.455] [bmv2] [T] [thread 11003] [19.0] [cxt 0] qos.p4(202) Primitive meta.qos_priority = 1
[02:54:01.455] [bmv2] [T] [thread 11003] [19.0] [cxt 0] qos.p4(205) Condition "hdr.ipv4.isValid()" (node_7) is false
[02:54:01.455] [bmv2] [D] [thread 11003] [19.0] [cxt 0] Pipeline 'ingress': end
[02:54:01.455] [bmv2] [D] [thread 11003] [19.0] [cxt 0] Egress port is 0
[02:54:01.455] [bmv2] [D] [thread 11004] [18.0] [cxt 0] Pipeline 'egress': start
[02:54:01.455] [bmv2] [T] [thread 11004] [18.0] [cxt 0] qos.p4(228) Condition "meta.qos_priority == 3" (node_14) is false
[02:54:01.455] [bmv2] [T] [thread 11004] [18.0] [cxt 0] qos.p4(230) Condition "meta.qos_priority == 2" (node_16) is false
[02:54:01.455] [bmv2] [T] [thread 11004] [18.0] [cxt 0] Applying table 'tbl_qos233'
[02:54:01.455] [bmv2] [D] [thread 11004] [18.0] [cxt 0] Looking up key:

[02:54:01.455] [bmv2] [D] [thread 11004] [18.0] [cxt 0] Table 'tbl_qos233': miss
[02:54:01.455] [bmv2] [D] [thread 11004] [18.0] [cxt 0] Action entry is qos233 - 
[02:54:01.455] [bmv2] [T] [thread 11004] [18.0] [cxt 0] Action qos233
[02:54:01.456] [bmv2] [T] [thread 11004] [18.0] [cxt 0] qos.p4(233) Primitive standard_metadata.egress_spec = 2
[02:54:01.456] [bmv2] [D] [thread 11004] [18.0] [cxt 0] Pipeline 'egress': end
[02:54:01.456] [bmv2] [D] [thread 11004] [18.0] [cxt 0] Deparser 'deparser': start
[02:54:01.456] [bmv2] [T] [thread 11004] [18.0] [cxt 0] Skipping checksum 'cksum' update because condition not met
[02:54:01.456] [bmv2] [D] [thread 11004] [18.0] [cxt 0] Deparsing header 'ethernet'
[02:54:01.456] [bmv2] [D] [thread 11004] [18.0] [cxt 0] Deparser 'deparser': end
[02:54:01.456] [bmv2] [D] [thread 11004] [19.0] [cxt 0] Pipeline 'egress': start
[02:54:01.456] [bmv2] [T] [thread 11004] [19.0] [cxt 0] qos.p4(228) Condition "meta.qos_priority == 3" (node_14) is false
[02:54:01.456] [bmv2] [T] [thread 11004] [19.0] [cxt 0] qos.p4(230) Condition "meta.qos_priority == 2" (node_16) is false
[02:54:01.456] [bmv2] [T] [thread 11004] [19.0] [cxt 0] Applying table 'tbl_qos233'
[02:54:01.456] [bmv2] [D] [thread 11004] [19.0] [cxt 0] Looking up key:

[02:54:01.456] [bmv2] [D] [thread 11004] [19.0] [cxt 0] Table 'tbl_qos233': miss
[02:54:01.456] [bmv2] [D] [thread 11004] [19.0] [cxt 0] Action entry is qos233 - 
[02:54:01.456] [bmv2] [T] [thread 11004] [19.0] [cxt 0] Action qos233
[02:54:01.456] [bmv2] [T] [thread 11004] [19.0] [cxt 0] qos.p4(233) Primitive standard_metadata.egress_spec = 2
[02:54:01.456] [bmv2] [D] [thread 11004] [19.0] [cxt 0] Pipeline 'egress': end
[02:54:01.456] [bmv2] [D] [thread 11004] [19.0] [cxt 0] Deparser 'deparser': start
[02:54:01.456] [bmv2] [T] [thread 11004] [19.0] [cxt 0] Skipping checksum 'cksum' update because condition not met
[02:54:01.456] [bmv2] [D] [thread 11004] [19.0] [cxt 0] Deparsing header 'ethernet'
[02:54:01.456] [bmv2] [D] [thread 11004] [19.0] [cxt 0] Deparser 'deparser': end
[02:54:01.456] [bmv2] [D] [thread 11008] [18.0] [cxt 0] Transmitting packet of size 70 out of port 0
[02:54:01.456] [bmv2] [D] [thread 11008] [19.0] [cxt 0] Transmitting packet of size 70 out of port 0
[02:54:56.749] [bmv2] [D] [thread 11003] [20.0] [cxt 0] Processing packet received on port 3
[02:54:56.750] [bmv2] [D] [thread 11003] [20.0] [cxt 0] Parser 'parser': start
[02:54:56.750] [bmv2] [D] [thread 11003] [20.0] [cxt 0] Parser 'parser' entering state 'start'
[02:54:56.750] [bmv2] [D] [thread 11003] [20.0] [cxt 0] Extracting header 'ethernet'
[02:54:56.750] [bmv2] [D] [thread 11003] [20.0] [cxt 0] Parser state 'start': key is 86dd
[02:54:56.750] [bmv2] [T] [thread 11003] [20.0] [cxt 0] Bytes parsed: 14
[02:54:56.750] [bmv2] [D] [thread 11003] [20.0] [cxt 0] Parser 'parser': end
[02:54:56.750] [bmv2] [D] [thread 11003] [20.0] [cxt 0] Pipeline 'ingress': start
[02:54:56.750] [bmv2] [T] [thread 11003] [20.0] [cxt 0] qos.p4(197) Condition "hdr.vlan.pcp == 7" (node_2) is false
[02:54:56.751] [bmv2] [T] [thread 11003] [20.0] [cxt 0] qos.p4(199) Condition "hdr.vlan.pcp >= 4" (node_4) is false
[02:54:56.751] [bmv2] [T] [thread 11003] [20.0] [cxt 0] Applying table 'tbl_qos202'
[02:54:56.751] [bmv2] [D] [thread 11003] [20.0] [cxt 0] Looking up key:

[02:54:56.751] [bmv2] [D] [thread 11003] [20.0] [cxt 0] Table 'tbl_qos202': miss
[02:54:56.751] [bmv2] [D] [thread 11003] [20.0] [cxt 0] Action entry is qos202 - 
[02:54:56.751] [bmv2] [T] [thread 11003] [20.0] [cxt 0] Action qos202
[02:54:56.751] [bmv2] [T] [thread 11003] [20.0] [cxt 0] qos.p4(202) Primitive meta.qos_priority = 1
[02:54:56.751] [bmv2] [T] [thread 11003] [20.0] [cxt 0] qos.p4(205) Condition "hdr.ipv4.isValid()" (node_7) is false
[02:54:56.751] [bmv2] [D] [thread 11003] [20.0] [cxt 0] Pipeline 'ingress': end
[02:54:56.751] [bmv2] [D] [thread 11003] [20.0] [cxt 0] Egress port is 0
[02:54:56.758] [bmv2] [D] [thread 11004] [20.0] [cxt 0] Pipeline 'egress': start
[02:54:56.758] [bmv2] [T] [thread 11004] [20.0] [cxt 0] qos.p4(228) Condition "meta.qos_priority == 3" (node_14) is false
[02:54:56.758] [bmv2] [T] [thread 11004] [20.0] [cxt 0] qos.p4(230) Condition "meta.qos_priority == 2" (node_16) is false
[02:54:56.758] [bmv2] [T] [thread 11004] [20.0] [cxt 0] Applying table 'tbl_qos233'
[02:54:56.758] [bmv2] [D] [thread 11004] [20.0] [cxt 0] Looking up key:

[02:54:56.758] [bmv2] [D] [thread 11004] [20.0] [cxt 0] Table 'tbl_qos233': miss
[02:54:56.758] [bmv2] [D] [thread 11004] [20.0] [cxt 0] Action entry is qos233 - 
[02:54:56.758] [bmv2] [T] [thread 11004] [20.0] [cxt 0] Action qos233
[02:54:56.758] [bmv2] [T] [thread 11004] [20.0] [cxt 0] qos.p4(233) Primitive standard_metadata.egress_spec = 2
[02:54:56.758] [bmv2] [D] [thread 11004] [20.0] [cxt 0] Pipeline 'egress': end
[02:54:56.758] [bmv2] [D] [thread 11004] [20.0] [cxt 0] Deparser 'deparser': start
[02:54:56.758] [bmv2] [T] [thread 11004] [20.0] [cxt 0] Skipping checksum 'cksum' update because condition not met
[02:54:56.758] [bmv2] [D] [thread 11004] [20.0] [cxt 0] Deparsing header 'ethernet'
[02:54:56.758] [bmv2] [D] [thread 11004] [20.0] [cxt 0] Deparser 'deparser': end
[02:54:56.758] [bmv2] [D] [thread 11008] [20.0] [cxt 0] Transmitting packet of size 70 out of port 0
[02:54:58.794] [bmv2] [D] [thread 11003] [21.0] [cxt 0] Processing packet received on port 1
[02:54:58.795] [bmv2] [D] [thread 11003] [21.0] [cxt 0] Parser 'parser': start
[02:54:58.795] [bmv2] [D] [thread 11003] [21.0] [cxt 0] Parser 'parser' entering state 'start'
[02:54:58.795] [bmv2] [D] [thread 11003] [21.0] [cxt 0] Extracting header 'ethernet'
[02:54:58.795] [bmv2] [D] [thread 11003] [21.0] [cxt 0] Parser state 'start': key is 86dd
[02:54:58.795] [bmv2] [T] [thread 11003] [21.0] [cxt 0] Bytes parsed: 14
[02:54:58.795] [bmv2] [D] [thread 11003] [21.0] [cxt 0] Parser 'parser': end
[02:54:58.795] [bmv2] [D] [thread 11003] [21.0] [cxt 0] Pipeline 'ingress': start
[02:54:58.795] [bmv2] [T] [thread 11003] [21.0] [cxt 0] qos.p4(197) Condition "hdr.vlan.pcp == 7" (node_2) is false
[02:54:58.795] [bmv2] [T] [thread 11003] [21.0] [cxt 0] qos.p4(199) Condition "hdr.vlan.pcp >= 4" (node_4) is false
[02:54:58.795] [bmv2] [T] [thread 11003] [21.0] [cxt 0] Applying table 'tbl_qos202'
[02:54:58.795] [bmv2] [D] [thread 11003] [21.0] [cxt 0] Looking up key:

[02:54:58.795] [bmv2] [D] [thread 11003] [21.0] [cxt 0] Table 'tbl_qos202': miss
[02:54:58.795] [bmv2] [D] [thread 11003] [21.0] [cxt 0] Action entry is qos202 - 
[02:54:58.795] [bmv2] [T] [thread 11003] [21.0] [cxt 0] Action qos202
[02:54:58.795] [bmv2] [T] [thread 11003] [21.0] [cxt 0] qos.p4(202) Primitive meta.qos_priority = 1
[02:54:58.795] [bmv2] [T] [thread 11003] [21.0] [cxt 0] qos.p4(205) Condition "hdr.ipv4.isValid()" (node_7) is false
[02:54:58.795] [bmv2] [D] [thread 11003] [21.0] [cxt 0] Pipeline 'ingress': end
[02:54:58.795] [bmv2] [D] [thread 11003] [21.0] [cxt 0] Egress port is 0
[02:54:58.796] [bmv2] [D] [thread 11004] [21.0] [cxt 0] Pipeline 'egress': start
[02:54:58.796] [bmv2] [T] [thread 11004] [21.0] [cxt 0] qos.p4(228) Condition "meta.qos_priority == 3" (node_14) is false
[02:54:58.796] [bmv2] [T] [thread 11004] [21.0] [cxt 0] qos.p4(230) Condition "meta.qos_priority == 2" (node_16) is false
[02:54:58.796] [bmv2] [T] [thread 11004] [21.0] [cxt 0] Applying table 'tbl_qos233'
[02:54:58.796] [bmv2] [D] [thread 11004] [21.0] [cxt 0] Looking up key:

[02:54:58.796] [bmv2] [D] [thread 11004] [21.0] [cxt 0] Table 'tbl_qos233': miss
[02:54:58.796] [bmv2] [D] [thread 11004] [21.0] [cxt 0] Action entry is qos233 - 
[02:54:58.796] [bmv2] [T] [thread 11004] [21.0] [cxt 0] Action qos233
[02:54:58.796] [bmv2] [T] [thread 11004] [21.0] [cxt 0] qos.p4(233) Primitive standard_metadata.egress_spec = 2
[02:54:58.796] [bmv2] [D] [thread 11004] [21.0] [cxt 0] Pipeline 'egress': end
[02:54:58.796] [bmv2] [D] [thread 11004] [21.0] [cxt 0] Deparser 'deparser': start
[02:54:58.796] [bmv2] [T] [thread 11004] [21.0] [cxt 0] Skipping checksum 'cksum' update because condition not met
[02:54:58.796] [bmv2] [D] [thread 11004] [21.0] [cxt 0] Deparsing header 'ethernet'
[02:54:58.796] [bmv2] [D] [thread 11004] [21.0] [cxt 0] Deparser 'deparser': end
[02:54:58.796] [bmv2] [D] [thread 11008] [21.0] [cxt 0] Transmitting packet of size 70 out of port 0
[02:55:00.845] [bmv2] [D] [thread 11003] [22.0] [cxt 0] Processing packet received on port 3
[02:55:00.845] [bmv2] [D] [thread 11003] [22.0] [cxt 0] Parser 'parser': start
[02:55:00.845] [bmv2] [D] [thread 11003] [22.0] [cxt 0] Parser 'parser' entering state 'start'
[02:55:00.845] [bmv2] [D] [thread 11003] [22.0] [cxt 0] Extracting header 'ethernet'
[02:55:00.845] [bmv2] [D] [thread 11003] [22.0] [cxt 0] Parser state 'start': key is 86dd
[02:55:00.845] [bmv2] [T] [thread 11003] [22.0] [cxt 0] Bytes parsed: 14
[02:55:00.845] [bmv2] [D] [thread 11003] [22.0] [cxt 0] Parser 'parser': end
[02:55:00.846] [bmv2] [D] [thread 11003] [22.0] [cxt 0] Pipeline 'ingress': start
[02:55:00.846] [bmv2] [T] [thread 11003] [22.0] [cxt 0] qos.p4(197) Condition "hdr.vlan.pcp == 7" (node_2) is false
[02:55:00.846] [bmv2] [T] [thread 11003] [22.0] [cxt 0] qos.p4(199) Condition "hdr.vlan.pcp >= 4" (node_4) is false
[02:55:00.846] [bmv2] [T] [thread 11003] [22.0] [cxt 0] Applying table 'tbl_qos202'
[02:55:00.846] [bmv2] [D] [thread 11003] [22.0] [cxt 0] Looking up key:

[02:55:00.846] [bmv2] [D] [thread 11003] [22.0] [cxt 0] Table 'tbl_qos202': miss
[02:55:00.846] [bmv2] [D] [thread 11003] [22.0] [cxt 0] Action entry is qos202 - 
[02:55:00.846] [bmv2] [T] [thread 11003] [22.0] [cxt 0] Action qos202
[02:55:00.846] [bmv2] [T] [thread 11003] [22.0] [cxt 0] qos.p4(202) Primitive meta.qos_priority = 1
[02:55:00.846] [bmv2] [T] [thread 11003] [22.0] [cxt 0] qos.p4(205) Condition "hdr.ipv4.isValid()" (node_7) is false
[02:55:00.846] [bmv2] [D] [thread 11003] [22.0] [cxt 0] Pipeline 'ingress': end
[02:55:00.846] [bmv2] [D] [thread 11003] [22.0] [cxt 0] Egress port is 0
[02:55:00.846] [bmv2] [D] [thread 11004] [22.0] [cxt 0] Pipeline 'egress': start
[02:55:00.846] [bmv2] [T] [thread 11004] [22.0] [cxt 0] qos.p4(228) Condition "meta.qos_priority == 3" (node_14) is false
[02:55:00.847] [bmv2] [T] [thread 11004] [22.0] [cxt 0] qos.p4(230) Condition "meta.qos_priority == 2" (node_16) is false
[02:55:00.847] [bmv2] [T] [thread 11004] [22.0] [cxt 0] Applying table 'tbl_qos233'
[02:55:00.847] [bmv2] [D] [thread 11004] [22.0] [cxt 0] Looking up key:

[02:55:00.847] [bmv2] [D] [thread 11004] [22.0] [cxt 0] Table 'tbl_qos233': miss
[02:55:00.847] [bmv2] [D] [thread 11004] [22.0] [cxt 0] Action entry is qos233 - 
[02:55:00.847] [bmv2] [T] [thread 11004] [22.0] [cxt 0] Action qos233
[02:55:00.847] [bmv2] [T] [thread 11004] [22.0] [cxt 0] qos.p4(233) Primitive standard_metadata.egress_spec = 2
[02:55:00.847] [bmv2] [D] [thread 11004] [22.0] [cxt 0] Pipeline 'egress': end
[02:55:00.847] [bmv2] [D] [thread 11004] [22.0] [cxt 0] Deparser 'deparser': start
[02:55:00.847] [bmv2] [T] [thread 11004] [22.0] [cxt 0] Skipping checksum 'cksum' update because condition not met
[02:55:00.847] [bmv2] [D] [thread 11004] [22.0] [cxt 0] Deparsing header 'ethernet'
[02:55:00.847] [bmv2] [D] [thread 11004] [22.0] [cxt 0] Deparser 'deparser': end
[02:55:00.847] [bmv2] [D] [thread 11008] [22.0] [cxt 0] Transmitting packet of size 70 out of port 0
[02:55:02.893] [bmv2] [D] [thread 11003] [23.0] [cxt 0] Processing packet received on port 2
[02:55:02.893] [bmv2] [D] [thread 11003] [23.0] [cxt 0] Parser 'parser': start
[02:55:02.893] [bmv2] [D] [thread 11003] [23.0] [cxt 0] Parser 'parser' entering state 'start'
[02:55:02.893] [bmv2] [D] [thread 11003] [23.0] [cxt 0] Extracting header 'ethernet'
[02:55:02.894] [bmv2] [D] [thread 11003] [23.0] [cxt 0] Parser state 'start': key is 86dd
[02:55:02.894] [bmv2] [T] [thread 11003] [23.0] [cxt 0] Bytes parsed: 14
[02:55:02.894] [bmv2] [D] [thread 11003] [23.0] [cxt 0] Parser 'parser': end
[02:55:02.898] [bmv2] [D] [thread 11003] [23.0] [cxt 0] Pipeline 'ingress': start
[02:55:02.898] [bmv2] [T] [thread 11003] [23.0] [cxt 0] qos.p4(197) Condition "hdr.vlan.pcp == 7" (node_2) is false
[02:55:02.898] [bmv2] [T] [thread 11003] [23.0] [cxt 0] qos.p4(199) Condition "hdr.vlan.pcp >= 4" (node_4) is false
[02:55:02.899] [bmv2] [T] [thread 11003] [23.0] [cxt 0] Applying table 'tbl_qos202'
[02:55:02.899] [bmv2] [D] [thread 11003] [23.0] [cxt 0] Looking up key:

[02:55:02.899] [bmv2] [D] [thread 11003] [23.0] [cxt 0] Table 'tbl_qos202': miss
[02:55:02.899] [bmv2] [D] [thread 11003] [23.0] [cxt 0] Action entry is qos202 - 
[02:55:02.899] [bmv2] [T] [thread 11003] [23.0] [cxt 0] Action qos202
[02:55:02.899] [bmv2] [T] [thread 11003] [23.0] [cxt 0] qos.p4(202) Primitive meta.qos_priority = 1
[02:55:02.899] [bmv2] [T] [thread 11003] [23.0] [cxt 0] qos.p4(205) Condition "hdr.ipv4.isValid()" (node_7) is false
[02:55:02.899] [bmv2] [D] [thread 11003] [23.0] [cxt 0] Pipeline 'ingress': end
[02:55:02.899] [bmv2] [D] [thread 11003] [23.0] [cxt 0] Egress port is 0
[02:55:02.902] [bmv2] [D] [thread 11004] [23.0] [cxt 0] Pipeline 'egress': start
[02:55:02.903] [bmv2] [T] [thread 11004] [23.0] [cxt 0] qos.p4(228) Condition "meta.qos_priority == 3" (node_14) is false
[02:55:02.903] [bmv2] [T] [thread 11004] [23.0] [cxt 0] qos.p4(230) Condition "meta.qos_priority == 2" (node_16) is false
[02:55:02.903] [bmv2] [T] [thread 11004] [23.0] [cxt 0] Applying table 'tbl_qos233'
[02:55:02.903] [bmv2] [D] [thread 11004] [23.0] [cxt 0] Looking up key:

[02:55:02.903] [bmv2] [D] [thread 11004] [23.0] [cxt 0] Table 'tbl_qos233': miss
[02:55:02.903] [bmv2] [D] [thread 11004] [23.0] [cxt 0] Action entry is qos233 - 
[02:55:02.903] [bmv2] [T] [thread 11004] [23.0] [cxt 0] Action qos233
[02:55:02.903] [bmv2] [T] [thread 11004] [23.0] [cxt 0] qos.p4(233) Primitive standard_metadata.egress_spec = 2
[02:55:02.903] [bmv2] [D] [thread 11004] [23.0] [cxt 0] Pipeline 'egress': end
[02:55:02.903] [bmv2] [D] [thread 11004] [23.0] [cxt 0] Deparser 'deparser': start
[02:55:02.903] [bmv2] [T] [thread 11004] [23.0] [cxt 0] Skipping checksum 'cksum' update because condition not met
[02:55:02.903] [bmv2] [D] [thread 11004] [23.0] [cxt 0] Deparsing header 'ethernet'
[02:55:02.903] [bmv2] [D] [thread 11004] [23.0] [cxt 0] Deparser 'deparser': end
[02:55:02.903] [bmv2] [D] [thread 11008] [23.0] [cxt 0] Transmitting packet of size 70 out of port 0
[02:55:04.944] [bmv2] [D] [thread 11003] [24.0] [cxt 0] Processing packet received on port 2
[02:55:04.944] [bmv2] [D] [thread 11003] [24.0] [cxt 0] Parser 'parser': start
[02:55:04.944] [bmv2] [D] [thread 11003] [24.0] [cxt 0] Parser 'parser' entering state 'start'
[02:55:04.944] [bmv2] [D] [thread 11003] [24.0] [cxt 0] Extracting header 'ethernet'
[02:55:04.944] [bmv2] [D] [thread 11003] [24.0] [cxt 0] Parser state 'start': key is 86dd
[02:55:04.944] [bmv2] [T] [thread 11003] [24.0] [cxt 0] Bytes parsed: 14
[02:55:04.944] [bmv2] [D] [thread 11003] [24.0] [cxt 0] Parser 'parser': end
[02:55:04.944] [bmv2] [D] [thread 11003] [24.0] [cxt 0] Pipeline 'ingress': start
[02:55:04.944] [bmv2] [T] [thread 11003] [24.0] [cxt 0] qos.p4(197) Condition "hdr.vlan.pcp == 7" (node_2) is false
[02:55:04.944] [bmv2] [T] [thread 11003] [24.0] [cxt 0] qos.p4(199) Condition "hdr.vlan.pcp >= 4" (node_4) is false
[02:55:04.944] [bmv2] [T] [thread 11003] [24.0] [cxt 0] Applying table 'tbl_qos202'
[02:55:04.944] [bmv2] [D] [thread 11003] [24.0] [cxt 0] Looking up key:

[02:55:04.944] [bmv2] [D] [thread 11003] [24.0] [cxt 0] Table 'tbl_qos202': miss
[02:55:04.944] [bmv2] [D] [thread 11003] [24.0] [cxt 0] Action entry is qos202 - 
[02:55:04.944] [bmv2] [T] [thread 11003] [24.0] [cxt 0] Action qos202
[02:55:04.944] [bmv2] [T] [thread 11003] [24.0] [cxt 0] qos.p4(202) Primitive meta.qos_priority = 1
[02:55:04.944] [bmv2] [T] [thread 11003] [24.0] [cxt 0] qos.p4(205) Condition "hdr.ipv4.isValid()" (node_7) is false
[02:55:04.944] [bmv2] [D] [thread 11003] [24.0] [cxt 0] Pipeline 'ingress': end
[02:55:04.944] [bmv2] [D] [thread 11003] [24.0] [cxt 0] Egress port is 0
[02:55:04.945] [bmv2] [D] [thread 11004] [24.0] [cxt 0] Pipeline 'egress': start
[02:55:04.945] [bmv2] [T] [thread 11004] [24.0] [cxt 0] qos.p4(228) Condition "meta.qos_priority == 3" (node_14) is false
[02:55:04.945] [bmv2] [T] [thread 11004] [24.0] [cxt 0] qos.p4(230) Condition "meta.qos_priority == 2" (node_16) is false
[02:55:04.945] [bmv2] [T] [thread 11004] [24.0] [cxt 0] Applying table 'tbl_qos233'
[02:55:04.945] [bmv2] [D] [thread 11004] [24.0] [cxt 0] Looking up key:

[02:55:04.945] [bmv2] [D] [thread 11004] [24.0] [cxt 0] Table 'tbl_qos233': miss
[02:55:04.945] [bmv2] [D] [thread 11004] [24.0] [cxt 0] Action entry is qos233 - 
[02:55:04.945] [bmv2] [T] [thread 11004] [24.0] [cxt 0] Action qos233
[02:55:04.945] [bmv2] [T] [thread 11004] [24.0] [cxt 0] qos.p4(233) Primitive standard_metadata.egress_spec = 2
[02:55:04.945] [bmv2] [D] [thread 11004] [24.0] [cxt 0] Pipeline 'egress': end
[02:55:04.945] [bmv2] [D] [thread 11004] [24.0] [cxt 0] Deparser 'deparser': start
[02:55:04.945] [bmv2] [T] [thread 11004] [24.0] [cxt 0] Skipping checksum 'cksum' update because condition not met
[02:55:04.945] [bmv2] [D] [thread 11004] [24.0] [cxt 0] Deparsing header 'ethernet'
[02:55:04.945] [bmv2] [D] [thread 11004] [24.0] [cxt 0] Deparser 'deparser': end
[02:55:04.945] [bmv2] [D] [thread 11008] [24.0] [cxt 0] Transmitting packet of size 70 out of port 0
open: No such file or directory
open: No such file or directory
open: No such file or directory
open: No such file or directory
open: No such file or directory
