Calling target program-options parser
[09:16:33.329] [bmv2] [D] [thread 5832] Set default default entry for table 'tbl_qos199': qos199 - 
[09:16:33.330] [bmv2] [D] [thread 5832] Set default default entry for table 'MyIngress.ipv4_lpm': NoAction - 
Adding interface s3-eth1 as port 1
[09:16:33.333] [bmv2] [D] [thread 5832] Adding interface s3-eth1 as port 1
Adding interface s3-eth2 as port 2
[09:16:33.340] [bmv2] [D] [thread 5832] Adding interface s3-eth2 as port 2
Adding interface s3-eth3 as port 3
[09:16:33.346] [bmv2] [D] [thread 5832] Adding interface s3-eth3 as port 3
Server listening on 0.0.0.0:50053
[09:16:33.354] [bmv2] [I] [thread 5832] Starting Thrift server on port 9092
[09:16:33.361] [bmv2] [I] [thread 5832] Thrift server was started
[09:16:35.052] [bmv2] [D] [thread 5842] [0.0] [cxt 0] Processing packet received on port 1
[09:16:35.052] [bmv2] [D] [thread 5842] [0.0] [cxt 0] Parser 'parser': start
[09:16:35.052] [bmv2] [D] [thread 5842] [0.0] [cxt 0] Parser 'parser' entering state 'start'
[09:16:35.052] [bmv2] [D] [thread 5842] [0.0] [cxt 0] Extracting header 'ethernet'
[09:16:35.052] [bmv2] [D] [thread 5842] [0.0] [cxt 0] Parser state 'start': key is 86dd
[09:16:35.052] [bmv2] [T] [thread 5842] [0.0] [cxt 0] Bytes parsed: 14
[09:16:35.052] [bmv2] [D] [thread 5842] [0.0] [cxt 0] Parser 'parser': end
[09:16:35.052] [bmv2] [D] [thread 5842] [0.0] [cxt 0] Pipeline 'ingress': start
[09:16:35.052] [bmv2] [T] [thread 5842] [0.0] [cxt 0] qos.p4(197) Condition "hdr.ipv4.isValid()" (node_2) is false
[09:16:35.052] [bmv2] [D] [thread 5842] [0.0] [cxt 0] Pipeline 'ingress': end
[09:16:35.052] [bmv2] [D] [thread 5842] [0.0] [cxt 0] Egress port is 0
[09:16:35.052] [bmv2] [D] [thread 5843] [0.0] [cxt 0] Pipeline 'egress': start
[09:16:35.052] [bmv2] [D] [thread 5843] [0.0] [cxt 0] Pipeline 'egress': end
[09:16:35.052] [bmv2] [D] [thread 5843] [0.0] [cxt 0] Deparser 'deparser': start
[09:16:35.052] [bmv2] [T] [thread 5843] [0.0] [cxt 0] Skipping checksum 'cksum' update because condition not met
[09:16:35.052] [bmv2] [D] [thread 5843] [0.0] [cxt 0] Deparsing header 'ethernet'
[09:16:35.052] [bmv2] [D] [thread 5843] [0.0] [cxt 0] Deparser 'deparser': end
[09:16:35.053] [bmv2] [D] [thread 5847] [0.0] [cxt 0] Transmitting packet of size 70 out of port 0
[09:16:35.329] [bmv2] [W] [thread 5889] [P4Runtime] p4::tmp::P4DeviceConfig is deprecated
[09:16:35.344] [bmv2] [D] [thread 5889] Set default default entry for table 'tbl_qos199': qos199 - 
[09:16:35.344] [bmv2] [D] [thread 5889] Set default default entry for table 'MyIngress.ipv4_lpm': NoAction - 
[09:16:35.350] [bmv2] [D] [thread 5889] simple_switch target has been notified of a config swap
[09:16:35.358] [bmv2] [D] [thread 5890] Entry 0 added to table 'MyIngress.ipv4_lpm'
[09:16:35.358] [bmv2] [D] [thread 5890] Dumping entry 0
Match key:
* hdr.ipv4.dstAddr    : LPM       0a000303/32
Action entry: MyIngress.ipv4_forward - 80000000303,1,

[09:16:35.365] [bmv2] [D] [thread 5890] Entry 1 added to table 'MyIngress.ipv4_lpm'
[09:16:35.366] [bmv2] [D] [thread 5890] Dumping entry 1
Match key:
* hdr.ipv4.dstAddr    : LPM       0a000100/24
Action entry: MyIngress.ipv4_forward - 80000000100,2,

[09:16:35.371] [bmv2] [D] [thread 5895] Entry 2 added to table 'MyIngress.ipv4_lpm'
[09:16:35.371] [bmv2] [D] [thread 5895] Dumping entry 2
Match key:
* hdr.ipv4.dstAddr    : LPM       0a000200/24
Action entry: MyIngress.ipv4_forward - 80000000200,3,

[09:16:35.835] [bmv2] [D] [thread 5842] [1.0] [cxt 0] Processing packet received on port 2
[09:16:35.836] [bmv2] [D] [thread 5842] [1.0] [cxt 0] Parser 'parser': start
[09:16:35.836] [bmv2] [D] [thread 5842] [1.0] [cxt 0] Parser 'parser' entering state 'start'
[09:16:35.836] [bmv2] [D] [thread 5842] [1.0] [cxt 0] Extracting header 'ethernet'
[09:16:35.836] [bmv2] [D] [thread 5842] [1.0] [cxt 0] Parser state 'start': key is 86dd
[09:16:35.836] [bmv2] [T] [thread 5842] [1.0] [cxt 0] Bytes parsed: 14
[09:16:35.836] [bmv2] [D] [thread 5842] [1.0] [cxt 0] Parser 'parser': end
[09:16:35.836] [bmv2] [D] [thread 5842] [1.0] [cxt 0] Pipeline 'ingress': start
[09:16:35.836] [bmv2] [T] [thread 5842] [1.0] [cxt 0] qos.p4(197) Condition "hdr.ipv4.isValid()" (node_2) is false
[09:16:35.836] [bmv2] [D] [thread 5842] [1.0] [cxt 0] Pipeline 'ingress': end
[09:16:35.836] [bmv2] [D] [thread 5842] [1.0] [cxt 0] Egress port is 0
[09:16:35.837] [bmv2] [D] [thread 5843] [1.0] [cxt 0] Pipeline 'egress': start
[09:16:35.837] [bmv2] [D] [thread 5843] [1.0] [cxt 0] Pipeline 'egress': end
[09:16:35.837] [bmv2] [D] [thread 5843] [1.0] [cxt 0] Deparser 'deparser': start
[09:16:35.837] [bmv2] [T] [thread 5843] [1.0] [cxt 0] Skipping checksum 'cksum' update because condition not met
[09:16:35.837] [bmv2] [D] [thread 5843] [1.0] [cxt 0] Deparsing header 'ethernet'
[09:16:35.837] [bmv2] [D] [thread 5843] [1.0] [cxt 0] Deparser 'deparser': end
[09:16:35.837] [bmv2] [D] [thread 5847] [1.0] [cxt 0] Transmitting packet of size 70 out of port 0
[09:16:36.085] [bmv2] [D] [thread 5842] [2.0] [cxt 0] Processing packet received on port 2
[09:16:36.085] [bmv2] [D] [thread 5842] [2.0] [cxt 0] Parser 'parser': start
[09:16:36.085] [bmv2] [D] [thread 5842] [2.0] [cxt 0] Parser 'parser' entering state 'start'
[09:16:36.085] [bmv2] [D] [thread 5842] [2.0] [cxt 0] Extracting header 'ethernet'
[09:16:36.085] [bmv2] [D] [thread 5842] [2.0] [cxt 0] Parser state 'start': key is 86dd
[09:16:36.085] [bmv2] [T] [thread 5842] [2.0] [cxt 0] Bytes parsed: 14
[09:16:36.085] [bmv2] [D] [thread 5842] [2.0] [cxt 0] Parser 'parser': end
[09:16:36.086] [bmv2] [D] [thread 5842] [2.0] [cxt 0] Pipeline 'ingress': start
[09:16:36.086] [bmv2] [T] [thread 5842] [2.0] [cxt 0] qos.p4(197) Condition "hdr.ipv4.isValid()" (node_2) is false
[09:16:36.086] [bmv2] [D] [thread 5842] [2.0] [cxt 0] Pipeline 'ingress': end
[09:16:36.086] [bmv2] [D] [thread 5842] [2.0] [cxt 0] Egress port is 0
[09:16:36.086] [bmv2] [D] [thread 5843] [2.0] [cxt 0] Pipeline 'egress': start
[09:16:36.086] [bmv2] [D] [thread 5843] [2.0] [cxt 0] Pipeline 'egress': end
[09:16:36.086] [bmv2] [D] [thread 5843] [2.0] [cxt 0] Deparser 'deparser': start
[09:16:36.086] [bmv2] [T] [thread 5843] [2.0] [cxt 0] Skipping checksum 'cksum' update because condition not met
[09:16:36.086] [bmv2] [D] [thread 5843] [2.0] [cxt 0] Deparsing header 'ethernet'
[09:16:36.086] [bmv2] [D] [thread 5843] [2.0] [cxt 0] Deparser 'deparser': end
[09:16:36.086] [bmv2] [D] [thread 5847] [2.0] [cxt 0] Transmitting packet of size 70 out of port 0
[09:16:36.344] [bmv2] [D] [thread 5842] [3.0] [cxt 0] Processing packet received on port 3
[09:16:36.344] [bmv2] [D] [thread 5842] [3.0] [cxt 0] Parser 'parser': start
[09:16:36.344] [bmv2] [D] [thread 5842] [3.0] [cxt 0] Parser 'parser' entering state 'start'
[09:16:36.344] [bmv2] [D] [thread 5842] [3.0] [cxt 0] Extracting header 'ethernet'
[09:16:36.344] [bmv2] [D] [thread 5842] [3.0] [cxt 0] Parser state 'start': key is 86dd
[09:16:36.344] [bmv2] [T] [thread 5842] [3.0] [cxt 0] Bytes parsed: 14
[09:16:36.344] [bmv2] [D] [thread 5842] [3.0] [cxt 0] Parser 'parser': end
[09:16:36.345] [bmv2] [D] [thread 5842] [3.0] [cxt 0] Pipeline 'ingress': start
[09:16:36.345] [bmv2] [T] [thread 5842] [3.0] [cxt 0] qos.p4(197) Condition "hdr.ipv4.isValid()" (node_2) is false
[09:16:36.345] [bmv2] [D] [thread 5842] [3.0] [cxt 0] Pipeline 'ingress': end
[09:16:36.345] [bmv2] [D] [thread 5842] [3.0] [cxt 0] Egress port is 0
[09:16:36.345] [bmv2] [D] [thread 5843] [3.0] [cxt 0] Pipeline 'egress': start
[09:16:36.345] [bmv2] [D] [thread 5843] [3.0] [cxt 0] Pipeline 'egress': end
[09:16:36.345] [bmv2] [D] [thread 5843] [3.0] [cxt 0] Deparser 'deparser': start
[09:16:36.345] [bmv2] [T] [thread 5843] [3.0] [cxt 0] Skipping checksum 'cksum' update because condition not met
[09:16:36.345] [bmv2] [D] [thread 5843] [3.0] [cxt 0] Deparsing header 'ethernet'
[09:16:36.345] [bmv2] [D] [thread 5843] [3.0] [cxt 0] Deparser 'deparser': end
[09:16:36.345] [bmv2] [D] [thread 5847] [3.0] [cxt 0] Transmitting packet of size 70 out of port 0
[09:16:36.587] [bmv2] [D] [thread 5842] [4.0] [cxt 0] Processing packet received on port 3
[09:16:36.587] [bmv2] [D] [thread 5842] [4.0] [cxt 0] Parser 'parser': start
[09:16:36.587] [bmv2] [D] [thread 5842] [4.0] [cxt 0] Parser 'parser' entering state 'start'
[09:16:36.587] [bmv2] [D] [thread 5842] [4.0] [cxt 0] Extracting header 'ethernet'
[09:16:36.587] [bmv2] [D] [thread 5842] [4.0] [cxt 0] Parser state 'start': key is 86dd
[09:16:36.587] [bmv2] [T] [thread 5842] [4.0] [cxt 0] Bytes parsed: 14
[09:16:36.587] [bmv2] [D] [thread 5842] [4.0] [cxt 0] Parser 'parser': end
[09:16:36.587] [bmv2] [D] [thread 5842] [4.0] [cxt 0] Pipeline 'ingress': start
[09:16:36.588] [bmv2] [T] [thread 5842] [4.0] [cxt 0] qos.p4(197) Condition "hdr.ipv4.isValid()" (node_2) is false
[09:16:36.588] [bmv2] [D] [thread 5842] [4.0] [cxt 0] Pipeline 'ingress': end
[09:16:36.588] [bmv2] [D] [thread 5842] [4.0] [cxt 0] Egress port is 0
[09:16:36.588] [bmv2] [D] [thread 5843] [4.0] [cxt 0] Pipeline 'egress': start
[09:16:36.588] [bmv2] [D] [thread 5843] [4.0] [cxt 0] Pipeline 'egress': end
[09:16:36.588] [bmv2] [D] [thread 5843] [4.0] [cxt 0] Deparser 'deparser': start
[09:16:36.588] [bmv2] [T] [thread 5843] [4.0] [cxt 0] Skipping checksum 'cksum' update because condition not met
[09:16:36.588] [bmv2] [D] [thread 5843] [4.0] [cxt 0] Deparsing header 'ethernet'
[09:16:36.588] [bmv2] [D] [thread 5843] [4.0] [cxt 0] Deparser 'deparser': end
[09:16:36.588] [bmv2] [D] [thread 5847] [4.0] [cxt 0] Transmitting packet of size 70 out of port 0
[09:16:42.730] [bmv2] [D] [thread 5842] [5.0] [cxt 0] Processing packet received on port 1
[09:16:42.730] [bmv2] [D] [thread 5842] [5.0] [cxt 0] Parser 'parser': start
[09:16:42.730] [bmv2] [D] [thread 5842] [5.0] [cxt 0] Parser 'parser' entering state 'start'
[09:16:42.730] [bmv2] [D] [thread 5842] [5.0] [cxt 0] Extracting header 'ethernet'
[09:16:42.731] [bmv2] [D] [thread 5842] [5.0] [cxt 0] Parser state 'start': key is 86dd
[09:16:42.731] [bmv2] [T] [thread 5842] [5.0] [cxt 0] Bytes parsed: 14
[09:16:42.731] [bmv2] [D] [thread 5842] [5.0] [cxt 0] Parser 'parser': end
[09:16:42.731] [bmv2] [D] [thread 5842] [5.0] [cxt 0] Pipeline 'ingress': start
[09:16:42.731] [bmv2] [T] [thread 5842] [5.0] [cxt 0] qos.p4(197) Condition "hdr.ipv4.isValid()" (node_2) is false
[09:16:42.731] [bmv2] [D] [thread 5842] [5.0] [cxt 0] Pipeline 'ingress': end
[09:16:42.731] [bmv2] [D] [thread 5842] [5.0] [cxt 0] Egress port is 0
[09:16:42.731] [bmv2] [D] [thread 5843] [5.0] [cxt 0] Pipeline 'egress': start
[09:16:42.731] [bmv2] [D] [thread 5843] [5.0] [cxt 0] Pipeline 'egress': end
[09:16:42.731] [bmv2] [D] [thread 5843] [5.0] [cxt 0] Deparser 'deparser': start
[09:16:42.731] [bmv2] [T] [thread 5843] [5.0] [cxt 0] Skipping checksum 'cksum' update because condition not met
[09:16:42.731] [bmv2] [D] [thread 5843] [5.0] [cxt 0] Deparsing header 'ethernet'
[09:16:42.731] [bmv2] [D] [thread 5843] [5.0] [cxt 0] Deparser 'deparser': end
[09:16:42.731] [bmv2] [D] [thread 5847] [5.0] [cxt 0] Transmitting packet of size 70 out of port 0
[09:16:43.761] [bmv2] [D] [thread 5842] [6.0] [cxt 0] Processing packet received on port 2
[09:16:43.761] [bmv2] [D] [thread 5842] [6.0] [cxt 0] Parser 'parser': start
[09:16:43.761] [bmv2] [D] [thread 5842] [6.0] [cxt 0] Parser 'parser' entering state 'start'
[09:16:43.761] [bmv2] [D] [thread 5842] [6.0] [cxt 0] Extracting header 'ethernet'
[09:16:43.762] [bmv2] [D] [thread 5842] [6.0] [cxt 0] Parser state 'start': key is 86dd
[09:16:43.762] [bmv2] [T] [thread 5842] [6.0] [cxt 0] Bytes parsed: 14
[09:16:43.763] [bmv2] [D] [thread 5842] [6.0] [cxt 0] Parser 'parser': end
[09:16:43.763] [bmv2] [D] [thread 5842] [6.0] [cxt 0] Pipeline 'ingress': start
[09:16:43.763] [bmv2] [T] [thread 5842] [6.0] [cxt 0] qos.p4(197) Condition "hdr.ipv4.isValid()" (node_2) is false
[09:16:43.763] [bmv2] [D] [thread 5842] [6.0] [cxt 0] Pipeline 'ingress': end
[09:16:43.763] [bmv2] [D] [thread 5842] [6.0] [cxt 0] Egress port is 0
[09:16:43.765] [bmv2] [D] [thread 5843] [6.0] [cxt 0] Pipeline 'egress': start
[09:16:43.765] [bmv2] [D] [thread 5843] [6.0] [cxt 0] Pipeline 'egress': end
[09:16:43.765] [bmv2] [D] [thread 5843] [6.0] [cxt 0] Deparser 'deparser': start
[09:16:43.765] [bmv2] [T] [thread 5843] [6.0] [cxt 0] Skipping checksum 'cksum' update because condition not met
[09:16:43.766] [bmv2] [D] [thread 5843] [6.0] [cxt 0] Deparsing header 'ethernet'
[09:16:43.766] [bmv2] [D] [thread 5843] [6.0] [cxt 0] Deparser 'deparser': end
[09:16:43.766] [bmv2] [D] [thread 5847] [6.0] [cxt 0] Transmitting packet of size 70 out of port 0
[09:16:44.269] [bmv2] [D] [thread 5842] [7.0] [cxt 0] Processing packet received on port 3
[09:16:44.275] [bmv2] [D] [thread 5842] [7.0] [cxt 0] Parser 'parser': start
[09:16:44.275] [bmv2] [D] [thread 5842] [7.0] [cxt 0] Parser 'parser' entering state 'start'
[09:16:44.275] [bmv2] [D] [thread 5842] [7.0] [cxt 0] Extracting header 'ethernet'
[09:16:44.275] [bmv2] [D] [thread 5842] [7.0] [cxt 0] Parser state 'start': key is 86dd
[09:16:44.276] [bmv2] [T] [thread 5842] [7.0] [cxt 0] Bytes parsed: 14
[09:16:44.276] [bmv2] [D] [thread 5842] [7.0] [cxt 0] Parser 'parser': end
[09:16:44.276] [bmv2] [D] [thread 5842] [7.0] [cxt 0] Pipeline 'ingress': start
[09:16:44.276] [bmv2] [T] [thread 5842] [7.0] [cxt 0] qos.p4(197) Condition "hdr.ipv4.isValid()" (node_2) is false
[09:16:44.276] [bmv2] [D] [thread 5842] [7.0] [cxt 0] Pipeline 'ingress': end
[09:16:44.276] [bmv2] [D] [thread 5842] [7.0] [cxt 0] Egress port is 0
[09:16:44.280] [bmv2] [D] [thread 5843] [7.0] [cxt 0] Pipeline 'egress': start
[09:16:44.280] [bmv2] [D] [thread 5843] [7.0] [cxt 0] Pipeline 'egress': end
[09:16:44.280] [bmv2] [D] [thread 5843] [7.0] [cxt 0] Deparser 'deparser': start
[09:16:44.280] [bmv2] [T] [thread 5843] [7.0] [cxt 0] Skipping checksum 'cksum' update because condition not met
[09:16:44.280] [bmv2] [D] [thread 5843] [7.0] [cxt 0] Deparsing header 'ethernet'
[09:16:44.280] [bmv2] [D] [thread 5843] [7.0] [cxt 0] Deparser 'deparser': end
[09:16:44.280] [bmv2] [D] [thread 5847] [7.0] [cxt 0] Transmitting packet of size 70 out of port 0
[09:16:45.294] [bmv2] [D] [thread 5842] [8.0] [cxt 0] Processing packet received on port 2
[09:16:45.294] [bmv2] [D] [thread 5842] [8.0] [cxt 0] Parser 'parser': start
[09:16:45.294] [bmv2] [D] [thread 5842] [8.0] [cxt 0] Parser 'parser' entering state 'start'
[09:16:45.294] [bmv2] [D] [thread 5842] [8.0] [cxt 0] Extracting header 'ethernet'
[09:16:45.294] [bmv2] [D] [thread 5842] [8.0] [cxt 0] Parser state 'start': key is 86dd
[09:16:45.294] [bmv2] [T] [thread 5842] [8.0] [cxt 0] Bytes parsed: 14
[09:16:45.294] [bmv2] [D] [thread 5842] [8.0] [cxt 0] Parser 'parser': end
[09:16:45.294] [bmv2] [D] [thread 5842] [8.0] [cxt 0] Pipeline 'ingress': start
[09:16:45.294] [bmv2] [T] [thread 5842] [8.0] [cxt 0] qos.p4(197) Condition "hdr.ipv4.isValid()" (node_2) is false
[09:16:45.294] [bmv2] [D] [thread 5842] [8.0] [cxt 0] Pipeline 'ingress': end
[09:16:45.294] [bmv2] [D] [thread 5842] [8.0] [cxt 0] Egress port is 0
[09:16:45.295] [bmv2] [D] [thread 5842] [9.0] [cxt 0] Processing packet received on port 3
[09:16:45.295] [bmv2] [D] [thread 5842] [9.0] [cxt 0] Parser 'parser': start
[09:16:45.295] [bmv2] [D] [thread 5842] [9.0] [cxt 0] Parser 'parser' entering state 'start'
[09:16:45.295] [bmv2] [D] [thread 5842] [9.0] [cxt 0] Extracting header 'ethernet'
[09:16:45.295] [bmv2] [D] [thread 5842] [9.0] [cxt 0] Parser state 'start': key is 86dd
[09:16:45.295] [bmv2] [T] [thread 5842] [9.0] [cxt 0] Bytes parsed: 14
[09:16:45.295] [bmv2] [D] [thread 5842] [9.0] [cxt 0] Parser 'parser': end
[09:16:45.295] [bmv2] [D] [thread 5842] [9.0] [cxt 0] Pipeline 'ingress': start
[09:16:45.295] [bmv2] [T] [thread 5842] [9.0] [cxt 0] qos.p4(197) Condition "hdr.ipv4.isValid()" (node_2) is false
[09:16:45.295] [bmv2] [D] [thread 5842] [9.0] [cxt 0] Pipeline 'ingress': end
[09:16:45.295] [bmv2] [D] [thread 5842] [9.0] [cxt 0] Egress port is 0
[09:16:45.295] [bmv2] [D] [thread 5843] [8.0] [cxt 0] Pipeline 'egress': start
[09:16:45.295] [bmv2] [D] [thread 5843] [8.0] [cxt 0] Pipeline 'egress': end
[09:16:45.295] [bmv2] [D] [thread 5843] [8.0] [cxt 0] Deparser 'deparser': start
[09:16:45.295] [bmv2] [T] [thread 5843] [8.0] [cxt 0] Skipping checksum 'cksum' update because condition not met
[09:16:45.295] [bmv2] [D] [thread 5843] [8.0] [cxt 0] Deparsing header 'ethernet'
[09:16:45.295] [bmv2] [D] [thread 5843] [8.0] [cxt 0] Deparser 'deparser': end
[09:16:45.295] [bmv2] [D] [thread 5843] [9.0] [cxt 0] Pipeline 'egress': start
[09:16:45.295] [bmv2] [D] [thread 5843] [9.0] [cxt 0] Pipeline 'egress': end
[09:16:45.295] [bmv2] [D] [thread 5843] [9.0] [cxt 0] Deparser 'deparser': start
[09:16:45.295] [bmv2] [T] [thread 5843] [9.0] [cxt 0] Skipping checksum 'cksum' update because condition not met
[09:16:45.295] [bmv2] [D] [thread 5843] [9.0] [cxt 0] Deparsing header 'ethernet'
[09:16:45.295] [bmv2] [D] [thread 5843] [9.0] [cxt 0] Deparser 'deparser': end
[09:16:45.295] [bmv2] [D] [thread 5847] [8.0] [cxt 0] Transmitting packet of size 70 out of port 0
[09:16:45.295] [bmv2] [D] [thread 5847] [9.0] [cxt 0] Transmitting packet of size 70 out of port 0
[09:16:58.093] [bmv2] [D] [thread 5842] [10.0] [cxt 0] Processing packet received on port 1
[09:16:58.094] [bmv2] [D] [thread 5842] [10.0] [cxt 0] Parser 'parser': start
[09:16:58.094] [bmv2] [D] [thread 5842] [10.0] [cxt 0] Parser 'parser' entering state 'start'
[09:16:58.094] [bmv2] [D] [thread 5842] [10.0] [cxt 0] Extracting header 'ethernet'
[09:16:58.095] [bmv2] [D] [thread 5842] [10.0] [cxt 0] Parser state 'start': key is 86dd
[09:16:58.095] [bmv2] [T] [thread 5842] [10.0] [cxt 0] Bytes parsed: 14
[09:16:58.095] [bmv2] [D] [thread 5842] [10.0] [cxt 0] Parser 'parser': end
[09:16:58.095] [bmv2] [D] [thread 5842] [10.0] [cxt 0] Pipeline 'ingress': start
[09:16:58.095] [bmv2] [T] [thread 5842] [10.0] [cxt 0] qos.p4(197) Condition "hdr.ipv4.isValid()" (node_2) is false
[09:16:58.095] [bmv2] [D] [thread 5842] [10.0] [cxt 0] Pipeline 'ingress': end
[09:16:58.096] [bmv2] [D] [thread 5842] [10.0] [cxt 0] Egress port is 0
[09:16:58.096] [bmv2] [D] [thread 5843] [10.0] [cxt 0] Pipeline 'egress': start
[09:16:58.097] [bmv2] [D] [thread 5843] [10.0] [cxt 0] Pipeline 'egress': end
[09:16:58.097] [bmv2] [D] [thread 5843] [10.0] [cxt 0] Deparser 'deparser': start
[09:16:58.097] [bmv2] [T] [thread 5843] [10.0] [cxt 0] Skipping checksum 'cksum' update because condition not met
[09:16:58.097] [bmv2] [D] [thread 5843] [10.0] [cxt 0] Deparsing header 'ethernet'
[09:16:58.097] [bmv2] [D] [thread 5843] [10.0] [cxt 0] Deparser 'deparser': end
[09:16:58.098] [bmv2] [D] [thread 5847] [10.0] [cxt 0] Transmitting packet of size 70 out of port 0
[09:16:59.378] [bmv2] [D] [thread 5842] [11.0] [cxt 0] Processing packet received on port 3
[09:16:59.379] [bmv2] [D] [thread 5842] [11.0] [cxt 0] Parser 'parser': start
[09:16:59.379] [bmv2] [D] [thread 5842] [11.0] [cxt 0] Parser 'parser' entering state 'start'
[09:16:59.379] [bmv2] [D] [thread 5842] [11.0] [cxt 0] Extracting header 'ethernet'
[09:16:59.379] [bmv2] [D] [thread 5842] [11.0] [cxt 0] Parser state 'start': key is 86dd
[09:16:59.379] [bmv2] [T] [thread 5842] [11.0] [cxt 0] Bytes parsed: 14
[09:16:59.380] [bmv2] [D] [thread 5842] [11.0] [cxt 0] Parser 'parser': end
[09:16:59.380] [bmv2] [D] [thread 5842] [11.0] [cxt 0] Pipeline 'ingress': start
[09:16:59.380] [bmv2] [T] [thread 5842] [11.0] [cxt 0] qos.p4(197) Condition "hdr.ipv4.isValid()" (node_2) is false
[09:16:59.380] [bmv2] [D] [thread 5842] [11.0] [cxt 0] Pipeline 'ingress': end
[09:16:59.380] [bmv2] [D] [thread 5842] [11.0] [cxt 0] Egress port is 0
[09:16:59.381] [bmv2] [D] [thread 5843] [11.0] [cxt 0] Pipeline 'egress': start
[09:16:59.381] [bmv2] [D] [thread 5843] [11.0] [cxt 0] Pipeline 'egress': end
[09:16:59.382] [bmv2] [D] [thread 5843] [11.0] [cxt 0] Deparser 'deparser': start
[09:16:59.382] [bmv2] [T] [thread 5843] [11.0] [cxt 0] Skipping checksum 'cksum' update because condition not met
[09:16:59.382] [bmv2] [D] [thread 5843] [11.0] [cxt 0] Deparsing header 'ethernet'
[09:16:59.382] [bmv2] [D] [thread 5843] [11.0] [cxt 0] Deparser 'deparser': end
[09:16:59.383] [bmv2] [D] [thread 5847] [11.0] [cxt 0] Transmitting packet of size 70 out of port 0
[09:17:01.173] [bmv2] [D] [thread 5842] [12.0] [cxt 0] Processing packet received on port 2
[09:17:01.173] [bmv2] [D] [thread 5842] [12.0] [cxt 0] Parser 'parser': start
[09:17:01.174] [bmv2] [D] [thread 5842] [12.0] [cxt 0] Parser 'parser' entering state 'start'
[09:17:01.174] [bmv2] [D] [thread 5842] [12.0] [cxt 0] Extracting header 'ethernet'
[09:17:01.174] [bmv2] [D] [thread 5842] [12.0] [cxt 0] Parser state 'start': key is 86dd
[09:17:01.174] [bmv2] [T] [thread 5842] [12.0] [cxt 0] Bytes parsed: 14
[09:17:01.174] [bmv2] [D] [thread 5842] [12.0] [cxt 0] Parser 'parser': end
[09:17:01.174] [bmv2] [D] [thread 5842] [12.0] [cxt 0] Pipeline 'ingress': start
[09:17:01.174] [bmv2] [T] [thread 5842] [12.0] [cxt 0] qos.p4(197) Condition "hdr.ipv4.isValid()" (node_2) is false
[09:17:01.174] [bmv2] [D] [thread 5842] [12.0] [cxt 0] Pipeline 'ingress': end
[09:17:01.174] [bmv2] [D] [thread 5842] [12.0] [cxt 0] Egress port is 0
[09:17:01.176] [bmv2] [D] [thread 5843] [12.0] [cxt 0] Pipeline 'egress': start
[09:17:01.176] [bmv2] [D] [thread 5843] [12.0] [cxt 0] Pipeline 'egress': end
[09:17:01.176] [bmv2] [D] [thread 5843] [12.0] [cxt 0] Deparser 'deparser': start
[09:17:01.176] [bmv2] [T] [thread 5843] [12.0] [cxt 0] Skipping checksum 'cksum' update because condition not met
[09:17:01.176] [bmv2] [D] [thread 5843] [12.0] [cxt 0] Deparsing header 'ethernet'
[09:17:01.176] [bmv2] [D] [thread 5843] [12.0] [cxt 0] Deparser 'deparser': end
[09:17:01.176] [bmv2] [D] [thread 5847] [12.0] [cxt 0] Transmitting packet of size 70 out of port 0
[09:17:03.220] [bmv2] [D] [thread 5842] [13.0] [cxt 0] Processing packet received on port 2
[09:17:03.220] [bmv2] [D] [thread 5842] [13.0] [cxt 0] Parser 'parser': start
[09:17:03.220] [bmv2] [D] [thread 5842] [13.0] [cxt 0] Parser 'parser' entering state 'start'
[09:17:03.220] [bmv2] [D] [thread 5842] [13.0] [cxt 0] Extracting header 'ethernet'
[09:17:03.220] [bmv2] [D] [thread 5842] [13.0] [cxt 0] Parser state 'start': key is 86dd
[09:17:03.220] [bmv2] [T] [thread 5842] [13.0] [cxt 0] Bytes parsed: 14
[09:17:03.220] [bmv2] [D] [thread 5842] [13.0] [cxt 0] Parser 'parser': end
[09:17:03.220] [bmv2] [D] [thread 5842] [13.0] [cxt 0] Pipeline 'ingress': start
[09:17:03.220] [bmv2] [T] [thread 5842] [13.0] [cxt 0] qos.p4(197) Condition "hdr.ipv4.isValid()" (node_2) is false
[09:17:03.220] [bmv2] [D] [thread 5842] [13.0] [cxt 0] Pipeline 'ingress': end
[09:17:03.221] [bmv2] [D] [thread 5842] [13.0] [cxt 0] Egress port is 0
[09:17:03.221] [bmv2] [D] [thread 5843] [13.0] [cxt 0] Pipeline 'egress': start
[09:17:03.221] [bmv2] [D] [thread 5843] [13.0] [cxt 0] Pipeline 'egress': end
[09:17:03.221] [bmv2] [D] [thread 5843] [13.0] [cxt 0] Deparser 'deparser': start
[09:17:03.221] [bmv2] [T] [thread 5843] [13.0] [cxt 0] Skipping checksum 'cksum' update because condition not met
[09:17:03.221] [bmv2] [D] [thread 5843] [13.0] [cxt 0] Deparsing header 'ethernet'
[09:17:03.221] [bmv2] [D] [thread 5843] [13.0] [cxt 0] Deparser 'deparser': end
[09:17:03.221] [bmv2] [D] [thread 5847] [13.0] [cxt 0] Transmitting packet of size 70 out of port 0
[09:17:05.261] [bmv2] [D] [thread 5842] [14.0] [cxt 0] Processing packet received on port 3
[09:17:05.261] [bmv2] [D] [thread 5842] [14.0] [cxt 0] Parser 'parser': start
[09:17:05.261] [bmv2] [D] [thread 5842] [14.0] [cxt 0] Parser 'parser' entering state 'start'
[09:17:05.261] [bmv2] [D] [thread 5842] [14.0] [cxt 0] Extracting header 'ethernet'
[09:17:05.265] [bmv2] [D] [thread 5842] [14.0] [cxt 0] Parser state 'start': key is 86dd
[09:17:05.265] [bmv2] [T] [thread 5842] [14.0] [cxt 0] Bytes parsed: 14
[09:17:05.265] [bmv2] [D] [thread 5842] [14.0] [cxt 0] Parser 'parser': end
[09:17:05.265] [bmv2] [D] [thread 5842] [14.0] [cxt 0] Pipeline 'ingress': start
[09:17:05.265] [bmv2] [T] [thread 5842] [14.0] [cxt 0] qos.p4(197) Condition "hdr.ipv4.isValid()" (node_2) is false
[09:17:05.265] [bmv2] [D] [thread 5842] [14.0] [cxt 0] Pipeline 'ingress': end
[09:17:05.267] [bmv2] [D] [thread 5842] [14.0] [cxt 0] Egress port is 0
[09:17:05.267] [bmv2] [D] [thread 5843] [14.0] [cxt 0] Pipeline 'egress': start
[09:17:05.267] [bmv2] [D] [thread 5843] [14.0] [cxt 0] Pipeline 'egress': end
[09:17:05.267] [bmv2] [D] [thread 5843] [14.0] [cxt 0] Deparser 'deparser': start
[09:17:05.267] [bmv2] [T] [thread 5843] [14.0] [cxt 0] Skipping checksum 'cksum' update because condition not met
[09:17:05.268] [bmv2] [D] [thread 5843] [14.0] [cxt 0] Deparsing header 'ethernet'
[09:17:05.268] [bmv2] [D] [thread 5843] [14.0] [cxt 0] Deparser 'deparser': end
[09:17:05.268] [bmv2] [D] [thread 5847] [14.0] [cxt 0] Transmitting packet of size 70 out of port 0
[09:17:27.786] [bmv2] [D] [thread 5842] [15.0] [cxt 0] Processing packet received on port 1
[09:17:27.786] [bmv2] [D] [thread 5842] [15.0] [cxt 0] Parser 'parser': start
[09:17:27.786] [bmv2] [D] [thread 5842] [15.0] [cxt 0] Parser 'parser' entering state 'start'
[09:17:27.786] [bmv2] [D] [thread 5842] [15.0] [cxt 0] Extracting header 'ethernet'
[09:17:27.786] [bmv2] [D] [thread 5842] [15.0] [cxt 0] Parser state 'start': key is 86dd
[09:17:27.786] [bmv2] [T] [thread 5842] [15.0] [cxt 0] Bytes parsed: 14
[09:17:27.786] [bmv2] [D] [thread 5842] [15.0] [cxt 0] Parser 'parser': end
[09:17:27.787] [bmv2] [D] [thread 5842] [15.0] [cxt 0] Pipeline 'ingress': start
[09:17:27.787] [bmv2] [T] [thread 5842] [15.0] [cxt 0] qos.p4(197) Condition "hdr.ipv4.isValid()" (node_2) is false
[09:17:27.787] [bmv2] [D] [thread 5842] [15.0] [cxt 0] Pipeline 'ingress': end
[09:17:27.787] [bmv2] [D] [thread 5842] [15.0] [cxt 0] Egress port is 0
[09:17:27.787] [bmv2] [D] [thread 5843] [15.0] [cxt 0] Pipeline 'egress': start
[09:17:27.787] [bmv2] [D] [thread 5843] [15.0] [cxt 0] Pipeline 'egress': end
[09:17:27.787] [bmv2] [D] [thread 5843] [15.0] [cxt 0] Deparser 'deparser': start
[09:17:27.787] [bmv2] [T] [thread 5843] [15.0] [cxt 0] Skipping checksum 'cksum' update because condition not met
[09:17:27.787] [bmv2] [D] [thread 5843] [15.0] [cxt 0] Deparsing header 'ethernet'
[09:17:27.787] [bmv2] [D] [thread 5843] [15.0] [cxt 0] Deparser 'deparser': end
[09:17:27.787] [bmv2] [D] [thread 5847] [15.0] [cxt 0] Transmitting packet of size 70 out of port 0
[09:17:31.882] [bmv2] [D] [thread 5842] [16.0] [cxt 0] Processing packet received on port 3
[09:17:31.882] [bmv2] [D] [thread 5842] [16.0] [cxt 0] Parser 'parser': start
[09:17:31.882] [bmv2] [D] [thread 5842] [16.0] [cxt 0] Parser 'parser' entering state 'start'
[09:17:31.883] [bmv2] [D] [thread 5842] [16.0] [cxt 0] Extracting header 'ethernet'
[09:17:31.883] [bmv2] [D] [thread 5842] [16.0] [cxt 0] Parser state 'start': key is 86dd
[09:17:31.883] [bmv2] [T] [thread 5842] [16.0] [cxt 0] Bytes parsed: 14
[09:17:31.883] [bmv2] [D] [thread 5842] [16.0] [cxt 0] Parser 'parser': end
[09:17:31.883] [bmv2] [D] [thread 5842] [16.0] [cxt 0] Pipeline 'ingress': start
[09:17:31.883] [bmv2] [T] [thread 5842] [16.0] [cxt 0] qos.p4(197) Condition "hdr.ipv4.isValid()" (node_2) is false
[09:17:31.883] [bmv2] [D] [thread 5842] [16.0] [cxt 0] Pipeline 'ingress': end
[09:17:31.883] [bmv2] [D] [thread 5842] [16.0] [cxt 0] Egress port is 0
[09:17:31.883] [bmv2] [D] [thread 5843] [16.0] [cxt 0] Pipeline 'egress': start
[09:17:31.883] [bmv2] [D] [thread 5843] [16.0] [cxt 0] Pipeline 'egress': end
[09:17:31.883] [bmv2] [D] [thread 5843] [16.0] [cxt 0] Deparser 'deparser': start
[09:17:31.883] [bmv2] [T] [thread 5843] [16.0] [cxt 0] Skipping checksum 'cksum' update because condition not met
[09:17:31.883] [bmv2] [D] [thread 5843] [16.0] [cxt 0] Deparsing header 'ethernet'
[09:17:31.883] [bmv2] [D] [thread 5843] [16.0] [cxt 0] Deparser 'deparser': end
[09:17:31.883] [bmv2] [D] [thread 5847] [16.0] [cxt 0] Transmitting packet of size 70 out of port 0
[09:17:35.977] [bmv2] [D] [thread 5842] [17.0] [cxt 0] Processing packet received on port 2
[09:17:35.978] [bmv2] [D] [thread 5842] [17.0] [cxt 0] Parser 'parser': start
[09:17:35.978] [bmv2] [D] [thread 5842] [17.0] [cxt 0] Parser 'parser' entering state 'start'
[09:17:35.978] [bmv2] [D] [thread 5842] [17.0] [cxt 0] Extracting header 'ethernet'
[09:17:35.978] [bmv2] [D] [thread 5842] [17.0] [cxt 0] Parser state 'start': key is 86dd
[09:17:35.978] [bmv2] [T] [thread 5842] [17.0] [cxt 0] Bytes parsed: 14
[09:17:35.978] [bmv2] [D] [thread 5842] [17.0] [cxt 0] Parser 'parser': end
[09:17:35.978] [bmv2] [D] [thread 5842] [17.0] [cxt 0] Pipeline 'ingress': start
[09:17:35.978] [bmv2] [T] [thread 5842] [17.0] [cxt 0] qos.p4(197) Condition "hdr.ipv4.isValid()" (node_2) is false
[09:17:35.978] [bmv2] [D] [thread 5842] [17.0] [cxt 0] Pipeline 'ingress': end
[09:17:35.978] [bmv2] [D] [thread 5842] [17.0] [cxt 0] Egress port is 0
[09:17:35.978] [bmv2] [D] [thread 5843] [17.0] [cxt 0] Pipeline 'egress': start
[09:17:35.978] [bmv2] [D] [thread 5843] [17.0] [cxt 0] Pipeline 'egress': end
[09:17:35.978] [bmv2] [D] [thread 5843] [17.0] [cxt 0] Deparser 'deparser': start
[09:17:35.978] [bmv2] [T] [thread 5843] [17.0] [cxt 0] Skipping checksum 'cksum' update because condition not met
[09:17:35.978] [bmv2] [D] [thread 5843] [17.0] [cxt 0] Deparsing header 'ethernet'
[09:17:35.978] [bmv2] [D] [thread 5843] [17.0] [cxt 0] Deparser 'deparser': end
[09:17:35.978] [bmv2] [D] [thread 5847] [17.0] [cxt 0] Transmitting packet of size 70 out of port 0
[09:17:40.075] [bmv2] [D] [thread 5842] [18.0] [cxt 0] Processing packet received on port 2
[09:17:40.075] [bmv2] [D] [thread 5842] [18.0] [cxt 0] Parser 'parser': start
[09:17:40.075] [bmv2] [D] [thread 5842] [18.0] [cxt 0] Parser 'parser' entering state 'start'
[09:17:40.075] [bmv2] [D] [thread 5842] [18.0] [cxt 0] Extracting header 'ethernet'
[09:17:40.075] [bmv2] [D] [thread 5842] [18.0] [cxt 0] Parser state 'start': key is 86dd
[09:17:40.075] [bmv2] [T] [thread 5842] [18.0] [cxt 0] Bytes parsed: 14
[09:17:40.075] [bmv2] [D] [thread 5842] [18.0] [cxt 0] Parser 'parser': end
[09:17:40.075] [bmv2] [D] [thread 5842] [18.0] [cxt 0] Pipeline 'ingress': start
[09:17:40.075] [bmv2] [T] [thread 5842] [18.0] [cxt 0] qos.p4(197) Condition "hdr.ipv4.isValid()" (node_2) is false
[09:17:40.075] [bmv2] [D] [thread 5842] [18.0] [cxt 0] Pipeline 'ingress': end
[09:17:40.075] [bmv2] [D] [thread 5842] [18.0] [cxt 0] Egress port is 0
[09:17:40.075] [bmv2] [D] [thread 5843] [18.0] [cxt 0] Pipeline 'egress': start
[09:17:40.075] [bmv2] [D] [thread 5843] [18.0] [cxt 0] Pipeline 'egress': end
[09:17:40.075] [bmv2] [D] [thread 5843] [18.0] [cxt 0] Deparser 'deparser': start
[09:17:40.075] [bmv2] [T] [thread 5843] [18.0] [cxt 0] Skipping checksum 'cksum' update because condition not met
[09:17:40.075] [bmv2] [D] [thread 5843] [18.0] [cxt 0] Deparsing header 'ethernet'
[09:17:40.075] [bmv2] [D] [thread 5843] [18.0] [cxt 0] Deparser 'deparser': end
[09:17:40.075] [bmv2] [D] [thread 5847] [18.0] [cxt 0] Transmitting packet of size 70 out of port 0
[09:17:42.123] [bmv2] [D] [thread 5842] [19.0] [cxt 0] Processing packet received on port 3
[09:17:42.123] [bmv2] [D] [thread 5842] [19.0] [cxt 0] Parser 'parser': start
[09:17:42.123] [bmv2] [D] [thread 5842] [19.0] [cxt 0] Parser 'parser' entering state 'start'
[09:17:42.123] [bmv2] [D] [thread 5842] [19.0] [cxt 0] Extracting header 'ethernet'
[09:17:42.123] [bmv2] [D] [thread 5842] [19.0] [cxt 0] Parser state 'start': key is 86dd
[09:17:42.123] [bmv2] [T] [thread 5842] [19.0] [cxt 0] Bytes parsed: 14
[09:17:42.123] [bmv2] [D] [thread 5842] [19.0] [cxt 0] Parser 'parser': end
[09:17:42.123] [bmv2] [D] [thread 5842] [19.0] [cxt 0] Pipeline 'ingress': start
[09:17:42.123] [bmv2] [T] [thread 5842] [19.0] [cxt 0] qos.p4(197) Condition "hdr.ipv4.isValid()" (node_2) is false
[09:17:42.123] [bmv2] [D] [thread 5842] [19.0] [cxt 0] Pipeline 'ingress': end
[09:17:42.123] [bmv2] [D] [thread 5842] [19.0] [cxt 0] Egress port is 0
[09:17:42.124] [bmv2] [D] [thread 5843] [19.0] [cxt 0] Pipeline 'egress': start
[09:17:42.124] [bmv2] [D] [thread 5843] [19.0] [cxt 0] Pipeline 'egress': end
[09:17:42.124] [bmv2] [D] [thread 5843] [19.0] [cxt 0] Deparser 'deparser': start
[09:17:42.124] [bmv2] [T] [thread 5843] [19.0] [cxt 0] Skipping checksum 'cksum' update because condition not met
[09:17:42.124] [bmv2] [D] [thread 5843] [19.0] [cxt 0] Deparsing header 'ethernet'
[09:17:42.124] [bmv2] [D] [thread 5843] [19.0] [cxt 0] Deparser 'deparser': end
[09:17:42.124] [bmv2] [D] [thread 5847] [19.0] [cxt 0] Transmitting packet of size 70 out of port 0
[09:18:25.135] [bmv2] [D] [thread 5842] [20.0] [cxt 0] Processing packet received on port 1
[09:18:25.136] [bmv2] [D] [thread 5842] [20.0] [cxt 0] Parser 'parser': start
[09:18:25.136] [bmv2] [D] [thread 5842] [20.0] [cxt 0] Parser 'parser' entering state 'start'
[09:18:25.136] [bmv2] [D] [thread 5842] [20.0] [cxt 0] Extracting header 'ethernet'
[09:18:25.136] [bmv2] [D] [thread 5842] [20.0] [cxt 0] Parser state 'start': key is 86dd
[09:18:25.136] [bmv2] [T] [thread 5842] [20.0] [cxt 0] Bytes parsed: 14
[09:18:25.137] [bmv2] [D] [thread 5842] [20.0] [cxt 0] Parser 'parser': end
[09:18:25.137] [bmv2] [D] [thread 5842] [20.0] [cxt 0] Pipeline 'ingress': start
[09:18:25.137] [bmv2] [T] [thread 5842] [20.0] [cxt 0] qos.p4(197) Condition "hdr.ipv4.isValid()" (node_2) is false
[09:18:25.137] [bmv2] [D] [thread 5842] [20.0] [cxt 0] Pipeline 'ingress': end
[09:18:25.137] [bmv2] [D] [thread 5842] [20.0] [cxt 0] Egress port is 0
[09:18:25.139] [bmv2] [D] [thread 5843] [20.0] [cxt 0] Pipeline 'egress': start
[09:18:25.139] [bmv2] [D] [thread 5843] [20.0] [cxt 0] Pipeline 'egress': end
[09:18:25.139] [bmv2] [D] [thread 5843] [20.0] [cxt 0] Deparser 'deparser': start
[09:18:25.140] [bmv2] [T] [thread 5843] [20.0] [cxt 0] Skipping checksum 'cksum' update because condition not met
[09:18:25.140] [bmv2] [D] [thread 5843] [20.0] [cxt 0] Deparsing header 'ethernet'
[09:18:25.140] [bmv2] [D] [thread 5843] [20.0] [cxt 0] Deparser 'deparser': end
[09:18:25.140] [bmv2] [D] [thread 5847] [20.0] [cxt 0] Transmitting packet of size 70 out of port 0
[09:18:37.420] [bmv2] [D] [thread 5842] [21.0] [cxt 0] Processing packet received on port 3
[09:18:37.420] [bmv2] [D] [thread 5842] [21.0] [cxt 0] Parser 'parser': start
[09:18:37.420] [bmv2] [D] [thread 5842] [21.0] [cxt 0] Parser 'parser' entering state 'start'
[09:18:37.420] [bmv2] [D] [thread 5842] [21.0] [cxt 0] Extracting header 'ethernet'
[09:18:37.420] [bmv2] [D] [thread 5842] [21.0] [cxt 0] Parser state 'start': key is 86dd
[09:18:37.420] [bmv2] [T] [thread 5842] [21.0] [cxt 0] Bytes parsed: 14
[09:18:37.421] [bmv2] [D] [thread 5842] [21.0] [cxt 0] Parser 'parser': end
[09:18:37.421] [bmv2] [D] [thread 5842] [21.0] [cxt 0] Pipeline 'ingress': start
[09:18:37.421] [bmv2] [T] [thread 5842] [21.0] [cxt 0] qos.p4(197) Condition "hdr.ipv4.isValid()" (node_2) is false
[09:18:37.421] [bmv2] [D] [thread 5842] [21.0] [cxt 0] Pipeline 'ingress': end
[09:18:37.421] [bmv2] [D] [thread 5842] [21.0] [cxt 0] Egress port is 0
[09:18:37.424] [bmv2] [D] [thread 5843] [21.0] [cxt 0] Pipeline 'egress': start
[09:18:37.424] [bmv2] [D] [thread 5843] [21.0] [cxt 0] Pipeline 'egress': end
[09:18:37.424] [bmv2] [D] [thread 5843] [21.0] [cxt 0] Deparser 'deparser': start
[09:18:37.424] [bmv2] [T] [thread 5843] [21.0] [cxt 0] Skipping checksum 'cksum' update because condition not met
[09:18:37.424] [bmv2] [D] [thread 5843] [21.0] [cxt 0] Deparsing header 'ethernet'
[09:18:37.424] [bmv2] [D] [thread 5843] [21.0] [cxt 0] Deparser 'deparser': end
[09:18:37.425] [bmv2] [D] [thread 5847] [21.0] [cxt 0] Transmitting packet of size 70 out of port 0
open: No such file or directory
open: No such file or directory
open: No such file or directory
open: No such file or directory
open: No such file or directory
