Calling target program-options parser
[23:25:53.213] [bmv2] [D] [thread 10305] Set default default entry for table 'tbl_qos199': qos199 - 
[23:25:53.213] [bmv2] [D] [thread 10305] Set default default entry for table 'MyIngress.ipv4_lpm': NoAction - 
Adding interface s3-eth1 as port 1
[23:25:53.215] [bmv2] [D] [thread 10305] Adding interface s3-eth1 as port 1
Adding interface s3-eth2 as port 2
[23:25:53.227] [bmv2] [D] [thread 10305] Adding interface s3-eth2 as port 2
Adding interface s3-eth3 as port 3
[23:25:53.233] [bmv2] [D] [thread 10305] Adding interface s3-eth3 as port 3
Server listening on 0.0.0.0:50053
[23:25:53.244] [bmv2] [I] [thread 10305] Starting Thrift server on port 9092
[23:25:53.248] [bmv2] [I] [thread 10305] Thrift server was started
[23:25:53.252] [bmv2] [D] [thread 10315] [0.0] [cxt 0] Processing packet received on port 2
[23:25:53.252] [bmv2] [D] [thread 10315] [0.0] [cxt 0] Parser 'parser': start
[23:25:53.252] [bmv2] [D] [thread 10315] [0.0] [cxt 0] Parser 'parser' entering state 'start'
[23:25:53.252] [bmv2] [D] [thread 10315] [0.0] [cxt 0] Extracting header 'ethernet'
[23:25:53.252] [bmv2] [D] [thread 10315] [0.0] [cxt 0] Parser state 'start': key is 86dd
[23:25:53.252] [bmv2] [T] [thread 10315] [0.0] [cxt 0] Bytes parsed: 14
[23:25:53.252] [bmv2] [D] [thread 10315] [0.0] [cxt 0] Parser 'parser': end
[23:25:53.252] [bmv2] [D] [thread 10315] [0.0] [cxt 0] Pipeline 'ingress': start
[23:25:53.252] [bmv2] [T] [thread 10315] [0.0] [cxt 0] qos.p4(197) Condition "hdr.ipv4.isValid()" (node_2) is false
[23:25:53.252] [bmv2] [D] [thread 10315] [0.0] [cxt 0] Pipeline 'ingress': end
[23:25:53.252] [bmv2] [D] [thread 10315] [0.0] [cxt 0] Egress port is 0
[23:25:53.252] [bmv2] [D] [thread 10316] [0.0] [cxt 0] Pipeline 'egress': start
[23:25:53.252] [bmv2] [D] [thread 10316] [0.0] [cxt 0] Pipeline 'egress': end
[23:25:53.252] [bmv2] [D] [thread 10316] [0.0] [cxt 0] Deparser 'deparser': start
[23:25:53.252] [bmv2] [T] [thread 10316] [0.0] [cxt 0] Skipping checksum 'cksum' update because condition not met
[23:25:53.252] [bmv2] [D] [thread 10316] [0.0] [cxt 0] Deparsing header 'ethernet'
[23:25:53.252] [bmv2] [D] [thread 10316] [0.0] [cxt 0] Deparser 'deparser': end
[23:25:53.252] [bmv2] [D] [thread 10320] [0.0] [cxt 0] Transmitting packet of size 90 out of port 0
[23:25:55.169] [bmv2] [W] [thread 10360] [P4Runtime] p4::tmp::P4DeviceConfig is deprecated
[23:25:55.179] [bmv2] [D] [thread 10360] Set default default entry for table 'tbl_qos199': qos199 - 
[23:25:55.179] [bmv2] [D] [thread 10360] Set default default entry for table 'MyIngress.ipv4_lpm': NoAction - 
[23:25:55.186] [bmv2] [D] [thread 10360] simple_switch target has been notified of a config swap
[23:25:55.192] [bmv2] [D] [thread 10362] Entry 0 added to table 'MyIngress.ipv4_lpm'
[23:25:55.192] [bmv2] [D] [thread 10362] Dumping entry 0
Match key:
* hdr.ipv4.dstAddr    : LPM       0a000303/32
Action entry: MyIngress.ipv4_forward - 80000000303,1,

[23:25:55.200] [bmv2] [D] [thread 10362] Entry 1 added to table 'MyIngress.ipv4_lpm'
[23:25:55.200] [bmv2] [D] [thread 10362] Dumping entry 1
Match key:
* hdr.ipv4.dstAddr    : LPM       0a000100/24
Action entry: MyIngress.ipv4_forward - 80000000100,2,

[23:25:55.212] [bmv2] [D] [thread 10367] Entry 2 added to table 'MyIngress.ipv4_lpm'
[23:25:55.212] [bmv2] [D] [thread 10367] Dumping entry 2
Match key:
* hdr.ipv4.dstAddr    : LPM       0a000200/24
Action entry: MyIngress.ipv4_forward - 80000000200,3,

[23:25:55.459] [bmv2] [D] [thread 10315] [1.0] [cxt 0] Processing packet received on port 1
[23:25:55.459] [bmv2] [D] [thread 10315] [1.0] [cxt 0] Parser 'parser': start
[23:25:55.459] [bmv2] [D] [thread 10315] [1.0] [cxt 0] Parser 'parser' entering state 'start'
[23:25:55.459] [bmv2] [D] [thread 10315] [1.0] [cxt 0] Extracting header 'ethernet'
[23:25:55.459] [bmv2] [D] [thread 10315] [1.0] [cxt 0] Parser state 'start': key is 86dd
[23:25:55.459] [bmv2] [T] [thread 10315] [1.0] [cxt 0] Bytes parsed: 14
[23:25:55.460] [bmv2] [D] [thread 10315] [1.0] [cxt 0] Parser 'parser': end
[23:25:55.460] [bmv2] [D] [thread 10315] [1.0] [cxt 0] Pipeline 'ingress': start
[23:25:55.460] [bmv2] [T] [thread 10315] [1.0] [cxt 0] qos.p4(197) Condition "hdr.ipv4.isValid()" (node_2) is false
[23:25:55.460] [bmv2] [D] [thread 10315] [1.0] [cxt 0] Pipeline 'ingress': end
[23:25:55.460] [bmv2] [D] [thread 10315] [1.0] [cxt 0] Egress port is 0
[23:25:55.465] [bmv2] [D] [thread 10316] [1.0] [cxt 0] Pipeline 'egress': start
[23:25:55.466] [bmv2] [D] [thread 10316] [1.0] [cxt 0] Pipeline 'egress': end
[23:25:55.466] [bmv2] [D] [thread 10316] [1.0] [cxt 0] Deparser 'deparser': start
[23:25:55.466] [bmv2] [T] [thread 10316] [1.0] [cxt 0] Skipping checksum 'cksum' update because condition not met
[23:25:55.466] [bmv2] [D] [thread 10316] [1.0] [cxt 0] Deparsing header 'ethernet'
[23:25:55.466] [bmv2] [D] [thread 10316] [1.0] [cxt 0] Deparser 'deparser': end
[23:25:55.466] [bmv2] [D] [thread 10320] [1.0] [cxt 0] Transmitting packet of size 70 out of port 0
[23:25:56.230] [bmv2] [D] [thread 10315] [2.0] [cxt 0] Processing packet received on port 3
[23:25:56.230] [bmv2] [D] [thread 10315] [2.0] [cxt 0] Parser 'parser': start
[23:25:56.230] [bmv2] [D] [thread 10315] [2.0] [cxt 0] Parser 'parser' entering state 'start'
[23:25:56.230] [bmv2] [D] [thread 10315] [2.0] [cxt 0] Extracting header 'ethernet'
[23:25:56.230] [bmv2] [D] [thread 10315] [2.0] [cxt 0] Parser state 'start': key is 86dd
[23:25:56.230] [bmv2] [T] [thread 10315] [2.0] [cxt 0] Bytes parsed: 14
[23:25:56.230] [bmv2] [D] [thread 10315] [2.0] [cxt 0] Parser 'parser': end
[23:25:56.230] [bmv2] [D] [thread 10315] [2.0] [cxt 0] Pipeline 'ingress': start
[23:25:56.230] [bmv2] [T] [thread 10315] [2.0] [cxt 0] qos.p4(197) Condition "hdr.ipv4.isValid()" (node_2) is false
[23:25:56.231] [bmv2] [D] [thread 10315] [2.0] [cxt 0] Pipeline 'ingress': end
[23:25:56.231] [bmv2] [D] [thread 10315] [2.0] [cxt 0] Egress port is 0
[23:25:56.231] [bmv2] [D] [thread 10316] [2.0] [cxt 0] Pipeline 'egress': start
[23:25:56.231] [bmv2] [D] [thread 10316] [2.0] [cxt 0] Pipeline 'egress': end
[23:25:56.231] [bmv2] [D] [thread 10316] [2.0] [cxt 0] Deparser 'deparser': start
[23:25:56.231] [bmv2] [T] [thread 10316] [2.0] [cxt 0] Skipping checksum 'cksum' update because condition not met
[23:25:56.231] [bmv2] [D] [thread 10316] [2.0] [cxt 0] Deparsing header 'ethernet'
[23:25:56.231] [bmv2] [D] [thread 10316] [2.0] [cxt 0] Deparser 'deparser': end
[23:25:56.231] [bmv2] [D] [thread 10320] [2.0] [cxt 0] Transmitting packet of size 70 out of port 0
[23:25:56.484] [bmv2] [D] [thread 10315] [3.0] [cxt 0] Processing packet received on port 2
[23:25:56.484] [bmv2] [D] [thread 10315] [3.0] [cxt 0] Parser 'parser': start
[23:25:56.484] [bmv2] [D] [thread 10315] [3.0] [cxt 0] Parser 'parser' entering state 'start'
[23:25:56.484] [bmv2] [D] [thread 10315] [3.0] [cxt 0] Extracting header 'ethernet'
[23:25:56.484] [bmv2] [D] [thread 10315] [3.0] [cxt 0] Parser state 'start': key is 86dd
[23:25:56.484] [bmv2] [T] [thread 10315] [3.0] [cxt 0] Bytes parsed: 14
[23:25:56.484] [bmv2] [D] [thread 10315] [3.0] [cxt 0] Parser 'parser': end
[23:25:56.484] [bmv2] [D] [thread 10315] [3.0] [cxt 0] Pipeline 'ingress': start
[23:25:56.485] [bmv2] [T] [thread 10315] [3.0] [cxt 0] qos.p4(197) Condition "hdr.ipv4.isValid()" (node_2) is false
[23:25:56.485] [bmv2] [D] [thread 10315] [3.0] [cxt 0] Pipeline 'ingress': end
[23:25:56.485] [bmv2] [D] [thread 10315] [3.0] [cxt 0] Egress port is 0
[23:25:56.485] [bmv2] [D] [thread 10316] [3.0] [cxt 0] Pipeline 'egress': start
[23:25:56.485] [bmv2] [D] [thread 10316] [3.0] [cxt 0] Pipeline 'egress': end
[23:25:56.485] [bmv2] [D] [thread 10316] [3.0] [cxt 0] Deparser 'deparser': start
[23:25:56.485] [bmv2] [T] [thread 10316] [3.0] [cxt 0] Skipping checksum 'cksum' update because condition not met
[23:25:56.485] [bmv2] [D] [thread 10316] [3.0] [cxt 0] Deparsing header 'ethernet'
[23:25:56.485] [bmv2] [D] [thread 10316] [3.0] [cxt 0] Deparser 'deparser': end
[23:25:56.485] [bmv2] [D] [thread 10320] [3.0] [cxt 0] Transmitting packet of size 70 out of port 0
[23:25:56.738] [bmv2] [D] [thread 10315] [4.0] [cxt 0] Processing packet received on port 3
[23:25:56.738] [bmv2] [D] [thread 10315] [4.0] [cxt 0] Parser 'parser': start
[23:25:56.738] [bmv2] [D] [thread 10315] [4.0] [cxt 0] Parser 'parser' entering state 'start'
[23:25:56.738] [bmv2] [D] [thread 10315] [4.0] [cxt 0] Extracting header 'ethernet'
[23:25:56.739] [bmv2] [D] [thread 10315] [4.0] [cxt 0] Parser state 'start': key is 86dd
[23:25:56.739] [bmv2] [T] [thread 10315] [4.0] [cxt 0] Bytes parsed: 14
[23:25:56.739] [bmv2] [D] [thread 10315] [4.0] [cxt 0] Parser 'parser': end
[23:25:56.739] [bmv2] [D] [thread 10315] [4.0] [cxt 0] Pipeline 'ingress': start
[23:25:56.739] [bmv2] [T] [thread 10315] [4.0] [cxt 0] qos.p4(197) Condition "hdr.ipv4.isValid()" (node_2) is false
[23:25:56.739] [bmv2] [D] [thread 10315] [4.0] [cxt 0] Pipeline 'ingress': end
[23:25:56.739] [bmv2] [D] [thread 10315] [4.0] [cxt 0] Egress port is 0
[23:25:56.741] [bmv2] [D] [thread 10316] [4.0] [cxt 0] Pipeline 'egress': start
[23:25:56.741] [bmv2] [D] [thread 10316] [4.0] [cxt 0] Pipeline 'egress': end
[23:25:56.741] [bmv2] [D] [thread 10316] [4.0] [cxt 0] Deparser 'deparser': start
[23:25:56.742] [bmv2] [T] [thread 10316] [4.0] [cxt 0] Skipping checksum 'cksum' update because condition not met
[23:25:56.742] [bmv2] [D] [thread 10316] [4.0] [cxt 0] Deparsing header 'ethernet'
[23:25:56.742] [bmv2] [D] [thread 10316] [4.0] [cxt 0] Deparser 'deparser': end
[23:25:56.742] [bmv2] [D] [thread 10320] [4.0] [cxt 0] Transmitting packet of size 70 out of port 0
[23:25:56.742] [bmv2] [D] [thread 10315] [5.0] [cxt 0] Processing packet received on port 2
[23:25:56.742] [bmv2] [D] [thread 10315] [5.0] [cxt 0] Parser 'parser': start
[23:25:56.742] [bmv2] [D] [thread 10315] [5.0] [cxt 0] Parser 'parser' entering state 'start'
[23:25:56.742] [bmv2] [D] [thread 10315] [5.0] [cxt 0] Extracting header 'ethernet'
[23:25:56.742] [bmv2] [D] [thread 10315] [5.0] [cxt 0] Parser state 'start': key is 86dd
[23:25:56.742] [bmv2] [T] [thread 10315] [5.0] [cxt 0] Bytes parsed: 14
[23:25:56.742] [bmv2] [D] [thread 10315] [5.0] [cxt 0] Parser 'parser': end
[23:25:56.742] [bmv2] [D] [thread 10315] [5.0] [cxt 0] Pipeline 'ingress': start
[23:25:56.742] [bmv2] [T] [thread 10315] [5.0] [cxt 0] qos.p4(197) Condition "hdr.ipv4.isValid()" (node_2) is false
[23:25:56.742] [bmv2] [D] [thread 10315] [5.0] [cxt 0] Pipeline 'ingress': end
[23:25:56.742] [bmv2] [D] [thread 10315] [5.0] [cxt 0] Egress port is 0
[23:25:56.742] [bmv2] [D] [thread 10316] [5.0] [cxt 0] Pipeline 'egress': start
[23:25:56.742] [bmv2] [D] [thread 10316] [5.0] [cxt 0] Pipeline 'egress': end
[23:25:56.743] [bmv2] [D] [thread 10316] [5.0] [cxt 0] Deparser 'deparser': start
[23:25:56.743] [bmv2] [T] [thread 10316] [5.0] [cxt 0] Skipping checksum 'cksum' update because condition not met
[23:25:56.743] [bmv2] [D] [thread 10316] [5.0] [cxt 0] Deparsing header 'ethernet'
[23:25:56.743] [bmv2] [D] [thread 10316] [5.0] [cxt 0] Deparser 'deparser': end
[23:25:56.745] [bmv2] [D] [thread 10320] [5.0] [cxt 0] Transmitting packet of size 70 out of port 0
[23:26:03.662] [bmv2] [D] [thread 10315] [6.0] [cxt 0] Processing packet received on port 1
[23:26:03.663] [bmv2] [D] [thread 10315] [6.0] [cxt 0] Parser 'parser': start
[23:26:03.663] [bmv2] [D] [thread 10315] [6.0] [cxt 0] Parser 'parser' entering state 'start'
[23:26:03.663] [bmv2] [D] [thread 10315] [6.0] [cxt 0] Extracting header 'ethernet'
[23:26:03.663] [bmv2] [D] [thread 10315] [6.0] [cxt 0] Parser state 'start': key is 86dd
[23:26:03.663] [bmv2] [T] [thread 10315] [6.0] [cxt 0] Bytes parsed: 14
[23:26:03.663] [bmv2] [D] [thread 10315] [6.0] [cxt 0] Parser 'parser': end
[23:26:03.663] [bmv2] [D] [thread 10315] [6.0] [cxt 0] Pipeline 'ingress': start
[23:26:03.663] [bmv2] [T] [thread 10315] [6.0] [cxt 0] qos.p4(197) Condition "hdr.ipv4.isValid()" (node_2) is false
[23:26:03.663] [bmv2] [D] [thread 10315] [6.0] [cxt 0] Pipeline 'ingress': end
[23:26:03.663] [bmv2] [D] [thread 10315] [6.0] [cxt 0] Egress port is 0
[23:26:03.663] [bmv2] [D] [thread 10316] [6.0] [cxt 0] Pipeline 'egress': start
[23:26:03.663] [bmv2] [D] [thread 10316] [6.0] [cxt 0] Pipeline 'egress': end
[23:26:03.664] [bmv2] [D] [thread 10316] [6.0] [cxt 0] Deparser 'deparser': start
[23:26:03.664] [bmv2] [T] [thread 10316] [6.0] [cxt 0] Skipping checksum 'cksum' update because condition not met
[23:26:03.664] [bmv2] [D] [thread 10316] [6.0] [cxt 0] Deparsing header 'ethernet'
[23:26:03.664] [bmv2] [D] [thread 10316] [6.0] [cxt 0] Deparser 'deparser': end
[23:26:03.664] [bmv2] [D] [thread 10320] [6.0] [cxt 0] Transmitting packet of size 70 out of port 0
[23:26:03.909] [bmv2] [D] [thread 10315] [7.0] [cxt 0] Processing packet received on port 3
[23:26:03.910] [bmv2] [D] [thread 10315] [7.0] [cxt 0] Parser 'parser': start
[23:26:03.910] [bmv2] [D] [thread 10315] [7.0] [cxt 0] Parser 'parser' entering state 'start'
[23:26:03.910] [bmv2] [D] [thread 10315] [7.0] [cxt 0] Extracting header 'ethernet'
[23:26:03.910] [bmv2] [D] [thread 10315] [7.0] [cxt 0] Parser state 'start': key is 86dd
[23:26:03.910] [bmv2] [T] [thread 10315] [7.0] [cxt 0] Bytes parsed: 14
[23:26:03.910] [bmv2] [D] [thread 10315] [7.0] [cxt 0] Parser 'parser': end
[23:26:03.910] [bmv2] [D] [thread 10315] [7.0] [cxt 0] Pipeline 'ingress': start
[23:26:03.911] [bmv2] [T] [thread 10315] [7.0] [cxt 0] qos.p4(197) Condition "hdr.ipv4.isValid()" (node_2) is false
[23:26:03.911] [bmv2] [D] [thread 10315] [7.0] [cxt 0] Pipeline 'ingress': end
[23:26:03.911] [bmv2] [D] [thread 10315] [7.0] [cxt 0] Egress port is 0
[23:26:03.915] [bmv2] [D] [thread 10316] [7.0] [cxt 0] Pipeline 'egress': start
[23:26:03.915] [bmv2] [D] [thread 10316] [7.0] [cxt 0] Pipeline 'egress': end
[23:26:03.915] [bmv2] [D] [thread 10316] [7.0] [cxt 0] Deparser 'deparser': start
[23:26:03.915] [bmv2] [T] [thread 10316] [7.0] [cxt 0] Skipping checksum 'cksum' update because condition not met
[23:26:03.916] [bmv2] [D] [thread 10316] [7.0] [cxt 0] Deparsing header 'ethernet'
[23:26:03.916] [bmv2] [D] [thread 10316] [7.0] [cxt 0] Deparser 'deparser': end
[23:26:03.916] [bmv2] [D] [thread 10320] [7.0] [cxt 0] Transmitting packet of size 70 out of port 0
[23:26:04.686] [bmv2] [D] [thread 10315] [8.0] [cxt 0] Processing packet received on port 2
[23:26:04.700] [bmv2] [D] [thread 10315] [8.0] [cxt 0] Parser 'parser': start
[23:26:04.700] [bmv2] [D] [thread 10315] [8.0] [cxt 0] Parser 'parser' entering state 'start'
[23:26:04.700] [bmv2] [D] [thread 10315] [8.0] [cxt 0] Extracting header 'ethernet'
[23:26:04.704] [bmv2] [D] [thread 10315] [8.0] [cxt 0] Parser state 'start': key is 86dd
[23:26:04.705] [bmv2] [T] [thread 10315] [8.0] [cxt 0] Bytes parsed: 14
[23:26:04.705] [bmv2] [D] [thread 10315] [8.0] [cxt 0] Parser 'parser': end
[23:26:04.709] [bmv2] [D] [thread 10315] [8.0] [cxt 0] Pipeline 'ingress': start
[23:26:04.709] [bmv2] [T] [thread 10315] [8.0] [cxt 0] qos.p4(197) Condition "hdr.ipv4.isValid()" (node_2) is false
[23:26:04.711] [bmv2] [D] [thread 10315] [8.0] [cxt 0] Pipeline 'ingress': end
[23:26:04.711] [bmv2] [D] [thread 10315] [8.0] [cxt 0] Egress port is 0
[23:26:04.714] [bmv2] [D] [thread 10316] [8.0] [cxt 0] Pipeline 'egress': start
[23:26:04.714] [bmv2] [D] [thread 10316] [8.0] [cxt 0] Pipeline 'egress': end
[23:26:04.714] [bmv2] [D] [thread 10316] [8.0] [cxt 0] Deparser 'deparser': start
[23:26:04.715] [bmv2] [T] [thread 10316] [8.0] [cxt 0] Skipping checksum 'cksum' update because condition not met
[23:26:04.715] [bmv2] [D] [thread 10316] [8.0] [cxt 0] Deparsing header 'ethernet'
[23:26:04.715] [bmv2] [D] [thread 10316] [8.0] [cxt 0] Deparser 'deparser': end
[23:26:04.715] [bmv2] [D] [thread 10320] [8.0] [cxt 0] Transmitting packet of size 70 out of port 0
[23:26:05.448] [bmv2] [D] [thread 10315] [9.0] [cxt 0] Processing packet received on port 2
[23:26:05.448] [bmv2] [D] [thread 10315] [9.0] [cxt 0] Parser 'parser': start
[23:26:05.448] [bmv2] [D] [thread 10315] [9.0] [cxt 0] Parser 'parser' entering state 'start'
[23:26:05.448] [bmv2] [D] [thread 10315] [9.0] [cxt 0] Extracting header 'ethernet'
[23:26:05.448] [bmv2] [D] [thread 10315] [9.0] [cxt 0] Parser state 'start': key is 86dd
[23:26:05.448] [bmv2] [T] [thread 10315] [9.0] [cxt 0] Bytes parsed: 14
[23:26:05.448] [bmv2] [D] [thread 10315] [9.0] [cxt 0] Parser 'parser': end
[23:26:05.449] [bmv2] [D] [thread 10315] [9.0] [cxt 0] Pipeline 'ingress': start
[23:26:05.449] [bmv2] [T] [thread 10315] [9.0] [cxt 0] qos.p4(197) Condition "hdr.ipv4.isValid()" (node_2) is false
[23:26:05.449] [bmv2] [D] [thread 10315] [9.0] [cxt 0] Pipeline 'ingress': end
[23:26:05.449] [bmv2] [D] [thread 10315] [9.0] [cxt 0] Egress port is 0
[23:26:05.449] [bmv2] [D] [thread 10316] [9.0] [cxt 0] Pipeline 'egress': start
[23:26:05.449] [bmv2] [D] [thread 10316] [9.0] [cxt 0] Pipeline 'egress': end
[23:26:05.449] [bmv2] [D] [thread 10316] [9.0] [cxt 0] Deparser 'deparser': start
[23:26:05.449] [bmv2] [T] [thread 10316] [9.0] [cxt 0] Skipping checksum 'cksum' update because condition not met
[23:26:05.449] [bmv2] [D] [thread 10316] [9.0] [cxt 0] Deparsing header 'ethernet'
[23:26:05.449] [bmv2] [D] [thread 10316] [9.0] [cxt 0] Deparser 'deparser': end
[23:26:05.449] [bmv2] [D] [thread 10320] [9.0] [cxt 0] Transmitting packet of size 70 out of port 0
[23:26:05.450] [bmv2] [D] [thread 10315] [10.0] [cxt 0] Processing packet received on port 3
[23:26:05.450] [bmv2] [D] [thread 10315] [10.0] [cxt 0] Parser 'parser': start
[23:26:05.450] [bmv2] [D] [thread 10315] [10.0] [cxt 0] Parser 'parser' entering state 'start'
[23:26:05.450] [bmv2] [D] [thread 10315] [10.0] [cxt 0] Extracting header 'ethernet'
[23:26:05.451] [bmv2] [D] [thread 10315] [10.0] [cxt 0] Parser state 'start': key is 86dd
[23:26:05.451] [bmv2] [T] [thread 10315] [10.0] [cxt 0] Bytes parsed: 14
[23:26:05.451] [bmv2] [D] [thread 10315] [10.0] [cxt 0] Parser 'parser': end
[23:26:05.451] [bmv2] [D] [thread 10315] [10.0] [cxt 0] Pipeline 'ingress': start
[23:26:05.451] [bmv2] [T] [thread 10315] [10.0] [cxt 0] qos.p4(197) Condition "hdr.ipv4.isValid()" (node_2) is false
[23:26:05.451] [bmv2] [D] [thread 10315] [10.0] [cxt 0] Pipeline 'ingress': end
[23:26:05.451] [bmv2] [D] [thread 10315] [10.0] [cxt 0] Egress port is 0
[23:26:05.452] [bmv2] [D] [thread 10316] [10.0] [cxt 0] Pipeline 'egress': start
[23:26:05.453] [bmv2] [D] [thread 10316] [10.0] [cxt 0] Pipeline 'egress': end
[23:26:05.453] [bmv2] [D] [thread 10316] [10.0] [cxt 0] Deparser 'deparser': start
[23:26:05.453] [bmv2] [T] [thread 10316] [10.0] [cxt 0] Skipping checksum 'cksum' update because condition not met
[23:26:05.453] [bmv2] [D] [thread 10316] [10.0] [cxt 0] Deparsing header 'ethernet'
[23:26:05.453] [bmv2] [D] [thread 10316] [10.0] [cxt 0] Deparser 'deparser': end
[23:26:05.453] [bmv2] [D] [thread 10320] [10.0] [cxt 0] Transmitting packet of size 70 out of port 0
[23:26:19.268] [bmv2] [D] [thread 10315] [11.0] [cxt 0] Processing packet received on port 3
[23:26:19.268] [bmv2] [D] [thread 10315] [11.0] [cxt 0] Parser 'parser': start
[23:26:19.269] [bmv2] [D] [thread 10315] [11.0] [cxt 0] Parser 'parser' entering state 'start'
[23:26:19.269] [bmv2] [D] [thread 10315] [11.0] [cxt 0] Extracting header 'ethernet'
[23:26:19.272] [bmv2] [D] [thread 10315] [11.0] [cxt 0] Parser state 'start': key is 86dd
[23:26:19.272] [bmv2] [T] [thread 10315] [11.0] [cxt 0] Bytes parsed: 14
[23:26:19.272] [bmv2] [D] [thread 10315] [11.0] [cxt 0] Parser 'parser': end
[23:26:19.272] [bmv2] [D] [thread 10315] [11.0] [cxt 0] Pipeline 'ingress': start
[23:26:19.272] [bmv2] [T] [thread 10315] [11.0] [cxt 0] qos.p4(197) Condition "hdr.ipv4.isValid()" (node_2) is false
[23:26:19.272] [bmv2] [D] [thread 10315] [11.0] [cxt 0] Pipeline 'ingress': end
[23:26:19.273] [bmv2] [D] [thread 10315] [11.0] [cxt 0] Egress port is 0
[23:26:19.274] [bmv2] [D] [thread 10316] [11.0] [cxt 0] Pipeline 'egress': start
[23:26:19.274] [bmv2] [D] [thread 10316] [11.0] [cxt 0] Pipeline 'egress': end
[23:26:19.274] [bmv2] [D] [thread 10316] [11.0] [cxt 0] Deparser 'deparser': start
[23:26:19.275] [bmv2] [T] [thread 10316] [11.0] [cxt 0] Skipping checksum 'cksum' update because condition not met
[23:26:19.275] [bmv2] [D] [thread 10316] [11.0] [cxt 0] Deparsing header 'ethernet'
[23:26:19.275] [bmv2] [D] [thread 10316] [11.0] [cxt 0] Deparser 'deparser': end
[23:26:19.275] [bmv2] [D] [thread 10320] [11.0] [cxt 0] Transmitting packet of size 70 out of port 0
[23:26:19.524] [bmv2] [D] [thread 10315] [12.0] [cxt 0] Processing packet received on port 1
[23:26:19.526] [bmv2] [D] [thread 10315] [12.0] [cxt 0] Parser 'parser': start
[23:26:19.526] [bmv2] [D] [thread 10315] [12.0] [cxt 0] Parser 'parser' entering state 'start'
[23:26:19.526] [bmv2] [D] [thread 10315] [12.0] [cxt 0] Extracting header 'ethernet'
[23:26:19.527] [bmv2] [D] [thread 10315] [12.0] [cxt 0] Parser state 'start': key is 86dd
[23:26:19.527] [bmv2] [T] [thread 10315] [12.0] [cxt 0] Bytes parsed: 14
[23:26:19.527] [bmv2] [D] [thread 10315] [12.0] [cxt 0] Parser 'parser': end
[23:26:19.527] [bmv2] [D] [thread 10315] [12.0] [cxt 0] Pipeline 'ingress': start
[23:26:19.528] [bmv2] [T] [thread 10315] [12.0] [cxt 0] qos.p4(197) Condition "hdr.ipv4.isValid()" (node_2) is false
[23:26:19.528] [bmv2] [D] [thread 10315] [12.0] [cxt 0] Pipeline 'ingress': end
[23:26:19.528] [bmv2] [D] [thread 10315] [12.0] [cxt 0] Egress port is 0
[23:26:19.530] [bmv2] [D] [thread 10316] [12.0] [cxt 0] Pipeline 'egress': start
[23:26:19.530] [bmv2] [D] [thread 10316] [12.0] [cxt 0] Pipeline 'egress': end
[23:26:19.530] [bmv2] [D] [thread 10316] [12.0] [cxt 0] Deparser 'deparser': start
[23:26:19.530] [bmv2] [T] [thread 10316] [12.0] [cxt 0] Skipping checksum 'cksum' update because condition not met
[23:26:19.530] [bmv2] [D] [thread 10316] [12.0] [cxt 0] Deparsing header 'ethernet'
[23:26:19.530] [bmv2] [D] [thread 10316] [12.0] [cxt 0] Deparser 'deparser': end
[23:26:19.531] [bmv2] [D] [thread 10320] [12.0] [cxt 0] Transmitting packet of size 70 out of port 0
[23:26:20.552] [bmv2] [D] [thread 10315] [13.0] [cxt 0] Processing packet received on port 2
[23:26:20.552] [bmv2] [D] [thread 10315] [13.0] [cxt 0] Parser 'parser': start
[23:26:20.552] [bmv2] [D] [thread 10315] [13.0] [cxt 0] Parser 'parser' entering state 'start'
[23:26:20.552] [bmv2] [D] [thread 10315] [13.0] [cxt 0] Extracting header 'ethernet'
[23:26:20.553] [bmv2] [D] [thread 10315] [13.0] [cxt 0] Parser state 'start': key is 86dd
[23:26:20.553] [bmv2] [T] [thread 10315] [13.0] [cxt 0] Bytes parsed: 14
[23:26:20.553] [bmv2] [D] [thread 10315] [13.0] [cxt 0] Parser 'parser': end
[23:26:20.553] [bmv2] [D] [thread 10315] [13.0] [cxt 0] Pipeline 'ingress': start
[23:26:20.554] [bmv2] [T] [thread 10315] [13.0] [cxt 0] qos.p4(197) Condition "hdr.ipv4.isValid()" (node_2) is false
[23:26:20.554] [bmv2] [D] [thread 10315] [13.0] [cxt 0] Pipeline 'ingress': end
[23:26:20.554] [bmv2] [D] [thread 10315] [13.0] [cxt 0] Egress port is 0
[23:26:20.554] [bmv2] [D] [thread 10316] [13.0] [cxt 0] Pipeline 'egress': start
[23:26:20.555] [bmv2] [D] [thread 10316] [13.0] [cxt 0] Pipeline 'egress': end
[23:26:20.555] [bmv2] [D] [thread 10316] [13.0] [cxt 0] Deparser 'deparser': start
[23:26:20.555] [bmv2] [T] [thread 10316] [13.0] [cxt 0] Skipping checksum 'cksum' update because condition not met
[23:26:20.555] [bmv2] [D] [thread 10316] [13.0] [cxt 0] Deparsing header 'ethernet'
[23:26:20.555] [bmv2] [D] [thread 10316] [13.0] [cxt 0] Deparser 'deparser': end
[23:26:20.555] [bmv2] [D] [thread 10320] [13.0] [cxt 0] Transmitting packet of size 70 out of port 0
[23:26:23.377] [bmv2] [D] [thread 10315] [14.0] [cxt 0] Processing packet received on port 2
[23:26:23.377] [bmv2] [D] [thread 10315] [14.0] [cxt 0] Parser 'parser': start
[23:26:23.377] [bmv2] [D] [thread 10315] [14.0] [cxt 0] Parser 'parser' entering state 'start'
[23:26:23.377] [bmv2] [D] [thread 10315] [14.0] [cxt 0] Extracting header 'ethernet'
[23:26:23.377] [bmv2] [D] [thread 10315] [14.0] [cxt 0] Parser state 'start': key is 86dd
[23:26:23.377] [bmv2] [T] [thread 10315] [14.0] [cxt 0] Bytes parsed: 14
[23:26:23.377] [bmv2] [D] [thread 10315] [14.0] [cxt 0] Parser 'parser': end
[23:26:23.377] [bmv2] [D] [thread 10315] [14.0] [cxt 0] Pipeline 'ingress': start
[23:26:23.377] [bmv2] [T] [thread 10315] [14.0] [cxt 0] qos.p4(197) Condition "hdr.ipv4.isValid()" (node_2) is false
[23:26:23.377] [bmv2] [D] [thread 10315] [14.0] [cxt 0] Pipeline 'ingress': end
[23:26:23.378] [bmv2] [D] [thread 10315] [14.0] [cxt 0] Egress port is 0
[23:26:23.378] [bmv2] [D] [thread 10316] [14.0] [cxt 0] Pipeline 'egress': start
[23:26:23.378] [bmv2] [D] [thread 10316] [14.0] [cxt 0] Pipeline 'egress': end
[23:26:23.378] [bmv2] [D] [thread 10316] [14.0] [cxt 0] Deparser 'deparser': start
[23:26:23.378] [bmv2] [T] [thread 10316] [14.0] [cxt 0] Skipping checksum 'cksum' update because condition not met
[23:26:23.378] [bmv2] [D] [thread 10316] [14.0] [cxt 0] Deparsing header 'ethernet'
[23:26:23.378] [bmv2] [D] [thread 10316] [14.0] [cxt 0] Deparser 'deparser': end
[23:26:23.379] [bmv2] [D] [thread 10320] [14.0] [cxt 0] Transmitting packet of size 70 out of port 0
[23:26:23.382] [bmv2] [D] [thread 10315] [15.0] [cxt 0] Processing packet received on port 3
[23:26:23.382] [bmv2] [D] [thread 10315] [15.0] [cxt 0] Parser 'parser': start
[23:26:23.382] [bmv2] [D] [thread 10315] [15.0] [cxt 0] Parser 'parser' entering state 'start'
[23:26:23.382] [bmv2] [D] [thread 10315] [15.0] [cxt 0] Extracting header 'ethernet'
[23:26:23.382] [bmv2] [D] [thread 10315] [15.0] [cxt 0] Parser state 'start': key is 86dd
[23:26:23.382] [bmv2] [T] [thread 10315] [15.0] [cxt 0] Bytes parsed: 14
[23:26:23.382] [bmv2] [D] [thread 10315] [15.0] [cxt 0] Parser 'parser': end
[23:26:23.382] [bmv2] [D] [thread 10315] [15.0] [cxt 0] Pipeline 'ingress': start
[23:26:23.382] [bmv2] [T] [thread 10315] [15.0] [cxt 0] qos.p4(197) Condition "hdr.ipv4.isValid()" (node_2) is false
[23:26:23.382] [bmv2] [D] [thread 10315] [15.0] [cxt 0] Pipeline 'ingress': end
[23:26:23.382] [bmv2] [D] [thread 10315] [15.0] [cxt 0] Egress port is 0
[23:26:23.382] [bmv2] [D] [thread 10316] [15.0] [cxt 0] Pipeline 'egress': start
[23:26:23.382] [bmv2] [D] [thread 10316] [15.0] [cxt 0] Pipeline 'egress': end
[23:26:23.382] [bmv2] [D] [thread 10316] [15.0] [cxt 0] Deparser 'deparser': start
[23:26:23.382] [bmv2] [T] [thread 10316] [15.0] [cxt 0] Skipping checksum 'cksum' update because condition not met
[23:26:23.383] [bmv2] [D] [thread 10316] [15.0] [cxt 0] Deparsing header 'ethernet'
[23:26:23.383] [bmv2] [D] [thread 10316] [15.0] [cxt 0] Deparser 'deparser': end
[23:26:23.383] [bmv2] [D] [thread 10320] [15.0] [cxt 0] Transmitting packet of size 70 out of port 0
[23:26:52.047] [bmv2] [D] [thread 10315] [16.0] [cxt 0] Processing packet received on port 1
[23:26:52.048] [bmv2] [D] [thread 10315] [16.0] [cxt 0] Parser 'parser': start
[23:26:52.048] [bmv2] [D] [thread 10315] [16.0] [cxt 0] Parser 'parser' entering state 'start'
[23:26:52.048] [bmv2] [D] [thread 10315] [16.0] [cxt 0] Extracting header 'ethernet'
[23:26:52.048] [bmv2] [D] [thread 10315] [16.0] [cxt 0] Parser state 'start': key is 86dd
[23:26:52.049] [bmv2] [T] [thread 10315] [16.0] [cxt 0] Bytes parsed: 14
[23:26:52.049] [bmv2] [D] [thread 10315] [16.0] [cxt 0] Parser 'parser': end
[23:26:52.049] [bmv2] [D] [thread 10315] [16.0] [cxt 0] Pipeline 'ingress': start
[23:26:52.049] [bmv2] [T] [thread 10315] [16.0] [cxt 0] qos.p4(197) Condition "hdr.ipv4.isValid()" (node_2) is false
[23:26:52.049] [bmv2] [D] [thread 10315] [16.0] [cxt 0] Pipeline 'ingress': end
[23:26:52.049] [bmv2] [D] [thread 10315] [16.0] [cxt 0] Egress port is 0
[23:26:52.049] [bmv2] [D] [thread 10316] [16.0] [cxt 0] Pipeline 'egress': start
[23:26:52.049] [bmv2] [D] [thread 10316] [16.0] [cxt 0] Pipeline 'egress': end
[23:26:52.049] [bmv2] [D] [thread 10316] [16.0] [cxt 0] Deparser 'deparser': start
[23:26:52.050] [bmv2] [T] [thread 10316] [16.0] [cxt 0] Skipping checksum 'cksum' update because condition not met
[23:26:52.050] [bmv2] [D] [thread 10316] [16.0] [cxt 0] Deparsing header 'ethernet'
[23:26:52.050] [bmv2] [D] [thread 10316] [16.0] [cxt 0] Deparser 'deparser': end
[23:26:52.050] [bmv2] [D] [thread 10320] [16.0] [cxt 0] Transmitting packet of size 70 out of port 0
[23:26:52.051] [bmv2] [D] [thread 10315] [17.0] [cxt 0] Processing packet received on port 3
[23:26:52.051] [bmv2] [D] [thread 10315] [17.0] [cxt 0] Parser 'parser': start
[23:26:52.051] [bmv2] [D] [thread 10315] [17.0] [cxt 0] Parser 'parser' entering state 'start'
[23:26:52.051] [bmv2] [D] [thread 10315] [17.0] [cxt 0] Extracting header 'ethernet'
[23:26:52.051] [bmv2] [D] [thread 10315] [17.0] [cxt 0] Parser state 'start': key is 86dd
[23:26:52.051] [bmv2] [T] [thread 10315] [17.0] [cxt 0] Bytes parsed: 14
[23:26:52.051] [bmv2] [D] [thread 10315] [17.0] [cxt 0] Parser 'parser': end
[23:26:52.051] [bmv2] [D] [thread 10315] [17.0] [cxt 0] Pipeline 'ingress': start
[23:26:52.051] [bmv2] [T] [thread 10315] [17.0] [cxt 0] qos.p4(197) Condition "hdr.ipv4.isValid()" (node_2) is false
[23:26:52.051] [bmv2] [D] [thread 10315] [17.0] [cxt 0] Pipeline 'ingress': end
[23:26:52.051] [bmv2] [D] [thread 10315] [17.0] [cxt 0] Egress port is 0
[23:26:52.052] [bmv2] [D] [thread 10316] [17.0] [cxt 0] Pipeline 'egress': start
[23:26:52.052] [bmv2] [D] [thread 10316] [17.0] [cxt 0] Pipeline 'egress': end
[23:26:52.052] [bmv2] [D] [thread 10316] [17.0] [cxt 0] Deparser 'deparser': start
[23:26:52.052] [bmv2] [T] [thread 10316] [17.0] [cxt 0] Skipping checksum 'cksum' update because condition not met
[23:26:52.052] [bmv2] [D] [thread 10316] [17.0] [cxt 0] Deparsing header 'ethernet'
[23:26:52.052] [bmv2] [D] [thread 10316] [17.0] [cxt 0] Deparser 'deparser': end
[23:26:52.052] [bmv2] [D] [thread 10320] [17.0] [cxt 0] Transmitting packet of size 70 out of port 0
[23:26:54.087] [bmv2] [D] [thread 10315] [18.0] [cxt 0] Processing packet received on port 2
[23:26:54.087] [bmv2] [D] [thread 10315] [18.0] [cxt 0] Parser 'parser': start
[23:26:54.088] [bmv2] [D] [thread 10315] [18.0] [cxt 0] Parser 'parser' entering state 'start'
[23:26:54.088] [bmv2] [D] [thread 10315] [18.0] [cxt 0] Extracting header 'ethernet'
[23:26:54.088] [bmv2] [D] [thread 10315] [18.0] [cxt 0] Parser state 'start': key is 86dd
[23:26:54.089] [bmv2] [T] [thread 10315] [18.0] [cxt 0] Bytes parsed: 14
[23:26:54.089] [bmv2] [D] [thread 10315] [18.0] [cxt 0] Parser 'parser': end
[23:26:54.089] [bmv2] [D] [thread 10315] [18.0] [cxt 0] Pipeline 'ingress': start
[23:26:54.089] [bmv2] [T] [thread 10315] [18.0] [cxt 0] qos.p4(197) Condition "hdr.ipv4.isValid()" (node_2) is false
[23:26:54.089] [bmv2] [D] [thread 10315] [18.0] [cxt 0] Pipeline 'ingress': end
[23:26:54.097] [bmv2] [D] [thread 10315] [18.0] [cxt 0] Egress port is 0
[23:26:54.097] [bmv2] [D] [thread 10316] [18.0] [cxt 0] Pipeline 'egress': start
[23:26:54.097] [bmv2] [D] [thread 10316] [18.0] [cxt 0] Pipeline 'egress': end
[23:26:54.097] [bmv2] [D] [thread 10316] [18.0] [cxt 0] Deparser 'deparser': start
[23:26:54.097] [bmv2] [T] [thread 10316] [18.0] [cxt 0] Skipping checksum 'cksum' update because condition not met
[23:26:54.097] [bmv2] [D] [thread 10316] [18.0] [cxt 0] Deparsing header 'ethernet'
[23:26:54.097] [bmv2] [D] [thread 10316] [18.0] [cxt 0] Deparser 'deparser': end
[23:26:54.098] [bmv2] [D] [thread 10320] [18.0] [cxt 0] Transmitting packet of size 70 out of port 0
[23:26:56.134] [bmv2] [D] [thread 10315] [19.0] [cxt 0] Processing packet received on port 2
[23:26:56.135] [bmv2] [D] [thread 10315] [19.0] [cxt 0] Parser 'parser': start
[23:26:56.135] [bmv2] [D] [thread 10315] [19.0] [cxt 0] Parser 'parser' entering state 'start'
[23:26:56.135] [bmv2] [D] [thread 10315] [19.0] [cxt 0] Extracting header 'ethernet'
[23:26:56.135] [bmv2] [D] [thread 10315] [19.0] [cxt 0] Parser state 'start': key is 86dd
[23:26:56.135] [bmv2] [T] [thread 10315] [19.0] [cxt 0] Bytes parsed: 14
[23:26:56.135] [bmv2] [D] [thread 10315] [19.0] [cxt 0] Parser 'parser': end
[23:26:56.136] [bmv2] [D] [thread 10315] [19.0] [cxt 0] Pipeline 'ingress': start
[23:26:56.136] [bmv2] [T] [thread 10315] [19.0] [cxt 0] qos.p4(197) Condition "hdr.ipv4.isValid()" (node_2) is false
[23:26:56.136] [bmv2] [D] [thread 10315] [19.0] [cxt 0] Pipeline 'ingress': end
[23:26:56.136] [bmv2] [D] [thread 10315] [19.0] [cxt 0] Egress port is 0
[23:26:56.140] [bmv2] [D] [thread 10316] [19.0] [cxt 0] Pipeline 'egress': start
[23:26:56.140] [bmv2] [D] [thread 10316] [19.0] [cxt 0] Pipeline 'egress': end
[23:26:56.140] [bmv2] [D] [thread 10316] [19.0] [cxt 0] Deparser 'deparser': start
[23:26:56.140] [bmv2] [T] [thread 10316] [19.0] [cxt 0] Skipping checksum 'cksum' update because condition not met
[23:26:56.141] [bmv2] [D] [thread 10316] [19.0] [cxt 0] Deparsing header 'ethernet'
[23:26:56.141] [bmv2] [D] [thread 10316] [19.0] [cxt 0] Deparser 'deparser': end
[23:26:56.141] [bmv2] [D] [thread 10320] [19.0] [cxt 0] Transmitting packet of size 70 out of port 0
[23:26:58.179] [bmv2] [D] [thread 10315] [20.0] [cxt 0] Processing packet received on port 3
[23:26:58.179] [bmv2] [D] [thread 10315] [20.0] [cxt 0] Parser 'parser': start
[23:26:58.180] [bmv2] [D] [thread 10315] [20.0] [cxt 0] Parser 'parser' entering state 'start'
[23:26:58.180] [bmv2] [D] [thread 10315] [20.0] [cxt 0] Extracting header 'ethernet'
[23:26:58.180] [bmv2] [D] [thread 10315] [20.0] [cxt 0] Parser state 'start': key is 86dd
[23:26:58.180] [bmv2] [T] [thread 10315] [20.0] [cxt 0] Bytes parsed: 14
[23:26:58.180] [bmv2] [D] [thread 10315] [20.0] [cxt 0] Parser 'parser': end
[23:26:58.180] [bmv2] [D] [thread 10315] [20.0] [cxt 0] Pipeline 'ingress': start
[23:26:58.180] [bmv2] [T] [thread 10315] [20.0] [cxt 0] qos.p4(197) Condition "hdr.ipv4.isValid()" (node_2) is false
[23:26:58.180] [bmv2] [D] [thread 10315] [20.0] [cxt 0] Pipeline 'ingress': end
[23:26:58.180] [bmv2] [D] [thread 10315] [20.0] [cxt 0] Egress port is 0
[23:26:58.180] [bmv2] [D] [thread 10316] [20.0] [cxt 0] Pipeline 'egress': start
[23:26:58.180] [bmv2] [D] [thread 10316] [20.0] [cxt 0] Pipeline 'egress': end
[23:26:58.180] [bmv2] [D] [thread 10316] [20.0] [cxt 0] Deparser 'deparser': start
[23:26:58.180] [bmv2] [T] [thread 10316] [20.0] [cxt 0] Skipping checksum 'cksum' update because condition not met
[23:26:58.180] [bmv2] [D] [thread 10316] [20.0] [cxt 0] Deparsing header 'ethernet'
[23:26:58.180] [bmv2] [D] [thread 10316] [20.0] [cxt 0] Deparser 'deparser': end
[23:26:58.181] [bmv2] [D] [thread 10320] [20.0] [cxt 0] Transmitting packet of size 70 out of port 0
[23:27:55.522] [bmv2] [D] [thread 10315] [21.0] [cxt 0] Processing packet received on port 1
[23:27:55.522] [bmv2] [D] [thread 10315] [21.0] [cxt 0] Parser 'parser': start
[23:27:55.523] [bmv2] [D] [thread 10315] [21.0] [cxt 0] Parser 'parser' entering state 'start'
[23:27:55.523] [bmv2] [D] [thread 10315] [21.0] [cxt 0] Extracting header 'ethernet'
[23:27:55.523] [bmv2] [D] [thread 10315] [21.0] [cxt 0] Parser state 'start': key is 86dd
[23:27:55.523] [bmv2] [T] [thread 10315] [21.0] [cxt 0] Bytes parsed: 14
[23:27:55.523] [bmv2] [D] [thread 10315] [21.0] [cxt 0] Parser 'parser': end
[23:27:55.523] [bmv2] [D] [thread 10315] [21.0] [cxt 0] Pipeline 'ingress': start
[23:27:55.523] [bmv2] [T] [thread 10315] [21.0] [cxt 0] qos.p4(197) Condition "hdr.ipv4.isValid()" (node_2) is false
[23:27:55.523] [bmv2] [D] [thread 10315] [21.0] [cxt 0] Pipeline 'ingress': end
[23:27:55.523] [bmv2] [D] [thread 10315] [21.0] [cxt 0] Egress port is 0
[23:27:55.523] [bmv2] [D] [thread 10315] [22.0] [cxt 0] Processing packet received on port 3
[23:27:55.523] [bmv2] [D] [thread 10315] [22.0] [cxt 0] Parser 'parser': start
[23:27:55.523] [bmv2] [D] [thread 10315] [22.0] [cxt 0] Parser 'parser' entering state 'start'
[23:27:55.523] [bmv2] [D] [thread 10315] [22.0] [cxt 0] Extracting header 'ethernet'
[23:27:55.523] [bmv2] [D] [thread 10315] [22.0] [cxt 0] Parser state 'start': key is 86dd
[23:27:55.523] [bmv2] [T] [thread 10315] [22.0] [cxt 0] Bytes parsed: 14
[23:27:55.523] [bmv2] [D] [thread 10315] [22.0] [cxt 0] Parser 'parser': end
[23:27:55.523] [bmv2] [D] [thread 10315] [22.0] [cxt 0] Pipeline 'ingress': start
[23:27:55.523] [bmv2] [T] [thread 10315] [22.0] [cxt 0] qos.p4(197) Condition "hdr.ipv4.isValid()" (node_2) is false
[23:27:55.523] [bmv2] [D] [thread 10315] [22.0] [cxt 0] Pipeline 'ingress': end
[23:27:55.523] [bmv2] [D] [thread 10315] [22.0] [cxt 0] Egress port is 0
[23:27:55.523] [bmv2] [D] [thread 10316] [21.0] [cxt 0] Pipeline 'egress': start
[23:27:55.524] [bmv2] [D] [thread 10316] [21.0] [cxt 0] Pipeline 'egress': end
[23:27:55.524] [bmv2] [D] [thread 10316] [21.0] [cxt 0] Deparser 'deparser': start
[23:27:55.524] [bmv2] [T] [thread 10316] [21.0] [cxt 0] Skipping checksum 'cksum' update because condition not met
[23:27:55.524] [bmv2] [D] [thread 10316] [21.0] [cxt 0] Deparsing header 'ethernet'
[23:27:55.524] [bmv2] [D] [thread 10316] [21.0] [cxt 0] Deparser 'deparser': end
[23:27:55.524] [bmv2] [D] [thread 10316] [22.0] [cxt 0] Pipeline 'egress': start
[23:27:55.524] [bmv2] [D] [thread 10316] [22.0] [cxt 0] Pipeline 'egress': end
[23:27:55.524] [bmv2] [D] [thread 10316] [22.0] [cxt 0] Deparser 'deparser': start
[23:27:55.524] [bmv2] [T] [thread 10316] [22.0] [cxt 0] Skipping checksum 'cksum' update because condition not met
[23:27:55.524] [bmv2] [D] [thread 10316] [22.0] [cxt 0] Deparsing header 'ethernet'
[23:27:55.524] [bmv2] [D] [thread 10316] [22.0] [cxt 0] Deparser 'deparser': end
[23:27:55.524] [bmv2] [D] [thread 10320] [21.0] [cxt 0] Transmitting packet of size 70 out of port 0
[23:27:55.524] [bmv2] [D] [thread 10320] [22.0] [cxt 0] Transmitting packet of size 70 out of port 0
[23:28:01.669] [bmv2] [D] [thread 10315] [23.0] [cxt 0] Processing packet received on port 2
[23:28:01.669] [bmv2] [D] [thread 10315] [23.0] [cxt 0] Parser 'parser': start
[23:28:01.669] [bmv2] [D] [thread 10315] [23.0] [cxt 0] Parser 'parser' entering state 'start'
[23:28:01.669] [bmv2] [D] [thread 10315] [23.0] [cxt 0] Extracting header 'ethernet'
[23:28:01.669] [bmv2] [D] [thread 10315] [23.0] [cxt 0] Parser state 'start': key is 86dd
[23:28:01.669] [bmv2] [T] [thread 10315] [23.0] [cxt 0] Bytes parsed: 14
[23:28:01.669] [bmv2] [D] [thread 10315] [23.0] [cxt 0] Parser 'parser': end
[23:28:01.670] [bmv2] [D] [thread 10315] [23.0] [cxt 0] Pipeline 'ingress': start
[23:28:01.670] [bmv2] [T] [thread 10315] [23.0] [cxt 0] qos.p4(197) Condition "hdr.ipv4.isValid()" (node_2) is false
[23:28:01.670] [bmv2] [D] [thread 10315] [23.0] [cxt 0] Pipeline 'ingress': end
[23:28:01.670] [bmv2] [D] [thread 10315] [23.0] [cxt 0] Egress port is 0
[23:28:01.670] [bmv2] [D] [thread 10315] [24.0] [cxt 0] Processing packet received on port 3
[23:28:01.670] [bmv2] [D] [thread 10315] [24.0] [cxt 0] Parser 'parser': start
[23:28:01.670] [bmv2] [D] [thread 10315] [24.0] [cxt 0] Parser 'parser' entering state 'start'
[23:28:01.670] [bmv2] [D] [thread 10315] [24.0] [cxt 0] Extracting header 'ethernet'
[23:28:01.670] [bmv2] [D] [thread 10315] [24.0] [cxt 0] Parser state 'start': key is 86dd
[23:28:01.670] [bmv2] [T] [thread 10315] [24.0] [cxt 0] Bytes parsed: 14
[23:28:01.670] [bmv2] [D] [thread 10315] [24.0] [cxt 0] Parser 'parser': end
[23:28:01.670] [bmv2] [D] [thread 10315] [24.0] [cxt 0] Pipeline 'ingress': start
[23:28:01.670] [bmv2] [T] [thread 10315] [24.0] [cxt 0] qos.p4(197) Condition "hdr.ipv4.isValid()" (node_2) is false
[23:28:01.670] [bmv2] [D] [thread 10315] [24.0] [cxt 0] Pipeline 'ingress': end
[23:28:01.670] [bmv2] [D] [thread 10315] [24.0] [cxt 0] Egress port is 0
[23:28:01.670] [bmv2] [D] [thread 10316] [23.0] [cxt 0] Pipeline 'egress': start
[23:28:01.670] [bmv2] [D] [thread 10316] [23.0] [cxt 0] Pipeline 'egress': end
[23:28:01.670] [bmv2] [D] [thread 10316] [23.0] [cxt 0] Deparser 'deparser': start
[23:28:01.670] [bmv2] [T] [thread 10316] [23.0] [cxt 0] Skipping checksum 'cksum' update because condition not met
[23:28:01.671] [bmv2] [D] [thread 10316] [23.0] [cxt 0] Deparsing header 'ethernet'
[23:28:01.671] [bmv2] [D] [thread 10316] [23.0] [cxt 0] Deparser 'deparser': end
[23:28:01.671] [bmv2] [D] [thread 10316] [24.0] [cxt 0] Pipeline 'egress': start
[23:28:01.671] [bmv2] [D] [thread 10316] [24.0] [cxt 0] Pipeline 'egress': end
[23:28:01.671] [bmv2] [D] [thread 10316] [24.0] [cxt 0] Deparser 'deparser': start
[23:28:01.671] [bmv2] [T] [thread 10316] [24.0] [cxt 0] Skipping checksum 'cksum' update because condition not met
[23:28:01.671] [bmv2] [D] [thread 10316] [24.0] [cxt 0] Deparsing header 'ethernet'
[23:28:01.671] [bmv2] [D] [thread 10316] [24.0] [cxt 0] Deparser 'deparser': end
[23:28:01.671] [bmv2] [D] [thread 10320] [23.0] [cxt 0] Transmitting packet of size 70 out of port 0
[23:28:01.671] [bmv2] [D] [thread 10320] [24.0] [cxt 0] Transmitting packet of size 70 out of port 0
[23:28:01.674] [bmv2] [D] [thread 10315] [25.0] [cxt 0] Processing packet received on port 2
[23:28:01.674] [bmv2] [D] [thread 10315] [25.0] [cxt 0] Parser 'parser': start
[23:28:01.674] [bmv2] [D] [thread 10315] [25.0] [cxt 0] Parser 'parser' entering state 'start'
[23:28:01.674] [bmv2] [D] [thread 10315] [25.0] [cxt 0] Extracting header 'ethernet'
[23:28:01.674] [bmv2] [D] [thread 10315] [25.0] [cxt 0] Parser state 'start': key is 86dd
[23:28:01.674] [bmv2] [T] [thread 10315] [25.0] [cxt 0] Bytes parsed: 14
[23:28:01.674] [bmv2] [D] [thread 10315] [25.0] [cxt 0] Parser 'parser': end
[23:28:01.674] [bmv2] [D] [thread 10315] [25.0] [cxt 0] Pipeline 'ingress': start
[23:28:01.674] [bmv2] [T] [thread 10315] [25.0] [cxt 0] qos.p4(197) Condition "hdr.ipv4.isValid()" (node_2) is false
[23:28:01.674] [bmv2] [D] [thread 10315] [25.0] [cxt 0] Pipeline 'ingress': end
[23:28:01.674] [bmv2] [D] [thread 10315] [25.0] [cxt 0] Egress port is 0
[23:28:01.674] [bmv2] [D] [thread 10316] [25.0] [cxt 0] Pipeline 'egress': start
[23:28:01.674] [bmv2] [D] [thread 10316] [25.0] [cxt 0] Pipeline 'egress': end
[23:28:01.675] [bmv2] [D] [thread 10316] [25.0] [cxt 0] Deparser 'deparser': start
[23:28:01.675] [bmv2] [T] [thread 10316] [25.0] [cxt 0] Skipping checksum 'cksum' update because condition not met
[23:28:01.675] [bmv2] [D] [thread 10316] [25.0] [cxt 0] Deparsing header 'ethernet'
[23:28:01.675] [bmv2] [D] [thread 10316] [25.0] [cxt 0] Deparser 'deparser': end
[23:28:01.675] [bmv2] [D] [thread 10320] [25.0] [cxt 0] Transmitting packet of size 70 out of port 0
open: No such file or directory
open: No such file or directory
open: No such file or directory
open: No such file or directory
open: No such file or directory
open: No such file or directory
