Calling target program-options parser
[23:05:12.859] [bmv2] [D] [thread 9603] Set default default entry for table 'tbl_qos199': qos199 - 
[23:05:12.860] [bmv2] [D] [thread 9603] Set default default entry for table 'MyIngress.ipv4_lpm': NoAction - 
Adding interface s3-eth1 as port 1
[23:05:12.861] [bmv2] [D] [thread 9603] Adding interface s3-eth1 as port 1
Adding interface s3-eth2 as port 2
[23:05:12.878] [bmv2] [D] [thread 9603] Adding interface s3-eth2 as port 2
Adding interface s3-eth3 as port 3
[23:05:12.883] [bmv2] [D] [thread 9603] Adding interface s3-eth3 as port 3
Server listening on 0.0.0.0:50053
[23:05:12.895] [bmv2] [I] [thread 9603] Starting Thrift server on port 9092
[23:05:12.900] [bmv2] [I] [thread 9603] Thrift server was started
[23:05:14.832] [bmv2] [W] [thread 9657] [P4Runtime] p4::tmp::P4DeviceConfig is deprecated
[23:05:14.838] [bmv2] [D] [thread 9657] Set default default entry for table 'tbl_qos199': qos199 - 
[23:05:14.838] [bmv2] [D] [thread 9657] Set default default entry for table 'MyIngress.ipv4_lpm': NoAction - 
[23:05:14.846] [bmv2] [D] [thread 9657] simple_switch target has been notified of a config swap
[23:05:14.854] [bmv2] [D] [thread 9659] Entry 0 added to table 'MyIngress.ipv4_lpm'
[23:05:14.854] [bmv2] [D] [thread 9659] Dumping entry 0
Match key:
* hdr.ipv4.dstAddr    : LPM       0a000303/32
Action entry: MyIngress.ipv4_forward - 80000000303,1,

[23:05:14.861] [bmv2] [D] [thread 9659] Entry 1 added to table 'MyIngress.ipv4_lpm'
[23:05:14.861] [bmv2] [D] [thread 9659] Dumping entry 1
Match key:
* hdr.ipv4.dstAddr    : LPM       0a000100/24
Action entry: MyIngress.ipv4_forward - 80000000100,2,

[23:05:14.869] [bmv2] [D] [thread 9664] Entry 2 added to table 'MyIngress.ipv4_lpm'
[23:05:14.869] [bmv2] [D] [thread 9664] Dumping entry 2
Match key:
* hdr.ipv4.dstAddr    : LPM       0a000200/24
Action entry: MyIngress.ipv4_forward - 80000000200,3,

[23:05:15.142] [bmv2] [D] [thread 9613] [0.0] [cxt 0] Processing packet received on port 2
[23:05:15.143] [bmv2] [D] [thread 9613] [0.0] [cxt 0] Parser 'parser': start
[23:05:15.143] [bmv2] [D] [thread 9613] [0.0] [cxt 0] Parser 'parser' entering state 'start'
[23:05:15.143] [bmv2] [D] [thread 9613] [0.0] [cxt 0] Extracting header 'ethernet'
[23:05:15.143] [bmv2] [D] [thread 9613] [0.0] [cxt 0] Parser state 'start': key is 86dd
[23:05:15.143] [bmv2] [T] [thread 9613] [0.0] [cxt 0] Bytes parsed: 14
[23:05:15.143] [bmv2] [D] [thread 9613] [0.0] [cxt 0] Parser 'parser': end
[23:05:15.143] [bmv2] [D] [thread 9613] [0.0] [cxt 0] Pipeline 'ingress': start
[23:05:15.143] [bmv2] [T] [thread 9613] [0.0] [cxt 0] qos.p4(197) Condition "hdr.ipv4.isValid()" (node_2) is false
[23:05:15.143] [bmv2] [D] [thread 9613] [0.0] [cxt 0] Pipeline 'ingress': end
[23:05:15.143] [bmv2] [D] [thread 9613] [0.0] [cxt 0] Egress port is 0
[23:05:15.144] [bmv2] [D] [thread 9614] [0.0] [cxt 0] Pipeline 'egress': start
[23:05:15.144] [bmv2] [D] [thread 9614] [0.0] [cxt 0] Pipeline 'egress': end
[23:05:15.144] [bmv2] [D] [thread 9614] [0.0] [cxt 0] Deparser 'deparser': start
[23:05:15.144] [bmv2] [T] [thread 9614] [0.0] [cxt 0] Skipping checksum 'cksum' update because condition not met
[23:05:15.145] [bmv2] [D] [thread 9614] [0.0] [cxt 0] Deparsing header 'ethernet'
[23:05:15.145] [bmv2] [D] [thread 9614] [0.0] [cxt 0] Deparser 'deparser': end
[23:05:15.145] [bmv2] [D] [thread 9618] [0.0] [cxt 0] Transmitting packet of size 70 out of port 0
[23:05:15.399] [bmv2] [D] [thread 9613] [1.0] [cxt 0] Processing packet received on port 2
[23:05:15.400] [bmv2] [D] [thread 9613] [1.0] [cxt 0] Parser 'parser': start
[23:05:15.400] [bmv2] [D] [thread 9613] [1.0] [cxt 0] Parser 'parser' entering state 'start'
[23:05:15.400] [bmv2] [D] [thread 9613] [1.0] [cxt 0] Extracting header 'ethernet'
[23:05:15.400] [bmv2] [D] [thread 9613] [1.0] [cxt 0] Parser state 'start': key is 86dd
[23:05:15.400] [bmv2] [T] [thread 9613] [1.0] [cxt 0] Bytes parsed: 14
[23:05:15.400] [bmv2] [D] [thread 9613] [1.0] [cxt 0] Parser 'parser': end
[23:05:15.400] [bmv2] [D] [thread 9613] [1.0] [cxt 0] Pipeline 'ingress': start
[23:05:15.400] [bmv2] [T] [thread 9613] [1.0] [cxt 0] qos.p4(197) Condition "hdr.ipv4.isValid()" (node_2) is false
[23:05:15.401] [bmv2] [D] [thread 9613] [1.0] [cxt 0] Pipeline 'ingress': end
[23:05:15.401] [bmv2] [D] [thread 9613] [1.0] [cxt 0] Egress port is 0
[23:05:15.408] [bmv2] [D] [thread 9614] [1.0] [cxt 0] Pipeline 'egress': start
[23:05:15.408] [bmv2] [D] [thread 9614] [1.0] [cxt 0] Pipeline 'egress': end
[23:05:15.408] [bmv2] [D] [thread 9614] [1.0] [cxt 0] Deparser 'deparser': start
[23:05:15.408] [bmv2] [T] [thread 9614] [1.0] [cxt 0] Skipping checksum 'cksum' update because condition not met
[23:05:15.408] [bmv2] [D] [thread 9614] [1.0] [cxt 0] Deparsing header 'ethernet'
[23:05:15.408] [bmv2] [D] [thread 9614] [1.0] [cxt 0] Deparser 'deparser': end
[23:05:15.408] [bmv2] [D] [thread 9618] [1.0] [cxt 0] Transmitting packet of size 70 out of port 0
[23:05:15.409] [bmv2] [D] [thread 9613] [2.0] [cxt 0] Processing packet received on port 3
[23:05:15.409] [bmv2] [D] [thread 9613] [2.0] [cxt 0] Parser 'parser': start
[23:05:15.409] [bmv2] [D] [thread 9613] [2.0] [cxt 0] Parser 'parser' entering state 'start'
[23:05:15.409] [bmv2] [D] [thread 9613] [2.0] [cxt 0] Extracting header 'ethernet'
[23:05:15.409] [bmv2] [D] [thread 9613] [2.0] [cxt 0] Parser state 'start': key is 86dd
[23:05:15.409] [bmv2] [T] [thread 9613] [2.0] [cxt 0] Bytes parsed: 14
[23:05:15.409] [bmv2] [D] [thread 9613] [2.0] [cxt 0] Parser 'parser': end
[23:05:15.409] [bmv2] [D] [thread 9613] [2.0] [cxt 0] Pipeline 'ingress': start
[23:05:15.409] [bmv2] [T] [thread 9613] [2.0] [cxt 0] qos.p4(197) Condition "hdr.ipv4.isValid()" (node_2) is false
[23:05:15.409] [bmv2] [D] [thread 9613] [2.0] [cxt 0] Pipeline 'ingress': end
[23:05:15.409] [bmv2] [D] [thread 9613] [2.0] [cxt 0] Egress port is 0
[23:05:15.413] [bmv2] [D] [thread 9614] [2.0] [cxt 0] Pipeline 'egress': start
[23:05:15.413] [bmv2] [D] [thread 9614] [2.0] [cxt 0] Pipeline 'egress': end
[23:05:15.413] [bmv2] [D] [thread 9614] [2.0] [cxt 0] Deparser 'deparser': start
[23:05:15.413] [bmv2] [T] [thread 9614] [2.0] [cxt 0] Skipping checksum 'cksum' update because condition not met
[23:05:15.413] [bmv2] [D] [thread 9614] [2.0] [cxt 0] Deparsing header 'ethernet'
[23:05:15.413] [bmv2] [D] [thread 9614] [2.0] [cxt 0] Deparser 'deparser': end
[23:05:15.413] [bmv2] [D] [thread 9618] [2.0] [cxt 0] Transmitting packet of size 70 out of port 0
[23:05:15.654] [bmv2] [D] [thread 9613] [3.0] [cxt 0] Processing packet received on port 1
[23:05:15.654] [bmv2] [D] [thread 9613] [3.0] [cxt 0] Parser 'parser': start
[23:05:15.654] [bmv2] [D] [thread 9613] [3.0] [cxt 0] Parser 'parser' entering state 'start'
[23:05:15.654] [bmv2] [D] [thread 9613] [3.0] [cxt 0] Extracting header 'ethernet'
[23:05:15.655] [bmv2] [D] [thread 9613] [3.0] [cxt 0] Parser state 'start': key is 86dd
[23:05:15.655] [bmv2] [T] [thread 9613] [3.0] [cxt 0] Bytes parsed: 14
[23:05:15.655] [bmv2] [D] [thread 9613] [3.0] [cxt 0] Parser 'parser': end
[23:05:15.655] [bmv2] [D] [thread 9613] [3.0] [cxt 0] Pipeline 'ingress': start
[23:05:15.655] [bmv2] [T] [thread 9613] [3.0] [cxt 0] qos.p4(197) Condition "hdr.ipv4.isValid()" (node_2) is false
[23:05:15.655] [bmv2] [D] [thread 9613] [3.0] [cxt 0] Pipeline 'ingress': end
[23:05:15.655] [bmv2] [D] [thread 9613] [3.0] [cxt 0] Egress port is 0
[23:05:15.672] [bmv2] [D] [thread 9614] [3.0] [cxt 0] Pipeline 'egress': start
[23:05:15.672] [bmv2] [D] [thread 9614] [3.0] [cxt 0] Pipeline 'egress': end
[23:05:15.672] [bmv2] [D] [thread 9614] [3.0] [cxt 0] Deparser 'deparser': start
[23:05:15.672] [bmv2] [T] [thread 9614] [3.0] [cxt 0] Skipping checksum 'cksum' update because condition not met
[23:05:15.672] [bmv2] [D] [thread 9614] [3.0] [cxt 0] Deparsing header 'ethernet'
[23:05:15.672] [bmv2] [D] [thread 9614] [3.0] [cxt 0] Deparser 'deparser': end
[23:05:15.672] [bmv2] [D] [thread 9618] [3.0] [cxt 0] Transmitting packet of size 70 out of port 0
[23:05:16.162] [bmv2] [D] [thread 9613] [4.0] [cxt 0] Processing packet received on port 3
[23:05:16.162] [bmv2] [D] [thread 9613] [4.0] [cxt 0] Parser 'parser': start
[23:05:16.163] [bmv2] [D] [thread 9613] [4.0] [cxt 0] Parser 'parser' entering state 'start'
[23:05:16.163] [bmv2] [D] [thread 9613] [4.0] [cxt 0] Extracting header 'ethernet'
[23:05:16.163] [bmv2] [D] [thread 9613] [4.0] [cxt 0] Parser state 'start': key is 86dd
[23:05:16.163] [bmv2] [T] [thread 9613] [4.0] [cxt 0] Bytes parsed: 14
[23:05:16.163] [bmv2] [D] [thread 9613] [4.0] [cxt 0] Parser 'parser': end
[23:05:16.163] [bmv2] [D] [thread 9613] [4.0] [cxt 0] Pipeline 'ingress': start
[23:05:16.163] [bmv2] [T] [thread 9613] [4.0] [cxt 0] qos.p4(197) Condition "hdr.ipv4.isValid()" (node_2) is false
[23:05:16.163] [bmv2] [D] [thread 9613] [4.0] [cxt 0] Pipeline 'ingress': end
[23:05:16.163] [bmv2] [D] [thread 9613] [4.0] [cxt 0] Egress port is 0
[23:05:16.165] [bmv2] [D] [thread 9614] [4.0] [cxt 0] Pipeline 'egress': start
[23:05:16.165] [bmv2] [D] [thread 9614] [4.0] [cxt 0] Pipeline 'egress': end
[23:05:16.165] [bmv2] [D] [thread 9614] [4.0] [cxt 0] Deparser 'deparser': start
[23:05:16.165] [bmv2] [T] [thread 9614] [4.0] [cxt 0] Skipping checksum 'cksum' update because condition not met
[23:05:16.165] [bmv2] [D] [thread 9614] [4.0] [cxt 0] Deparsing header 'ethernet'
[23:05:16.165] [bmv2] [D] [thread 9614] [4.0] [cxt 0] Deparser 'deparser': end
[23:05:16.166] [bmv2] [D] [thread 9618] [4.0] [cxt 0] Transmitting packet of size 70 out of port 0
[23:05:22.825] [bmv2] [D] [thread 9613] [5.0] [cxt 0] Processing packet received on port 2
[23:05:22.825] [bmv2] [D] [thread 9613] [5.0] [cxt 0] Parser 'parser': start
[23:05:22.826] [bmv2] [D] [thread 9613] [5.0] [cxt 0] Parser 'parser' entering state 'start'
[23:05:22.826] [bmv2] [D] [thread 9613] [5.0] [cxt 0] Extracting header 'ethernet'
[23:05:22.826] [bmv2] [D] [thread 9613] [5.0] [cxt 0] Parser state 'start': key is 86dd
[23:05:22.826] [bmv2] [T] [thread 9613] [5.0] [cxt 0] Bytes parsed: 14
[23:05:22.827] [bmv2] [D] [thread 9613] [5.0] [cxt 0] Parser 'parser': end
[23:05:22.827] [bmv2] [D] [thread 9613] [5.0] [cxt 0] Pipeline 'ingress': start
[23:05:22.827] [bmv2] [T] [thread 9613] [5.0] [cxt 0] qos.p4(197) Condition "hdr.ipv4.isValid()" (node_2) is false
[23:05:22.827] [bmv2] [D] [thread 9613] [5.0] [cxt 0] Pipeline 'ingress': end
[23:05:22.827] [bmv2] [D] [thread 9613] [5.0] [cxt 0] Egress port is 0
[23:05:22.834] [bmv2] [D] [thread 9614] [5.0] [cxt 0] Pipeline 'egress': start
[23:05:22.834] [bmv2] [D] [thread 9614] [5.0] [cxt 0] Pipeline 'egress': end
[23:05:22.834] [bmv2] [D] [thread 9614] [5.0] [cxt 0] Deparser 'deparser': start
[23:05:22.834] [bmv2] [T] [thread 9614] [5.0] [cxt 0] Skipping checksum 'cksum' update because condition not met
[23:05:22.834] [bmv2] [D] [thread 9614] [5.0] [cxt 0] Deparsing header 'ethernet'
[23:05:22.834] [bmv2] [D] [thread 9614] [5.0] [cxt 0] Deparser 'deparser': end
[23:05:22.834] [bmv2] [D] [thread 9618] [5.0] [cxt 0] Transmitting packet of size 70 out of port 0
[23:05:22.835] [bmv2] [D] [thread 9613] [6.0] [cxt 0] Processing packet received on port 3
[23:05:22.835] [bmv2] [D] [thread 9613] [6.0] [cxt 0] Parser 'parser': start
[23:05:22.835] [bmv2] [D] [thread 9613] [6.0] [cxt 0] Parser 'parser' entering state 'start'
[23:05:22.835] [bmv2] [D] [thread 9613] [6.0] [cxt 0] Extracting header 'ethernet'
[23:05:22.836] [bmv2] [D] [thread 9613] [6.0] [cxt 0] Parser state 'start': key is 86dd
[23:05:22.836] [bmv2] [T] [thread 9613] [6.0] [cxt 0] Bytes parsed: 14
[23:05:22.836] [bmv2] [D] [thread 9613] [6.0] [cxt 0] Parser 'parser': end
[23:05:22.836] [bmv2] [D] [thread 9613] [6.0] [cxt 0] Pipeline 'ingress': start
[23:05:22.836] [bmv2] [T] [thread 9613] [6.0] [cxt 0] qos.p4(197) Condition "hdr.ipv4.isValid()" (node_2) is false
[23:05:22.836] [bmv2] [D] [thread 9613] [6.0] [cxt 0] Pipeline 'ingress': end
[23:05:22.836] [bmv2] [D] [thread 9613] [6.0] [cxt 0] Egress port is 0
[23:05:22.836] [bmv2] [D] [thread 9614] [6.0] [cxt 0] Pipeline 'egress': start
[23:05:22.836] [bmv2] [D] [thread 9614] [6.0] [cxt 0] Pipeline 'egress': end
[23:05:22.836] [bmv2] [D] [thread 9614] [6.0] [cxt 0] Deparser 'deparser': start
[23:05:22.836] [bmv2] [T] [thread 9614] [6.0] [cxt 0] Skipping checksum 'cksum' update because condition not met
[23:05:22.837] [bmv2] [D] [thread 9614] [6.0] [cxt 0] Deparsing header 'ethernet'
[23:05:22.837] [bmv2] [D] [thread 9614] [6.0] [cxt 0] Deparser 'deparser': end
[23:05:22.837] [bmv2] [D] [thread 9618] [6.0] [cxt 0] Transmitting packet of size 70 out of port 0
[23:05:23.587] [bmv2] [D] [thread 9613] [7.0] [cxt 0] Processing packet received on port 2
[23:05:23.587] [bmv2] [D] [thread 9613] [7.0] [cxt 0] Parser 'parser': start
[23:05:23.588] [bmv2] [D] [thread 9613] [7.0] [cxt 0] Parser 'parser' entering state 'start'
[23:05:23.588] [bmv2] [D] [thread 9613] [7.0] [cxt 0] Extracting header 'ethernet'
[23:05:23.588] [bmv2] [D] [thread 9613] [7.0] [cxt 0] Parser state 'start': key is 86dd
[23:05:23.588] [bmv2] [T] [thread 9613] [7.0] [cxt 0] Bytes parsed: 14
[23:05:23.588] [bmv2] [D] [thread 9613] [7.0] [cxt 0] Parser 'parser': end
[23:05:23.588] [bmv2] [D] [thread 9613] [7.0] [cxt 0] Pipeline 'ingress': start
[23:05:23.588] [bmv2] [T] [thread 9613] [7.0] [cxt 0] qos.p4(197) Condition "hdr.ipv4.isValid()" (node_2) is false
[23:05:23.589] [bmv2] [D] [thread 9613] [7.0] [cxt 0] Pipeline 'ingress': end
[23:05:23.589] [bmv2] [D] [thread 9613] [7.0] [cxt 0] Egress port is 0
[23:05:23.596] [bmv2] [D] [thread 9614] [7.0] [cxt 0] Pipeline 'egress': start
[23:05:23.596] [bmv2] [D] [thread 9614] [7.0] [cxt 0] Pipeline 'egress': end
[23:05:23.596] [bmv2] [D] [thread 9614] [7.0] [cxt 0] Deparser 'deparser': start
[23:05:23.596] [bmv2] [T] [thread 9614] [7.0] [cxt 0] Skipping checksum 'cksum' update because condition not met
[23:05:23.596] [bmv2] [D] [thread 9614] [7.0] [cxt 0] Deparsing header 'ethernet'
[23:05:23.596] [bmv2] [D] [thread 9614] [7.0] [cxt 0] Deparser 'deparser': end
[23:05:23.596] [bmv2] [D] [thread 9618] [7.0] [cxt 0] Transmitting packet of size 70 out of port 0
[23:05:23.596] [bmv2] [D] [thread 9613] [8.0] [cxt 0] Processing packet received on port 3
[23:05:23.598] [bmv2] [D] [thread 9613] [8.0] [cxt 0] Parser 'parser': start
[23:05:23.599] [bmv2] [D] [thread 9613] [8.0] [cxt 0] Parser 'parser' entering state 'start'
[23:05:23.599] [bmv2] [D] [thread 9613] [8.0] [cxt 0] Extracting header 'ethernet'
[23:05:23.599] [bmv2] [D] [thread 9613] [8.0] [cxt 0] Parser state 'start': key is 86dd
[23:05:23.599] [bmv2] [T] [thread 9613] [8.0] [cxt 0] Bytes parsed: 14
[23:05:23.599] [bmv2] [D] [thread 9613] [8.0] [cxt 0] Parser 'parser': end
[23:05:23.599] [bmv2] [D] [thread 9613] [8.0] [cxt 0] Pipeline 'ingress': start
[23:05:23.599] [bmv2] [T] [thread 9613] [8.0] [cxt 0] qos.p4(197) Condition "hdr.ipv4.isValid()" (node_2) is false
[23:05:23.599] [bmv2] [D] [thread 9613] [8.0] [cxt 0] Pipeline 'ingress': end
[23:05:23.599] [bmv2] [D] [thread 9613] [8.0] [cxt 0] Egress port is 0
[23:05:23.600] [bmv2] [D] [thread 9614] [8.0] [cxt 0] Pipeline 'egress': start
[23:05:23.600] [bmv2] [D] [thread 9614] [8.0] [cxt 0] Pipeline 'egress': end
[23:05:23.600] [bmv2] [D] [thread 9614] [8.0] [cxt 0] Deparser 'deparser': start
[23:05:23.600] [bmv2] [T] [thread 9614] [8.0] [cxt 0] Skipping checksum 'cksum' update because condition not met
[23:05:23.600] [bmv2] [D] [thread 9614] [8.0] [cxt 0] Deparsing header 'ethernet'
[23:05:23.600] [bmv2] [D] [thread 9614] [8.0] [cxt 0] Deparser 'deparser': end
[23:05:23.600] [bmv2] [D] [thread 9618] [8.0] [cxt 0] Transmitting packet of size 70 out of port 0
[23:05:24.612] [bmv2] [D] [thread 9613] [9.0] [cxt 0] Processing packet received on port 1
[23:05:24.612] [bmv2] [D] [thread 9613] [9.0] [cxt 0] Parser 'parser': start
[23:05:24.612] [bmv2] [D] [thread 9613] [9.0] [cxt 0] Parser 'parser' entering state 'start'
[23:05:24.612] [bmv2] [D] [thread 9613] [9.0] [cxt 0] Extracting header 'ethernet'
[23:05:24.613] [bmv2] [D] [thread 9613] [9.0] [cxt 0] Parser state 'start': key is 86dd
[23:05:24.613] [bmv2] [T] [thread 9613] [9.0] [cxt 0] Bytes parsed: 14
[23:05:24.613] [bmv2] [D] [thread 9613] [9.0] [cxt 0] Parser 'parser': end
[23:05:24.613] [bmv2] [D] [thread 9613] [9.0] [cxt 0] Pipeline 'ingress': start
[23:05:24.614] [bmv2] [T] [thread 9613] [9.0] [cxt 0] qos.p4(197) Condition "hdr.ipv4.isValid()" (node_2) is false
[23:05:24.614] [bmv2] [D] [thread 9613] [9.0] [cxt 0] Pipeline 'ingress': end
[23:05:24.614] [bmv2] [D] [thread 9613] [9.0] [cxt 0] Egress port is 0
[23:05:24.615] [bmv2] [D] [thread 9614] [9.0] [cxt 0] Pipeline 'egress': start
[23:05:24.615] [bmv2] [D] [thread 9614] [9.0] [cxt 0] Pipeline 'egress': end
[23:05:24.615] [bmv2] [D] [thread 9614] [9.0] [cxt 0] Deparser 'deparser': start
[23:05:24.615] [bmv2] [T] [thread 9614] [9.0] [cxt 0] Skipping checksum 'cksum' update because condition not met
[23:05:24.615] [bmv2] [D] [thread 9614] [9.0] [cxt 0] Deparsing header 'ethernet'
[23:05:24.615] [bmv2] [D] [thread 9614] [9.0] [cxt 0] Deparser 'deparser': end
[23:05:24.616] [bmv2] [D] [thread 9618] [9.0] [cxt 0] Transmitting packet of size 70 out of port 0
[23:05:36.900] [bmv2] [D] [thread 9613] [10.0] [cxt 0] Processing packet received on port 3
[23:05:36.900] [bmv2] [D] [thread 9613] [10.0] [cxt 0] Parser 'parser': start
[23:05:36.900] [bmv2] [D] [thread 9613] [10.0] [cxt 0] Parser 'parser' entering state 'start'
[23:05:36.900] [bmv2] [D] [thread 9613] [10.0] [cxt 0] Extracting header 'ethernet'
[23:05:36.900] [bmv2] [D] [thread 9613] [10.0] [cxt 0] Parser state 'start': key is 86dd
[23:05:36.900] [bmv2] [T] [thread 9613] [10.0] [cxt 0] Bytes parsed: 14
[23:05:36.900] [bmv2] [D] [thread 9613] [10.0] [cxt 0] Parser 'parser': end
[23:05:36.901] [bmv2] [D] [thread 9613] [10.0] [cxt 0] Pipeline 'ingress': start
[23:05:36.901] [bmv2] [T] [thread 9613] [10.0] [cxt 0] qos.p4(197) Condition "hdr.ipv4.isValid()" (node_2) is false
[23:05:36.901] [bmv2] [D] [thread 9613] [10.0] [cxt 0] Pipeline 'ingress': end
[23:05:36.901] [bmv2] [D] [thread 9613] [10.0] [cxt 0] Egress port is 0
[23:05:36.901] [bmv2] [D] [thread 9614] [10.0] [cxt 0] Pipeline 'egress': start
[23:05:36.901] [bmv2] [D] [thread 9614] [10.0] [cxt 0] Pipeline 'egress': end
[23:05:36.901] [bmv2] [D] [thread 9614] [10.0] [cxt 0] Deparser 'deparser': start
[23:05:36.901] [bmv2] [T] [thread 9614] [10.0] [cxt 0] Skipping checksum 'cksum' update because condition not met
[23:05:36.901] [bmv2] [D] [thread 9614] [10.0] [cxt 0] Deparsing header 'ethernet'
[23:05:36.902] [bmv2] [D] [thread 9614] [10.0] [cxt 0] Deparser 'deparser': end
[23:05:36.902] [bmv2] [D] [thread 9618] [10.0] [cxt 0] Transmitting packet of size 70 out of port 0
[23:05:37.925] [bmv2] [D] [thread 9613] [11.0] [cxt 0] Processing packet received on port 3
[23:05:37.925] [bmv2] [D] [thread 9613] [11.0] [cxt 0] Parser 'parser': start
[23:05:37.925] [bmv2] [D] [thread 9613] [11.0] [cxt 0] Parser 'parser' entering state 'start'
[23:05:37.925] [bmv2] [D] [thread 9613] [11.0] [cxt 0] Extracting header 'ethernet'
[23:05:37.925] [bmv2] [D] [thread 9613] [11.0] [cxt 0] Parser state 'start': key is 86dd
[23:05:37.925] [bmv2] [T] [thread 9613] [11.0] [cxt 0] Bytes parsed: 14
[23:05:37.925] [bmv2] [D] [thread 9613] [11.0] [cxt 0] Parser 'parser': end
[23:05:37.925] [bmv2] [D] [thread 9613] [11.0] [cxt 0] Pipeline 'ingress': start
[23:05:37.925] [bmv2] [T] [thread 9613] [11.0] [cxt 0] qos.p4(197) Condition "hdr.ipv4.isValid()" (node_2) is false
[23:05:37.925] [bmv2] [D] [thread 9613] [11.0] [cxt 0] Pipeline 'ingress': end
[23:05:37.925] [bmv2] [D] [thread 9613] [11.0] [cxt 0] Egress port is 0
[23:05:37.925] [bmv2] [D] [thread 9614] [11.0] [cxt 0] Pipeline 'egress': start
[23:05:37.925] [bmv2] [D] [thread 9614] [11.0] [cxt 0] Pipeline 'egress': end
[23:05:37.925] [bmv2] [D] [thread 9614] [11.0] [cxt 0] Deparser 'deparser': start
[23:05:37.925] [bmv2] [T] [thread 9614] [11.0] [cxt 0] Skipping checksum 'cksum' update because condition not met
[23:05:37.925] [bmv2] [D] [thread 9614] [11.0] [cxt 0] Deparsing header 'ethernet'
[23:05:37.925] [bmv2] [D] [thread 9614] [11.0] [cxt 0] Deparser 'deparser': end
[23:05:37.925] [bmv2] [D] [thread 9618] [11.0] [cxt 0] Transmitting packet of size 70 out of port 0
[23:05:38.436] [bmv2] [D] [thread 9613] [12.0] [cxt 0] Processing packet received on port 2
[23:05:38.436] [bmv2] [D] [thread 9613] [12.0] [cxt 0] Parser 'parser': start
[23:05:38.436] [bmv2] [D] [thread 9613] [12.0] [cxt 0] Parser 'parser' entering state 'start'
[23:05:38.439] [bmv2] [D] [thread 9613] [12.0] [cxt 0] Extracting header 'ethernet'
[23:05:38.439] [bmv2] [D] [thread 9613] [12.0] [cxt 0] Parser state 'start': key is 86dd
[23:05:38.439] [bmv2] [T] [thread 9613] [12.0] [cxt 0] Bytes parsed: 14
[23:05:38.439] [bmv2] [D] [thread 9613] [12.0] [cxt 0] Parser 'parser': end
[23:05:38.439] [bmv2] [D] [thread 9613] [12.0] [cxt 0] Pipeline 'ingress': start
[23:05:38.439] [bmv2] [T] [thread 9613] [12.0] [cxt 0] qos.p4(197) Condition "hdr.ipv4.isValid()" (node_2) is false
[23:05:38.439] [bmv2] [D] [thread 9613] [12.0] [cxt 0] Pipeline 'ingress': end
[23:05:38.439] [bmv2] [D] [thread 9613] [12.0] [cxt 0] Egress port is 0
[23:05:38.440] [bmv2] [D] [thread 9614] [12.0] [cxt 0] Pipeline 'egress': start
[23:05:38.441] [bmv2] [D] [thread 9614] [12.0] [cxt 0] Pipeline 'egress': end
[23:05:38.441] [bmv2] [D] [thread 9614] [12.0] [cxt 0] Deparser 'deparser': start
[23:05:38.441] [bmv2] [T] [thread 9614] [12.0] [cxt 0] Skipping checksum 'cksum' update because condition not met
[23:05:38.441] [bmv2] [D] [thread 9614] [12.0] [cxt 0] Deparsing header 'ethernet'
[23:05:38.441] [bmv2] [D] [thread 9614] [12.0] [cxt 0] Deparser 'deparser': end
[23:05:38.441] [bmv2] [D] [thread 9618] [12.0] [cxt 0] Transmitting packet of size 70 out of port 0
[23:05:39.466] [bmv2] [D] [thread 9613] [13.0] [cxt 0] Processing packet received on port 2
[23:05:39.466] [bmv2] [D] [thread 9613] [13.0] [cxt 0] Parser 'parser': start
[23:05:39.466] [bmv2] [D] [thread 9613] [13.0] [cxt 0] Parser 'parser' entering state 'start'
[23:05:39.466] [bmv2] [D] [thread 9613] [13.0] [cxt 0] Extracting header 'ethernet'
[23:05:39.466] [bmv2] [D] [thread 9613] [13.0] [cxt 0] Parser state 'start': key is 86dd
[23:05:39.466] [bmv2] [T] [thread 9613] [13.0] [cxt 0] Bytes parsed: 14
[23:05:39.466] [bmv2] [D] [thread 9613] [13.0] [cxt 0] Parser 'parser': end
[23:05:39.466] [bmv2] [D] [thread 9613] [13.0] [cxt 0] Pipeline 'ingress': start
[23:05:39.466] [bmv2] [T] [thread 9613] [13.0] [cxt 0] qos.p4(197) Condition "hdr.ipv4.isValid()" (node_2) is false
[23:05:39.467] [bmv2] [D] [thread 9613] [13.0] [cxt 0] Pipeline 'ingress': end
[23:05:39.467] [bmv2] [D] [thread 9613] [13.0] [cxt 0] Egress port is 0
[23:05:39.471] [bmv2] [D] [thread 9614] [13.0] [cxt 0] Pipeline 'egress': start
[23:05:39.471] [bmv2] [D] [thread 9614] [13.0] [cxt 0] Pipeline 'egress': end
[23:05:39.471] [bmv2] [D] [thread 9614] [13.0] [cxt 0] Deparser 'deparser': start
[23:05:39.471] [bmv2] [T] [thread 9614] [13.0] [cxt 0] Skipping checksum 'cksum' update because condition not met
[23:05:39.472] [bmv2] [D] [thread 9614] [13.0] [cxt 0] Deparsing header 'ethernet'
[23:05:39.472] [bmv2] [D] [thread 9614] [13.0] [cxt 0] Deparser 'deparser': end
[23:05:39.472] [bmv2] [D] [thread 9618] [13.0] [cxt 0] Transmitting packet of size 70 out of port 0
[23:05:44.325] [bmv2] [D] [thread 9613] [14.0] [cxt 0] Processing packet received on port 1
[23:05:44.325] [bmv2] [D] [thread 9613] [14.0] [cxt 0] Parser 'parser': start
[23:05:44.326] [bmv2] [D] [thread 9613] [14.0] [cxt 0] Parser 'parser' entering state 'start'
[23:05:44.326] [bmv2] [D] [thread 9613] [14.0] [cxt 0] Extracting header 'ethernet'
[23:05:44.328] [bmv2] [D] [thread 9613] [14.0] [cxt 0] Parser state 'start': key is 86dd
[23:05:44.329] [bmv2] [T] [thread 9613] [14.0] [cxt 0] Bytes parsed: 14
[23:05:44.329] [bmv2] [D] [thread 9613] [14.0] [cxt 0] Parser 'parser': end
[23:05:44.332] [bmv2] [D] [thread 9613] [14.0] [cxt 0] Pipeline 'ingress': start
[23:05:44.332] [bmv2] [T] [thread 9613] [14.0] [cxt 0] qos.p4(197) Condition "hdr.ipv4.isValid()" (node_2) is false
[23:05:44.332] [bmv2] [D] [thread 9613] [14.0] [cxt 0] Pipeline 'ingress': end
[23:05:44.333] [bmv2] [D] [thread 9613] [14.0] [cxt 0] Egress port is 0
[23:05:44.334] [bmv2] [D] [thread 9614] [14.0] [cxt 0] Pipeline 'egress': start
[23:05:44.334] [bmv2] [D] [thread 9614] [14.0] [cxt 0] Pipeline 'egress': end
[23:05:44.334] [bmv2] [D] [thread 9614] [14.0] [cxt 0] Deparser 'deparser': start
[23:05:44.334] [bmv2] [T] [thread 9614] [14.0] [cxt 0] Skipping checksum 'cksum' update because condition not met
[23:05:44.334] [bmv2] [D] [thread 9614] [14.0] [cxt 0] Deparsing header 'ethernet'
[23:05:44.335] [bmv2] [D] [thread 9614] [14.0] [cxt 0] Deparser 'deparser': end
[23:05:44.335] [bmv2] [D] [thread 9618] [14.0] [cxt 0] Transmitting packet of size 70 out of port 0
[23:06:06.852] [bmv2] [D] [thread 9613] [15.0] [cxt 0] Processing packet received on port 3
[23:06:06.852] [bmv2] [D] [thread 9613] [15.0] [cxt 0] Parser 'parser': start
[23:06:06.852] [bmv2] [D] [thread 9613] [15.0] [cxt 0] Parser 'parser' entering state 'start'
[23:06:06.853] [bmv2] [D] [thread 9613] [15.0] [cxt 0] Extracting header 'ethernet'
[23:06:06.853] [bmv2] [D] [thread 9613] [15.0] [cxt 0] Parser state 'start': key is 86dd
[23:06:06.853] [bmv2] [T] [thread 9613] [15.0] [cxt 0] Bytes parsed: 14
[23:06:06.853] [bmv2] [D] [thread 9613] [15.0] [cxt 0] Parser 'parser': end
[23:06:06.854] [bmv2] [D] [thread 9613] [15.0] [cxt 0] Pipeline 'ingress': start
[23:06:06.854] [bmv2] [T] [thread 9613] [15.0] [cxt 0] qos.p4(197) Condition "hdr.ipv4.isValid()" (node_2) is false
[23:06:06.854] [bmv2] [D] [thread 9613] [15.0] [cxt 0] Pipeline 'ingress': end
[23:06:06.854] [bmv2] [D] [thread 9613] [15.0] [cxt 0] Egress port is 0
[23:06:06.854] [bmv2] [D] [thread 9613] [16.0] [cxt 0] Processing packet received on port 3
[23:06:06.854] [bmv2] [D] [thread 9613] [16.0] [cxt 0] Parser 'parser': start
[23:06:06.854] [bmv2] [D] [thread 9613] [16.0] [cxt 0] Parser 'parser' entering state 'start'
[23:06:06.854] [bmv2] [D] [thread 9613] [16.0] [cxt 0] Extracting header 'ethernet'
[23:06:06.854] [bmv2] [D] [thread 9613] [16.0] [cxt 0] Parser state 'start': key is 86dd
[23:06:06.854] [bmv2] [T] [thread 9613] [16.0] [cxt 0] Bytes parsed: 14
[23:06:06.854] [bmv2] [D] [thread 9613] [16.0] [cxt 0] Parser 'parser': end
[23:06:06.854] [bmv2] [D] [thread 9613] [16.0] [cxt 0] Pipeline 'ingress': start
[23:06:06.854] [bmv2] [T] [thread 9613] [16.0] [cxt 0] qos.p4(197) Condition "hdr.ipv4.isValid()" (node_2) is false
[23:06:06.854] [bmv2] [D] [thread 9613] [16.0] [cxt 0] Pipeline 'ingress': end
[23:06:06.854] [bmv2] [D] [thread 9613] [16.0] [cxt 0] Egress port is 0
[23:06:06.854] [bmv2] [D] [thread 9614] [15.0] [cxt 0] Pipeline 'egress': start
[23:06:06.854] [bmv2] [D] [thread 9614] [15.0] [cxt 0] Pipeline 'egress': end
[23:06:06.854] [bmv2] [D] [thread 9614] [15.0] [cxt 0] Deparser 'deparser': start
[23:06:06.854] [bmv2] [T] [thread 9614] [15.0] [cxt 0] Skipping checksum 'cksum' update because condition not met
[23:06:06.854] [bmv2] [D] [thread 9614] [15.0] [cxt 0] Deparsing header 'ethernet'
[23:06:06.854] [bmv2] [D] [thread 9614] [15.0] [cxt 0] Deparser 'deparser': end
[23:06:06.854] [bmv2] [D] [thread 9614] [16.0] [cxt 0] Pipeline 'egress': start
[23:06:06.854] [bmv2] [D] [thread 9614] [16.0] [cxt 0] Pipeline 'egress': end
[23:06:06.854] [bmv2] [D] [thread 9614] [16.0] [cxt 0] Deparser 'deparser': start
[23:06:06.854] [bmv2] [T] [thread 9614] [16.0] [cxt 0] Skipping checksum 'cksum' update because condition not met
[23:06:06.854] [bmv2] [D] [thread 9614] [16.0] [cxt 0] Deparsing header 'ethernet'
[23:06:06.854] [bmv2] [D] [thread 9614] [16.0] [cxt 0] Deparser 'deparser': end
[23:06:06.854] [bmv2] [D] [thread 9618] [15.0] [cxt 0] Transmitting packet of size 70 out of port 0
[23:06:06.854] [bmv2] [D] [thread 9618] [16.0] [cxt 0] Transmitting packet of size 70 out of port 0
[23:06:10.952] [bmv2] [D] [thread 9613] [17.0] [cxt 0] Processing packet received on port 2
[23:06:10.952] [bmv2] [D] [thread 9613] [17.0] [cxt 0] Parser 'parser': start
[23:06:10.952] [bmv2] [D] [thread 9613] [17.0] [cxt 0] Parser 'parser' entering state 'start'
[23:06:10.952] [bmv2] [D] [thread 9613] [17.0] [cxt 0] Extracting header 'ethernet'
[23:06:10.952] [bmv2] [D] [thread 9613] [17.0] [cxt 0] Parser state 'start': key is 86dd
[23:06:10.952] [bmv2] [T] [thread 9613] [17.0] [cxt 0] Bytes parsed: 14
[23:06:10.952] [bmv2] [D] [thread 9613] [17.0] [cxt 0] Parser 'parser': end
[23:06:10.953] [bmv2] [D] [thread 9613] [17.0] [cxt 0] Pipeline 'ingress': start
[23:06:10.954] [bmv2] [T] [thread 9613] [17.0] [cxt 0] qos.p4(197) Condition "hdr.ipv4.isValid()" (node_2) is false
[23:06:10.954] [bmv2] [D] [thread 9613] [17.0] [cxt 0] Pipeline 'ingress': end
[23:06:10.954] [bmv2] [D] [thread 9613] [17.0] [cxt 0] Egress port is 0
[23:06:10.954] [bmv2] [D] [thread 9614] [17.0] [cxt 0] Pipeline 'egress': start
[23:06:10.954] [bmv2] [D] [thread 9614] [17.0] [cxt 0] Pipeline 'egress': end
[23:06:10.955] [bmv2] [D] [thread 9614] [17.0] [cxt 0] Deparser 'deparser': start
[23:06:10.955] [bmv2] [T] [thread 9614] [17.0] [cxt 0] Skipping checksum 'cksum' update because condition not met
[23:06:10.955] [bmv2] [D] [thread 9614] [17.0] [cxt 0] Deparsing header 'ethernet'
[23:06:10.955] [bmv2] [D] [thread 9614] [17.0] [cxt 0] Deparser 'deparser': end
[23:06:10.955] [bmv2] [D] [thread 9618] [17.0] [cxt 0] Transmitting packet of size 70 out of port 0
[23:06:10.956] [bmv2] [D] [thread 9613] [18.0] [cxt 0] Processing packet received on port 2
[23:06:10.956] [bmv2] [D] [thread 9613] [18.0] [cxt 0] Parser 'parser': start
[23:06:10.956] [bmv2] [D] [thread 9613] [18.0] [cxt 0] Parser 'parser' entering state 'start'
[23:06:10.956] [bmv2] [D] [thread 9613] [18.0] [cxt 0] Extracting header 'ethernet'
[23:06:10.956] [bmv2] [D] [thread 9613] [18.0] [cxt 0] Parser state 'start': key is 86dd
[23:06:10.956] [bmv2] [T] [thread 9613] [18.0] [cxt 0] Bytes parsed: 14
[23:06:10.956] [bmv2] [D] [thread 9613] [18.0] [cxt 0] Parser 'parser': end
[23:06:10.956] [bmv2] [D] [thread 9613] [18.0] [cxt 0] Pipeline 'ingress': start
[23:06:10.956] [bmv2] [T] [thread 9613] [18.0] [cxt 0] qos.p4(197) Condition "hdr.ipv4.isValid()" (node_2) is false
[23:06:10.960] [bmv2] [D] [thread 9613] [18.0] [cxt 0] Pipeline 'ingress': end
[23:06:10.960] [bmv2] [D] [thread 9613] [18.0] [cxt 0] Egress port is 0
[23:06:10.962] [bmv2] [D] [thread 9614] [18.0] [cxt 0] Pipeline 'egress': start
[23:06:10.962] [bmv2] [D] [thread 9614] [18.0] [cxt 0] Pipeline 'egress': end
[23:06:10.962] [bmv2] [D] [thread 9614] [18.0] [cxt 0] Deparser 'deparser': start
[23:06:10.963] [bmv2] [T] [thread 9614] [18.0] [cxt 0] Skipping checksum 'cksum' update because condition not met
[23:06:10.963] [bmv2] [D] [thread 9614] [18.0] [cxt 0] Deparsing header 'ethernet'
[23:06:10.963] [bmv2] [D] [thread 9614] [18.0] [cxt 0] Deparser 'deparser': end
[23:06:10.963] [bmv2] [D] [thread 9618] [18.0] [cxt 0] Transmitting packet of size 70 out of port 0
[23:06:19.140] [bmv2] [D] [thread 9613] [19.0] [cxt 0] Processing packet received on port 1
[23:06:19.141] [bmv2] [D] [thread 9613] [19.0] [cxt 0] Parser 'parser': start
[23:06:19.141] [bmv2] [D] [thread 9613] [19.0] [cxt 0] Parser 'parser' entering state 'start'
[23:06:19.141] [bmv2] [D] [thread 9613] [19.0] [cxt 0] Extracting header 'ethernet'
[23:06:19.142] [bmv2] [D] [thread 9613] [19.0] [cxt 0] Parser state 'start': key is 86dd
[23:06:19.142] [bmv2] [T] [thread 9613] [19.0] [cxt 0] Bytes parsed: 14
[23:06:19.142] [bmv2] [D] [thread 9613] [19.0] [cxt 0] Parser 'parser': end
[23:06:19.142] [bmv2] [D] [thread 9613] [19.0] [cxt 0] Pipeline 'ingress': start
[23:06:19.143] [bmv2] [T] [thread 9613] [19.0] [cxt 0] qos.p4(197) Condition "hdr.ipv4.isValid()" (node_2) is false
[23:06:19.143] [bmv2] [D] [thread 9613] [19.0] [cxt 0] Pipeline 'ingress': end
[23:06:19.143] [bmv2] [D] [thread 9613] [19.0] [cxt 0] Egress port is 0
[23:06:19.143] [bmv2] [D] [thread 9614] [19.0] [cxt 0] Pipeline 'egress': start
[23:06:19.143] [bmv2] [D] [thread 9614] [19.0] [cxt 0] Pipeline 'egress': end
[23:06:19.143] [bmv2] [D] [thread 9614] [19.0] [cxt 0] Deparser 'deparser': start
[23:06:19.144] [bmv2] [T] [thread 9614] [19.0] [cxt 0] Skipping checksum 'cksum' update because condition not met
[23:06:19.144] [bmv2] [D] [thread 9614] [19.0] [cxt 0] Deparsing header 'ethernet'
[23:06:19.144] [bmv2] [D] [thread 9614] [19.0] [cxt 0] Deparser 'deparser': end
[23:06:19.144] [bmv2] [D] [thread 9618] [19.0] [cxt 0] Transmitting packet of size 70 out of port 0
[23:07:08.294] [bmv2] [D] [thread 9613] [20.0] [cxt 0] Processing packet received on port 3
[23:07:08.294] [bmv2] [D] [thread 9613] [20.0] [cxt 0] Parser 'parser': start
[23:07:08.294] [bmv2] [D] [thread 9613] [20.0] [cxt 0] Parser 'parser' entering state 'start'
[23:07:08.294] [bmv2] [D] [thread 9613] [20.0] [cxt 0] Extracting header 'ethernet'
[23:07:08.294] [bmv2] [D] [thread 9613] [20.0] [cxt 0] Parser state 'start': key is 86dd
[23:07:08.294] [bmv2] [T] [thread 9613] [20.0] [cxt 0] Bytes parsed: 14
[23:07:08.294] [bmv2] [D] [thread 9613] [20.0] [cxt 0] Parser 'parser': end
[23:07:08.294] [bmv2] [D] [thread 9613] [20.0] [cxt 0] Pipeline 'ingress': start
[23:07:08.294] [bmv2] [T] [thread 9613] [20.0] [cxt 0] qos.p4(197) Condition "hdr.ipv4.isValid()" (node_2) is false
[23:07:08.294] [bmv2] [D] [thread 9613] [20.0] [cxt 0] Pipeline 'ingress': end
[23:07:08.294] [bmv2] [D] [thread 9613] [20.0] [cxt 0] Egress port is 0
[23:07:08.294] [bmv2] [D] [thread 9613] [21.0] [cxt 0] Processing packet received on port 3
[23:07:08.294] [bmv2] [D] [thread 9613] [21.0] [cxt 0] Parser 'parser': start
[23:07:08.294] [bmv2] [D] [thread 9613] [21.0] [cxt 0] Parser 'parser' entering state 'start'
[23:07:08.294] [bmv2] [D] [thread 9613] [21.0] [cxt 0] Extracting header 'ethernet'
[23:07:08.294] [bmv2] [D] [thread 9613] [21.0] [cxt 0] Parser state 'start': key is 86dd
[23:07:08.294] [bmv2] [T] [thread 9613] [21.0] [cxt 0] Bytes parsed: 14
[23:07:08.294] [bmv2] [D] [thread 9613] [21.0] [cxt 0] Parser 'parser': end
[23:07:08.294] [bmv2] [D] [thread 9613] [21.0] [cxt 0] Pipeline 'ingress': start
[23:07:08.294] [bmv2] [T] [thread 9613] [21.0] [cxt 0] qos.p4(197) Condition "hdr.ipv4.isValid()" (node_2) is false
[23:07:08.294] [bmv2] [D] [thread 9613] [21.0] [cxt 0] Pipeline 'ingress': end
[23:07:08.294] [bmv2] [D] [thread 9613] [21.0] [cxt 0] Egress port is 0
[23:07:08.295] [bmv2] [D] [thread 9614] [20.0] [cxt 0] Pipeline 'egress': start
[23:07:08.295] [bmv2] [D] [thread 9614] [20.0] [cxt 0] Pipeline 'egress': end
[23:07:08.295] [bmv2] [D] [thread 9614] [20.0] [cxt 0] Deparser 'deparser': start
[23:07:08.295] [bmv2] [T] [thread 9614] [20.0] [cxt 0] Skipping checksum 'cksum' update because condition not met
[23:07:08.295] [bmv2] [D] [thread 9614] [20.0] [cxt 0] Deparsing header 'ethernet'
[23:07:08.295] [bmv2] [D] [thread 9614] [20.0] [cxt 0] Deparser 'deparser': end
[23:07:08.295] [bmv2] [D] [thread 9614] [21.0] [cxt 0] Pipeline 'egress': start
[23:07:08.295] [bmv2] [D] [thread 9614] [21.0] [cxt 0] Pipeline 'egress': end
[23:07:08.295] [bmv2] [D] [thread 9614] [21.0] [cxt 0] Deparser 'deparser': start
[23:07:08.295] [bmv2] [T] [thread 9614] [21.0] [cxt 0] Skipping checksum 'cksum' update because condition not met
[23:07:08.295] [bmv2] [D] [thread 9614] [21.0] [cxt 0] Deparsing header 'ethernet'
[23:07:08.295] [bmv2] [D] [thread 9614] [21.0] [cxt 0] Deparser 'deparser': end
[23:07:08.295] [bmv2] [D] [thread 9618] [20.0] [cxt 0] Transmitting packet of size 70 out of port 0
[23:07:08.295] [bmv2] [D] [thread 9618] [21.0] [cxt 0] Transmitting packet of size 70 out of port 0
[23:07:14.434] [bmv2] [D] [thread 9613] [22.0] [cxt 0] Processing packet received on port 2
[23:07:14.434] [bmv2] [D] [thread 9613] [22.0] [cxt 0] Parser 'parser': start
[23:07:14.434] [bmv2] [D] [thread 9613] [22.0] [cxt 0] Parser 'parser' entering state 'start'
[23:07:14.434] [bmv2] [D] [thread 9613] [22.0] [cxt 0] Extracting header 'ethernet'
[23:07:14.434] [bmv2] [D] [thread 9613] [22.0] [cxt 0] Parser state 'start': key is 86dd
[23:07:14.434] [bmv2] [T] [thread 9613] [22.0] [cxt 0] Bytes parsed: 14
[23:07:14.434] [bmv2] [D] [thread 9613] [22.0] [cxt 0] Parser 'parser': end
[23:07:14.434] [bmv2] [D] [thread 9613] [22.0] [cxt 0] Pipeline 'ingress': start
[23:07:14.434] [bmv2] [T] [thread 9613] [22.0] [cxt 0] qos.p4(197) Condition "hdr.ipv4.isValid()" (node_2) is false
[23:07:14.434] [bmv2] [D] [thread 9613] [22.0] [cxt 0] Pipeline 'ingress': end
[23:07:14.434] [bmv2] [D] [thread 9613] [22.0] [cxt 0] Egress port is 0
[23:07:14.435] [bmv2] [D] [thread 9613] [23.0] [cxt 0] Processing packet received on port 2
[23:07:14.435] [bmv2] [D] [thread 9613] [23.0] [cxt 0] Parser 'parser': start
[23:07:14.435] [bmv2] [D] [thread 9613] [23.0] [cxt 0] Parser 'parser' entering state 'start'
[23:07:14.435] [bmv2] [D] [thread 9613] [23.0] [cxt 0] Extracting header 'ethernet'
[23:07:14.435] [bmv2] [D] [thread 9613] [23.0] [cxt 0] Parser state 'start': key is 86dd
[23:07:14.435] [bmv2] [T] [thread 9613] [23.0] [cxt 0] Bytes parsed: 14
[23:07:14.435] [bmv2] [D] [thread 9613] [23.0] [cxt 0] Parser 'parser': end
[23:07:14.435] [bmv2] [D] [thread 9613] [23.0] [cxt 0] Pipeline 'ingress': start
[23:07:14.435] [bmv2] [T] [thread 9613] [23.0] [cxt 0] qos.p4(197) Condition "hdr.ipv4.isValid()" (node_2) is false
[23:07:14.435] [bmv2] [D] [thread 9613] [23.0] [cxt 0] Pipeline 'ingress': end
[23:07:14.435] [bmv2] [D] [thread 9613] [23.0] [cxt 0] Egress port is 0
[23:07:14.435] [bmv2] [D] [thread 9614] [22.0] [cxt 0] Pipeline 'egress': start
[23:07:14.435] [bmv2] [D] [thread 9614] [22.0] [cxt 0] Pipeline 'egress': end
[23:07:14.435] [bmv2] [D] [thread 9614] [22.0] [cxt 0] Deparser 'deparser': start
[23:07:14.435] [bmv2] [T] [thread 9614] [22.0] [cxt 0] Skipping checksum 'cksum' update because condition not met
[23:07:14.435] [bmv2] [D] [thread 9614] [22.0] [cxt 0] Deparsing header 'ethernet'
[23:07:14.435] [bmv2] [D] [thread 9614] [22.0] [cxt 0] Deparser 'deparser': end
[23:07:14.436] [bmv2] [D] [thread 9614] [23.0] [cxt 0] Pipeline 'egress': start
[23:07:14.436] [bmv2] [D] [thread 9614] [23.0] [cxt 0] Pipeline 'egress': end
[23:07:14.436] [bmv2] [D] [thread 9614] [23.0] [cxt 0] Deparser 'deparser': start
[23:07:14.436] [bmv2] [T] [thread 9614] [23.0] [cxt 0] Skipping checksum 'cksum' update because condition not met
[23:07:14.436] [bmv2] [D] [thread 9614] [23.0] [cxt 0] Deparsing header 'ethernet'
[23:07:14.436] [bmv2] [D] [thread 9614] [23.0] [cxt 0] Deparser 'deparser': end
[23:07:14.436] [bmv2] [D] [thread 9618] [22.0] [cxt 0] Transmitting packet of size 70 out of port 0
[23:07:14.436] [bmv2] [D] [thread 9618] [23.0] [cxt 0] Transmitting packet of size 70 out of port 0
[23:07:26.722] [bmv2] [D] [thread 9613] [24.0] [cxt 0] Processing packet received on port 1
[23:07:26.722] [bmv2] [D] [thread 9613] [24.0] [cxt 0] Parser 'parser': start
[23:07:26.722] [bmv2] [D] [thread 9613] [24.0] [cxt 0] Parser 'parser' entering state 'start'
[23:07:26.722] [bmv2] [D] [thread 9613] [24.0] [cxt 0] Extracting header 'ethernet'
[23:07:26.722] [bmv2] [D] [thread 9613] [24.0] [cxt 0] Parser state 'start': key is 86dd
[23:07:26.722] [bmv2] [T] [thread 9613] [24.0] [cxt 0] Bytes parsed: 14
[23:07:26.722] [bmv2] [D] [thread 9613] [24.0] [cxt 0] Parser 'parser': end
[23:07:26.722] [bmv2] [D] [thread 9613] [24.0] [cxt 0] Pipeline 'ingress': start
[23:07:26.722] [bmv2] [T] [thread 9613] [24.0] [cxt 0] qos.p4(197) Condition "hdr.ipv4.isValid()" (node_2) is false
[23:07:26.722] [bmv2] [D] [thread 9613] [24.0] [cxt 0] Pipeline 'ingress': end
[23:07:26.722] [bmv2] [D] [thread 9613] [24.0] [cxt 0] Egress port is 0
[23:07:26.722] [bmv2] [D] [thread 9614] [24.0] [cxt 0] Pipeline 'egress': start
[23:07:26.722] [bmv2] [D] [thread 9614] [24.0] [cxt 0] Pipeline 'egress': end
[23:07:26.722] [bmv2] [D] [thread 9614] [24.0] [cxt 0] Deparser 'deparser': start
[23:07:26.723] [bmv2] [T] [thread 9614] [24.0] [cxt 0] Skipping checksum 'cksum' update because condition not met
[23:07:26.723] [bmv2] [D] [thread 9614] [24.0] [cxt 0] Deparsing header 'ethernet'
[23:07:26.723] [bmv2] [D] [thread 9614] [24.0] [cxt 0] Deparser 'deparser': end
[23:07:26.723] [bmv2] [D] [thread 9618] [24.0] [cxt 0] Transmitting packet of size 70 out of port 0
[23:09:09.128] [bmv2] [D] [thread 9613] [25.0] [cxt 0] Processing packet received on port 3
[23:09:09.128] [bmv2] [D] [thread 9613] [25.0] [cxt 0] Parser 'parser': start
[23:09:09.128] [bmv2] [D] [thread 9613] [25.0] [cxt 0] Parser 'parser' entering state 'start'
[23:09:09.128] [bmv2] [D] [thread 9613] [25.0] [cxt 0] Extracting header 'ethernet'
[23:09:09.129] [bmv2] [D] [thread 9613] [25.0] [cxt 0] Parser state 'start': key is 86dd
[23:09:09.129] [bmv2] [T] [thread 9613] [25.0] [cxt 0] Bytes parsed: 14
[23:09:09.131] [bmv2] [D] [thread 9613] [25.0] [cxt 0] Parser 'parser': end
[23:09:09.131] [bmv2] [D] [thread 9613] [25.0] [cxt 0] Pipeline 'ingress': start
[23:09:09.131] [bmv2] [T] [thread 9613] [25.0] [cxt 0] qos.p4(197) Condition "hdr.ipv4.isValid()" (node_2) is false
[23:09:09.131] [bmv2] [D] [thread 9613] [25.0] [cxt 0] Pipeline 'ingress': end
[23:09:09.131] [bmv2] [D] [thread 9613] [25.0] [cxt 0] Egress port is 0
[23:09:09.132] [bmv2] [D] [thread 9614] [25.0] [cxt 0] Pipeline 'egress': start
[23:09:09.132] [bmv2] [D] [thread 9614] [25.0] [cxt 0] Pipeline 'egress': end
[23:09:09.132] [bmv2] [D] [thread 9614] [25.0] [cxt 0] Deparser 'deparser': start
[23:09:09.132] [bmv2] [T] [thread 9614] [25.0] [cxt 0] Skipping checksum 'cksum' update because condition not met
[23:09:09.132] [bmv2] [D] [thread 9614] [25.0] [cxt 0] Deparsing header 'ethernet'
[23:09:09.132] [bmv2] [D] [thread 9614] [25.0] [cxt 0] Deparser 'deparser': end
[23:09:09.133] [bmv2] [D] [thread 9618] [25.0] [cxt 0] Transmitting packet of size 70 out of port 0
[23:09:11.172] [bmv2] [D] [thread 9613] [26.0] [cxt 0] Processing packet received on port 3
[23:09:11.172] [bmv2] [D] [thread 9613] [26.0] [cxt 0] Parser 'parser': start
[23:09:11.172] [bmv2] [D] [thread 9613] [26.0] [cxt 0] Parser 'parser' entering state 'start'
[23:09:11.173] [bmv2] [D] [thread 9613] [26.0] [cxt 0] Extracting header 'ethernet'
[23:09:11.173] [bmv2] [D] [thread 9613] [26.0] [cxt 0] Parser state 'start': key is 86dd
[23:09:11.173] [bmv2] [T] [thread 9613] [26.0] [cxt 0] Bytes parsed: 14
[23:09:11.173] [bmv2] [D] [thread 9613] [26.0] [cxt 0] Parser 'parser': end
[23:09:11.173] [bmv2] [D] [thread 9613] [26.0] [cxt 0] Pipeline 'ingress': start
[23:09:11.178] [bmv2] [T] [thread 9613] [26.0] [cxt 0] qos.p4(197) Condition "hdr.ipv4.isValid()" (node_2) is false
[23:09:11.178] [bmv2] [D] [thread 9613] [26.0] [cxt 0] Pipeline 'ingress': end
[23:09:11.178] [bmv2] [D] [thread 9613] [26.0] [cxt 0] Egress port is 0
[23:09:11.178] [bmv2] [D] [thread 9614] [26.0] [cxt 0] Pipeline 'egress': start
[23:09:11.178] [bmv2] [D] [thread 9614] [26.0] [cxt 0] Pipeline 'egress': end
[23:09:11.178] [bmv2] [D] [thread 9614] [26.0] [cxt 0] Deparser 'deparser': start
[23:09:11.178] [bmv2] [T] [thread 9614] [26.0] [cxt 0] Skipping checksum 'cksum' update because condition not met
[23:09:11.178] [bmv2] [D] [thread 9614] [26.0] [cxt 0] Deparsing header 'ethernet'
[23:09:11.178] [bmv2] [D] [thread 9614] [26.0] [cxt 0] Deparser 'deparser': end
[23:09:11.179] [bmv2] [D] [thread 9618] [26.0] [cxt 0] Transmitting packet of size 70 out of port 0
[23:09:17.314] [bmv2] [D] [thread 9613] [27.0] [cxt 0] Processing packet received on port 2
[23:09:17.314] [bmv2] [D] [thread 9613] [27.0] [cxt 0] Parser 'parser': start
[23:09:17.314] [bmv2] [D] [thread 9613] [27.0] [cxt 0] Parser 'parser' entering state 'start'
[23:09:17.314] [bmv2] [D] [thread 9613] [27.0] [cxt 0] Extracting header 'ethernet'
[23:09:17.315] [bmv2] [D] [thread 9613] [27.0] [cxt 0] Parser state 'start': key is 86dd
[23:09:17.315] [bmv2] [T] [thread 9613] [27.0] [cxt 0] Bytes parsed: 14
[23:09:17.315] [bmv2] [D] [thread 9613] [27.0] [cxt 0] Parser 'parser': end
[23:09:17.315] [bmv2] [D] [thread 9613] [27.0] [cxt 0] Pipeline 'ingress': start
[23:09:17.315] [bmv2] [T] [thread 9613] [27.0] [cxt 0] qos.p4(197) Condition "hdr.ipv4.isValid()" (node_2) is false
[23:09:17.315] [bmv2] [D] [thread 9613] [27.0] [cxt 0] Pipeline 'ingress': end
[23:09:17.315] [bmv2] [D] [thread 9613] [27.0] [cxt 0] Egress port is 0
[23:09:17.315] [bmv2] [D] [thread 9614] [27.0] [cxt 0] Pipeline 'egress': start
[23:09:17.315] [bmv2] [D] [thread 9614] [27.0] [cxt 0] Pipeline 'egress': end
[23:09:17.315] [bmv2] [D] [thread 9614] [27.0] [cxt 0] Deparser 'deparser': start
[23:09:17.315] [bmv2] [T] [thread 9614] [27.0] [cxt 0] Skipping checksum 'cksum' update because condition not met
[23:09:17.315] [bmv2] [D] [thread 9614] [27.0] [cxt 0] Deparsing header 'ethernet'
[23:09:17.315] [bmv2] [D] [thread 9614] [27.0] [cxt 0] Deparser 'deparser': end
[23:09:17.315] [bmv2] [D] [thread 9618] [27.0] [cxt 0] Transmitting packet of size 70 out of port 0
[23:09:23.468] [bmv2] [D] [thread 9613] [28.0] [cxt 0] Processing packet received on port 2
[23:09:23.468] [bmv2] [D] [thread 9613] [28.0] [cxt 0] Parser 'parser': start
[23:09:23.469] [bmv2] [D] [thread 9613] [28.0] [cxt 0] Parser 'parser' entering state 'start'
[23:09:23.469] [bmv2] [D] [thread 9613] [28.0] [cxt 0] Extracting header 'ethernet'
[23:09:23.469] [bmv2] [D] [thread 9613] [28.0] [cxt 0] Parser state 'start': key is 86dd
[23:09:23.469] [bmv2] [T] [thread 9613] [28.0] [cxt 0] Bytes parsed: 14
[23:09:23.469] [bmv2] [D] [thread 9613] [28.0] [cxt 0] Parser 'parser': end
[23:09:23.469] [bmv2] [D] [thread 9613] [28.0] [cxt 0] Pipeline 'ingress': start
[23:09:23.469] [bmv2] [T] [thread 9613] [28.0] [cxt 0] qos.p4(197) Condition "hdr.ipv4.isValid()" (node_2) is false
[23:09:23.469] [bmv2] [D] [thread 9613] [28.0] [cxt 0] Pipeline 'ingress': end
[23:09:23.469] [bmv2] [D] [thread 9613] [28.0] [cxt 0] Egress port is 0
[23:09:23.470] [bmv2] [D] [thread 9614] [28.0] [cxt 0] Pipeline 'egress': start
[23:09:23.470] [bmv2] [D] [thread 9614] [28.0] [cxt 0] Pipeline 'egress': end
[23:09:23.470] [bmv2] [D] [thread 9614] [28.0] [cxt 0] Deparser 'deparser': start
[23:09:23.470] [bmv2] [T] [thread 9614] [28.0] [cxt 0] Skipping checksum 'cksum' update because condition not met
[23:09:23.470] [bmv2] [D] [thread 9614] [28.0] [cxt 0] Deparsing header 'ethernet'
[23:09:23.470] [bmv2] [D] [thread 9614] [28.0] [cxt 0] Deparser 'deparser': end
[23:09:23.470] [bmv2] [D] [thread 9618] [28.0] [cxt 0] Transmitting packet of size 70 out of port 0
[23:09:41.892] [bmv2] [D] [thread 9613] [29.0] [cxt 0] Processing packet received on port 1
[23:09:41.892] [bmv2] [D] [thread 9613] [29.0] [cxt 0] Parser 'parser': start
[23:09:41.892] [bmv2] [D] [thread 9613] [29.0] [cxt 0] Parser 'parser' entering state 'start'
[23:09:41.892] [bmv2] [D] [thread 9613] [29.0] [cxt 0] Extracting header 'ethernet'
[23:09:41.892] [bmv2] [D] [thread 9613] [29.0] [cxt 0] Parser state 'start': key is 86dd
[23:09:41.892] [bmv2] [T] [thread 9613] [29.0] [cxt 0] Bytes parsed: 14
[23:09:41.892] [bmv2] [D] [thread 9613] [29.0] [cxt 0] Parser 'parser': end
[23:09:41.892] [bmv2] [D] [thread 9613] [29.0] [cxt 0] Pipeline 'ingress': start
[23:09:41.892] [bmv2] [T] [thread 9613] [29.0] [cxt 0] qos.p4(197) Condition "hdr.ipv4.isValid()" (node_2) is false
[23:09:41.892] [bmv2] [D] [thread 9613] [29.0] [cxt 0] Pipeline 'ingress': end
[23:09:41.892] [bmv2] [D] [thread 9613] [29.0] [cxt 0] Egress port is 0
[23:09:41.893] [bmv2] [D] [thread 9614] [29.0] [cxt 0] Pipeline 'egress': start
[23:09:41.893] [bmv2] [D] [thread 9614] [29.0] [cxt 0] Pipeline 'egress': end
[23:09:41.893] [bmv2] [D] [thread 9614] [29.0] [cxt 0] Deparser 'deparser': start
[23:09:41.893] [bmv2] [T] [thread 9614] [29.0] [cxt 0] Skipping checksum 'cksum' update because condition not met
[23:09:41.893] [bmv2] [D] [thread 9614] [29.0] [cxt 0] Deparsing header 'ethernet'
[23:09:41.893] [bmv2] [D] [thread 9614] [29.0] [cxt 0] Deparser 'deparser': end
[23:09:41.894] [bmv2] [D] [thread 9618] [29.0] [cxt 0] Transmitting packet of size 70 out of port 0
open: No such file or directory
open: No such file or directory
open: No such file or directory
open: No such file or directory
open: No such file or directory
