Calling target program-options parser
[20:16:48.665] [bmv2] [D] [thread 2244] Set default default entry for table 'tbl_qos199': qos199 - 
[20:16:48.665] [bmv2] [D] [thread 2244] Set default default entry for table 'MyIngress.ipv4_lpm': NoAction - 
Adding interface s3-eth1 as port 1
[20:16:48.666] [bmv2] [D] [thread 2244] Adding interface s3-eth1 as port 1
Adding interface s3-eth2 as port 2
[20:16:48.679] [bmv2] [D] [thread 2244] Adding interface s3-eth2 as port 2
Adding interface s3-eth3 as port 3
[20:16:48.684] [bmv2] [D] [thread 2244] Adding interface s3-eth3 as port 3
Server listening on 0.0.0.0:50053
[20:16:48.695] [bmv2] [I] [thread 2244] Starting Thrift server on port 9092
[20:16:48.700] [bmv2] [I] [thread 2244] Thrift server was started
[20:16:50.037] [bmv2] [D] [thread 2254] [0.0] [cxt 0] Processing packet received on port 1
[20:16:50.037] [bmv2] [D] [thread 2254] [0.0] [cxt 0] Parser 'parser': start
[20:16:50.037] [bmv2] [D] [thread 2254] [0.0] [cxt 0] Parser 'parser' entering state 'start'
[20:16:50.037] [bmv2] [D] [thread 2254] [0.0] [cxt 0] Extracting header 'ethernet'
[20:16:50.038] [bmv2] [D] [thread 2254] [0.0] [cxt 0] Parser state 'start': key is 86dd
[20:16:50.038] [bmv2] [T] [thread 2254] [0.0] [cxt 0] Bytes parsed: 14
[20:16:50.038] [bmv2] [D] [thread 2254] [0.0] [cxt 0] Parser 'parser': end
[20:16:50.038] [bmv2] [D] [thread 2254] [0.0] [cxt 0] Pipeline 'ingress': start
[20:16:50.038] [bmv2] [T] [thread 2254] [0.0] [cxt 0] qos.p4(197) Condition "hdr.ipv4.isValid()" (node_2) is false
[20:16:50.038] [bmv2] [D] [thread 2254] [0.0] [cxt 0] Pipeline 'ingress': end
[20:16:50.039] [bmv2] [D] [thread 2254] [0.0] [cxt 0] Egress port is 0
[20:16:50.041] [bmv2] [D] [thread 2255] [0.0] [cxt 0] Pipeline 'egress': start
[20:16:50.041] [bmv2] [D] [thread 2255] [0.0] [cxt 0] Pipeline 'egress': end
[20:16:50.041] [bmv2] [D] [thread 2255] [0.0] [cxt 0] Deparser 'deparser': start
[20:16:50.041] [bmv2] [T] [thread 2255] [0.0] [cxt 0] Skipping checksum 'cksum' update because condition not met
[20:16:50.041] [bmv2] [D] [thread 2255] [0.0] [cxt 0] Deparsing header 'ethernet'
[20:16:50.041] [bmv2] [D] [thread 2255] [0.0] [cxt 0] Deparser 'deparser': end
[20:16:50.042] [bmv2] [D] [thread 2259] [0.0] [cxt 0] Transmitting packet of size 70 out of port 0
[20:16:50.542] [bmv2] [D] [thread 2254] [1.0] [cxt 0] Processing packet received on port 2
[20:16:50.542] [bmv2] [D] [thread 2254] [1.0] [cxt 0] Parser 'parser': start
[20:16:50.542] [bmv2] [D] [thread 2254] [1.0] [cxt 0] Parser 'parser' entering state 'start'
[20:16:50.542] [bmv2] [D] [thread 2254] [1.0] [cxt 0] Extracting header 'ethernet'
[20:16:50.542] [bmv2] [D] [thread 2254] [1.0] [cxt 0] Parser state 'start': key is 86dd
[20:16:50.542] [bmv2] [T] [thread 2254] [1.0] [cxt 0] Bytes parsed: 14
[20:16:50.542] [bmv2] [D] [thread 2254] [1.0] [cxt 0] Parser 'parser': end
[20:16:50.542] [bmv2] [D] [thread 2254] [1.0] [cxt 0] Pipeline 'ingress': start
[20:16:50.542] [bmv2] [T] [thread 2254] [1.0] [cxt 0] qos.p4(197) Condition "hdr.ipv4.isValid()" (node_2) is false
[20:16:50.542] [bmv2] [D] [thread 2254] [1.0] [cxt 0] Pipeline 'ingress': end
[20:16:50.542] [bmv2] [D] [thread 2254] [1.0] [cxt 0] Egress port is 0
[20:16:50.543] [bmv2] [D] [thread 2255] [1.0] [cxt 0] Pipeline 'egress': start
[20:16:50.543] [bmv2] [D] [thread 2255] [1.0] [cxt 0] Pipeline 'egress': end
[20:16:50.543] [bmv2] [D] [thread 2255] [1.0] [cxt 0] Deparser 'deparser': start
[20:16:50.543] [bmv2] [T] [thread 2255] [1.0] [cxt 0] Skipping checksum 'cksum' update because condition not met
[20:16:50.543] [bmv2] [D] [thread 2255] [1.0] [cxt 0] Deparsing header 'ethernet'
[20:16:50.543] [bmv2] [D] [thread 2255] [1.0] [cxt 0] Deparser 'deparser': end
[20:16:50.544] [bmv2] [D] [thread 2259] [1.0] [cxt 0] Transmitting packet of size 70 out of port 0
[20:16:50.796] [bmv2] [D] [thread 2254] [2.0] [cxt 0] Processing packet received on port 3
[20:16:50.796] [bmv2] [D] [thread 2254] [2.0] [cxt 0] Parser 'parser': start
[20:16:50.796] [bmv2] [D] [thread 2254] [2.0] [cxt 0] Parser 'parser' entering state 'start'
[20:16:50.796] [bmv2] [D] [thread 2254] [2.0] [cxt 0] Extracting header 'ethernet'
[20:16:50.796] [bmv2] [D] [thread 2254] [2.0] [cxt 0] Parser state 'start': key is 86dd
[20:16:50.796] [bmv2] [T] [thread 2254] [2.0] [cxt 0] Bytes parsed: 14
[20:16:50.797] [bmv2] [D] [thread 2254] [2.0] [cxt 0] Parser 'parser': end
[20:16:50.797] [bmv2] [D] [thread 2254] [2.0] [cxt 0] Pipeline 'ingress': start
[20:16:50.797] [bmv2] [T] [thread 2254] [2.0] [cxt 0] qos.p4(197) Condition "hdr.ipv4.isValid()" (node_2) is false
[20:16:50.797] [bmv2] [D] [thread 2254] [2.0] [cxt 0] Pipeline 'ingress': end
[20:16:50.797] [bmv2] [D] [thread 2254] [2.0] [cxt 0] Egress port is 0
[20:16:50.797] [bmv2] [D] [thread 2255] [2.0] [cxt 0] Pipeline 'egress': start
[20:16:50.797] [bmv2] [D] [thread 2255] [2.0] [cxt 0] Pipeline 'egress': end
[20:16:50.797] [bmv2] [D] [thread 2255] [2.0] [cxt 0] Deparser 'deparser': start
[20:16:50.798] [bmv2] [T] [thread 2255] [2.0] [cxt 0] Skipping checksum 'cksum' update because condition not met
[20:16:50.798] [bmv2] [D] [thread 2255] [2.0] [cxt 0] Deparsing header 'ethernet'
[20:16:50.798] [bmv2] [D] [thread 2255] [2.0] [cxt 0] Deparser 'deparser': end
[20:16:50.798] [bmv2] [D] [thread 2259] [2.0] [cxt 0] Transmitting packet of size 70 out of port 0
[20:16:50.952] [bmv2] [W] [thread 2300] [P4Runtime] p4::tmp::P4DeviceConfig is deprecated
[20:16:50.965] [bmv2] [D] [thread 2300] Set default default entry for table 'tbl_qos199': qos199 - 
[20:16:50.965] [bmv2] [D] [thread 2300] Set default default entry for table 'MyIngress.ipv4_lpm': NoAction - 
[20:16:50.973] [bmv2] [D] [thread 2300] simple_switch target has been notified of a config swap
[20:16:50.983] [bmv2] [D] [thread 2301] Entry 0 added to table 'MyIngress.ipv4_lpm'
[20:16:50.984] [bmv2] [D] [thread 2301] Dumping entry 0
Match key:
* hdr.ipv4.dstAddr    : LPM       0a000303/32
Action entry: MyIngress.ipv4_forward - 80000000303,1,

[20:16:50.994] [bmv2] [D] [thread 2300] Entry 1 added to table 'MyIngress.ipv4_lpm'
[20:16:50.995] [bmv2] [D] [thread 2300] Dumping entry 1
Match key:
* hdr.ipv4.dstAddr    : LPM       0a000100/24
Action entry: MyIngress.ipv4_forward - 80000000100,2,

[20:16:51.004] [bmv2] [D] [thread 2301] Entry 2 added to table 'MyIngress.ipv4_lpm'
[20:16:51.004] [bmv2] [D] [thread 2301] Dumping entry 2
Match key:
* hdr.ipv4.dstAddr    : LPM       0a000200/24
Action entry: MyIngress.ipv4_forward - 80000000200,3,

[20:16:51.053] [bmv2] [D] [thread 2254] [3.0] [cxt 0] Processing packet received on port 2
[20:16:51.054] [bmv2] [D] [thread 2254] [3.0] [cxt 0] Parser 'parser': start
[20:16:51.054] [bmv2] [D] [thread 2254] [3.0] [cxt 0] Parser 'parser' entering state 'start'
[20:16:51.054] [bmv2] [D] [thread 2254] [3.0] [cxt 0] Extracting header 'ethernet'
[20:16:51.054] [bmv2] [D] [thread 2254] [3.0] [cxt 0] Parser state 'start': key is 86dd
[20:16:51.054] [bmv2] [T] [thread 2254] [3.0] [cxt 0] Bytes parsed: 14
[20:16:51.054] [bmv2] [D] [thread 2254] [3.0] [cxt 0] Parser 'parser': end
[20:16:51.054] [bmv2] [D] [thread 2254] [3.0] [cxt 0] Pipeline 'ingress': start
[20:16:51.054] [bmv2] [T] [thread 2254] [3.0] [cxt 0] qos.p4(197) Condition "hdr.ipv4.isValid()" (node_2) is false
[20:16:51.054] [bmv2] [D] [thread 2254] [3.0] [cxt 0] Pipeline 'ingress': end
[20:16:51.054] [bmv2] [D] [thread 2254] [3.0] [cxt 0] Egress port is 0
[20:16:51.054] [bmv2] [D] [thread 2255] [3.0] [cxt 0] Pipeline 'egress': start
[20:16:51.054] [bmv2] [D] [thread 2255] [3.0] [cxt 0] Pipeline 'egress': end
[20:16:51.054] [bmv2] [D] [thread 2255] [3.0] [cxt 0] Deparser 'deparser': start
[20:16:51.054] [bmv2] [T] [thread 2255] [3.0] [cxt 0] Skipping checksum 'cksum' update because condition not met
[20:16:51.054] [bmv2] [D] [thread 2255] [3.0] [cxt 0] Deparsing header 'ethernet'
[20:16:51.054] [bmv2] [D] [thread 2255] [3.0] [cxt 0] Deparser 'deparser': end
[20:16:51.055] [bmv2] [D] [thread 2259] [3.0] [cxt 0] Transmitting packet of size 70 out of port 0
[20:16:51.566] [bmv2] [D] [thread 2254] [4.0] [cxt 0] Processing packet received on port 3
[20:16:51.567] [bmv2] [D] [thread 2254] [4.0] [cxt 0] Parser 'parser': start
[20:16:51.567] [bmv2] [D] [thread 2254] [4.0] [cxt 0] Parser 'parser' entering state 'start'
[20:16:51.567] [bmv2] [D] [thread 2254] [4.0] [cxt 0] Extracting header 'ethernet'
[20:16:51.573] [bmv2] [D] [thread 2254] [4.0] [cxt 0] Parser state 'start': key is 86dd
[20:16:51.573] [bmv2] [T] [thread 2254] [4.0] [cxt 0] Bytes parsed: 14
[20:16:51.573] [bmv2] [D] [thread 2254] [4.0] [cxt 0] Parser 'parser': end
[20:16:51.573] [bmv2] [D] [thread 2254] [4.0] [cxt 0] Pipeline 'ingress': start
[20:16:51.574] [bmv2] [T] [thread 2254] [4.0] [cxt 0] qos.p4(197) Condition "hdr.ipv4.isValid()" (node_2) is false
[20:16:51.574] [bmv2] [D] [thread 2254] [4.0] [cxt 0] Pipeline 'ingress': end
[20:16:51.574] [bmv2] [D] [thread 2254] [4.0] [cxt 0] Egress port is 0
[20:16:51.574] [bmv2] [D] [thread 2255] [4.0] [cxt 0] Pipeline 'egress': start
[20:16:51.574] [bmv2] [D] [thread 2255] [4.0] [cxt 0] Pipeline 'egress': end
[20:16:51.574] [bmv2] [D] [thread 2255] [4.0] [cxt 0] Deparser 'deparser': start
[20:16:51.574] [bmv2] [T] [thread 2255] [4.0] [cxt 0] Skipping checksum 'cksum' update because condition not met
[20:16:51.574] [bmv2] [D] [thread 2255] [4.0] [cxt 0] Deparsing header 'ethernet'
[20:16:51.575] [bmv2] [D] [thread 2255] [4.0] [cxt 0] Deparser 'deparser': end
[20:16:51.575] [bmv2] [D] [thread 2259] [4.0] [cxt 0] Transmitting packet of size 70 out of port 0
[20:16:57.460] [bmv2] [D] [thread 2254] [5.0] [cxt 0] Processing packet received on port 1
[20:16:57.461] [bmv2] [D] [thread 2254] [5.0] [cxt 0] Parser 'parser': start
[20:16:57.461] [bmv2] [D] [thread 2254] [5.0] [cxt 0] Parser 'parser' entering state 'start'
[20:16:57.461] [bmv2] [D] [thread 2254] [5.0] [cxt 0] Extracting header 'ethernet'
[20:16:57.462] [bmv2] [D] [thread 2254] [5.0] [cxt 0] Parser state 'start': key is 86dd
[20:16:57.462] [bmv2] [T] [thread 2254] [5.0] [cxt 0] Bytes parsed: 14
[20:16:57.462] [bmv2] [D] [thread 2254] [5.0] [cxt 0] Parser 'parser': end
[20:16:57.462] [bmv2] [D] [thread 2254] [5.0] [cxt 0] Pipeline 'ingress': start
[20:16:57.462] [bmv2] [T] [thread 2254] [5.0] [cxt 0] qos.p4(197) Condition "hdr.ipv4.isValid()" (node_2) is false
[20:16:57.462] [bmv2] [D] [thread 2254] [5.0] [cxt 0] Pipeline 'ingress': end
[20:16:57.462] [bmv2] [D] [thread 2254] [5.0] [cxt 0] Egress port is 0
[20:16:57.462] [bmv2] [D] [thread 2255] [5.0] [cxt 0] Pipeline 'egress': start
[20:16:57.463] [bmv2] [D] [thread 2255] [5.0] [cxt 0] Pipeline 'egress': end
[20:16:57.463] [bmv2] [D] [thread 2255] [5.0] [cxt 0] Deparser 'deparser': start
[20:16:57.463] [bmv2] [T] [thread 2255] [5.0] [cxt 0] Skipping checksum 'cksum' update because condition not met
[20:16:57.463] [bmv2] [D] [thread 2255] [5.0] [cxt 0] Deparsing header 'ethernet'
[20:16:57.463] [bmv2] [D] [thread 2255] [5.0] [cxt 0] Deparser 'deparser': end
[20:16:57.463] [bmv2] [D] [thread 2259] [5.0] [cxt 0] Transmitting packet of size 70 out of port 0
[20:16:57.713] [bmv2] [D] [thread 2254] [6.0] [cxt 0] Processing packet received on port 2
[20:16:57.714] [bmv2] [D] [thread 2254] [6.0] [cxt 0] Parser 'parser': start
[20:16:57.714] [bmv2] [D] [thread 2254] [6.0] [cxt 0] Parser 'parser' entering state 'start'
[20:16:57.714] [bmv2] [D] [thread 2254] [6.0] [cxt 0] Extracting header 'ethernet'
[20:16:57.714] [bmv2] [D] [thread 2254] [6.0] [cxt 0] Parser state 'start': key is 86dd
[20:16:57.714] [bmv2] [T] [thread 2254] [6.0] [cxt 0] Bytes parsed: 14
[20:16:57.714] [bmv2] [D] [thread 2254] [6.0] [cxt 0] Parser 'parser': end
[20:16:57.714] [bmv2] [D] [thread 2254] [6.0] [cxt 0] Pipeline 'ingress': start
[20:16:57.714] [bmv2] [T] [thread 2254] [6.0] [cxt 0] qos.p4(197) Condition "hdr.ipv4.isValid()" (node_2) is false
[20:16:57.714] [bmv2] [D] [thread 2254] [6.0] [cxt 0] Pipeline 'ingress': end
[20:16:57.714] [bmv2] [D] [thread 2254] [6.0] [cxt 0] Egress port is 0
[20:16:57.714] [bmv2] [D] [thread 2255] [6.0] [cxt 0] Pipeline 'egress': start
[20:16:57.715] [bmv2] [D] [thread 2255] [6.0] [cxt 0] Pipeline 'egress': end
[20:16:57.715] [bmv2] [D] [thread 2255] [6.0] [cxt 0] Deparser 'deparser': start
[20:16:57.715] [bmv2] [T] [thread 2255] [6.0] [cxt 0] Skipping checksum 'cksum' update because condition not met
[20:16:57.715] [bmv2] [D] [thread 2255] [6.0] [cxt 0] Deparsing header 'ethernet'
[20:16:57.715] [bmv2] [D] [thread 2255] [6.0] [cxt 0] Deparser 'deparser': end
[20:16:57.715] [bmv2] [D] [thread 2259] [6.0] [cxt 0] Transmitting packet of size 70 out of port 0
[20:16:58.221] [bmv2] [D] [thread 2254] [7.0] [cxt 0] Processing packet received on port 3
[20:16:58.221] [bmv2] [D] [thread 2254] [7.0] [cxt 0] Parser 'parser': start
[20:16:58.221] [bmv2] [D] [thread 2254] [7.0] [cxt 0] Parser 'parser' entering state 'start'
[20:16:58.221] [bmv2] [D] [thread 2254] [7.0] [cxt 0] Extracting header 'ethernet'
[20:16:58.221] [bmv2] [D] [thread 2254] [7.0] [cxt 0] Parser state 'start': key is 86dd
[20:16:58.221] [bmv2] [T] [thread 2254] [7.0] [cxt 0] Bytes parsed: 14
[20:16:58.222] [bmv2] [D] [thread 2254] [7.0] [cxt 0] Parser 'parser': end
[20:16:58.222] [bmv2] [D] [thread 2254] [7.0] [cxt 0] Pipeline 'ingress': start
[20:16:58.222] [bmv2] [T] [thread 2254] [7.0] [cxt 0] qos.p4(197) Condition "hdr.ipv4.isValid()" (node_2) is false
[20:16:58.222] [bmv2] [D] [thread 2254] [7.0] [cxt 0] Pipeline 'ingress': end
[20:16:58.222] [bmv2] [D] [thread 2254] [7.0] [cxt 0] Egress port is 0
[20:16:58.224] [bmv2] [D] [thread 2255] [7.0] [cxt 0] Pipeline 'egress': start
[20:16:58.224] [bmv2] [D] [thread 2255] [7.0] [cxt 0] Pipeline 'egress': end
[20:16:58.224] [bmv2] [D] [thread 2255] [7.0] [cxt 0] Deparser 'deparser': start
[20:16:58.224] [bmv2] [T] [thread 2255] [7.0] [cxt 0] Skipping checksum 'cksum' update because condition not met
[20:16:58.224] [bmv2] [D] [thread 2255] [7.0] [cxt 0] Deparsing header 'ethernet'
[20:16:58.224] [bmv2] [D] [thread 2255] [7.0] [cxt 0] Deparser 'deparser': end
[20:16:58.225] [bmv2] [D] [thread 2259] [7.0] [cxt 0] Transmitting packet of size 70 out of port 0
[20:16:59.505] [bmv2] [D] [thread 2254] [8.0] [cxt 0] Processing packet received on port 2
[20:16:59.506] [bmv2] [D] [thread 2254] [8.0] [cxt 0] Parser 'parser': start
[20:16:59.506] [bmv2] [D] [thread 2254] [8.0] [cxt 0] Parser 'parser' entering state 'start'
[20:16:59.506] [bmv2] [D] [thread 2254] [8.0] [cxt 0] Extracting header 'ethernet'
[20:16:59.506] [bmv2] [D] [thread 2254] [8.0] [cxt 0] Parser state 'start': key is 86dd
[20:16:59.506] [bmv2] [T] [thread 2254] [8.0] [cxt 0] Bytes parsed: 14
[20:16:59.506] [bmv2] [D] [thread 2254] [8.0] [cxt 0] Parser 'parser': end
[20:16:59.509] [bmv2] [D] [thread 2254] [8.0] [cxt 0] Pipeline 'ingress': start
[20:16:59.509] [bmv2] [T] [thread 2254] [8.0] [cxt 0] qos.p4(197) Condition "hdr.ipv4.isValid()" (node_2) is false
[20:16:59.510] [bmv2] [D] [thread 2254] [8.0] [cxt 0] Pipeline 'ingress': end
[20:16:59.510] [bmv2] [D] [thread 2254] [8.0] [cxt 0] Egress port is 0
[20:16:59.510] [bmv2] [D] [thread 2255] [8.0] [cxt 0] Pipeline 'egress': start
[20:16:59.511] [bmv2] [D] [thread 2255] [8.0] [cxt 0] Pipeline 'egress': end
[20:16:59.511] [bmv2] [D] [thread 2255] [8.0] [cxt 0] Deparser 'deparser': start
[20:16:59.511] [bmv2] [T] [thread 2255] [8.0] [cxt 0] Skipping checksum 'cksum' update because condition not met
[20:16:59.511] [bmv2] [D] [thread 2255] [8.0] [cxt 0] Deparsing header 'ethernet'
[20:16:59.511] [bmv2] [D] [thread 2255] [8.0] [cxt 0] Deparser 'deparser': end
[20:16:59.511] [bmv2] [D] [thread 2259] [8.0] [cxt 0] Transmitting packet of size 70 out of port 0
[20:17:00.014] [bmv2] [D] [thread 2254] [9.0] [cxt 0] Processing packet received on port 3
[20:17:00.015] [bmv2] [D] [thread 2254] [9.0] [cxt 0] Parser 'parser': start
[20:17:00.016] [bmv2] [D] [thread 2254] [9.0] [cxt 0] Parser 'parser' entering state 'start'
[20:17:00.016] [bmv2] [D] [thread 2254] [9.0] [cxt 0] Extracting header 'ethernet'
[20:17:00.016] [bmv2] [D] [thread 2254] [9.0] [cxt 0] Parser state 'start': key is 86dd
[20:17:00.016] [bmv2] [T] [thread 2254] [9.0] [cxt 0] Bytes parsed: 14
[20:17:00.016] [bmv2] [D] [thread 2254] [9.0] [cxt 0] Parser 'parser': end
[20:17:00.017] [bmv2] [D] [thread 2254] [9.0] [cxt 0] Pipeline 'ingress': start
[20:17:00.017] [bmv2] [T] [thread 2254] [9.0] [cxt 0] qos.p4(197) Condition "hdr.ipv4.isValid()" (node_2) is false
[20:17:00.017] [bmv2] [D] [thread 2254] [9.0] [cxt 0] Pipeline 'ingress': end
[20:17:00.017] [bmv2] [D] [thread 2254] [9.0] [cxt 0] Egress port is 0
[20:17:00.024] [bmv2] [D] [thread 2255] [9.0] [cxt 0] Pipeline 'egress': start
[20:17:00.024] [bmv2] [D] [thread 2255] [9.0] [cxt 0] Pipeline 'egress': end
[20:17:00.024] [bmv2] [D] [thread 2255] [9.0] [cxt 0] Deparser 'deparser': start
[20:17:00.024] [bmv2] [T] [thread 2255] [9.0] [cxt 0] Skipping checksum 'cksum' update because condition not met
[20:17:00.025] [bmv2] [D] [thread 2255] [9.0] [cxt 0] Deparsing header 'ethernet'
[20:17:00.025] [bmv2] [D] [thread 2255] [9.0] [cxt 0] Deparser 'deparser': end
[20:17:00.025] [bmv2] [D] [thread 2259] [9.0] [cxt 0] Transmitting packet of size 70 out of port 0
[20:17:11.789] [bmv2] [D] [thread 2254] [10.0] [cxt 0] Processing packet received on port 1
[20:17:11.789] [bmv2] [D] [thread 2254] [10.0] [cxt 0] Parser 'parser': start
[20:17:11.789] [bmv2] [D] [thread 2254] [10.0] [cxt 0] Parser 'parser' entering state 'start'
[20:17:11.789] [bmv2] [D] [thread 2254] [10.0] [cxt 0] Extracting header 'ethernet'
[20:17:11.790] [bmv2] [D] [thread 2254] [10.0] [cxt 0] Parser state 'start': key is 86dd
[20:17:11.790] [bmv2] [T] [thread 2254] [10.0] [cxt 0] Bytes parsed: 14
[20:17:11.790] [bmv2] [D] [thread 2254] [10.0] [cxt 0] Parser 'parser': end
[20:17:11.790] [bmv2] [D] [thread 2254] [10.0] [cxt 0] Pipeline 'ingress': start
[20:17:11.790] [bmv2] [T] [thread 2254] [10.0] [cxt 0] qos.p4(197) Condition "hdr.ipv4.isValid()" (node_2) is false
[20:17:11.790] [bmv2] [D] [thread 2254] [10.0] [cxt 0] Pipeline 'ingress': end
[20:17:11.790] [bmv2] [D] [thread 2254] [10.0] [cxt 0] Egress port is 0
[20:17:11.790] [bmv2] [D] [thread 2254] [11.0] [cxt 0] Processing packet received on port 2
[20:17:11.790] [bmv2] [D] [thread 2254] [11.0] [cxt 0] Parser 'parser': start
[20:17:11.790] [bmv2] [D] [thread 2254] [11.0] [cxt 0] Parser 'parser' entering state 'start'
[20:17:11.790] [bmv2] [D] [thread 2254] [11.0] [cxt 0] Extracting header 'ethernet'
[20:17:11.790] [bmv2] [D] [thread 2254] [11.0] [cxt 0] Parser state 'start': key is 86dd
[20:17:11.790] [bmv2] [T] [thread 2254] [11.0] [cxt 0] Bytes parsed: 14
[20:17:11.790] [bmv2] [D] [thread 2254] [11.0] [cxt 0] Parser 'parser': end
[20:17:11.790] [bmv2] [D] [thread 2254] [11.0] [cxt 0] Pipeline 'ingress': start
[20:17:11.790] [bmv2] [T] [thread 2254] [11.0] [cxt 0] qos.p4(197) Condition "hdr.ipv4.isValid()" (node_2) is false
[20:17:11.790] [bmv2] [D] [thread 2254] [11.0] [cxt 0] Pipeline 'ingress': end
[20:17:11.790] [bmv2] [D] [thread 2254] [11.0] [cxt 0] Egress port is 0
[20:17:11.791] [bmv2] [D] [thread 2255] [10.0] [cxt 0] Pipeline 'egress': start
[20:17:11.791] [bmv2] [D] [thread 2255] [10.0] [cxt 0] Pipeline 'egress': end
[20:17:11.791] [bmv2] [D] [thread 2255] [10.0] [cxt 0] Deparser 'deparser': start
[20:17:11.791] [bmv2] [T] [thread 2255] [10.0] [cxt 0] Skipping checksum 'cksum' update because condition not met
[20:17:11.791] [bmv2] [D] [thread 2255] [10.0] [cxt 0] Deparsing header 'ethernet'
[20:17:11.791] [bmv2] [D] [thread 2255] [10.0] [cxt 0] Deparser 'deparser': end
[20:17:11.791] [bmv2] [D] [thread 2255] [11.0] [cxt 0] Pipeline 'egress': start
[20:17:11.792] [bmv2] [D] [thread 2255] [11.0] [cxt 0] Pipeline 'egress': end
[20:17:11.792] [bmv2] [D] [thread 2255] [11.0] [cxt 0] Deparser 'deparser': start
[20:17:11.792] [bmv2] [T] [thread 2255] [11.0] [cxt 0] Skipping checksum 'cksum' update because condition not met
[20:17:11.792] [bmv2] [D] [thread 2255] [11.0] [cxt 0] Deparsing header 'ethernet'
[20:17:11.792] [bmv2] [D] [thread 2255] [11.0] [cxt 0] Deparser 'deparser': end
[20:17:11.792] [bmv2] [D] [thread 2259] [10.0] [cxt 0] Transmitting packet of size 70 out of port 0
[20:17:11.792] [bmv2] [D] [thread 2259] [11.0] [cxt 0] Transmitting packet of size 70 out of port 0
[20:17:12.813] [bmv2] [D] [thread 2254] [12.0] [cxt 0] Processing packet received on port 3
[20:17:12.813] [bmv2] [D] [thread 2254] [12.0] [cxt 0] Parser 'parser': start
[20:17:12.813] [bmv2] [D] [thread 2254] [12.0] [cxt 0] Parser 'parser' entering state 'start'
[20:17:12.814] [bmv2] [D] [thread 2254] [12.0] [cxt 0] Extracting header 'ethernet'
[20:17:12.814] [bmv2] [D] [thread 2254] [12.0] [cxt 0] Parser state 'start': key is 86dd
[20:17:12.814] [bmv2] [T] [thread 2254] [12.0] [cxt 0] Bytes parsed: 14
[20:17:12.814] [bmv2] [D] [thread 2254] [12.0] [cxt 0] Parser 'parser': end
[20:17:12.814] [bmv2] [D] [thread 2254] [12.0] [cxt 0] Pipeline 'ingress': start
[20:17:12.814] [bmv2] [T] [thread 2254] [12.0] [cxt 0] qos.p4(197) Condition "hdr.ipv4.isValid()" (node_2) is false
[20:17:12.814] [bmv2] [D] [thread 2254] [12.0] [cxt 0] Pipeline 'ingress': end
[20:17:12.814] [bmv2] [D] [thread 2254] [12.0] [cxt 0] Egress port is 0
[20:17:12.819] [bmv2] [D] [thread 2255] [12.0] [cxt 0] Pipeline 'egress': start
[20:17:12.819] [bmv2] [D] [thread 2255] [12.0] [cxt 0] Pipeline 'egress': end
[20:17:12.819] [bmv2] [D] [thread 2255] [12.0] [cxt 0] Deparser 'deparser': start
[20:17:12.819] [bmv2] [T] [thread 2255] [12.0] [cxt 0] Skipping checksum 'cksum' update because condition not met
[20:17:12.819] [bmv2] [D] [thread 2255] [12.0] [cxt 0] Deparsing header 'ethernet'
[20:17:12.819] [bmv2] [D] [thread 2255] [12.0] [cxt 0] Deparser 'deparser': end
[20:17:12.820] [bmv2] [D] [thread 2259] [12.0] [cxt 0] Transmitting packet of size 70 out of port 0
[20:17:15.631] [bmv2] [D] [thread 2254] [13.0] [cxt 0] Processing packet received on port 2
[20:17:15.631] [bmv2] [D] [thread 2254] [13.0] [cxt 0] Parser 'parser': start
[20:17:15.631] [bmv2] [D] [thread 2254] [13.0] [cxt 0] Parser 'parser' entering state 'start'
[20:17:15.631] [bmv2] [D] [thread 2254] [13.0] [cxt 0] Extracting header 'ethernet'
[20:17:15.636] [bmv2] [D] [thread 2254] [13.0] [cxt 0] Parser state 'start': key is 86dd
[20:17:15.637] [bmv2] [T] [thread 2254] [13.0] [cxt 0] Bytes parsed: 14
[20:17:15.637] [bmv2] [D] [thread 2254] [13.0] [cxt 0] Parser 'parser': end
[20:17:15.637] [bmv2] [D] [thread 2254] [13.0] [cxt 0] Pipeline 'ingress': start
[20:17:15.637] [bmv2] [T] [thread 2254] [13.0] [cxt 0] qos.p4(197) Condition "hdr.ipv4.isValid()" (node_2) is false
[20:17:15.637] [bmv2] [D] [thread 2254] [13.0] [cxt 0] Pipeline 'ingress': end
[20:17:15.637] [bmv2] [D] [thread 2254] [13.0] [cxt 0] Egress port is 0
[20:17:15.638] [bmv2] [D] [thread 2255] [13.0] [cxt 0] Pipeline 'egress': start
[20:17:15.638] [bmv2] [D] [thread 2255] [13.0] [cxt 0] Pipeline 'egress': end
[20:17:15.638] [bmv2] [D] [thread 2255] [13.0] [cxt 0] Deparser 'deparser': start
[20:17:15.638] [bmv2] [T] [thread 2255] [13.0] [cxt 0] Skipping checksum 'cksum' update because condition not met
[20:17:15.639] [bmv2] [D] [thread 2255] [13.0] [cxt 0] Deparsing header 'ethernet'
[20:17:15.639] [bmv2] [D] [thread 2255] [13.0] [cxt 0] Deparser 'deparser': end
[20:17:15.639] [bmv2] [D] [thread 2259] [13.0] [cxt 0] Transmitting packet of size 70 out of port 0
[20:17:16.141] [bmv2] [D] [thread 2254] [14.0] [cxt 0] Processing packet received on port 3
[20:17:16.141] [bmv2] [D] [thread 2254] [14.0] [cxt 0] Parser 'parser': start
[20:17:16.141] [bmv2] [D] [thread 2254] [14.0] [cxt 0] Parser 'parser' entering state 'start'
[20:17:16.141] [bmv2] [D] [thread 2254] [14.0] [cxt 0] Extracting header 'ethernet'
[20:17:16.142] [bmv2] [D] [thread 2254] [14.0] [cxt 0] Parser state 'start': key is 86dd
[20:17:16.142] [bmv2] [T] [thread 2254] [14.0] [cxt 0] Bytes parsed: 14
[20:17:16.142] [bmv2] [D] [thread 2254] [14.0] [cxt 0] Parser 'parser': end
[20:17:16.142] [bmv2] [D] [thread 2254] [14.0] [cxt 0] Pipeline 'ingress': start
[20:17:16.142] [bmv2] [T] [thread 2254] [14.0] [cxt 0] qos.p4(197) Condition "hdr.ipv4.isValid()" (node_2) is false
[20:17:16.142] [bmv2] [D] [thread 2254] [14.0] [cxt 0] Pipeline 'ingress': end
[20:17:16.142] [bmv2] [D] [thread 2254] [14.0] [cxt 0] Egress port is 0
[20:17:16.142] [bmv2] [D] [thread 2255] [14.0] [cxt 0] Pipeline 'egress': start
[20:17:16.142] [bmv2] [D] [thread 2255] [14.0] [cxt 0] Pipeline 'egress': end
[20:17:16.142] [bmv2] [D] [thread 2255] [14.0] [cxt 0] Deparser 'deparser': start
[20:17:16.142] [bmv2] [T] [thread 2255] [14.0] [cxt 0] Skipping checksum 'cksum' update because condition not met
[20:17:16.142] [bmv2] [D] [thread 2255] [14.0] [cxt 0] Deparsing header 'ethernet'
[20:17:16.142] [bmv2] [D] [thread 2255] [14.0] [cxt 0] Deparser 'deparser': end
[20:17:16.143] [bmv2] [D] [thread 2259] [14.0] [cxt 0] Transmitting packet of size 70 out of port 0
[20:17:39.440] [bmv2] [D] [thread 2254] [15.0] [cxt 0] Processing packet received on port 1
[20:17:39.441] [bmv2] [D] [thread 2254] [15.0] [cxt 0] Parser 'parser': start
[20:17:39.441] [bmv2] [D] [thread 2254] [15.0] [cxt 0] Parser 'parser' entering state 'start'
[20:17:39.441] [bmv2] [D] [thread 2254] [15.0] [cxt 0] Extracting header 'ethernet'
[20:17:39.441] [bmv2] [D] [thread 2254] [15.0] [cxt 0] Parser state 'start': key is 86dd
[20:17:39.442] [bmv2] [T] [thread 2254] [15.0] [cxt 0] Bytes parsed: 14
[20:17:39.442] [bmv2] [D] [thread 2254] [15.0] [cxt 0] Parser 'parser': end
[20:17:39.442] [bmv2] [D] [thread 2254] [15.0] [cxt 0] Pipeline 'ingress': start
[20:17:39.442] [bmv2] [T] [thread 2254] [15.0] [cxt 0] qos.p4(197) Condition "hdr.ipv4.isValid()" (node_2) is false
[20:17:39.442] [bmv2] [D] [thread 2254] [15.0] [cxt 0] Pipeline 'ingress': end
[20:17:39.442] [bmv2] [D] [thread 2254] [15.0] [cxt 0] Egress port is 0
[20:17:39.443] [bmv2] [D] [thread 2255] [15.0] [cxt 0] Pipeline 'egress': start
[20:17:39.443] [bmv2] [D] [thread 2255] [15.0] [cxt 0] Pipeline 'egress': end
[20:17:39.443] [bmv2] [D] [thread 2255] [15.0] [cxt 0] Deparser 'deparser': start
[20:17:39.443] [bmv2] [T] [thread 2255] [15.0] [cxt 0] Skipping checksum 'cksum' update because condition not met
[20:17:39.444] [bmv2] [D] [thread 2255] [15.0] [cxt 0] Deparsing header 'ethernet'
[20:17:39.444] [bmv2] [D] [thread 2255] [15.0] [cxt 0] Deparser 'deparser': end
[20:17:39.444] [bmv2] [D] [thread 2259] [15.0] [cxt 0] Transmitting packet of size 70 out of port 0
[20:17:41.489] [bmv2] [D] [thread 2254] [16.0] [cxt 0] Processing packet received on port 2
[20:17:41.490] [bmv2] [D] [thread 2254] [16.0] [cxt 0] Parser 'parser': start
[20:17:41.490] [bmv2] [D] [thread 2254] [16.0] [cxt 0] Parser 'parser' entering state 'start'
[20:17:41.490] [bmv2] [D] [thread 2254] [16.0] [cxt 0] Extracting header 'ethernet'
[20:17:41.490] [bmv2] [D] [thread 2254] [16.0] [cxt 0] Parser state 'start': key is 86dd
[20:17:41.490] [bmv2] [T] [thread 2254] [16.0] [cxt 0] Bytes parsed: 14
[20:17:41.490] [bmv2] [D] [thread 2254] [16.0] [cxt 0] Parser 'parser': end
[20:17:41.490] [bmv2] [D] [thread 2254] [16.0] [cxt 0] Pipeline 'ingress': start
[20:17:41.490] [bmv2] [T] [thread 2254] [16.0] [cxt 0] qos.p4(197) Condition "hdr.ipv4.isValid()" (node_2) is false
[20:17:41.490] [bmv2] [D] [thread 2254] [16.0] [cxt 0] Pipeline 'ingress': end
[20:17:41.490] [bmv2] [D] [thread 2254] [16.0] [cxt 0] Egress port is 0
[20:17:41.491] [bmv2] [D] [thread 2255] [16.0] [cxt 0] Pipeline 'egress': start
[20:17:41.491] [bmv2] [D] [thread 2255] [16.0] [cxt 0] Pipeline 'egress': end
[20:17:41.491] [bmv2] [D] [thread 2255] [16.0] [cxt 0] Deparser 'deparser': start
[20:17:41.492] [bmv2] [T] [thread 2255] [16.0] [cxt 0] Skipping checksum 'cksum' update because condition not met
[20:17:41.492] [bmv2] [D] [thread 2255] [16.0] [cxt 0] Deparsing header 'ethernet'
[20:17:41.493] [bmv2] [D] [thread 2255] [16.0] [cxt 0] Deparser 'deparser': end
[20:17:41.493] [bmv2] [D] [thread 2259] [16.0] [cxt 0] Transmitting packet of size 70 out of port 0
[20:17:43.536] [bmv2] [D] [thread 2254] [17.0] [cxt 0] Processing packet received on port 3
[20:17:43.537] [bmv2] [D] [thread 2254] [17.0] [cxt 0] Parser 'parser': start
[20:17:43.537] [bmv2] [D] [thread 2254] [17.0] [cxt 0] Parser 'parser' entering state 'start'
[20:17:43.537] [bmv2] [D] [thread 2254] [17.0] [cxt 0] Extracting header 'ethernet'
[20:17:43.537] [bmv2] [D] [thread 2254] [17.0] [cxt 0] Parser state 'start': key is 86dd
[20:17:43.537] [bmv2] [T] [thread 2254] [17.0] [cxt 0] Bytes parsed: 14
[20:17:43.537] [bmv2] [D] [thread 2254] [17.0] [cxt 0] Parser 'parser': end
[20:17:43.538] [bmv2] [D] [thread 2254] [17.0] [cxt 0] Pipeline 'ingress': start
[20:17:43.538] [bmv2] [T] [thread 2254] [17.0] [cxt 0] qos.p4(197) Condition "hdr.ipv4.isValid()" (node_2) is false
[20:17:43.538] [bmv2] [D] [thread 2254] [17.0] [cxt 0] Pipeline 'ingress': end
[20:17:43.538] [bmv2] [D] [thread 2254] [17.0] [cxt 0] Egress port is 0
[20:17:43.539] [bmv2] [D] [thread 2255] [17.0] [cxt 0] Pipeline 'egress': start
[20:17:43.540] [bmv2] [D] [thread 2255] [17.0] [cxt 0] Pipeline 'egress': end
[20:17:43.540] [bmv2] [D] [thread 2255] [17.0] [cxt 0] Deparser 'deparser': start
[20:17:43.540] [bmv2] [T] [thread 2255] [17.0] [cxt 0] Skipping checksum 'cksum' update because condition not met
[20:17:43.540] [bmv2] [D] [thread 2255] [17.0] [cxt 0] Deparsing header 'ethernet'
[20:17:43.540] [bmv2] [D] [thread 2255] [17.0] [cxt 0] Deparser 'deparser': end
[20:17:43.541] [bmv2] [D] [thread 2259] [17.0] [cxt 0] Transmitting packet of size 70 out of port 0
[20:17:47.640] [bmv2] [D] [thread 2254] [18.0] [cxt 0] Processing packet received on port 2
[20:17:47.640] [bmv2] [D] [thread 2254] [18.0] [cxt 0] Parser 'parser': start
[20:17:47.640] [bmv2] [D] [thread 2254] [18.0] [cxt 0] Parser 'parser' entering state 'start'
[20:17:47.640] [bmv2] [D] [thread 2254] [18.0] [cxt 0] Extracting header 'ethernet'
[20:17:47.641] [bmv2] [D] [thread 2254] [18.0] [cxt 0] Parser state 'start': key is 86dd
[20:17:47.641] [bmv2] [T] [thread 2254] [18.0] [cxt 0] Bytes parsed: 14
[20:17:47.641] [bmv2] [D] [thread 2254] [18.0] [cxt 0] Parser 'parser': end
[20:17:47.641] [bmv2] [D] [thread 2254] [18.0] [cxt 0] Pipeline 'ingress': start
[20:17:47.641] [bmv2] [T] [thread 2254] [18.0] [cxt 0] qos.p4(197) Condition "hdr.ipv4.isValid()" (node_2) is false
[20:17:47.641] [bmv2] [D] [thread 2254] [18.0] [cxt 0] Pipeline 'ingress': end
[20:17:47.641] [bmv2] [D] [thread 2254] [18.0] [cxt 0] Egress port is 0
[20:17:47.641] [bmv2] [D] [thread 2255] [18.0] [cxt 0] Pipeline 'egress': start
[20:17:47.641] [bmv2] [D] [thread 2255] [18.0] [cxt 0] Pipeline 'egress': end
[20:17:47.641] [bmv2] [D] [thread 2255] [18.0] [cxt 0] Deparser 'deparser': start
[20:17:47.641] [bmv2] [T] [thread 2255] [18.0] [cxt 0] Skipping checksum 'cksum' update because condition not met
[20:17:47.641] [bmv2] [D] [thread 2255] [18.0] [cxt 0] Deparsing header 'ethernet'
[20:17:47.641] [bmv2] [D] [thread 2255] [18.0] [cxt 0] Deparser 'deparser': end
[20:17:47.642] [bmv2] [D] [thread 2259] [18.0] [cxt 0] Transmitting packet of size 70 out of port 0
[20:17:47.643] [bmv2] [D] [thread 2254] [19.0] [cxt 0] Processing packet received on port 3
[20:17:47.643] [bmv2] [D] [thread 2254] [19.0] [cxt 0] Parser 'parser': start
[20:17:47.643] [bmv2] [D] [thread 2254] [19.0] [cxt 0] Parser 'parser' entering state 'start'
[20:17:47.643] [bmv2] [D] [thread 2254] [19.0] [cxt 0] Extracting header 'ethernet'
[20:17:47.643] [bmv2] [D] [thread 2254] [19.0] [cxt 0] Parser state 'start': key is 86dd
[20:17:47.643] [bmv2] [T] [thread 2254] [19.0] [cxt 0] Bytes parsed: 14
[20:17:47.643] [bmv2] [D] [thread 2254] [19.0] [cxt 0] Parser 'parser': end
[20:17:47.643] [bmv2] [D] [thread 2254] [19.0] [cxt 0] Pipeline 'ingress': start
[20:17:47.643] [bmv2] [T] [thread 2254] [19.0] [cxt 0] qos.p4(197) Condition "hdr.ipv4.isValid()" (node_2) is false
[20:17:47.643] [bmv2] [D] [thread 2254] [19.0] [cxt 0] Pipeline 'ingress': end
[20:17:47.643] [bmv2] [D] [thread 2254] [19.0] [cxt 0] Egress port is 0
[20:17:47.644] [bmv2] [D] [thread 2255] [19.0] [cxt 0] Pipeline 'egress': start
[20:17:47.644] [bmv2] [D] [thread 2255] [19.0] [cxt 0] Pipeline 'egress': end
[20:17:47.644] [bmv2] [D] [thread 2255] [19.0] [cxt 0] Deparser 'deparser': start
[20:17:47.644] [bmv2] [T] [thread 2255] [19.0] [cxt 0] Skipping checksum 'cksum' update because condition not met
[20:17:47.644] [bmv2] [D] [thread 2255] [19.0] [cxt 0] Deparsing header 'ethernet'
[20:17:47.644] [bmv2] [D] [thread 2255] [19.0] [cxt 0] Deparser 'deparser': end
[20:17:47.644] [bmv2] [D] [thread 2259] [19.0] [cxt 0] Transmitting packet of size 70 out of port 0
open: No such file or directory
open: No such file or directory
open: No such file or directory
open: No such file or directory
open: No such file or directory
open: No such file or directory
open: No such file or directory
