Calling target program-options parser
[18:23:09.532] [bmv2] [D] [thread 3807] Set default default entry for table 'tbl_qos199': qos199 - 
[18:23:09.533] [bmv2] [D] [thread 3807] Set default default entry for table 'MyIngress.ipv4_lpm': NoAction - 
Adding interface s3-eth1 as port 1
[18:23:09.536] [bmv2] [D] [thread 3807] Adding interface s3-eth1 as port 1
Adding interface s3-eth2 as port 2
[18:23:09.543] [bmv2] [D] [thread 3807] Adding interface s3-eth2 as port 2
Adding interface s3-eth3 as port 3
[18:23:09.548] [bmv2] [D] [thread 3807] Adding interface s3-eth3 as port 3
Server listening on 0.0.0.0:50053
[18:23:09.560] [bmv2] [I] [thread 3807] Starting Thrift server on port 9092
[18:23:09.564] [bmv2] [I] [thread 3807] Thrift server was started
[18:23:11.354] [bmv2] [D] [thread 3817] [0.0] [cxt 0] Processing packet received on port 1
[18:23:11.354] [bmv2] [D] [thread 3817] [0.0] [cxt 0] Parser 'parser': start
[18:23:11.354] [bmv2] [D] [thread 3817] [0.0] [cxt 0] Parser 'parser' entering state 'start'
[18:23:11.354] [bmv2] [D] [thread 3817] [0.0] [cxt 0] Extracting header 'ethernet'
[18:23:11.354] [bmv2] [D] [thread 3817] [0.0] [cxt 0] Parser state 'start': key is 86dd
[18:23:11.354] [bmv2] [T] [thread 3817] [0.0] [cxt 0] Bytes parsed: 14
[18:23:11.354] [bmv2] [D] [thread 3817] [0.0] [cxt 0] Parser 'parser': end
[18:23:11.354] [bmv2] [D] [thread 3817] [0.0] [cxt 0] Pipeline 'ingress': start
[18:23:11.354] [bmv2] [T] [thread 3817] [0.0] [cxt 0] qos.p4(197) Condition "hdr.ipv4.isValid()" (node_2) is false
[18:23:11.354] [bmv2] [D] [thread 3817] [0.0] [cxt 0] Pipeline 'ingress': end
[18:23:11.354] [bmv2] [D] [thread 3817] [0.0] [cxt 0] Egress port is 0
[18:23:11.354] [bmv2] [D] [thread 3818] [0.0] [cxt 0] Pipeline 'egress': start
[18:23:11.354] [bmv2] [D] [thread 3818] [0.0] [cxt 0] Pipeline 'egress': end
[18:23:11.354] [bmv2] [D] [thread 3818] [0.0] [cxt 0] Deparser 'deparser': start
[18:23:11.354] [bmv2] [T] [thread 3818] [0.0] [cxt 0] Skipping checksum 'cksum' update because condition not met
[18:23:11.354] [bmv2] [D] [thread 3818] [0.0] [cxt 0] Deparsing header 'ethernet'
[18:23:11.354] [bmv2] [D] [thread 3818] [0.0] [cxt 0] Deparser 'deparser': end
[18:23:11.355] [bmv2] [D] [thread 3822] [0.0] [cxt 0] Transmitting packet of size 70 out of port 0
[18:23:11.675] [bmv2] [W] [thread 3862] [P4Runtime] p4::tmp::P4DeviceConfig is deprecated
[18:23:11.687] [bmv2] [D] [thread 3862] Set default default entry for table 'tbl_qos199': qos199 - 
[18:23:11.687] [bmv2] [D] [thread 3862] Set default default entry for table 'MyIngress.ipv4_lpm': NoAction - 
[18:23:11.692] [bmv2] [D] [thread 3862] simple_switch target has been notified of a config swap
[18:23:11.699] [bmv2] [D] [thread 3864] Entry 0 added to table 'MyIngress.ipv4_lpm'
[18:23:11.699] [bmv2] [D] [thread 3864] Dumping entry 0
Match key:
* hdr.ipv4.dstAddr    : LPM       0a000303/32
Action entry: MyIngress.ipv4_forward - 80000000303,1,

[18:23:11.706] [bmv2] [D] [thread 3864] Entry 1 added to table 'MyIngress.ipv4_lpm'
[18:23:11.707] [bmv2] [D] [thread 3864] Dumping entry 1
Match key:
* hdr.ipv4.dstAddr    : LPM       0a000100/24
Action entry: MyIngress.ipv4_forward - 80000000100,2,

[18:23:11.716] [bmv2] [D] [thread 3869] Entry 2 added to table 'MyIngress.ipv4_lpm'
[18:23:11.716] [bmv2] [D] [thread 3869] Dumping entry 2
Match key:
* hdr.ipv4.dstAddr    : LPM       0a000200/24
Action entry: MyIngress.ipv4_forward - 80000000200,3,

[18:23:12.634] [bmv2] [D] [thread 3817] [1.0] [cxt 0] Processing packet received on port 2
[18:23:12.634] [bmv2] [D] [thread 3817] [1.0] [cxt 0] Parser 'parser': start
[18:23:12.634] [bmv2] [D] [thread 3817] [1.0] [cxt 0] Parser 'parser' entering state 'start'
[18:23:12.634] [bmv2] [D] [thread 3817] [1.0] [cxt 0] Extracting header 'ethernet'
[18:23:12.634] [bmv2] [D] [thread 3817] [1.0] [cxt 0] Parser state 'start': key is 86dd
[18:23:12.634] [bmv2] [T] [thread 3817] [1.0] [cxt 0] Bytes parsed: 14
[18:23:12.634] [bmv2] [D] [thread 3817] [1.0] [cxt 0] Parser 'parser': end
[18:23:12.634] [bmv2] [D] [thread 3817] [1.0] [cxt 0] Pipeline 'ingress': start
[18:23:12.634] [bmv2] [T] [thread 3817] [1.0] [cxt 0] qos.p4(197) Condition "hdr.ipv4.isValid()" (node_2) is false
[18:23:12.634] [bmv2] [D] [thread 3817] [1.0] [cxt 0] Pipeline 'ingress': end
[18:23:12.634] [bmv2] [D] [thread 3817] [1.0] [cxt 0] Egress port is 0
[18:23:12.635] [bmv2] [D] [thread 3818] [1.0] [cxt 0] Pipeline 'egress': start
[18:23:12.635] [bmv2] [D] [thread 3818] [1.0] [cxt 0] Pipeline 'egress': end
[18:23:12.635] [bmv2] [D] [thread 3818] [1.0] [cxt 0] Deparser 'deparser': start
[18:23:12.635] [bmv2] [T] [thread 3818] [1.0] [cxt 0] Skipping checksum 'cksum' update because condition not met
[18:23:12.635] [bmv2] [D] [thread 3818] [1.0] [cxt 0] Deparsing header 'ethernet'
[18:23:12.635] [bmv2] [D] [thread 3818] [1.0] [cxt 0] Deparser 'deparser': end
[18:23:12.635] [bmv2] [D] [thread 3822] [1.0] [cxt 0] Transmitting packet of size 70 out of port 0
[18:23:12.642] [bmv2] [D] [thread 3817] [2.0] [cxt 0] Processing packet received on port 3
[18:23:12.642] [bmv2] [D] [thread 3817] [2.0] [cxt 0] Parser 'parser': start
[18:23:12.642] [bmv2] [D] [thread 3817] [2.0] [cxt 0] Parser 'parser' entering state 'start'
[18:23:12.642] [bmv2] [D] [thread 3817] [2.0] [cxt 0] Extracting header 'ethernet'
[18:23:12.642] [bmv2] [D] [thread 3817] [2.0] [cxt 0] Parser state 'start': key is 86dd
[18:23:12.642] [bmv2] [T] [thread 3817] [2.0] [cxt 0] Bytes parsed: 14
[18:23:12.642] [bmv2] [D] [thread 3817] [2.0] [cxt 0] Parser 'parser': end
[18:23:12.642] [bmv2] [D] [thread 3817] [2.0] [cxt 0] Pipeline 'ingress': start
[18:23:12.642] [bmv2] [T] [thread 3817] [2.0] [cxt 0] qos.p4(197) Condition "hdr.ipv4.isValid()" (node_2) is false
[18:23:12.642] [bmv2] [D] [thread 3817] [2.0] [cxt 0] Pipeline 'ingress': end
[18:23:12.642] [bmv2] [D] [thread 3817] [2.0] [cxt 0] Egress port is 0
[18:23:12.642] [bmv2] [D] [thread 3817] [3.0] [cxt 0] Processing packet received on port 2
[18:23:12.642] [bmv2] [D] [thread 3817] [3.0] [cxt 0] Parser 'parser': start
[18:23:12.642] [bmv2] [D] [thread 3817] [3.0] [cxt 0] Parser 'parser' entering state 'start'
[18:23:12.642] [bmv2] [D] [thread 3817] [3.0] [cxt 0] Extracting header 'ethernet'
[18:23:12.642] [bmv2] [D] [thread 3817] [3.0] [cxt 0] Parser state 'start': key is 86dd
[18:23:12.642] [bmv2] [T] [thread 3817] [3.0] [cxt 0] Bytes parsed: 14
[18:23:12.642] [bmv2] [D] [thread 3817] [3.0] [cxt 0] Parser 'parser': end
[18:23:12.642] [bmv2] [D] [thread 3817] [3.0] [cxt 0] Pipeline 'ingress': start
[18:23:12.642] [bmv2] [T] [thread 3817] [3.0] [cxt 0] qos.p4(197) Condition "hdr.ipv4.isValid()" (node_2) is false
[18:23:12.642] [bmv2] [D] [thread 3817] [3.0] [cxt 0] Pipeline 'ingress': end
[18:23:12.643] [bmv2] [D] [thread 3817] [3.0] [cxt 0] Egress port is 0
[18:23:12.643] [bmv2] [D] [thread 3817] [4.0] [cxt 0] Processing packet received on port 3
[18:23:12.643] [bmv2] [D] [thread 3817] [4.0] [cxt 0] Parser 'parser': start
[18:23:12.643] [bmv2] [D] [thread 3817] [4.0] [cxt 0] Parser 'parser' entering state 'start'
[18:23:12.643] [bmv2] [D] [thread 3817] [4.0] [cxt 0] Extracting header 'ethernet'
[18:23:12.643] [bmv2] [D] [thread 3817] [4.0] [cxt 0] Parser state 'start': key is 86dd
[18:23:12.643] [bmv2] [T] [thread 3817] [4.0] [cxt 0] Bytes parsed: 14
[18:23:12.643] [bmv2] [D] [thread 3817] [4.0] [cxt 0] Parser 'parser': end
[18:23:12.643] [bmv2] [D] [thread 3817] [4.0] [cxt 0] Pipeline 'ingress': start
[18:23:12.643] [bmv2] [T] [thread 3817] [4.0] [cxt 0] qos.p4(197) Condition "hdr.ipv4.isValid()" (node_2) is false
[18:23:12.643] [bmv2] [D] [thread 3817] [4.0] [cxt 0] Pipeline 'ingress': end
[18:23:12.643] [bmv2] [D] [thread 3817] [4.0] [cxt 0] Egress port is 0
[18:23:12.643] [bmv2] [D] [thread 3818] [2.0] [cxt 0] Pipeline 'egress': start
[18:23:12.643] [bmv2] [D] [thread 3818] [2.0] [cxt 0] Pipeline 'egress': end
[18:23:12.643] [bmv2] [D] [thread 3818] [2.0] [cxt 0] Deparser 'deparser': start
[18:23:12.643] [bmv2] [T] [thread 3818] [2.0] [cxt 0] Skipping checksum 'cksum' update because condition not met
[18:23:12.643] [bmv2] [D] [thread 3818] [2.0] [cxt 0] Deparsing header 'ethernet'
[18:23:12.643] [bmv2] [D] [thread 3818] [2.0] [cxt 0] Deparser 'deparser': end
[18:23:12.643] [bmv2] [D] [thread 3818] [3.0] [cxt 0] Pipeline 'egress': start
[18:23:12.643] [bmv2] [D] [thread 3818] [3.0] [cxt 0] Pipeline 'egress': end
[18:23:12.643] [bmv2] [D] [thread 3818] [3.0] [cxt 0] Deparser 'deparser': start
[18:23:12.643] [bmv2] [T] [thread 3818] [3.0] [cxt 0] Skipping checksum 'cksum' update because condition not met
[18:23:12.643] [bmv2] [D] [thread 3818] [3.0] [cxt 0] Deparsing header 'ethernet'
[18:23:12.643] [bmv2] [D] [thread 3818] [3.0] [cxt 0] Deparser 'deparser': end
[18:23:12.643] [bmv2] [D] [thread 3818] [4.0] [cxt 0] Pipeline 'egress': start
[18:23:12.643] [bmv2] [D] [thread 3818] [4.0] [cxt 0] Pipeline 'egress': end
[18:23:12.643] [bmv2] [D] [thread 3818] [4.0] [cxt 0] Deparser 'deparser': start
[18:23:12.643] [bmv2] [T] [thread 3818] [4.0] [cxt 0] Skipping checksum 'cksum' update because condition not met
[18:23:12.643] [bmv2] [D] [thread 3818] [4.0] [cxt 0] Deparsing header 'ethernet'
[18:23:12.643] [bmv2] [D] [thread 3818] [4.0] [cxt 0] Deparser 'deparser': end
[18:23:12.643] [bmv2] [D] [thread 3822] [2.0] [cxt 0] Transmitting packet of size 70 out of port 0
[18:23:12.643] [bmv2] [D] [thread 3822] [3.0] [cxt 0] Transmitting packet of size 70 out of port 0
[18:23:12.643] [bmv2] [D] [thread 3822] [4.0] [cxt 0] Transmitting packet of size 70 out of port 0
[18:23:18.525] [bmv2] [D] [thread 3817] [5.0] [cxt 0] Processing packet received on port 1
[18:23:18.526] [bmv2] [D] [thread 3817] [5.0] [cxt 0] Parser 'parser': start
[18:23:18.526] [bmv2] [D] [thread 3817] [5.0] [cxt 0] Parser 'parser' entering state 'start'
[18:23:18.526] [bmv2] [D] [thread 3817] [5.0] [cxt 0] Extracting header 'ethernet'
[18:23:18.526] [bmv2] [D] [thread 3817] [5.0] [cxt 0] Parser state 'start': key is 86dd
[18:23:18.527] [bmv2] [T] [thread 3817] [5.0] [cxt 0] Bytes parsed: 14
[18:23:18.527] [bmv2] [D] [thread 3817] [5.0] [cxt 0] Parser 'parser': end
[18:23:18.527] [bmv2] [D] [thread 3817] [5.0] [cxt 0] Pipeline 'ingress': start
[18:23:18.527] [bmv2] [T] [thread 3817] [5.0] [cxt 0] qos.p4(197) Condition "hdr.ipv4.isValid()" (node_2) is false
[18:23:18.527] [bmv2] [D] [thread 3817] [5.0] [cxt 0] Pipeline 'ingress': end
[18:23:18.527] [bmv2] [D] [thread 3817] [5.0] [cxt 0] Egress port is 0
[18:23:18.528] [bmv2] [D] [thread 3818] [5.0] [cxt 0] Pipeline 'egress': start
[18:23:18.528] [bmv2] [D] [thread 3818] [5.0] [cxt 0] Pipeline 'egress': end
[18:23:18.528] [bmv2] [D] [thread 3818] [5.0] [cxt 0] Deparser 'deparser': start
[18:23:18.528] [bmv2] [T] [thread 3818] [5.0] [cxt 0] Skipping checksum 'cksum' update because condition not met
[18:23:18.528] [bmv2] [D] [thread 3818] [5.0] [cxt 0] Deparsing header 'ethernet'
[18:23:18.528] [bmv2] [D] [thread 3818] [5.0] [cxt 0] Deparser 'deparser': end
[18:23:18.528] [bmv2] [D] [thread 3822] [5.0] [cxt 0] Transmitting packet of size 70 out of port 0
[18:23:20.318] [bmv2] [D] [thread 3817] [6.0] [cxt 0] Processing packet received on port 3
[18:23:20.318] [bmv2] [D] [thread 3817] [6.0] [cxt 0] Parser 'parser': start
[18:23:20.318] [bmv2] [D] [thread 3817] [6.0] [cxt 0] Parser 'parser' entering state 'start'
[18:23:20.318] [bmv2] [D] [thread 3817] [6.0] [cxt 0] Extracting header 'ethernet'
[18:23:20.318] [bmv2] [D] [thread 3817] [6.0] [cxt 0] Parser state 'start': key is 86dd
[18:23:20.318] [bmv2] [T] [thread 3817] [6.0] [cxt 0] Bytes parsed: 14
[18:23:20.318] [bmv2] [D] [thread 3817] [6.0] [cxt 0] Parser 'parser': end
[18:23:20.318] [bmv2] [D] [thread 3817] [6.0] [cxt 0] Pipeline 'ingress': start
[18:23:20.319] [bmv2] [T] [thread 3817] [6.0] [cxt 0] qos.p4(197) Condition "hdr.ipv4.isValid()" (node_2) is false
[18:23:20.319] [bmv2] [D] [thread 3817] [6.0] [cxt 0] Pipeline 'ingress': end
[18:23:20.319] [bmv2] [D] [thread 3817] [6.0] [cxt 0] Egress port is 0
[18:23:20.320] [bmv2] [D] [thread 3818] [6.0] [cxt 0] Pipeline 'egress': start
[18:23:20.321] [bmv2] [D] [thread 3818] [6.0] [cxt 0] Pipeline 'egress': end
[18:23:20.321] [bmv2] [D] [thread 3818] [6.0] [cxt 0] Deparser 'deparser': start
[18:23:20.321] [bmv2] [T] [thread 3818] [6.0] [cxt 0] Skipping checksum 'cksum' update because condition not met
[18:23:20.321] [bmv2] [D] [thread 3818] [6.0] [cxt 0] Deparsing header 'ethernet'
[18:23:20.321] [bmv2] [D] [thread 3818] [6.0] [cxt 0] Deparser 'deparser': end
[18:23:20.321] [bmv2] [D] [thread 3822] [6.0] [cxt 0] Transmitting packet of size 70 out of port 0
[18:23:20.828] [bmv2] [D] [thread 3817] [7.0] [cxt 0] Processing packet received on port 2
[18:23:20.828] [bmv2] [D] [thread 3817] [7.0] [cxt 0] Parser 'parser': start
[18:23:20.829] [bmv2] [D] [thread 3817] [7.0] [cxt 0] Parser 'parser' entering state 'start'
[18:23:20.829] [bmv2] [D] [thread 3817] [7.0] [cxt 0] Extracting header 'ethernet'
[18:23:20.829] [bmv2] [D] [thread 3817] [7.0] [cxt 0] Parser state 'start': key is 86dd
[18:23:20.829] [bmv2] [T] [thread 3817] [7.0] [cxt 0] Bytes parsed: 14
[18:23:20.830] [bmv2] [D] [thread 3817] [7.0] [cxt 0] Parser 'parser': end
[18:23:20.830] [bmv2] [D] [thread 3817] [7.0] [cxt 0] Pipeline 'ingress': start
[18:23:20.834] [bmv2] [T] [thread 3817] [7.0] [cxt 0] qos.p4(197) Condition "hdr.ipv4.isValid()" (node_2) is false
[18:23:20.834] [bmv2] [D] [thread 3817] [7.0] [cxt 0] Pipeline 'ingress': end
[18:23:20.834] [bmv2] [D] [thread 3817] [7.0] [cxt 0] Egress port is 0
[18:23:20.835] [bmv2] [D] [thread 3818] [7.0] [cxt 0] Pipeline 'egress': start
[18:23:20.835] [bmv2] [D] [thread 3818] [7.0] [cxt 0] Pipeline 'egress': end
[18:23:20.835] [bmv2] [D] [thread 3818] [7.0] [cxt 0] Deparser 'deparser': start
[18:23:20.835] [bmv2] [T] [thread 3818] [7.0] [cxt 0] Skipping checksum 'cksum' update because condition not met
[18:23:20.835] [bmv2] [D] [thread 3818] [7.0] [cxt 0] Deparsing header 'ethernet'
[18:23:20.835] [bmv2] [D] [thread 3818] [7.0] [cxt 0] Deparser 'deparser': end
[18:23:20.835] [bmv2] [D] [thread 3822] [7.0] [cxt 0] Transmitting packet of size 70 out of port 0
[18:23:21.341] [bmv2] [D] [thread 3817] [8.0] [cxt 0] Processing packet received on port 3
[18:23:21.341] [bmv2] [D] [thread 3817] [8.0] [cxt 0] Parser 'parser': start
[18:23:21.341] [bmv2] [D] [thread 3817] [8.0] [cxt 0] Parser 'parser' entering state 'start'
[18:23:21.341] [bmv2] [D] [thread 3817] [8.0] [cxt 0] Extracting header 'ethernet'
[18:23:21.342] [bmv2] [D] [thread 3817] [8.0] [cxt 0] Parser state 'start': key is 86dd
[18:23:21.342] [bmv2] [T] [thread 3817] [8.0] [cxt 0] Bytes parsed: 14
[18:23:21.342] [bmv2] [D] [thread 3817] [8.0] [cxt 0] Parser 'parser': end
[18:23:21.342] [bmv2] [D] [thread 3817] [8.0] [cxt 0] Pipeline 'ingress': start
[18:23:21.342] [bmv2] [T] [thread 3817] [8.0] [cxt 0] qos.p4(197) Condition "hdr.ipv4.isValid()" (node_2) is false
[18:23:21.342] [bmv2] [D] [thread 3817] [8.0] [cxt 0] Pipeline 'ingress': end
[18:23:21.342] [bmv2] [D] [thread 3817] [8.0] [cxt 0] Egress port is 0
[18:23:21.345] [bmv2] [D] [thread 3818] [8.0] [cxt 0] Pipeline 'egress': start
[18:23:21.346] [bmv2] [D] [thread 3818] [8.0] [cxt 0] Pipeline 'egress': end
[18:23:21.346] [bmv2] [D] [thread 3818] [8.0] [cxt 0] Deparser 'deparser': start
[18:23:21.346] [bmv2] [T] [thread 3818] [8.0] [cxt 0] Skipping checksum 'cksum' update because condition not met
[18:23:21.346] [bmv2] [D] [thread 3818] [8.0] [cxt 0] Deparsing header 'ethernet'
[18:23:21.346] [bmv2] [D] [thread 3818] [8.0] [cxt 0] Deparser 'deparser': end
[18:23:21.346] [bmv2] [D] [thread 3822] [8.0] [cxt 0] Transmitting packet of size 70 out of port 0
[18:23:21.851] [bmv2] [D] [thread 3817] [9.0] [cxt 0] Processing packet received on port 2
[18:23:21.852] [bmv2] [D] [thread 3817] [9.0] [cxt 0] Parser 'parser': start
[18:23:21.852] [bmv2] [D] [thread 3817] [9.0] [cxt 0] Parser 'parser' entering state 'start'
[18:23:21.852] [bmv2] [D] [thread 3817] [9.0] [cxt 0] Extracting header 'ethernet'
[18:23:21.853] [bmv2] [D] [thread 3817] [9.0] [cxt 0] Parser state 'start': key is 86dd
[18:23:21.853] [bmv2] [T] [thread 3817] [9.0] [cxt 0] Bytes parsed: 14
[18:23:21.853] [bmv2] [D] [thread 3817] [9.0] [cxt 0] Parser 'parser': end
[18:23:21.853] [bmv2] [D] [thread 3817] [9.0] [cxt 0] Pipeline 'ingress': start
[18:23:21.853] [bmv2] [T] [thread 3817] [9.0] [cxt 0] qos.p4(197) Condition "hdr.ipv4.isValid()" (node_2) is false
[18:23:21.854] [bmv2] [D] [thread 3817] [9.0] [cxt 0] Pipeline 'ingress': end
[18:23:21.854] [bmv2] [D] [thread 3817] [9.0] [cxt 0] Egress port is 0
[18:23:21.854] [bmv2] [D] [thread 3818] [9.0] [cxt 0] Pipeline 'egress': start
[18:23:21.854] [bmv2] [D] [thread 3818] [9.0] [cxt 0] Pipeline 'egress': end
[18:23:21.854] [bmv2] [D] [thread 3818] [9.0] [cxt 0] Deparser 'deparser': start
[18:23:21.854] [bmv2] [T] [thread 3818] [9.0] [cxt 0] Skipping checksum 'cksum' update because condition not met
[18:23:21.855] [bmv2] [D] [thread 3818] [9.0] [cxt 0] Deparsing header 'ethernet'
[18:23:21.855] [bmv2] [D] [thread 3818] [9.0] [cxt 0] Deparser 'deparser': end
[18:23:21.855] [bmv2] [D] [thread 3822] [9.0] [cxt 0] Transmitting packet of size 70 out of port 0
[18:23:32.866] [bmv2] [D] [thread 3817] [10.0] [cxt 0] Processing packet received on port 1
[18:23:32.869] [bmv2] [D] [thread 3817] [10.0] [cxt 0] Parser 'parser': start
[18:23:32.870] [bmv2] [D] [thread 3817] [10.0] [cxt 0] Parser 'parser' entering state 'start'
[18:23:32.870] [bmv2] [D] [thread 3817] [10.0] [cxt 0] Extracting header 'ethernet'
[18:23:32.870] [bmv2] [D] [thread 3817] [10.0] [cxt 0] Parser state 'start': key is 86dd
[18:23:32.870] [bmv2] [T] [thread 3817] [10.0] [cxt 0] Bytes parsed: 14
[18:23:32.870] [bmv2] [D] [thread 3817] [10.0] [cxt 0] Parser 'parser': end
[18:23:32.870] [bmv2] [D] [thread 3817] [10.0] [cxt 0] Pipeline 'ingress': start
[18:23:32.870] [bmv2] [T] [thread 3817] [10.0] [cxt 0] qos.p4(197) Condition "hdr.ipv4.isValid()" (node_2) is false
[18:23:32.870] [bmv2] [D] [thread 3817] [10.0] [cxt 0] Pipeline 'ingress': end
[18:23:32.871] [bmv2] [D] [thread 3817] [10.0] [cxt 0] Egress port is 0
[18:23:32.871] [bmv2] [D] [thread 3818] [10.0] [cxt 0] Pipeline 'egress': start
[18:23:32.871] [bmv2] [D] [thread 3818] [10.0] [cxt 0] Pipeline 'egress': end
[18:23:32.871] [bmv2] [D] [thread 3818] [10.0] [cxt 0] Deparser 'deparser': start
[18:23:32.871] [bmv2] [T] [thread 3818] [10.0] [cxt 0] Skipping checksum 'cksum' update because condition not met
[18:23:32.871] [bmv2] [D] [thread 3818] [10.0] [cxt 0] Deparsing header 'ethernet'
[18:23:32.872] [bmv2] [D] [thread 3818] [10.0] [cxt 0] Deparser 'deparser': end
[18:23:32.872] [bmv2] [D] [thread 3822] [10.0] [cxt 0] Transmitting packet of size 70 out of port 0
[18:23:35.168] [bmv2] [D] [thread 3817] [11.0] [cxt 0] Processing packet received on port 3
[18:23:35.168] [bmv2] [D] [thread 3817] [11.0] [cxt 0] Parser 'parser': start
[18:23:35.168] [bmv2] [D] [thread 3817] [11.0] [cxt 0] Parser 'parser' entering state 'start'
[18:23:35.168] [bmv2] [D] [thread 3817] [11.0] [cxt 0] Extracting header 'ethernet'
[18:23:35.168] [bmv2] [D] [thread 3817] [11.0] [cxt 0] Parser state 'start': key is 86dd
[18:23:35.168] [bmv2] [T] [thread 3817] [11.0] [cxt 0] Bytes parsed: 14
[18:23:35.169] [bmv2] [D] [thread 3817] [11.0] [cxt 0] Parser 'parser': end
[18:23:35.169] [bmv2] [D] [thread 3817] [11.0] [cxt 0] Pipeline 'ingress': start
[18:23:35.169] [bmv2] [T] [thread 3817] [11.0] [cxt 0] qos.p4(197) Condition "hdr.ipv4.isValid()" (node_2) is false
[18:23:35.169] [bmv2] [D] [thread 3817] [11.0] [cxt 0] Pipeline 'ingress': end
[18:23:35.169] [bmv2] [D] [thread 3817] [11.0] [cxt 0] Egress port is 0
[18:23:35.169] [bmv2] [D] [thread 3818] [11.0] [cxt 0] Pipeline 'egress': start
[18:23:35.170] [bmv2] [D] [thread 3818] [11.0] [cxt 0] Pipeline 'egress': end
[18:23:35.170] [bmv2] [D] [thread 3818] [11.0] [cxt 0] Deparser 'deparser': start
[18:23:35.170] [bmv2] [T] [thread 3818] [11.0] [cxt 0] Skipping checksum 'cksum' update because condition not met
[18:23:35.170] [bmv2] [D] [thread 3818] [11.0] [cxt 0] Deparsing header 'ethernet'
[18:23:35.171] [bmv2] [D] [thread 3818] [11.0] [cxt 0] Deparser 'deparser': end
[18:23:35.171] [bmv2] [D] [thread 3822] [11.0] [cxt 0] Transmitting packet of size 70 out of port 0
[18:23:37.474] [bmv2] [D] [thread 3817] [12.0] [cxt 0] Processing packet received on port 2
[18:23:37.474] [bmv2] [D] [thread 3817] [12.0] [cxt 0] Parser 'parser': start
[18:23:37.474] [bmv2] [D] [thread 3817] [12.0] [cxt 0] Parser 'parser' entering state 'start'
[18:23:37.474] [bmv2] [D] [thread 3817] [12.0] [cxt 0] Extracting header 'ethernet'
[18:23:37.475] [bmv2] [D] [thread 3817] [12.0] [cxt 0] Parser state 'start': key is 86dd
[18:23:37.475] [bmv2] [T] [thread 3817] [12.0] [cxt 0] Bytes parsed: 14
[18:23:37.475] [bmv2] [D] [thread 3817] [12.0] [cxt 0] Parser 'parser': end
[18:23:37.475] [bmv2] [D] [thread 3817] [12.0] [cxt 0] Pipeline 'ingress': start
[18:23:37.475] [bmv2] [T] [thread 3817] [12.0] [cxt 0] qos.p4(197) Condition "hdr.ipv4.isValid()" (node_2) is false
[18:23:37.475] [bmv2] [D] [thread 3817] [12.0] [cxt 0] Pipeline 'ingress': end
[18:23:37.475] [bmv2] [D] [thread 3817] [12.0] [cxt 0] Egress port is 0
[18:23:37.475] [bmv2] [D] [thread 3818] [12.0] [cxt 0] Pipeline 'egress': start
[18:23:37.475] [bmv2] [D] [thread 3818] [12.0] [cxt 0] Pipeline 'egress': end
[18:23:37.475] [bmv2] [D] [thread 3818] [12.0] [cxt 0] Deparser 'deparser': start
[18:23:37.475] [bmv2] [T] [thread 3818] [12.0] [cxt 0] Skipping checksum 'cksum' update because condition not met
[18:23:37.475] [bmv2] [D] [thread 3818] [12.0] [cxt 0] Deparsing header 'ethernet'
[18:23:37.475] [bmv2] [D] [thread 3818] [12.0] [cxt 0] Deparser 'deparser': end
[18:23:37.475] [bmv2] [D] [thread 3822] [12.0] [cxt 0] Transmitting packet of size 70 out of port 0
[18:23:39.515] [bmv2] [D] [thread 3817] [13.0] [cxt 0] Processing packet received on port 3
[18:23:39.516] [bmv2] [D] [thread 3817] [13.0] [cxt 0] Parser 'parser': start
[18:23:39.516] [bmv2] [D] [thread 3817] [13.0] [cxt 0] Parser 'parser' entering state 'start'
[18:23:39.516] [bmv2] [D] [thread 3817] [13.0] [cxt 0] Extracting header 'ethernet'
[18:23:39.516] [bmv2] [D] [thread 3817] [13.0] [cxt 0] Parser state 'start': key is 86dd
[18:23:39.516] [bmv2] [T] [thread 3817] [13.0] [cxt 0] Bytes parsed: 14
[18:23:39.516] [bmv2] [D] [thread 3817] [13.0] [cxt 0] Parser 'parser': end
[18:23:39.516] [bmv2] [D] [thread 3817] [13.0] [cxt 0] Pipeline 'ingress': start
[18:23:39.516] [bmv2] [T] [thread 3817] [13.0] [cxt 0] qos.p4(197) Condition "hdr.ipv4.isValid()" (node_2) is false
[18:23:39.516] [bmv2] [D] [thread 3817] [13.0] [cxt 0] Pipeline 'ingress': end
[18:23:39.516] [bmv2] [D] [thread 3817] [13.0] [cxt 0] Egress port is 0
[18:23:39.516] [bmv2] [D] [thread 3818] [13.0] [cxt 0] Pipeline 'egress': start
[18:23:39.516] [bmv2] [D] [thread 3818] [13.0] [cxt 0] Pipeline 'egress': end
[18:23:39.516] [bmv2] [D] [thread 3818] [13.0] [cxt 0] Deparser 'deparser': start
[18:23:39.516] [bmv2] [T] [thread 3818] [13.0] [cxt 0] Skipping checksum 'cksum' update because condition not met
[18:23:39.517] [bmv2] [D] [thread 3818] [13.0] [cxt 0] Deparsing header 'ethernet'
[18:23:39.517] [bmv2] [D] [thread 3818] [13.0] [cxt 0] Deparser 'deparser': end
[18:23:39.517] [bmv2] [D] [thread 3822] [13.0] [cxt 0] Transmitting packet of size 70 out of port 0
[18:23:41.571] [bmv2] [D] [thread 3817] [14.0] [cxt 0] Processing packet received on port 2
[18:23:41.571] [bmv2] [D] [thread 3817] [14.0] [cxt 0] Parser 'parser': start
[18:23:41.571] [bmv2] [D] [thread 3817] [14.0] [cxt 0] Parser 'parser' entering state 'start'
[18:23:41.571] [bmv2] [D] [thread 3817] [14.0] [cxt 0] Extracting header 'ethernet'
[18:23:41.572] [bmv2] [D] [thread 3817] [14.0] [cxt 0] Parser state 'start': key is 86dd
[18:23:41.572] [bmv2] [T] [thread 3817] [14.0] [cxt 0] Bytes parsed: 14
[18:23:41.572] [bmv2] [D] [thread 3817] [14.0] [cxt 0] Parser 'parser': end
[18:23:41.572] [bmv2] [D] [thread 3817] [14.0] [cxt 0] Pipeline 'ingress': start
[18:23:41.573] [bmv2] [T] [thread 3817] [14.0] [cxt 0] qos.p4(197) Condition "hdr.ipv4.isValid()" (node_2) is false
[18:23:41.573] [bmv2] [D] [thread 3817] [14.0] [cxt 0] Pipeline 'ingress': end
[18:23:41.573] [bmv2] [D] [thread 3817] [14.0] [cxt 0] Egress port is 0
[18:23:41.576] [bmv2] [D] [thread 3818] [14.0] [cxt 0] Pipeline 'egress': start
[18:23:41.576] [bmv2] [D] [thread 3818] [14.0] [cxt 0] Pipeline 'egress': end
[18:23:41.576] [bmv2] [D] [thread 3818] [14.0] [cxt 0] Deparser 'deparser': start
[18:23:41.577] [bmv2] [T] [thread 3818] [14.0] [cxt 0] Skipping checksum 'cksum' update because condition not met
[18:23:41.577] [bmv2] [D] [thread 3818] [14.0] [cxt 0] Deparsing header 'ethernet'
[18:23:41.577] [bmv2] [D] [thread 3818] [14.0] [cxt 0] Deparser 'deparser': end
[18:23:41.578] [bmv2] [D] [thread 3822] [14.0] [cxt 0] Transmitting packet of size 70 out of port 0
[18:24:02.047] [bmv2] [D] [thread 3817] [15.0] [cxt 0] Processing packet received on port 1
[18:24:02.048] [bmv2] [D] [thread 3817] [15.0] [cxt 0] Parser 'parser': start
[18:24:02.048] [bmv2] [D] [thread 3817] [15.0] [cxt 0] Parser 'parser' entering state 'start'
[18:24:02.048] [bmv2] [D] [thread 3817] [15.0] [cxt 0] Extracting header 'ethernet'
[18:24:02.048] [bmv2] [D] [thread 3817] [15.0] [cxt 0] Parser state 'start': key is 86dd
[18:24:02.048] [bmv2] [T] [thread 3817] [15.0] [cxt 0] Bytes parsed: 14
[18:24:02.049] [bmv2] [D] [thread 3817] [15.0] [cxt 0] Parser 'parser': end
[18:24:02.050] [bmv2] [D] [thread 3817] [15.0] [cxt 0] Pipeline 'ingress': start
[18:24:02.050] [bmv2] [T] [thread 3817] [15.0] [cxt 0] qos.p4(197) Condition "hdr.ipv4.isValid()" (node_2) is false
[18:24:02.050] [bmv2] [D] [thread 3817] [15.0] [cxt 0] Pipeline 'ingress': end
[18:24:02.050] [bmv2] [D] [thread 3817] [15.0] [cxt 0] Egress port is 0
[18:24:02.051] [bmv2] [D] [thread 3818] [15.0] [cxt 0] Pipeline 'egress': start
[18:24:02.051] [bmv2] [D] [thread 3818] [15.0] [cxt 0] Pipeline 'egress': end
[18:24:02.051] [bmv2] [D] [thread 3818] [15.0] [cxt 0] Deparser 'deparser': start
[18:24:02.051] [bmv2] [T] [thread 3818] [15.0] [cxt 0] Skipping checksum 'cksum' update because condition not met
[18:24:02.051] [bmv2] [D] [thread 3818] [15.0] [cxt 0] Deparsing header 'ethernet'
[18:24:02.051] [bmv2] [D] [thread 3818] [15.0] [cxt 0] Deparser 'deparser': end
[18:24:02.051] [bmv2] [D] [thread 3822] [15.0] [cxt 0] Transmitting packet of size 70 out of port 0
[18:24:06.142] [bmv2] [D] [thread 3817] [16.0] [cxt 0] Processing packet received on port 3
[18:24:06.143] [bmv2] [D] [thread 3817] [16.0] [cxt 0] Parser 'parser': start
[18:24:06.143] [bmv2] [D] [thread 3817] [16.0] [cxt 0] Parser 'parser' entering state 'start'
[18:24:06.143] [bmv2] [D] [thread 3817] [16.0] [cxt 0] Extracting header 'ethernet'
[18:24:06.143] [bmv2] [D] [thread 3817] [16.0] [cxt 0] Parser state 'start': key is 86dd
[18:24:06.144] [bmv2] [T] [thread 3817] [16.0] [cxt 0] Bytes parsed: 14
[18:24:06.144] [bmv2] [D] [thread 3817] [16.0] [cxt 0] Parser 'parser': end
[18:24:06.150] [bmv2] [D] [thread 3817] [16.0] [cxt 0] Pipeline 'ingress': start
[18:24:06.150] [bmv2] [T] [thread 3817] [16.0] [cxt 0] qos.p4(197) Condition "hdr.ipv4.isValid()" (node_2) is false
[18:24:06.150] [bmv2] [D] [thread 3817] [16.0] [cxt 0] Pipeline 'ingress': end
[18:24:06.150] [bmv2] [D] [thread 3817] [16.0] [cxt 0] Egress port is 0
[18:24:06.152] [bmv2] [D] [thread 3818] [16.0] [cxt 0] Pipeline 'egress': start
[18:24:06.152] [bmv2] [D] [thread 3818] [16.0] [cxt 0] Pipeline 'egress': end
[18:24:06.152] [bmv2] [D] [thread 3818] [16.0] [cxt 0] Deparser 'deparser': start
[18:24:06.152] [bmv2] [T] [thread 3818] [16.0] [cxt 0] Skipping checksum 'cksum' update because condition not met
[18:24:06.152] [bmv2] [D] [thread 3818] [16.0] [cxt 0] Deparsing header 'ethernet'
[18:24:06.152] [bmv2] [D] [thread 3818] [16.0] [cxt 0] Deparser 'deparser': end
[18:24:06.152] [bmv2] [D] [thread 3822] [16.0] [cxt 0] Transmitting packet of size 70 out of port 0
[18:24:10.236] [bmv2] [D] [thread 3817] [17.0] [cxt 0] Processing packet received on port 2
[18:24:10.236] [bmv2] [D] [thread 3817] [17.0] [cxt 0] Parser 'parser': start
[18:24:10.236] [bmv2] [D] [thread 3817] [17.0] [cxt 0] Parser 'parser' entering state 'start'
[18:24:10.236] [bmv2] [D] [thread 3817] [17.0] [cxt 0] Extracting header 'ethernet'
[18:24:10.239] [bmv2] [D] [thread 3817] [17.0] [cxt 0] Parser state 'start': key is 86dd
[18:24:10.239] [bmv2] [T] [thread 3817] [17.0] [cxt 0] Bytes parsed: 14
[18:24:10.239] [bmv2] [D] [thread 3817] [17.0] [cxt 0] Parser 'parser': end
[18:24:10.239] [bmv2] [D] [thread 3817] [17.0] [cxt 0] Pipeline 'ingress': start
[18:24:10.240] [bmv2] [T] [thread 3817] [17.0] [cxt 0] qos.p4(197) Condition "hdr.ipv4.isValid()" (node_2) is false
[18:24:10.240] [bmv2] [D] [thread 3817] [17.0] [cxt 0] Pipeline 'ingress': end
[18:24:10.240] [bmv2] [D] [thread 3817] [17.0] [cxt 0] Egress port is 0
[18:24:10.240] [bmv2] [D] [thread 3818] [17.0] [cxt 0] Pipeline 'egress': start
[18:24:10.240] [bmv2] [D] [thread 3818] [17.0] [cxt 0] Pipeline 'egress': end
[18:24:10.240] [bmv2] [D] [thread 3818] [17.0] [cxt 0] Deparser 'deparser': start
[18:24:10.240] [bmv2] [T] [thread 3818] [17.0] [cxt 0] Skipping checksum 'cksum' update because condition not met
[18:24:10.240] [bmv2] [D] [thread 3818] [17.0] [cxt 0] Deparsing header 'ethernet'
[18:24:10.240] [bmv2] [D] [thread 3818] [17.0] [cxt 0] Deparser 'deparser': end
[18:24:10.240] [bmv2] [D] [thread 3822] [17.0] [cxt 0] Transmitting packet of size 70 out of port 0
[18:24:12.296] [bmv2] [D] [thread 3817] [18.0] [cxt 0] Processing packet received on port 3
[18:24:12.296] [bmv2] [D] [thread 3817] [18.0] [cxt 0] Parser 'parser': start
[18:24:12.296] [bmv2] [D] [thread 3817] [18.0] [cxt 0] Parser 'parser' entering state 'start'
[18:24:12.296] [bmv2] [D] [thread 3817] [18.0] [cxt 0] Extracting header 'ethernet'
[18:24:12.296] [bmv2] [D] [thread 3817] [18.0] [cxt 0] Parser state 'start': key is 86dd
[18:24:12.296] [bmv2] [T] [thread 3817] [18.0] [cxt 0] Bytes parsed: 14
[18:24:12.296] [bmv2] [D] [thread 3817] [18.0] [cxt 0] Parser 'parser': end
[18:24:12.297] [bmv2] [D] [thread 3817] [18.0] [cxt 0] Pipeline 'ingress': start
[18:24:12.297] [bmv2] [T] [thread 3817] [18.0] [cxt 0] qos.p4(197) Condition "hdr.ipv4.isValid()" (node_2) is false
[18:24:12.297] [bmv2] [D] [thread 3817] [18.0] [cxt 0] Pipeline 'ingress': end
[18:24:12.297] [bmv2] [D] [thread 3817] [18.0] [cxt 0] Egress port is 0
[18:24:12.297] [bmv2] [D] [thread 3818] [18.0] [cxt 0] Pipeline 'egress': start
[18:24:12.297] [bmv2] [D] [thread 3818] [18.0] [cxt 0] Pipeline 'egress': end
[18:24:12.297] [bmv2] [D] [thread 3818] [18.0] [cxt 0] Deparser 'deparser': start
[18:24:12.297] [bmv2] [T] [thread 3818] [18.0] [cxt 0] Skipping checksum 'cksum' update because condition not met
[18:24:12.297] [bmv2] [D] [thread 3818] [18.0] [cxt 0] Deparsing header 'ethernet'
[18:24:12.297] [bmv2] [D] [thread 3818] [18.0] [cxt 0] Deparser 'deparser': end
[18:24:12.297] [bmv2] [D] [thread 3822] [18.0] [cxt 0] Transmitting packet of size 70 out of port 0
[18:24:18.426] [bmv2] [D] [thread 3817] [19.0] [cxt 0] Processing packet received on port 2
[18:24:18.426] [bmv2] [D] [thread 3817] [19.0] [cxt 0] Parser 'parser': start
[18:24:18.426] [bmv2] [D] [thread 3817] [19.0] [cxt 0] Parser 'parser' entering state 'start'
[18:24:18.426] [bmv2] [D] [thread 3817] [19.0] [cxt 0] Extracting header 'ethernet'
[18:24:18.426] [bmv2] [D] [thread 3817] [19.0] [cxt 0] Parser state 'start': key is 86dd
[18:24:18.426] [bmv2] [T] [thread 3817] [19.0] [cxt 0] Bytes parsed: 14
[18:24:18.426] [bmv2] [D] [thread 3817] [19.0] [cxt 0] Parser 'parser': end
[18:24:18.426] [bmv2] [D] [thread 3817] [19.0] [cxt 0] Pipeline 'ingress': start
[18:24:18.426] [bmv2] [T] [thread 3817] [19.0] [cxt 0] qos.p4(197) Condition "hdr.ipv4.isValid()" (node_2) is false
[18:24:18.427] [bmv2] [D] [thread 3817] [19.0] [cxt 0] Pipeline 'ingress': end
[18:24:18.427] [bmv2] [D] [thread 3817] [19.0] [cxt 0] Egress port is 0
[18:24:18.427] [bmv2] [D] [thread 3818] [19.0] [cxt 0] Pipeline 'egress': start
[18:24:18.427] [bmv2] [D] [thread 3818] [19.0] [cxt 0] Pipeline 'egress': end
[18:24:18.427] [bmv2] [D] [thread 3818] [19.0] [cxt 0] Deparser 'deparser': start
[18:24:18.427] [bmv2] [T] [thread 3818] [19.0] [cxt 0] Skipping checksum 'cksum' update because condition not met
[18:24:18.427] [bmv2] [D] [thread 3818] [19.0] [cxt 0] Deparsing header 'ethernet'
[18:24:18.427] [bmv2] [D] [thread 3818] [19.0] [cxt 0] Deparser 'deparser': end
[18:24:18.427] [bmv2] [D] [thread 3822] [19.0] [cxt 0] Transmitting packet of size 70 out of port 0
[18:24:59.388] [bmv2] [D] [thread 3817] [20.0] [cxt 0] Processing packet received on port 1
[18:24:59.388] [bmv2] [D] [thread 3817] [20.0] [cxt 0] Parser 'parser': start
[18:24:59.388] [bmv2] [D] [thread 3817] [20.0] [cxt 0] Parser 'parser' entering state 'start'
[18:24:59.388] [bmv2] [D] [thread 3817] [20.0] [cxt 0] Extracting header 'ethernet'
[18:24:59.389] [bmv2] [D] [thread 3817] [20.0] [cxt 0] Parser state 'start': key is 86dd
[18:24:59.390] [bmv2] [T] [thread 3817] [20.0] [cxt 0] Bytes parsed: 14
[18:24:59.390] [bmv2] [D] [thread 3817] [20.0] [cxt 0] Parser 'parser': end
[18:24:59.390] [bmv2] [D] [thread 3817] [20.0] [cxt 0] Pipeline 'ingress': start
[18:24:59.391] [bmv2] [T] [thread 3817] [20.0] [cxt 0] qos.p4(197) Condition "hdr.ipv4.isValid()" (node_2) is false
[18:24:59.391] [bmv2] [D] [thread 3817] [20.0] [cxt 0] Pipeline 'ingress': end
[18:24:59.391] [bmv2] [D] [thread 3817] [20.0] [cxt 0] Egress port is 0
[18:24:59.391] [bmv2] [D] [thread 3818] [20.0] [cxt 0] Pipeline 'egress': start
[18:24:59.393] [bmv2] [D] [thread 3818] [20.0] [cxt 0] Pipeline 'egress': end
[18:24:59.393] [bmv2] [D] [thread 3818] [20.0] [cxt 0] Deparser 'deparser': start
[18:24:59.393] [bmv2] [T] [thread 3818] [20.0] [cxt 0] Skipping checksum 'cksum' update because condition not met
[18:24:59.394] [bmv2] [D] [thread 3818] [20.0] [cxt 0] Deparsing header 'ethernet'
[18:24:59.394] [bmv2] [D] [thread 3818] [20.0] [cxt 0] Deparser 'deparser': end
[18:24:59.394] [bmv2] [D] [thread 3822] [20.0] [cxt 0] Transmitting packet of size 70 out of port 0
[18:25:07.579] [bmv2] [D] [thread 3817] [21.0] [cxt 0] Processing packet received on port 3
[18:25:07.580] [bmv2] [D] [thread 3817] [21.0] [cxt 0] Parser 'parser': start
[18:25:07.580] [bmv2] [D] [thread 3817] [21.0] [cxt 0] Parser 'parser' entering state 'start'
[18:25:07.580] [bmv2] [D] [thread 3817] [21.0] [cxt 0] Extracting header 'ethernet'
[18:25:07.586] [bmv2] [D] [thread 3817] [21.0] [cxt 0] Parser state 'start': key is 86dd
[18:25:07.586] [bmv2] [T] [thread 3817] [21.0] [cxt 0] Bytes parsed: 14
[18:25:07.586] [bmv2] [D] [thread 3817] [21.0] [cxt 0] Parser 'parser': end
[18:25:07.587] [bmv2] [D] [thread 3817] [21.0] [cxt 0] Pipeline 'ingress': start
[18:25:07.587] [bmv2] [T] [thread 3817] [21.0] [cxt 0] qos.p4(197) Condition "hdr.ipv4.isValid()" (node_2) is false
[18:25:07.587] [bmv2] [D] [thread 3817] [21.0] [cxt 0] Pipeline 'ingress': end
[18:25:07.587] [bmv2] [D] [thread 3817] [21.0] [cxt 0] Egress port is 0
[18:25:07.595] [bmv2] [D] [thread 3818] [21.0] [cxt 0] Pipeline 'egress': start
[18:25:07.595] [bmv2] [D] [thread 3818] [21.0] [cxt 0] Pipeline 'egress': end
[18:25:07.595] [bmv2] [D] [thread 3818] [21.0] [cxt 0] Deparser 'deparser': start
[18:25:07.595] [bmv2] [T] [thread 3818] [21.0] [cxt 0] Skipping checksum 'cksum' update because condition not met
[18:25:07.595] [bmv2] [D] [thread 3818] [21.0] [cxt 0] Deparsing header 'ethernet'
[18:25:07.595] [bmv2] [D] [thread 3818] [21.0] [cxt 0] Deparser 'deparser': end
[18:25:07.595] [bmv2] [D] [thread 3822] [21.0] [cxt 0] Transmitting packet of size 70 out of port 0
[18:25:15.770] [bmv2] [D] [thread 3817] [22.0] [cxt 0] Processing packet received on port 2
[18:25:15.770] [bmv2] [D] [thread 3817] [22.0] [cxt 0] Parser 'parser': start
[18:25:15.770] [bmv2] [D] [thread 3817] [22.0] [cxt 0] Parser 'parser' entering state 'start'
[18:25:15.770] [bmv2] [D] [thread 3817] [22.0] [cxt 0] Extracting header 'ethernet'
[18:25:15.770] [bmv2] [D] [thread 3817] [22.0] [cxt 0] Parser state 'start': key is 86dd
[18:25:15.770] [bmv2] [T] [thread 3817] [22.0] [cxt 0] Bytes parsed: 14
[18:25:15.770] [bmv2] [D] [thread 3817] [22.0] [cxt 0] Parser 'parser': end
[18:25:15.770] [bmv2] [D] [thread 3817] [22.0] [cxt 0] Pipeline 'ingress': start
[18:25:15.770] [bmv2] [T] [thread 3817] [22.0] [cxt 0] qos.p4(197) Condition "hdr.ipv4.isValid()" (node_2) is false
[18:25:15.770] [bmv2] [D] [thread 3817] [22.0] [cxt 0] Pipeline 'ingress': end
[18:25:15.770] [bmv2] [D] [thread 3817] [22.0] [cxt 0] Egress port is 0
[18:25:15.771] [bmv2] [D] [thread 3818] [22.0] [cxt 0] Pipeline 'egress': start
[18:25:15.771] [bmv2] [D] [thread 3818] [22.0] [cxt 0] Pipeline 'egress': end
[18:25:15.771] [bmv2] [D] [thread 3818] [22.0] [cxt 0] Deparser 'deparser': start
[18:25:15.771] [bmv2] [T] [thread 3818] [22.0] [cxt 0] Skipping checksum 'cksum' update because condition not met
[18:25:15.771] [bmv2] [D] [thread 3818] [22.0] [cxt 0] Deparsing header 'ethernet'
[18:25:15.771] [bmv2] [D] [thread 3818] [22.0] [cxt 0] Deparser 'deparser': end
[18:25:15.771] [bmv2] [D] [thread 3822] [22.0] [cxt 0] Transmitting packet of size 70 out of port 0
[18:25:19.867] [bmv2] [D] [thread 3817] [23.0] [cxt 0] Processing packet received on port 3
[18:25:19.867] [bmv2] [D] [thread 3817] [23.0] [cxt 0] Parser 'parser': start
[18:25:19.867] [bmv2] [D] [thread 3817] [23.0] [cxt 0] Parser 'parser' entering state 'start'
[18:25:19.868] [bmv2] [D] [thread 3817] [23.0] [cxt 0] Extracting header 'ethernet'
[18:25:19.868] [bmv2] [D] [thread 3817] [23.0] [cxt 0] Parser state 'start': key is 86dd
[18:25:19.868] [bmv2] [T] [thread 3817] [23.0] [cxt 0] Bytes parsed: 14
[18:25:19.868] [bmv2] [D] [thread 3817] [23.0] [cxt 0] Parser 'parser': end
[18:25:19.868] [bmv2] [D] [thread 3817] [23.0] [cxt 0] Pipeline 'ingress': start
[18:25:19.868] [bmv2] [T] [thread 3817] [23.0] [cxt 0] qos.p4(197) Condition "hdr.ipv4.isValid()" (node_2) is false
[18:25:19.868] [bmv2] [D] [thread 3817] [23.0] [cxt 0] Pipeline 'ingress': end
[18:25:19.868] [bmv2] [D] [thread 3817] [23.0] [cxt 0] Egress port is 0
[18:25:19.870] [bmv2] [D] [thread 3818] [23.0] [cxt 0] Pipeline 'egress': start
[18:25:19.871] [bmv2] [D] [thread 3818] [23.0] [cxt 0] Pipeline 'egress': end
[18:25:19.871] [bmv2] [D] [thread 3818] [23.0] [cxt 0] Deparser 'deparser': start
[18:25:19.871] [bmv2] [T] [thread 3818] [23.0] [cxt 0] Skipping checksum 'cksum' update because condition not met
[18:25:19.871] [bmv2] [D] [thread 3818] [23.0] [cxt 0] Deparsing header 'ethernet'
[18:25:19.871] [bmv2] [D] [thread 3818] [23.0] [cxt 0] Deparser 'deparser': end
[18:25:19.871] [bmv2] [D] [thread 3822] [23.0] [cxt 0] Transmitting packet of size 70 out of port 0
[18:25:28.065] [bmv2] [D] [thread 3817] [24.0] [cxt 0] Processing packet received on port 2
[18:25:28.065] [bmv2] [D] [thread 3817] [24.0] [cxt 0] Parser 'parser': start
[18:25:28.065] [bmv2] [D] [thread 3817] [24.0] [cxt 0] Parser 'parser' entering state 'start'
[18:25:28.065] [bmv2] [D] [thread 3817] [24.0] [cxt 0] Extracting header 'ethernet'
[18:25:28.066] [bmv2] [D] [thread 3817] [24.0] [cxt 0] Parser state 'start': key is 86dd
[18:25:28.066] [bmv2] [T] [thread 3817] [24.0] [cxt 0] Bytes parsed: 14
[18:25:28.066] [bmv2] [D] [thread 3817] [24.0] [cxt 0] Parser 'parser': end
[18:25:28.066] [bmv2] [D] [thread 3817] [24.0] [cxt 0] Pipeline 'ingress': start
[18:25:28.066] [bmv2] [T] [thread 3817] [24.0] [cxt 0] qos.p4(197) Condition "hdr.ipv4.isValid()" (node_2) is false
[18:25:28.066] [bmv2] [D] [thread 3817] [24.0] [cxt 0] Pipeline 'ingress': end
[18:25:28.066] [bmv2] [D] [thread 3817] [24.0] [cxt 0] Egress port is 0
[18:25:28.067] [bmv2] [D] [thread 3818] [24.0] [cxt 0] Pipeline 'egress': start
[18:25:28.067] [bmv2] [D] [thread 3818] [24.0] [cxt 0] Pipeline 'egress': end
[18:25:28.067] [bmv2] [D] [thread 3818] [24.0] [cxt 0] Deparser 'deparser': start
[18:25:28.068] [bmv2] [T] [thread 3818] [24.0] [cxt 0] Skipping checksum 'cksum' update because condition not met
[18:25:28.068] [bmv2] [D] [thread 3818] [24.0] [cxt 0] Deparsing header 'ethernet'
[18:25:28.068] [bmv2] [D] [thread 3818] [24.0] [cxt 0] Deparser 'deparser': end
[18:25:28.068] [bmv2] [D] [thread 3822] [24.0] [cxt 0] Transmitting packet of size 70 out of port 0
open: No such file or directory
open: No such file or directory
open: No such file or directory
