Calling target program-options parser
[08:11:37.062] [bmv2] [D] [thread 3391] Set default default entry for table 'tbl_qos199': qos199 - 
[08:11:37.063] [bmv2] [D] [thread 3391] Set default default entry for table 'MyIngress.ipv4_lpm': NoAction - 
Adding interface s3-eth1 as port 1
[08:11:37.064] [bmv2] [D] [thread 3391] Adding interface s3-eth1 as port 1
Adding interface s3-eth2 as port 2
[08:11:37.072] [bmv2] [D] [thread 3391] Adding interface s3-eth2 as port 2
Adding interface s3-eth3 as port 3
[08:11:37.080] [bmv2] [D] [thread 3391] Adding interface s3-eth3 as port 3
Server listening on 0.0.0.0:50053
[08:11:37.094] [bmv2] [I] [thread 3391] Starting Thrift server on port 9092
[08:11:37.096] [bmv2] [I] [thread 3391] Thrift server was started
[08:11:39.231] [bmv2] [W] [thread 3446] [P4Runtime] p4::tmp::P4DeviceConfig is deprecated
[08:11:39.240] [bmv2] [D] [thread 3446] Set default default entry for table 'tbl_qos199': qos199 - 
[08:11:39.240] [bmv2] [D] [thread 3446] Set default default entry for table 'MyIngress.ipv4_lpm': NoAction - 
[08:11:39.250] [bmv2] [D] [thread 3401] [0.0] [cxt 0] Processing packet received on port 1
[08:11:39.250] [bmv2] [D] [thread 3401] [0.0] [cxt 0] Parser 'parser': start
[08:11:39.250] [bmv2] [D] [thread 3401] [0.0] [cxt 0] Parser 'parser' entering state 'start'
[08:11:39.250] [bmv2] [D] [thread 3401] [0.0] [cxt 0] Extracting header 'ethernet'
[08:11:39.250] [bmv2] [D] [thread 3401] [0.0] [cxt 0] Parser state 'start': key is 86dd
[08:11:39.250] [bmv2] [T] [thread 3401] [0.0] [cxt 0] Bytes parsed: 14
[08:11:39.250] [bmv2] [D] [thread 3401] [0.0] [cxt 0] Parser 'parser': end
[08:11:39.250] [bmv2] [D] [thread 3401] [0.0] [cxt 0] Pipeline 'ingress': start
[08:11:39.250] [bmv2] [T] [thread 3401] [0.0] [cxt 0] qos.p4(197) Condition "hdr.ipv4.isValid()" (node_2) is false
[08:11:39.250] [bmv2] [D] [thread 3401] [0.0] [cxt 0] Pipeline 'ingress': end
[08:11:39.250] [bmv2] [D] [thread 3401] [0.0] [cxt 0] Egress port is 0
[08:11:39.250] [bmv2] [D] [thread 3402] [0.0] [cxt 0] Pipeline 'egress': start
[08:11:39.250] [bmv2] [D] [thread 3402] [0.0] [cxt 0] Pipeline 'egress': end
[08:11:39.250] [bmv2] [D] [thread 3402] [0.0] [cxt 0] Deparser 'deparser': start
[08:11:39.250] [bmv2] [T] [thread 3402] [0.0] [cxt 0] Skipping checksum 'cksum' update because condition not met
[08:11:39.250] [bmv2] [D] [thread 3402] [0.0] [cxt 0] Deparsing header 'ethernet'
[08:11:39.250] [bmv2] [D] [thread 3402] [0.0] [cxt 0] Deparser 'deparser': end
[08:11:39.250] [bmv2] [D] [thread 3406] [0.0] [cxt 0] Transmitting packet of size 70 out of port 0
[08:11:39.250] [bmv2] [D] [thread 3401] [1.0] [cxt 0] Processing packet received on port 2
[08:11:39.251] [bmv2] [D] [thread 3401] [1.0] [cxt 0] Parser 'parser': start
[08:11:39.251] [bmv2] [D] [thread 3401] [1.0] [cxt 0] Parser 'parser' entering state 'start'
[08:11:39.251] [bmv2] [D] [thread 3401] [1.0] [cxt 0] Extracting header 'ethernet'
[08:11:39.251] [bmv2] [D] [thread 3401] [1.0] [cxt 0] Parser state 'start': key is 86dd
[08:11:39.251] [bmv2] [T] [thread 3401] [1.0] [cxt 0] Bytes parsed: 14
[08:11:39.251] [bmv2] [D] [thread 3401] [1.0] [cxt 0] Parser 'parser': end
[08:11:39.251] [bmv2] [D] [thread 3401] [1.0] [cxt 0] Pipeline 'ingress': start
[08:11:39.251] [bmv2] [T] [thread 3401] [1.0] [cxt 0] qos.p4(197) Condition "hdr.ipv4.isValid()" (node_2) is false
[08:11:39.251] [bmv2] [D] [thread 3401] [1.0] [cxt 0] Pipeline 'ingress': end
[08:11:39.251] [bmv2] [D] [thread 3401] [1.0] [cxt 0] Egress port is 0
[08:11:39.251] [bmv2] [D] [thread 3402] [1.0] [cxt 0] Pipeline 'egress': start
[08:11:39.251] [bmv2] [D] [thread 3402] [1.0] [cxt 0] Pipeline 'egress': end
[08:11:39.251] [bmv2] [D] [thread 3402] [1.0] [cxt 0] Deparser 'deparser': start
[08:11:39.251] [bmv2] [T] [thread 3402] [1.0] [cxt 0] Skipping checksum 'cksum' update because condition not met
[08:11:39.251] [bmv2] [D] [thread 3402] [1.0] [cxt 0] Deparsing header 'ethernet'
[08:11:39.251] [bmv2] [D] [thread 3402] [1.0] [cxt 0] Deparser 'deparser': end
[08:11:39.251] [bmv2] [D] [thread 3406] [1.0] [cxt 0] Transmitting packet of size 70 out of port 0
[08:11:39.254] [bmv2] [D] [thread 3446] simple_switch target has been notified of a config swap
[08:11:39.262] [bmv2] [D] [thread 3448] Entry 0 added to table 'MyIngress.ipv4_lpm'
[08:11:39.262] [bmv2] [D] [thread 3448] Dumping entry 0
Match key:
* hdr.ipv4.dstAddr    : LPM       0a000303/32
Action entry: MyIngress.ipv4_forward - 80000000303,1,

[08:11:39.272] [bmv2] [D] [thread 3448] Entry 1 added to table 'MyIngress.ipv4_lpm'
[08:11:39.272] [bmv2] [D] [thread 3448] Dumping entry 1
Match key:
* hdr.ipv4.dstAddr    : LPM       0a000100/24
Action entry: MyIngress.ipv4_forward - 80000000100,2,

[08:11:39.278] [bmv2] [D] [thread 3453] Entry 2 added to table 'MyIngress.ipv4_lpm'
[08:11:39.279] [bmv2] [D] [thread 3453] Dumping entry 2
Match key:
* hdr.ipv4.dstAddr    : LPM       0a000200/24
Action entry: MyIngress.ipv4_forward - 80000000200,3,

[08:11:40.025] [bmv2] [D] [thread 3401] [2.0] [cxt 0] Processing packet received on port 2
[08:11:40.025] [bmv2] [D] [thread 3401] [2.0] [cxt 0] Parser 'parser': start
[08:11:40.025] [bmv2] [D] [thread 3401] [2.0] [cxt 0] Parser 'parser' entering state 'start'
[08:11:40.025] [bmv2] [D] [thread 3401] [2.0] [cxt 0] Extracting header 'ethernet'
[08:11:40.026] [bmv2] [D] [thread 3401] [2.0] [cxt 0] Parser state 'start': key is 86dd
[08:11:40.026] [bmv2] [T] [thread 3401] [2.0] [cxt 0] Bytes parsed: 14
[08:11:40.026] [bmv2] [D] [thread 3401] [2.0] [cxt 0] Parser 'parser': end
[08:11:40.026] [bmv2] [D] [thread 3401] [2.0] [cxt 0] Pipeline 'ingress': start
[08:11:40.026] [bmv2] [T] [thread 3401] [2.0] [cxt 0] qos.p4(197) Condition "hdr.ipv4.isValid()" (node_2) is false
[08:11:40.026] [bmv2] [D] [thread 3401] [2.0] [cxt 0] Pipeline 'ingress': end
[08:11:40.026] [bmv2] [D] [thread 3401] [2.0] [cxt 0] Egress port is 0
[08:11:40.026] [bmv2] [D] [thread 3402] [2.0] [cxt 0] Pipeline 'egress': start
[08:11:40.026] [bmv2] [D] [thread 3402] [2.0] [cxt 0] Pipeline 'egress': end
[08:11:40.026] [bmv2] [D] [thread 3402] [2.0] [cxt 0] Deparser 'deparser': start
[08:11:40.026] [bmv2] [T] [thread 3402] [2.0] [cxt 0] Skipping checksum 'cksum' update because condition not met
[08:11:40.026] [bmv2] [D] [thread 3402] [2.0] [cxt 0] Deparsing header 'ethernet'
[08:11:40.026] [bmv2] [D] [thread 3402] [2.0] [cxt 0] Deparser 'deparser': end
[08:11:40.026] [bmv2] [D] [thread 3406] [2.0] [cxt 0] Transmitting packet of size 70 out of port 0
[08:11:40.032] [bmv2] [D] [thread 3401] [3.0] [cxt 0] Processing packet received on port 3
[08:11:40.032] [bmv2] [D] [thread 3401] [3.0] [cxt 0] Parser 'parser': start
[08:11:40.032] [bmv2] [D] [thread 3401] [3.0] [cxt 0] Parser 'parser' entering state 'start'
[08:11:40.032] [bmv2] [D] [thread 3401] [3.0] [cxt 0] Extracting header 'ethernet'
[08:11:40.032] [bmv2] [D] [thread 3401] [3.0] [cxt 0] Parser state 'start': key is 86dd
[08:11:40.032] [bmv2] [T] [thread 3401] [3.0] [cxt 0] Bytes parsed: 14
[08:11:40.032] [bmv2] [D] [thread 3401] [3.0] [cxt 0] Parser 'parser': end
[08:11:40.032] [bmv2] [D] [thread 3401] [3.0] [cxt 0] Pipeline 'ingress': start
[08:11:40.033] [bmv2] [T] [thread 3401] [3.0] [cxt 0] qos.p4(197) Condition "hdr.ipv4.isValid()" (node_2) is false
[08:11:40.033] [bmv2] [D] [thread 3401] [3.0] [cxt 0] Pipeline 'ingress': end
[08:11:40.033] [bmv2] [D] [thread 3401] [3.0] [cxt 0] Egress port is 0
[08:11:40.033] [bmv2] [D] [thread 3402] [3.0] [cxt 0] Pipeline 'egress': start
[08:11:40.033] [bmv2] [D] [thread 3402] [3.0] [cxt 0] Pipeline 'egress': end
[08:11:40.033] [bmv2] [D] [thread 3402] [3.0] [cxt 0] Deparser 'deparser': start
[08:11:40.033] [bmv2] [T] [thread 3402] [3.0] [cxt 0] Skipping checksum 'cksum' update because condition not met
[08:11:40.033] [bmv2] [D] [thread 3402] [3.0] [cxt 0] Deparsing header 'ethernet'
[08:11:40.033] [bmv2] [D] [thread 3402] [3.0] [cxt 0] Deparser 'deparser': end
[08:11:40.034] [bmv2] [D] [thread 3406] [3.0] [cxt 0] Transmitting packet of size 70 out of port 0
[08:11:40.785] [bmv2] [D] [thread 3401] [4.0] [cxt 0] Processing packet received on port 3
[08:11:40.786] [bmv2] [D] [thread 3401] [4.0] [cxt 0] Parser 'parser': start
[08:11:40.786] [bmv2] [D] [thread 3401] [4.0] [cxt 0] Parser 'parser' entering state 'start'
[08:11:40.786] [bmv2] [D] [thread 3401] [4.0] [cxt 0] Extracting header 'ethernet'
[08:11:40.786] [bmv2] [D] [thread 3401] [4.0] [cxt 0] Parser state 'start': key is 86dd
[08:11:40.786] [bmv2] [T] [thread 3401] [4.0] [cxt 0] Bytes parsed: 14
[08:11:40.787] [bmv2] [D] [thread 3401] [4.0] [cxt 0] Parser 'parser': end
[08:11:40.787] [bmv2] [D] [thread 3401] [4.0] [cxt 0] Pipeline 'ingress': start
[08:11:40.787] [bmv2] [T] [thread 3401] [4.0] [cxt 0] qos.p4(197) Condition "hdr.ipv4.isValid()" (node_2) is false
[08:11:40.787] [bmv2] [D] [thread 3401] [4.0] [cxt 0] Pipeline 'ingress': end
[08:11:40.787] [bmv2] [D] [thread 3401] [4.0] [cxt 0] Egress port is 0
[08:11:40.788] [bmv2] [D] [thread 3402] [4.0] [cxt 0] Pipeline 'egress': start
[08:11:40.788] [bmv2] [D] [thread 3402] [4.0] [cxt 0] Pipeline 'egress': end
[08:11:40.788] [bmv2] [D] [thread 3402] [4.0] [cxt 0] Deparser 'deparser': start
[08:11:40.788] [bmv2] [T] [thread 3402] [4.0] [cxt 0] Skipping checksum 'cksum' update because condition not met
[08:11:40.788] [bmv2] [D] [thread 3402] [4.0] [cxt 0] Deparsing header 'ethernet'
[08:11:40.788] [bmv2] [D] [thread 3402] [4.0] [cxt 0] Deparser 'deparser': end
[08:11:40.788] [bmv2] [D] [thread 3406] [4.0] [cxt 0] Transmitting packet of size 70 out of port 0
[08:11:46.668] [bmv2] [D] [thread 3401] [5.0] [cxt 0] Processing packet received on port 2
[08:11:46.669] [bmv2] [D] [thread 3401] [5.0] [cxt 0] Parser 'parser': start
[08:11:46.669] [bmv2] [D] [thread 3401] [5.0] [cxt 0] Parser 'parser' entering state 'start'
[08:11:46.669] [bmv2] [D] [thread 3401] [5.0] [cxt 0] Extracting header 'ethernet'
[08:11:46.669] [bmv2] [D] [thread 3401] [5.0] [cxt 0] Parser state 'start': key is 86dd
[08:11:46.669] [bmv2] [T] [thread 3401] [5.0] [cxt 0] Bytes parsed: 14
[08:11:46.674] [bmv2] [D] [thread 3401] [5.0] [cxt 0] Parser 'parser': end
[08:11:46.674] [bmv2] [D] [thread 3401] [5.0] [cxt 0] Pipeline 'ingress': start
[08:11:46.674] [bmv2] [T] [thread 3401] [5.0] [cxt 0] qos.p4(197) Condition "hdr.ipv4.isValid()" (node_2) is false
[08:11:46.674] [bmv2] [D] [thread 3401] [5.0] [cxt 0] Pipeline 'ingress': end
[08:11:46.674] [bmv2] [D] [thread 3401] [5.0] [cxt 0] Egress port is 0
[08:11:46.679] [bmv2] [D] [thread 3402] [5.0] [cxt 0] Pipeline 'egress': start
[08:11:46.679] [bmv2] [D] [thread 3402] [5.0] [cxt 0] Pipeline 'egress': end
[08:11:46.679] [bmv2] [D] [thread 3402] [5.0] [cxt 0] Deparser 'deparser': start
[08:11:46.679] [bmv2] [T] [thread 3402] [5.0] [cxt 0] Skipping checksum 'cksum' update because condition not met
[08:11:46.679] [bmv2] [D] [thread 3402] [5.0] [cxt 0] Deparsing header 'ethernet'
[08:11:46.679] [bmv2] [D] [thread 3402] [5.0] [cxt 0] Deparser 'deparser': end
[08:11:46.680] [bmv2] [D] [thread 3406] [5.0] [cxt 0] Transmitting packet of size 70 out of port 0
[08:11:47.696] [bmv2] [D] [thread 3401] [6.0] [cxt 0] Processing packet received on port 1
[08:11:47.696] [bmv2] [D] [thread 3401] [6.0] [cxt 0] Parser 'parser': start
[08:11:47.697] [bmv2] [D] [thread 3401] [6.0] [cxt 0] Parser 'parser' entering state 'start'
[08:11:47.697] [bmv2] [D] [thread 3401] [6.0] [cxt 0] Extracting header 'ethernet'
[08:11:47.697] [bmv2] [D] [thread 3401] [6.0] [cxt 0] Parser state 'start': key is 86dd
[08:11:47.697] [bmv2] [T] [thread 3401] [6.0] [cxt 0] Bytes parsed: 14
[08:11:47.697] [bmv2] [D] [thread 3401] [6.0] [cxt 0] Parser 'parser': end
[08:11:47.698] [bmv2] [D] [thread 3401] [6.0] [cxt 0] Pipeline 'ingress': start
[08:11:47.698] [bmv2] [T] [thread 3401] [6.0] [cxt 0] qos.p4(197) Condition "hdr.ipv4.isValid()" (node_2) is false
[08:11:47.701] [bmv2] [D] [thread 3401] [6.0] [cxt 0] Pipeline 'ingress': end
[08:11:47.701] [bmv2] [D] [thread 3401] [6.0] [cxt 0] Egress port is 0
[08:11:47.702] [bmv2] [D] [thread 3402] [6.0] [cxt 0] Pipeline 'egress': start
[08:11:47.702] [bmv2] [D] [thread 3402] [6.0] [cxt 0] Pipeline 'egress': end
[08:11:47.702] [bmv2] [D] [thread 3402] [6.0] [cxt 0] Deparser 'deparser': start
[08:11:47.702] [bmv2] [T] [thread 3402] [6.0] [cxt 0] Skipping checksum 'cksum' update because condition not met
[08:11:47.702] [bmv2] [D] [thread 3402] [6.0] [cxt 0] Deparsing header 'ethernet'
[08:11:47.702] [bmv2] [D] [thread 3402] [6.0] [cxt 0] Deparser 'deparser': end
[08:11:47.703] [bmv2] [D] [thread 3406] [6.0] [cxt 0] Transmitting packet of size 70 out of port 0
[08:11:47.703] [bmv2] [D] [thread 3401] [7.0] [cxt 0] Processing packet received on port 2
[08:11:47.703] [bmv2] [D] [thread 3401] [7.0] [cxt 0] Parser 'parser': start
[08:11:47.703] [bmv2] [D] [thread 3401] [7.0] [cxt 0] Parser 'parser' entering state 'start'
[08:11:47.703] [bmv2] [D] [thread 3401] [7.0] [cxt 0] Extracting header 'ethernet'
[08:11:47.703] [bmv2] [D] [thread 3401] [7.0] [cxt 0] Parser state 'start': key is 86dd
[08:11:47.703] [bmv2] [T] [thread 3401] [7.0] [cxt 0] Bytes parsed: 14
[08:11:47.703] [bmv2] [D] [thread 3401] [7.0] [cxt 0] Parser 'parser': end
[08:11:47.703] [bmv2] [D] [thread 3401] [7.0] [cxt 0] Pipeline 'ingress': start
[08:11:47.703] [bmv2] [T] [thread 3401] [7.0] [cxt 0] qos.p4(197) Condition "hdr.ipv4.isValid()" (node_2) is false
[08:11:47.703] [bmv2] [D] [thread 3401] [7.0] [cxt 0] Pipeline 'ingress': end
[08:11:47.703] [bmv2] [D] [thread 3401] [7.0] [cxt 0] Egress port is 0
[08:11:47.704] [bmv2] [D] [thread 3402] [7.0] [cxt 0] Pipeline 'egress': start
[08:11:47.704] [bmv2] [D] [thread 3402] [7.0] [cxt 0] Pipeline 'egress': end
[08:11:47.704] [bmv2] [D] [thread 3402] [7.0] [cxt 0] Deparser 'deparser': start
[08:11:47.704] [bmv2] [T] [thread 3402] [7.0] [cxt 0] Skipping checksum 'cksum' update because condition not met
[08:11:47.704] [bmv2] [D] [thread 3402] [7.0] [cxt 0] Deparsing header 'ethernet'
[08:11:47.704] [bmv2] [D] [thread 3402] [7.0] [cxt 0] Deparser 'deparser': end
[08:11:47.704] [bmv2] [D] [thread 3406] [7.0] [cxt 0] Transmitting packet of size 70 out of port 0
[08:11:48.460] [bmv2] [D] [thread 3401] [8.0] [cxt 0] Processing packet received on port 3
[08:11:48.460] [bmv2] [D] [thread 3401] [8.0] [cxt 0] Parser 'parser': start
[08:11:48.461] [bmv2] [D] [thread 3401] [8.0] [cxt 0] Parser 'parser' entering state 'start'
[08:11:48.461] [bmv2] [D] [thread 3401] [8.0] [cxt 0] Extracting header 'ethernet'
[08:11:48.461] [bmv2] [D] [thread 3401] [8.0] [cxt 0] Parser state 'start': key is 86dd
[08:11:48.461] [bmv2] [T] [thread 3401] [8.0] [cxt 0] Bytes parsed: 14
[08:11:48.461] [bmv2] [D] [thread 3401] [8.0] [cxt 0] Parser 'parser': end
[08:11:48.461] [bmv2] [D] [thread 3401] [8.0] [cxt 0] Pipeline 'ingress': start
[08:11:48.461] [bmv2] [T] [thread 3401] [8.0] [cxt 0] qos.p4(197) Condition "hdr.ipv4.isValid()" (node_2) is false
[08:11:48.461] [bmv2] [D] [thread 3401] [8.0] [cxt 0] Pipeline 'ingress': end
[08:11:48.461] [bmv2] [D] [thread 3401] [8.0] [cxt 0] Egress port is 0
[08:11:48.465] [bmv2] [D] [thread 3402] [8.0] [cxt 0] Pipeline 'egress': start
[08:11:48.465] [bmv2] [D] [thread 3402] [8.0] [cxt 0] Pipeline 'egress': end
[08:11:48.465] [bmv2] [D] [thread 3402] [8.0] [cxt 0] Deparser 'deparser': start
[08:11:48.465] [bmv2] [T] [thread 3402] [8.0] [cxt 0] Skipping checksum 'cksum' update because condition not met
[08:11:48.465] [bmv2] [D] [thread 3402] [8.0] [cxt 0] Deparsing header 'ethernet'
[08:11:48.465] [bmv2] [D] [thread 3402] [8.0] [cxt 0] Deparser 'deparser': end
[08:11:48.465] [bmv2] [D] [thread 3406] [8.0] [cxt 0] Transmitting packet of size 70 out of port 0
[08:11:50.001] [bmv2] [D] [thread 3401] [9.0] [cxt 0] Processing packet received on port 3
[08:11:50.001] [bmv2] [D] [thread 3401] [9.0] [cxt 0] Parser 'parser': start
[08:11:50.001] [bmv2] [D] [thread 3401] [9.0] [cxt 0] Parser 'parser' entering state 'start'
[08:11:50.001] [bmv2] [D] [thread 3401] [9.0] [cxt 0] Extracting header 'ethernet'
[08:11:50.002] [bmv2] [D] [thread 3401] [9.0] [cxt 0] Parser state 'start': key is 86dd
[08:11:50.002] [bmv2] [T] [thread 3401] [9.0] [cxt 0] Bytes parsed: 14
[08:11:50.002] [bmv2] [D] [thread 3401] [9.0] [cxt 0] Parser 'parser': end
[08:11:50.003] [bmv2] [D] [thread 3401] [9.0] [cxt 0] Pipeline 'ingress': start
[08:11:50.003] [bmv2] [T] [thread 3401] [9.0] [cxt 0] qos.p4(197) Condition "hdr.ipv4.isValid()" (node_2) is false
[08:11:50.003] [bmv2] [D] [thread 3401] [9.0] [cxt 0] Pipeline 'ingress': end
[08:11:50.003] [bmv2] [D] [thread 3401] [9.0] [cxt 0] Egress port is 0
[08:11:50.004] [bmv2] [D] [thread 3402] [9.0] [cxt 0] Pipeline 'egress': start
[08:11:50.004] [bmv2] [D] [thread 3402] [9.0] [cxt 0] Pipeline 'egress': end
[08:11:50.004] [bmv2] [D] [thread 3402] [9.0] [cxt 0] Deparser 'deparser': start
[08:11:50.004] [bmv2] [T] [thread 3402] [9.0] [cxt 0] Skipping checksum 'cksum' update because condition not met
[08:11:50.004] [bmv2] [D] [thread 3402] [9.0] [cxt 0] Deparsing header 'ethernet'
[08:11:50.004] [bmv2] [D] [thread 3402] [9.0] [cxt 0] Deparser 'deparser': end
[08:11:50.005] [bmv2] [D] [thread 3406] [9.0] [cxt 0] Transmitting packet of size 70 out of port 0
[08:12:00.748] [bmv2] [D] [thread 3401] [10.0] [cxt 0] Processing packet received on port 2
[08:12:00.749] [bmv2] [D] [thread 3401] [10.0] [cxt 0] Parser 'parser': start
[08:12:00.749] [bmv2] [D] [thread 3401] [10.0] [cxt 0] Parser 'parser' entering state 'start'
[08:12:00.749] [bmv2] [D] [thread 3401] [10.0] [cxt 0] Extracting header 'ethernet'
[08:12:00.752] [bmv2] [D] [thread 3401] [10.0] [cxt 0] Parser state 'start': key is 86dd
[08:12:00.752] [bmv2] [T] [thread 3401] [10.0] [cxt 0] Bytes parsed: 14
[08:12:00.752] [bmv2] [D] [thread 3401] [10.0] [cxt 0] Parser 'parser': end
[08:12:00.752] [bmv2] [D] [thread 3401] [10.0] [cxt 0] Pipeline 'ingress': start
[08:12:00.752] [bmv2] [T] [thread 3401] [10.0] [cxt 0] qos.p4(197) Condition "hdr.ipv4.isValid()" (node_2) is false
[08:12:00.753] [bmv2] [D] [thread 3401] [10.0] [cxt 0] Pipeline 'ingress': end
[08:12:00.753] [bmv2] [D] [thread 3401] [10.0] [cxt 0] Egress port is 0
[08:12:00.757] [bmv2] [D] [thread 3402] [10.0] [cxt 0] Pipeline 'egress': start
[08:12:00.757] [bmv2] [D] [thread 3402] [10.0] [cxt 0] Pipeline 'egress': end
[08:12:00.757] [bmv2] [D] [thread 3402] [10.0] [cxt 0] Deparser 'deparser': start
[08:12:00.757] [bmv2] [T] [thread 3402] [10.0] [cxt 0] Skipping checksum 'cksum' update because condition not met
[08:12:00.757] [bmv2] [D] [thread 3402] [10.0] [cxt 0] Deparsing header 'ethernet'
[08:12:00.757] [bmv2] [D] [thread 3402] [10.0] [cxt 0] Deparser 'deparser': end
[08:12:00.757] [bmv2] [D] [thread 3406] [10.0] [cxt 0] Transmitting packet of size 70 out of port 0
[08:12:03.306] [bmv2] [D] [thread 3401] [11.0] [cxt 0] Processing packet received on port 2
[08:12:03.306] [bmv2] [D] [thread 3401] [11.0] [cxt 0] Parser 'parser': start
[08:12:03.306] [bmv2] [D] [thread 3401] [11.0] [cxt 0] Parser 'parser' entering state 'start'
[08:12:03.306] [bmv2] [D] [thread 3401] [11.0] [cxt 0] Extracting header 'ethernet'
[08:12:03.306] [bmv2] [D] [thread 3401] [11.0] [cxt 0] Parser state 'start': key is 86dd
[08:12:03.306] [bmv2] [T] [thread 3401] [11.0] [cxt 0] Bytes parsed: 14
[08:12:03.306] [bmv2] [D] [thread 3401] [11.0] [cxt 0] Parser 'parser': end
[08:12:03.306] [bmv2] [D] [thread 3401] [11.0] [cxt 0] Pipeline 'ingress': start
[08:12:03.306] [bmv2] [T] [thread 3401] [11.0] [cxt 0] qos.p4(197) Condition "hdr.ipv4.isValid()" (node_2) is false
[08:12:03.306] [bmv2] [D] [thread 3401] [11.0] [cxt 0] Pipeline 'ingress': end
[08:12:03.306] [bmv2] [D] [thread 3401] [11.0] [cxt 0] Egress port is 0
[08:12:03.307] [bmv2] [D] [thread 3402] [11.0] [cxt 0] Pipeline 'egress': start
[08:12:03.307] [bmv2] [D] [thread 3402] [11.0] [cxt 0] Pipeline 'egress': end
[08:12:03.307] [bmv2] [D] [thread 3402] [11.0] [cxt 0] Deparser 'deparser': start
[08:12:03.307] [bmv2] [T] [thread 3402] [11.0] [cxt 0] Skipping checksum 'cksum' update because condition not met
[08:12:03.307] [bmv2] [D] [thread 3402] [11.0] [cxt 0] Deparsing header 'ethernet'
[08:12:03.307] [bmv2] [D] [thread 3402] [11.0] [cxt 0] Deparser 'deparser': end
[08:12:03.308] [bmv2] [D] [thread 3406] [11.0] [cxt 0] Transmitting packet of size 70 out of port 0
[08:12:03.818] [bmv2] [D] [thread 3401] [12.0] [cxt 0] Processing packet received on port 1
[08:12:03.818] [bmv2] [D] [thread 3401] [12.0] [cxt 0] Parser 'parser': start
[08:12:03.818] [bmv2] [D] [thread 3401] [12.0] [cxt 0] Parser 'parser' entering state 'start'
[08:12:03.818] [bmv2] [D] [thread 3401] [12.0] [cxt 0] Extracting header 'ethernet'
[08:12:03.818] [bmv2] [D] [thread 3401] [12.0] [cxt 0] Parser state 'start': key is 86dd
[08:12:03.819] [bmv2] [T] [thread 3401] [12.0] [cxt 0] Bytes parsed: 14
[08:12:03.819] [bmv2] [D] [thread 3401] [12.0] [cxt 0] Parser 'parser': end
[08:12:03.819] [bmv2] [D] [thread 3401] [12.0] [cxt 0] Pipeline 'ingress': start
[08:12:03.819] [bmv2] [T] [thread 3401] [12.0] [cxt 0] qos.p4(197) Condition "hdr.ipv4.isValid()" (node_2) is false
[08:12:03.819] [bmv2] [D] [thread 3401] [12.0] [cxt 0] Pipeline 'ingress': end
[08:12:03.819] [bmv2] [D] [thread 3401] [12.0] [cxt 0] Egress port is 0
[08:12:03.819] [bmv2] [D] [thread 3402] [12.0] [cxt 0] Pipeline 'egress': start
[08:12:03.819] [bmv2] [D] [thread 3402] [12.0] [cxt 0] Pipeline 'egress': end
[08:12:03.819] [bmv2] [D] [thread 3402] [12.0] [cxt 0] Deparser 'deparser': start
[08:12:03.819] [bmv2] [T] [thread 3402] [12.0] [cxt 0] Skipping checksum 'cksum' update because condition not met
[08:12:03.819] [bmv2] [D] [thread 3402] [12.0] [cxt 0] Deparsing header 'ethernet'
[08:12:03.819] [bmv2] [D] [thread 3402] [12.0] [cxt 0] Deparser 'deparser': end
[08:12:03.819] [bmv2] [D] [thread 3406] [12.0] [cxt 0] Transmitting packet of size 70 out of port 0
[08:12:05.871] [bmv2] [D] [thread 3401] [13.0] [cxt 0] Processing packet received on port 3
[08:12:05.871] [bmv2] [D] [thread 3401] [13.0] [cxt 0] Parser 'parser': start
[08:12:05.871] [bmv2] [D] [thread 3401] [13.0] [cxt 0] Parser 'parser' entering state 'start'
[08:12:05.871] [bmv2] [D] [thread 3401] [13.0] [cxt 0] Extracting header 'ethernet'
[08:12:05.872] [bmv2] [D] [thread 3401] [13.0] [cxt 0] Parser state 'start': key is 86dd
[08:12:05.872] [bmv2] [T] [thread 3401] [13.0] [cxt 0] Bytes parsed: 14
[08:12:05.872] [bmv2] [D] [thread 3401] [13.0] [cxt 0] Parser 'parser': end
[08:12:05.872] [bmv2] [D] [thread 3401] [13.0] [cxt 0] Pipeline 'ingress': start
[08:12:05.872] [bmv2] [T] [thread 3401] [13.0] [cxt 0] qos.p4(197) Condition "hdr.ipv4.isValid()" (node_2) is false
[08:12:05.872] [bmv2] [D] [thread 3401] [13.0] [cxt 0] Pipeline 'ingress': end
[08:12:05.872] [bmv2] [D] [thread 3401] [13.0] [cxt 0] Egress port is 0
[08:12:05.874] [bmv2] [D] [thread 3402] [13.0] [cxt 0] Pipeline 'egress': start
[08:12:05.874] [bmv2] [D] [thread 3402] [13.0] [cxt 0] Pipeline 'egress': end
[08:12:05.874] [bmv2] [D] [thread 3402] [13.0] [cxt 0] Deparser 'deparser': start
[08:12:05.874] [bmv2] [T] [thread 3402] [13.0] [cxt 0] Skipping checksum 'cksum' update because condition not met
[08:12:05.874] [bmv2] [D] [thread 3402] [13.0] [cxt 0] Deparsing header 'ethernet'
[08:12:05.874] [bmv2] [D] [thread 3402] [13.0] [cxt 0] Deparser 'deparser': end
[08:12:05.875] [bmv2] [D] [thread 3406] [13.0] [cxt 0] Transmitting packet of size 70 out of port 0
[08:12:09.966] [bmv2] [D] [thread 3401] [14.0] [cxt 0] Processing packet received on port 3
[08:12:09.967] [bmv2] [D] [thread 3401] [14.0] [cxt 0] Parser 'parser': start
[08:12:09.967] [bmv2] [D] [thread 3401] [14.0] [cxt 0] Parser 'parser' entering state 'start'
[08:12:09.967] [bmv2] [D] [thread 3401] [14.0] [cxt 0] Extracting header 'ethernet'
[08:12:09.968] [bmv2] [D] [thread 3401] [14.0] [cxt 0] Parser state 'start': key is 86dd
[08:12:09.968] [bmv2] [T] [thread 3401] [14.0] [cxt 0] Bytes parsed: 14
[08:12:09.968] [bmv2] [D] [thread 3401] [14.0] [cxt 0] Parser 'parser': end
[08:12:09.968] [bmv2] [D] [thread 3401] [14.0] [cxt 0] Pipeline 'ingress': start
[08:12:09.968] [bmv2] [T] [thread 3401] [14.0] [cxt 0] qos.p4(197) Condition "hdr.ipv4.isValid()" (node_2) is false
[08:12:09.968] [bmv2] [D] [thread 3401] [14.0] [cxt 0] Pipeline 'ingress': end
[08:12:09.968] [bmv2] [D] [thread 3401] [14.0] [cxt 0] Egress port is 0
[08:12:09.973] [bmv2] [D] [thread 3402] [14.0] [cxt 0] Pipeline 'egress': start
[08:12:09.973] [bmv2] [D] [thread 3402] [14.0] [cxt 0] Pipeline 'egress': end
[08:12:09.973] [bmv2] [D] [thread 3402] [14.0] [cxt 0] Deparser 'deparser': start
[08:12:09.974] [bmv2] [T] [thread 3402] [14.0] [cxt 0] Skipping checksum 'cksum' update because condition not met
[08:12:09.974] [bmv2] [D] [thread 3402] [14.0] [cxt 0] Deparsing header 'ethernet'
[08:12:09.974] [bmv2] [D] [thread 3402] [14.0] [cxt 0] Deparser 'deparser': end
[08:12:09.974] [bmv2] [D] [thread 3406] [14.0] [cxt 0] Transmitting packet of size 70 out of port 0
[08:12:30.451] [bmv2] [D] [thread 3401] [15.0] [cxt 0] Processing packet received on port 2
[08:12:30.451] [bmv2] [D] [thread 3401] [15.0] [cxt 0] Parser 'parser': start
[08:12:30.451] [bmv2] [D] [thread 3401] [15.0] [cxt 0] Parser 'parser' entering state 'start'
[08:12:30.451] [bmv2] [D] [thread 3401] [15.0] [cxt 0] Extracting header 'ethernet'
[08:12:30.451] [bmv2] [D] [thread 3401] [15.0] [cxt 0] Parser state 'start': key is 86dd
[08:12:30.451] [bmv2] [T] [thread 3401] [15.0] [cxt 0] Bytes parsed: 14
[08:12:30.451] [bmv2] [D] [thread 3401] [15.0] [cxt 0] Parser 'parser': end
[08:12:30.452] [bmv2] [D] [thread 3401] [15.0] [cxt 0] Pipeline 'ingress': start
[08:12:30.452] [bmv2] [T] [thread 3401] [15.0] [cxt 0] qos.p4(197) Condition "hdr.ipv4.isValid()" (node_2) is false
[08:12:30.452] [bmv2] [D] [thread 3401] [15.0] [cxt 0] Pipeline 'ingress': end
[08:12:30.452] [bmv2] [D] [thread 3401] [15.0] [cxt 0] Egress port is 0
[08:12:30.452] [bmv2] [D] [thread 3402] [15.0] [cxt 0] Pipeline 'egress': start
[08:12:30.452] [bmv2] [D] [thread 3402] [15.0] [cxt 0] Pipeline 'egress': end
[08:12:30.452] [bmv2] [D] [thread 3402] [15.0] [cxt 0] Deparser 'deparser': start
[08:12:30.452] [bmv2] [T] [thread 3402] [15.0] [cxt 0] Skipping checksum 'cksum' update because condition not met
[08:12:30.452] [bmv2] [D] [thread 3402] [15.0] [cxt 0] Deparsing header 'ethernet'
[08:12:30.452] [bmv2] [D] [thread 3402] [15.0] [cxt 0] Deparser 'deparser': end
[08:12:30.452] [bmv2] [D] [thread 3406] [15.0] [cxt 0] Transmitting packet of size 70 out of port 0
[08:12:36.600] [bmv2] [D] [thread 3401] [16.0] [cxt 0] Processing packet received on port 1
[08:12:36.601] [bmv2] [D] [thread 3401] [16.0] [cxt 0] Parser 'parser': start
[08:12:36.601] [bmv2] [D] [thread 3401] [16.0] [cxt 0] Parser 'parser' entering state 'start'
[08:12:36.601] [bmv2] [D] [thread 3401] [16.0] [cxt 0] Extracting header 'ethernet'
[08:12:36.601] [bmv2] [D] [thread 3401] [16.0] [cxt 0] Parser state 'start': key is 86dd
[08:12:36.601] [bmv2] [T] [thread 3401] [16.0] [cxt 0] Bytes parsed: 14
[08:12:36.601] [bmv2] [D] [thread 3401] [16.0] [cxt 0] Parser 'parser': end
[08:12:36.601] [bmv2] [D] [thread 3401] [16.0] [cxt 0] Pipeline 'ingress': start
[08:12:36.601] [bmv2] [T] [thread 3401] [16.0] [cxt 0] qos.p4(197) Condition "hdr.ipv4.isValid()" (node_2) is false
[08:12:36.601] [bmv2] [D] [thread 3401] [16.0] [cxt 0] Pipeline 'ingress': end
[08:12:36.601] [bmv2] [D] [thread 3401] [16.0] [cxt 0] Egress port is 0
[08:12:36.601] [bmv2] [D] [thread 3402] [16.0] [cxt 0] Pipeline 'egress': start
[08:12:36.602] [bmv2] [D] [thread 3402] [16.0] [cxt 0] Pipeline 'egress': end
[08:12:36.602] [bmv2] [D] [thread 3402] [16.0] [cxt 0] Deparser 'deparser': start
[08:12:36.602] [bmv2] [T] [thread 3402] [16.0] [cxt 0] Skipping checksum 'cksum' update because condition not met
[08:12:36.602] [bmv2] [D] [thread 3402] [16.0] [cxt 0] Deparsing header 'ethernet'
[08:12:36.602] [bmv2] [D] [thread 3402] [16.0] [cxt 0] Deparser 'deparser': end
[08:12:36.602] [bmv2] [D] [thread 3406] [16.0] [cxt 0] Transmitting packet of size 70 out of port 0
[08:12:36.602] [bmv2] [D] [thread 3401] [17.0] [cxt 0] Processing packet received on port 2
[08:12:36.602] [bmv2] [D] [thread 3401] [17.0] [cxt 0] Parser 'parser': start
[08:12:36.602] [bmv2] [D] [thread 3401] [17.0] [cxt 0] Parser 'parser' entering state 'start'
[08:12:36.602] [bmv2] [D] [thread 3401] [17.0] [cxt 0] Extracting header 'ethernet'
[08:12:36.602] [bmv2] [D] [thread 3401] [17.0] [cxt 0] Parser state 'start': key is 86dd
[08:12:36.602] [bmv2] [T] [thread 3401] [17.0] [cxt 0] Bytes parsed: 14
[08:12:36.602] [bmv2] [D] [thread 3401] [17.0] [cxt 0] Parser 'parser': end
[08:12:36.602] [bmv2] [D] [thread 3401] [17.0] [cxt 0] Pipeline 'ingress': start
[08:12:36.603] [bmv2] [T] [thread 3401] [17.0] [cxt 0] qos.p4(197) Condition "hdr.ipv4.isValid()" (node_2) is false
[08:12:36.603] [bmv2] [D] [thread 3401] [17.0] [cxt 0] Pipeline 'ingress': end
[08:12:36.603] [bmv2] [D] [thread 3401] [17.0] [cxt 0] Egress port is 0
[08:12:36.603] [bmv2] [D] [thread 3402] [17.0] [cxt 0] Pipeline 'egress': start
[08:12:36.603] [bmv2] [D] [thread 3402] [17.0] [cxt 0] Pipeline 'egress': end
[08:12:36.603] [bmv2] [D] [thread 3402] [17.0] [cxt 0] Deparser 'deparser': start
[08:12:36.603] [bmv2] [T] [thread 3402] [17.0] [cxt 0] Skipping checksum 'cksum' update because condition not met
[08:12:36.603] [bmv2] [D] [thread 3402] [17.0] [cxt 0] Deparsing header 'ethernet'
[08:12:36.603] [bmv2] [D] [thread 3402] [17.0] [cxt 0] Deparser 'deparser': end
[08:12:36.603] [bmv2] [D] [thread 3406] [17.0] [cxt 0] Transmitting packet of size 70 out of port 0
open: No such file or directory
[08:12:40.682] [bmv2] [D] [thread 3401] [18.0] [cxt 0] Processing packet received on port 3
[08:12:40.682] [bmv2] [D] [thread 3401] [18.0] [cxt 0] Parser 'parser': start
[08:12:40.682] [bmv2] [D] [thread 3401] [18.0] [cxt 0] Parser 'parser' entering state 'start'
[08:12:40.682] [bmv2] [D] [thread 3401] [18.0] [cxt 0] Extracting header 'ethernet'
[08:12:40.682] [bmv2] [D] [thread 3401] [18.0] [cxt 0] Parser state 'start': key is 86dd
[08:12:40.682] [bmv2] [T] [thread 3401] [18.0] [cxt 0] Bytes parsed: 14
[08:12:40.683] [bmv2] [D] [thread 3401] [18.0] [cxt 0] Parser 'parser': end
[08:12:40.683] [bmv2] [D] [thread 3401] [18.0] [cxt 0] Pipeline 'ingress': start
[08:12:40.683] [bmv2] [T] [thread 3401] [18.0] [cxt 0] qos.p4(197) Condition "hdr.ipv4.isValid()" (node_2) is false
[08:12:40.683] [bmv2] [D] [thread 3401] [18.0] [cxt 0] Pipeline 'ingress': end
[08:12:40.683] [bmv2] [D] [thread 3401] [18.0] [cxt 0] Egress port is 0
[08:12:40.683] [bmv2] [D] [thread 3402] [18.0] [cxt 0] Pipeline 'egress': start
[08:12:40.683] [bmv2] [D] [thread 3402] [18.0] [cxt 0] Pipeline 'egress': end
[08:12:40.683] [bmv2] [D] [thread 3402] [18.0] [cxt 0] Deparser 'deparser': start
[08:12:40.683] [bmv2] [T] [thread 3402] [18.0] [cxt 0] Skipping checksum 'cksum' update because condition not met
[08:12:40.683] [bmv2] [D] [thread 3402] [18.0] [cxt 0] Deparsing header 'ethernet'
[08:12:40.683] [bmv2] [D] [thread 3402] [18.0] [cxt 0] Deparser 'deparser': end
[08:12:40.684] [bmv2] [D] [thread 3406] [18.0] [cxt 0] Transmitting packet of size 70 out of port 0
open: No such file or directory
open: No such file or directory
open: No such file or directory
open: No such file or directory
open: No such file or directory
