###[ Ethernet ]### 
  dst       = ff:ff:ff:ff:ff:ff
  src       = 08:00:00:00:01:01
  type      = n_802_1Q
###[ 802.1Q ]### 
     prio      = 2
     id        = 0
     vlan      = 1
     type      = IPv4
###[ IP ]### 
        version   = 4
        ihl       = 6
        tos       = 0x28
        len       = 544
        id        = 1
        flags     = 
        frag      = 0
        ttl       = 64
        proto     = udp
        chksum    = 0xbfa9
        src       = 10.0.1.1
        dst       = 10.0.2.2
        \options   \
         |###[ IP Option ]### 
         |  copy_flag = 1
         |  optclass  = control
         |  option    = 31
         |  length    = 4
         |  value     = '\x01\\xf4'
###[ UDP ]### 
           sport     = 1234
           dport     = 4321
           len       = 520
           chksum    = 0x8de7
###[ Raw ]### 
              load      = 'AAAAAAAAAAAAAAAAAAAAAAAAAAAAAAAAAAAAAAAAAAAAAAAAAAAAAAAAAAAAAAAAAAAAAAAAAAAAAAAAAAAAAAAAAAAAAAAAAAAAAAAAAAAAAAAAAAAAAAAAAAAAAAAAAAAAAAAAAAAAAAAAAAAAAAAAAAAAAAAAAAAAAAAAAAAAAAAAAAAAAAAAAAAAAAAAAAAAAAAAAAAAAAAAAAAAAAAAAAAAAAAAAAAAAAAAAAAAAAAAAAAAAAAAAAAAAAAAAAAAAAAAAAAAAAAAAAAAAAAAAAAAAAAAAAAAAAAAAAAAAAAAAAAAAAAAAAAAAAAAAAAAAAAAAAAAAAAAAAAAAAAAAAAAAAAAAAAAAAAAAAAAAAAAAAAAAAAAAAAAAAAAAAAAAAAAAAAAAAAAAAAAAAAAAAAAAAAAAAAAAAAAAAAAAAAAAAAAAAAAAAAAAAAAAAAAAAAAAAAAAAAAAAAAAAAAAAAAAAAAAAAAAAAAAAAAAAAAAAAAAAAAAAAAAAAA'

Sending packets to 10.0.2.2 for 1 seconds with link_qos 500, DSCP 10, PCP 2...
Packet sent at 0.02 seconds.
Packet sent at 0.04 seconds.
Packet sent at 0.06 seconds.
Packet sent at 0.08 seconds.
Packet sent at 0.09 seconds.
Packet sent at 0.11 seconds.
Packet sent at 0.14 seconds.
Packet sent at 0.16 seconds.
Packet sent at 0.18 seconds.
Packet sent at 0.20 seconds.
Packet sent at 0.22 seconds.
Packet sent at 0.24 seconds.
Packet sent at 0.26 seconds.
Packet sent at 0.28 seconds.
Packet sent at 0.30 seconds.
Packet sent at 0.32 seconds.
Packet sent at 0.34 seconds.
Packet sent at 0.37 seconds.
Packet sent at 0.39 seconds.
Packet sent at 0.41 seconds.
Packet sent at 0.43 seconds.
Packet sent at 0.45 seconds.
Packet sent at 0.47 seconds.
Packet sent at 0.49 seconds.
Packet sent at 0.51 seconds.
Packet sent at 0.53 seconds.
Packet sent at 0.55 seconds.
Packet sent at 0.56 seconds.
Packet sent at 0.58 seconds.
Packet sent at 0.60 seconds.
Packet sent at 0.62 seconds.
Packet sent at 0.64 seconds.
Packet sent at 0.66 seconds.
Packet sent at 0.68 seconds.
Packet sent at 0.70 seconds.
Packet sent at 0.71 seconds.
Packet sent at 0.73 seconds.
Packet sent at 0.76 seconds.
Packet sent at 0.77 seconds.
Packet sent at 0.80 seconds.
Packet sent at 0.82 seconds.
Packet sent at 0.83 seconds.
Packet sent at 0.85 seconds.
Packet sent at 0.87 seconds.
Packet sent at 0.89 seconds.
Packet sent at 0.91 seconds.
Packet sent at 0.92 seconds.
Packet sent at 0.94 seconds.
Packet sent at 0.96 seconds.
Packet sent at 0.98 seconds.
Packet sent at 1.00 seconds.
Packet sending completed.
