###[ Ethernet ]### 
  dst       = ff:ff:ff:ff:ff:ff
  src       = 08:00:00:00:01:01
  type      = n_802_1Q
###[ 802.1Q ]### 
     prio      = 2
     id        = 0
     vlan      = 1
     type      = IPv4
###[ IP ]### 
        version   = 4
        ihl       = 5
        tos       = 0x28
        len       = 540
        id        = 1
        flags     = 
        frag      = 0
        ttl       = 64
        proto     = udp
        chksum    = 0x61a6
        src       = 10.0.1.1
        dst       = 10.0.2.2
        \options   \
###[ UDP ]### 
           sport     = 1234
           dport     = 4321
           len       = 520
           chksum    = 0x8de7
###[ Raw ]### 
              load      = 'AAAAAAAAAAAAAAAAAAAAAAAAAAAAAAAAAAAAAAAAAAAAAAAAAAAAAAAAAAAAAAAAAAAAAAAAAAAAAAAAAAAAAAAAAAAAAAAAAAAAAAAAAAAAAAAAAAAAAAAAAAAAAAAAAAAAAAAAAAAAAAAAAAAAAAAAAAAAAAAAAAAAAAAAAAAAAAAAAAAAAAAAAAAAAAAAAAAAAAAAAAAAAAAAAAAAAAAAAAAAAAAAAAAAAAAAAAAAAAAAAAAAAAAAAAAAAAAAAAAAAAAAAAAAAAAAAAAAAAAAAAAAAAAAAAAAAAAAAAAAAAAAAAAAAAAAAAAAAAAAAAAAAAAAAAAAAAAAAAAAAAAAAAAAAAAAAAAAAAAAAAAAAAAAAAAAAAAAAAAAAAAAAAAAAAAAAAAAAAAAAAAAAAAAAAAAAAAAAAAAAAAAAAAAAAAAAAAAAAAAAAAAAAAAAAAAAAAAAAAAAAAAAAAAAAAAAAAAAAAAAAAAAAAAAAAAAAAAAAAAAAAAAAAAAAAA'

Sending packets to 10.0.2.2 for 1 seconds with DSCP 10, PCP 2...
Packet sent at 0.03 seconds.
Packet sent at 0.05 seconds.
Packet sent at 0.06 seconds.
Packet sent at 0.08 seconds.
Packet sent at 0.10 seconds.
Packet sent at 0.11 seconds.
Packet sent at 0.13 seconds.
Packet sent at 0.15 seconds.
Packet sent at 0.17 seconds.
Packet sent at 0.18 seconds.
Packet sent at 0.20 seconds.
Packet sent at 0.21 seconds.
Packet sent at 0.23 seconds.
Packet sent at 0.25 seconds.
Packet sent at 0.27 seconds.
Packet sent at 0.29 seconds.
Packet sent at 0.30 seconds.
Packet sent at 0.32 seconds.
Packet sent at 0.33 seconds.
Packet sent at 0.35 seconds.
Packet sent at 0.37 seconds.
Packet sent at 0.38 seconds.
Packet sent at 0.40 seconds.
Packet sent at 0.42 seconds.
Packet sent at 0.44 seconds.
Packet sent at 0.46 seconds.
Packet sent at 0.48 seconds.
Packet sent at 0.50 seconds.
Packet sent at 0.52 seconds.
Packet sent at 0.54 seconds.
Packet sent at 0.55 seconds.
Packet sent at 0.58 seconds.
Packet sent at 0.59 seconds.
Packet sent at 0.61 seconds.
Packet sent at 0.62 seconds.
Packet sent at 0.64 seconds.
Packet sent at 0.66 seconds.
Packet sent at 0.67 seconds.
Packet sent at 0.69 seconds.
Packet sent at 0.71 seconds.
Packet sent at 0.72 seconds.
Packet sent at 0.74 seconds.
Packet sent at 0.76 seconds.
Packet sent at 0.78 seconds.
Packet sent at 0.79 seconds.
Packet sent at 0.81 seconds.
Packet sent at 0.83 seconds.
Packet sent at 0.85 seconds.
Packet sent at 0.87 seconds.
Packet sent at 0.89 seconds.
Packet sent at 0.90 seconds.
Packet sent at 0.92 seconds.
Packet sent at 0.94 seconds.
Packet sent at 0.96 seconds.
Packet sent at 0.99 seconds.
Packet sent at 1.00 seconds.
Packet sending completed.
