Calling target program-options parser
[22:08:00.071] [bmv2] [D] [thread 5079] Set default default entry for table 'tbl_qos199': qos199 - 
[22:08:00.071] [bmv2] [D] [thread 5079] Set default default entry for table 'MyIngress.ipv4_lpm': NoAction - 
Adding interface s3-eth1 as port 1
[22:08:00.072] [bmv2] [D] [thread 5079] Adding interface s3-eth1 as port 1
Adding interface s3-eth2 as port 2
[22:08:00.087] [bmv2] [D] [thread 5079] Adding interface s3-eth2 as port 2
Adding interface s3-eth3 as port 3
[22:08:00.095] [bmv2] [D] [thread 5079] Adding interface s3-eth3 as port 3
Server listening on 0.0.0.0:50053
[22:08:00.105] [bmv2] [I] [thread 5079] Starting Thrift server on port 9092
[22:08:00.111] [bmv2] [I] [thread 5079] Thrift server was started
[22:08:02.014] [bmv2] [W] [thread 5133] [P4Runtime] p4::tmp::P4DeviceConfig is deprecated
[22:08:02.023] [bmv2] [D] [thread 5133] Set default default entry for table 'tbl_qos199': qos199 - 
[22:08:02.023] [bmv2] [D] [thread 5133] Set default default entry for table 'MyIngress.ipv4_lpm': NoAction - 
[22:08:02.030] [bmv2] [D] [thread 5133] simple_switch target has been notified of a config swap
[22:08:02.038] [bmv2] [D] [thread 5134] Entry 0 added to table 'MyIngress.ipv4_lpm'
[22:08:02.038] [bmv2] [D] [thread 5134] Dumping entry 0
Match key:
* hdr.ipv4.dstAddr    : LPM       0a000303/32
Action entry: MyIngress.ipv4_forward - 80000000303,1,

[22:08:02.048] [bmv2] [D] [thread 5134] Entry 1 added to table 'MyIngress.ipv4_lpm'
[22:08:02.048] [bmv2] [D] [thread 5134] Dumping entry 1
Match key:
* hdr.ipv4.dstAddr    : LPM       0a000100/24
Action entry: MyIngress.ipv4_forward - 80000000100,2,

[22:08:02.058] [bmv2] [D] [thread 5134] Entry 2 added to table 'MyIngress.ipv4_lpm'
[22:08:02.058] [bmv2] [D] [thread 5134] Dumping entry 2
Match key:
* hdr.ipv4.dstAddr    : LPM       0a000200/24
Action entry: MyIngress.ipv4_forward - 80000000200,3,

[22:08:03.011] [bmv2] [D] [thread 5089] [0.0] [cxt 0] Processing packet received on port 1
[22:08:03.012] [bmv2] [D] [thread 5089] [0.0] [cxt 0] Parser 'parser': start
[22:08:03.012] [bmv2] [D] [thread 5089] [0.0] [cxt 0] Parser 'parser' entering state 'start'
[22:08:03.012] [bmv2] [D] [thread 5089] [0.0] [cxt 0] Extracting header 'ethernet'
[22:08:03.012] [bmv2] [D] [thread 5089] [0.0] [cxt 0] Parser state 'start': key is 86dd
[22:08:03.012] [bmv2] [T] [thread 5089] [0.0] [cxt 0] Bytes parsed: 14
[22:08:03.012] [bmv2] [D] [thread 5089] [0.0] [cxt 0] Parser 'parser': end
[22:08:03.012] [bmv2] [D] [thread 5089] [0.0] [cxt 0] Pipeline 'ingress': start
[22:08:03.012] [bmv2] [T] [thread 5089] [0.0] [cxt 0] qos.p4(197) Condition "hdr.ipv4.isValid()" (node_2) is false
[22:08:03.012] [bmv2] [D] [thread 5089] [0.0] [cxt 0] Pipeline 'ingress': end
[22:08:03.012] [bmv2] [D] [thread 5089] [0.0] [cxt 0] Egress port is 0
[22:08:03.013] [bmv2] [D] [thread 5090] [0.0] [cxt 0] Pipeline 'egress': start
[22:08:03.013] [bmv2] [D] [thread 5090] [0.0] [cxt 0] Pipeline 'egress': end
[22:08:03.013] [bmv2] [D] [thread 5090] [0.0] [cxt 0] Deparser 'deparser': start
[22:08:03.013] [bmv2] [T] [thread 5090] [0.0] [cxt 0] Skipping checksum 'cksum' update because condition not met
[22:08:03.013] [bmv2] [D] [thread 5090] [0.0] [cxt 0] Deparsing header 'ethernet'
[22:08:03.013] [bmv2] [D] [thread 5090] [0.0] [cxt 0] Deparser 'deparser': end
[22:08:03.013] [bmv2] [D] [thread 5094] [0.0] [cxt 0] Transmitting packet of size 70 out of port 0
[22:08:03.019] [bmv2] [D] [thread 5089] [1.0] [cxt 0] Processing packet received on port 2
[22:08:03.019] [bmv2] [D] [thread 5089] [1.0] [cxt 0] Parser 'parser': start
[22:08:03.019] [bmv2] [D] [thread 5089] [1.0] [cxt 0] Parser 'parser' entering state 'start'
[22:08:03.019] [bmv2] [D] [thread 5089] [1.0] [cxt 0] Extracting header 'ethernet'
[22:08:03.019] [bmv2] [D] [thread 5089] [1.0] [cxt 0] Parser state 'start': key is 86dd
[22:08:03.019] [bmv2] [T] [thread 5089] [1.0] [cxt 0] Bytes parsed: 14
[22:08:03.019] [bmv2] [D] [thread 5089] [1.0] [cxt 0] Parser 'parser': end
[22:08:03.019] [bmv2] [D] [thread 5089] [1.0] [cxt 0] Pipeline 'ingress': start
[22:08:03.019] [bmv2] [T] [thread 5089] [1.0] [cxt 0] qos.p4(197) Condition "hdr.ipv4.isValid()" (node_2) is false
[22:08:03.019] [bmv2] [D] [thread 5089] [1.0] [cxt 0] Pipeline 'ingress': end
[22:08:03.020] [bmv2] [D] [thread 5089] [1.0] [cxt 0] Egress port is 0
[22:08:03.020] [bmv2] [D] [thread 5090] [1.0] [cxt 0] Pipeline 'egress': start
[22:08:03.020] [bmv2] [D] [thread 5090] [1.0] [cxt 0] Pipeline 'egress': end
[22:08:03.020] [bmv2] [D] [thread 5090] [1.0] [cxt 0] Deparser 'deparser': start
[22:08:03.020] [bmv2] [T] [thread 5090] [1.0] [cxt 0] Skipping checksum 'cksum' update because condition not met
[22:08:03.020] [bmv2] [D] [thread 5090] [1.0] [cxt 0] Deparsing header 'ethernet'
[22:08:03.020] [bmv2] [D] [thread 5090] [1.0] [cxt 0] Deparser 'deparser': end
[22:08:03.020] [bmv2] [D] [thread 5094] [1.0] [cxt 0] Transmitting packet of size 70 out of port 0
[22:08:03.020] [bmv2] [D] [thread 5089] [2.0] [cxt 0] Processing packet received on port 3
[22:08:03.021] [bmv2] [D] [thread 5089] [2.0] [cxt 0] Parser 'parser': start
[22:08:03.021] [bmv2] [D] [thread 5089] [2.0] [cxt 0] Parser 'parser' entering state 'start'
[22:08:03.021] [bmv2] [D] [thread 5089] [2.0] [cxt 0] Extracting header 'ethernet'
[22:08:03.021] [bmv2] [D] [thread 5089] [2.0] [cxt 0] Parser state 'start': key is 86dd
[22:08:03.021] [bmv2] [T] [thread 5089] [2.0] [cxt 0] Bytes parsed: 14
[22:08:03.021] [bmv2] [D] [thread 5089] [2.0] [cxt 0] Parser 'parser': end
[22:08:03.021] [bmv2] [D] [thread 5089] [2.0] [cxt 0] Pipeline 'ingress': start
[22:08:03.021] [bmv2] [T] [thread 5089] [2.0] [cxt 0] qos.p4(197) Condition "hdr.ipv4.isValid()" (node_2) is false
[22:08:03.021] [bmv2] [D] [thread 5089] [2.0] [cxt 0] Pipeline 'ingress': end
[22:08:03.021] [bmv2] [D] [thread 5089] [2.0] [cxt 0] Egress port is 0
[22:08:03.021] [bmv2] [D] [thread 5090] [2.0] [cxt 0] Pipeline 'egress': start
[22:08:03.021] [bmv2] [D] [thread 5090] [2.0] [cxt 0] Pipeline 'egress': end
[22:08:03.021] [bmv2] [D] [thread 5090] [2.0] [cxt 0] Deparser 'deparser': start
[22:08:03.021] [bmv2] [T] [thread 5090] [2.0] [cxt 0] Skipping checksum 'cksum' update because condition not met
[22:08:03.021] [bmv2] [D] [thread 5090] [2.0] [cxt 0] Deparsing header 'ethernet'
[22:08:03.021] [bmv2] [D] [thread 5090] [2.0] [cxt 0] Deparser 'deparser': end
[22:08:03.021] [bmv2] [D] [thread 5094] [2.0] [cxt 0] Transmitting packet of size 70 out of port 0
[22:08:03.022] [bmv2] [D] [thread 5089] [3.0] [cxt 0] Processing packet received on port 2
[22:08:03.022] [bmv2] [D] [thread 5089] [3.0] [cxt 0] Parser 'parser': start
[22:08:03.022] [bmv2] [D] [thread 5089] [3.0] [cxt 0] Parser 'parser' entering state 'start'
[22:08:03.022] [bmv2] [D] [thread 5089] [3.0] [cxt 0] Extracting header 'ethernet'
[22:08:03.023] [bmv2] [D] [thread 5089] [3.0] [cxt 0] Parser state 'start': key is 86dd
[22:08:03.023] [bmv2] [T] [thread 5089] [3.0] [cxt 0] Bytes parsed: 14
[22:08:03.023] [bmv2] [D] [thread 5089] [3.0] [cxt 0] Parser 'parser': end
[22:08:03.023] [bmv2] [D] [thread 5089] [3.0] [cxt 0] Pipeline 'ingress': start
[22:08:03.023] [bmv2] [T] [thread 5089] [3.0] [cxt 0] qos.p4(197) Condition "hdr.ipv4.isValid()" (node_2) is false
[22:08:03.023] [bmv2] [D] [thread 5089] [3.0] [cxt 0] Pipeline 'ingress': end
[22:08:03.023] [bmv2] [D] [thread 5089] [3.0] [cxt 0] Egress port is 0
[22:08:03.023] [bmv2] [D] [thread 5090] [3.0] [cxt 0] Pipeline 'egress': start
[22:08:03.023] [bmv2] [D] [thread 5090] [3.0] [cxt 0] Pipeline 'egress': end
[22:08:03.023] [bmv2] [D] [thread 5090] [3.0] [cxt 0] Deparser 'deparser': start
[22:08:03.023] [bmv2] [T] [thread 5090] [3.0] [cxt 0] Skipping checksum 'cksum' update because condition not met
[22:08:03.023] [bmv2] [D] [thread 5090] [3.0] [cxt 0] Deparsing header 'ethernet'
[22:08:03.023] [bmv2] [D] [thread 5090] [3.0] [cxt 0] Deparser 'deparser': end
[22:08:03.023] [bmv2] [D] [thread 5094] [3.0] [cxt 0] Transmitting packet of size 70 out of port 0
[22:08:03.255] [bmv2] [D] [thread 5089] [4.0] [cxt 0] Processing packet received on port 3
[22:08:03.255] [bmv2] [D] [thread 5089] [4.0] [cxt 0] Parser 'parser': start
[22:08:03.255] [bmv2] [D] [thread 5089] [4.0] [cxt 0] Parser 'parser' entering state 'start'
[22:08:03.255] [bmv2] [D] [thread 5089] [4.0] [cxt 0] Extracting header 'ethernet'
[22:08:03.255] [bmv2] [D] [thread 5089] [4.0] [cxt 0] Parser state 'start': key is 86dd
[22:08:03.255] [bmv2] [T] [thread 5089] [4.0] [cxt 0] Bytes parsed: 14
[22:08:03.255] [bmv2] [D] [thread 5089] [4.0] [cxt 0] Parser 'parser': end
[22:08:03.255] [bmv2] [D] [thread 5089] [4.0] [cxt 0] Pipeline 'ingress': start
[22:08:03.255] [bmv2] [T] [thread 5089] [4.0] [cxt 0] qos.p4(197) Condition "hdr.ipv4.isValid()" (node_2) is false
[22:08:03.255] [bmv2] [D] [thread 5089] [4.0] [cxt 0] Pipeline 'ingress': end
[22:08:03.255] [bmv2] [D] [thread 5089] [4.0] [cxt 0] Egress port is 0
[22:08:03.255] [bmv2] [D] [thread 5090] [4.0] [cxt 0] Pipeline 'egress': start
[22:08:03.255] [bmv2] [D] [thread 5090] [4.0] [cxt 0] Pipeline 'egress': end
[22:08:03.255] [bmv2] [D] [thread 5090] [4.0] [cxt 0] Deparser 'deparser': start
[22:08:03.255] [bmv2] [T] [thread 5090] [4.0] [cxt 0] Skipping checksum 'cksum' update because condition not met
[22:08:03.255] [bmv2] [D] [thread 5090] [4.0] [cxt 0] Deparsing header 'ethernet'
[22:08:03.255] [bmv2] [D] [thread 5090] [4.0] [cxt 0] Deparser 'deparser': end
[22:08:03.255] [bmv2] [D] [thread 5094] [4.0] [cxt 0] Transmitting packet of size 70 out of port 0
[22:08:10.423] [bmv2] [D] [thread 5089] [5.0] [cxt 0] Processing packet received on port 2
[22:08:10.427] [bmv2] [D] [thread 5089] [5.0] [cxt 0] Parser 'parser': start
[22:08:10.427] [bmv2] [D] [thread 5089] [5.0] [cxt 0] Parser 'parser' entering state 'start'
[22:08:10.427] [bmv2] [D] [thread 5089] [5.0] [cxt 0] Extracting header 'ethernet'
[22:08:10.427] [bmv2] [D] [thread 5089] [5.0] [cxt 0] Parser state 'start': key is 86dd
[22:08:10.427] [bmv2] [T] [thread 5089] [5.0] [cxt 0] Bytes parsed: 14
[22:08:10.427] [bmv2] [D] [thread 5089] [5.0] [cxt 0] Parser 'parser': end
[22:08:10.428] [bmv2] [D] [thread 5089] [5.0] [cxt 0] Pipeline 'ingress': start
[22:08:10.428] [bmv2] [T] [thread 5089] [5.0] [cxt 0] qos.p4(197) Condition "hdr.ipv4.isValid()" (node_2) is false
[22:08:10.428] [bmv2] [D] [thread 5089] [5.0] [cxt 0] Pipeline 'ingress': end
[22:08:10.428] [bmv2] [D] [thread 5089] [5.0] [cxt 0] Egress port is 0
[22:08:10.431] [bmv2] [D] [thread 5090] [5.0] [cxt 0] Pipeline 'egress': start
[22:08:10.431] [bmv2] [D] [thread 5090] [5.0] [cxt 0] Pipeline 'egress': end
[22:08:10.431] [bmv2] [D] [thread 5090] [5.0] [cxt 0] Deparser 'deparser': start
[22:08:10.431] [bmv2] [T] [thread 5090] [5.0] [cxt 0] Skipping checksum 'cksum' update because condition not met
[22:08:10.431] [bmv2] [D] [thread 5090] [5.0] [cxt 0] Deparsing header 'ethernet'
[22:08:10.431] [bmv2] [D] [thread 5090] [5.0] [cxt 0] Deparser 'deparser': end
[22:08:10.431] [bmv2] [D] [thread 5094] [5.0] [cxt 0] Transmitting packet of size 70 out of port 0
[22:08:11.450] [bmv2] [D] [thread 5089] [6.0] [cxt 0] Processing packet received on port 1
[22:08:11.450] [bmv2] [D] [thread 5089] [6.0] [cxt 0] Parser 'parser': start
[22:08:11.450] [bmv2] [D] [thread 5089] [6.0] [cxt 0] Parser 'parser' entering state 'start'
[22:08:11.450] [bmv2] [D] [thread 5089] [6.0] [cxt 0] Extracting header 'ethernet'
[22:08:11.450] [bmv2] [D] [thread 5089] [6.0] [cxt 0] Parser state 'start': key is 86dd
[22:08:11.450] [bmv2] [T] [thread 5089] [6.0] [cxt 0] Bytes parsed: 14
[22:08:11.450] [bmv2] [D] [thread 5089] [6.0] [cxt 0] Parser 'parser': end
[22:08:11.450] [bmv2] [D] [thread 5089] [6.0] [cxt 0] Pipeline 'ingress': start
[22:08:11.450] [bmv2] [T] [thread 5089] [6.0] [cxt 0] qos.p4(197) Condition "hdr.ipv4.isValid()" (node_2) is false
[22:08:11.450] [bmv2] [D] [thread 5089] [6.0] [cxt 0] Pipeline 'ingress': end
[22:08:11.450] [bmv2] [D] [thread 5089] [6.0] [cxt 0] Egress port is 0
[22:08:11.450] [bmv2] [D] [thread 5089] [7.0] [cxt 0] Processing packet received on port 2
[22:08:11.450] [bmv2] [D] [thread 5089] [7.0] [cxt 0] Parser 'parser': start
[22:08:11.451] [bmv2] [D] [thread 5089] [7.0] [cxt 0] Parser 'parser' entering state 'start'
[22:08:11.451] [bmv2] [D] [thread 5089] [7.0] [cxt 0] Extracting header 'ethernet'
[22:08:11.451] [bmv2] [D] [thread 5089] [7.0] [cxt 0] Parser state 'start': key is 86dd
[22:08:11.451] [bmv2] [T] [thread 5089] [7.0] [cxt 0] Bytes parsed: 14
[22:08:11.451] [bmv2] [D] [thread 5089] [7.0] [cxt 0] Parser 'parser': end
[22:08:11.451] [bmv2] [D] [thread 5089] [7.0] [cxt 0] Pipeline 'ingress': start
[22:08:11.451] [bmv2] [T] [thread 5089] [7.0] [cxt 0] qos.p4(197) Condition "hdr.ipv4.isValid()" (node_2) is false
[22:08:11.451] [bmv2] [D] [thread 5089] [7.0] [cxt 0] Pipeline 'ingress': end
[22:08:11.451] [bmv2] [D] [thread 5089] [7.0] [cxt 0] Egress port is 0
[22:08:11.451] [bmv2] [D] [thread 5089] [8.0] [cxt 0] Processing packet received on port 3
[22:08:11.451] [bmv2] [D] [thread 5089] [8.0] [cxt 0] Parser 'parser': start
[22:08:11.451] [bmv2] [D] [thread 5089] [8.0] [cxt 0] Parser 'parser' entering state 'start'
[22:08:11.451] [bmv2] [D] [thread 5089] [8.0] [cxt 0] Extracting header 'ethernet'
[22:08:11.451] [bmv2] [D] [thread 5089] [8.0] [cxt 0] Parser state 'start': key is 86dd
[22:08:11.451] [bmv2] [T] [thread 5089] [8.0] [cxt 0] Bytes parsed: 14
[22:08:11.451] [bmv2] [D] [thread 5089] [8.0] [cxt 0] Parser 'parser': end
[22:08:11.451] [bmv2] [D] [thread 5089] [8.0] [cxt 0] Pipeline 'ingress': start
[22:08:11.451] [bmv2] [T] [thread 5089] [8.0] [cxt 0] qos.p4(197) Condition "hdr.ipv4.isValid()" (node_2) is false
[22:08:11.451] [bmv2] [D] [thread 5089] [8.0] [cxt 0] Pipeline 'ingress': end
[22:08:11.451] [bmv2] [D] [thread 5089] [8.0] [cxt 0] Egress port is 0
[22:08:11.451] [bmv2] [D] [thread 5089] [9.0] [cxt 0] Processing packet received on port 3
[22:08:11.451] [bmv2] [D] [thread 5089] [9.0] [cxt 0] Parser 'parser': start
[22:08:11.451] [bmv2] [D] [thread 5089] [9.0] [cxt 0] Parser 'parser' entering state 'start'
[22:08:11.451] [bmv2] [D] [thread 5089] [9.0] [cxt 0] Extracting header 'ethernet'
[22:08:11.452] [bmv2] [D] [thread 5089] [9.0] [cxt 0] Parser state 'start': key is 86dd
[22:08:11.452] [bmv2] [T] [thread 5089] [9.0] [cxt 0] Bytes parsed: 14
[22:08:11.452] [bmv2] [D] [thread 5089] [9.0] [cxt 0] Parser 'parser': end
[22:08:11.452] [bmv2] [D] [thread 5089] [9.0] [cxt 0] Pipeline 'ingress': start
[22:08:11.452] [bmv2] [T] [thread 5089] [9.0] [cxt 0] qos.p4(197) Condition "hdr.ipv4.isValid()" (node_2) is false
[22:08:11.452] [bmv2] [D] [thread 5089] [9.0] [cxt 0] Pipeline 'ingress': end
[22:08:11.452] [bmv2] [D] [thread 5089] [9.0] [cxt 0] Egress port is 0
[22:08:11.452] [bmv2] [D] [thread 5090] [6.0] [cxt 0] Pipeline 'egress': start
[22:08:11.452] [bmv2] [D] [thread 5090] [6.0] [cxt 0] Pipeline 'egress': end
[22:08:11.452] [bmv2] [D] [thread 5090] [6.0] [cxt 0] Deparser 'deparser': start
[22:08:11.452] [bmv2] [T] [thread 5090] [6.0] [cxt 0] Skipping checksum 'cksum' update because condition not met
[22:08:11.452] [bmv2] [D] [thread 5090] [6.0] [cxt 0] Deparsing header 'ethernet'
[22:08:11.452] [bmv2] [D] [thread 5090] [6.0] [cxt 0] Deparser 'deparser': end
[22:08:11.453] [bmv2] [D] [thread 5090] [7.0] [cxt 0] Pipeline 'egress': start
[22:08:11.453] [bmv2] [D] [thread 5090] [7.0] [cxt 0] Pipeline 'egress': end
[22:08:11.453] [bmv2] [D] [thread 5090] [7.0] [cxt 0] Deparser 'deparser': start
[22:08:11.453] [bmv2] [T] [thread 5090] [7.0] [cxt 0] Skipping checksum 'cksum' update because condition not met
[22:08:11.453] [bmv2] [D] [thread 5090] [7.0] [cxt 0] Deparsing header 'ethernet'
[22:08:11.453] [bmv2] [D] [thread 5090] [7.0] [cxt 0] Deparser 'deparser': end
[22:08:11.453] [bmv2] [D] [thread 5090] [8.0] [cxt 0] Pipeline 'egress': start
[22:08:11.453] [bmv2] [D] [thread 5090] [8.0] [cxt 0] Pipeline 'egress': end
[22:08:11.453] [bmv2] [D] [thread 5090] [8.0] [cxt 0] Deparser 'deparser': start
[22:08:11.453] [bmv2] [T] [thread 5090] [8.0] [cxt 0] Skipping checksum 'cksum' update because condition not met
[22:08:11.453] [bmv2] [D] [thread 5090] [8.0] [cxt 0] Deparsing header 'ethernet'
[22:08:11.453] [bmv2] [D] [thread 5090] [8.0] [cxt 0] Deparser 'deparser': end
[22:08:11.453] [bmv2] [D] [thread 5090] [9.0] [cxt 0] Pipeline 'egress': start
[22:08:11.453] [bmv2] [D] [thread 5090] [9.0] [cxt 0] Pipeline 'egress': end
[22:08:11.453] [bmv2] [D] [thread 5090] [9.0] [cxt 0] Deparser 'deparser': start
[22:08:11.453] [bmv2] [T] [thread 5090] [9.0] [cxt 0] Skipping checksum 'cksum' update because condition not met
[22:08:11.453] [bmv2] [D] [thread 5090] [9.0] [cxt 0] Deparsing header 'ethernet'
[22:08:11.453] [bmv2] [D] [thread 5090] [9.0] [cxt 0] Deparser 'deparser': end
[22:08:11.453] [bmv2] [D] [thread 5094] [6.0] [cxt 0] Transmitting packet of size 70 out of port 0
[22:08:11.453] [bmv2] [D] [thread 5094] [7.0] [cxt 0] Transmitting packet of size 70 out of port 0
[22:08:11.453] [bmv2] [D] [thread 5094] [8.0] [cxt 0] Transmitting packet of size 70 out of port 0
[22:08:11.453] [bmv2] [D] [thread 5094] [9.0] [cxt 0] Transmitting packet of size 70 out of port 0
[22:08:25.538] [bmv2] [D] [thread 5089] [10.0] [cxt 0] Processing packet received on port 2
[22:08:25.538] [bmv2] [D] [thread 5089] [10.0] [cxt 0] Parser 'parser': start
[22:08:25.538] [bmv2] [D] [thread 5089] [10.0] [cxt 0] Parser 'parser' entering state 'start'
[22:08:25.538] [bmv2] [D] [thread 5089] [10.0] [cxt 0] Extracting header 'ethernet'
[22:08:25.538] [bmv2] [D] [thread 5089] [10.0] [cxt 0] Parser state 'start': key is 86dd
[22:08:25.538] [bmv2] [T] [thread 5089] [10.0] [cxt 0] Bytes parsed: 14
[22:08:25.538] [bmv2] [D] [thread 5089] [10.0] [cxt 0] Parser 'parser': end
[22:08:25.538] [bmv2] [D] [thread 5089] [10.0] [cxt 0] Pipeline 'ingress': start
[22:08:25.538] [bmv2] [T] [thread 5089] [10.0] [cxt 0] qos.p4(197) Condition "hdr.ipv4.isValid()" (node_2) is false
[22:08:25.538] [bmv2] [D] [thread 5089] [10.0] [cxt 0] Pipeline 'ingress': end
[22:08:25.538] [bmv2] [D] [thread 5089] [10.0] [cxt 0] Egress port is 0
[22:08:25.539] [bmv2] [D] [thread 5090] [10.0] [cxt 0] Pipeline 'egress': start
[22:08:25.539] [bmv2] [D] [thread 5090] [10.0] [cxt 0] Pipeline 'egress': end
[22:08:25.539] [bmv2] [D] [thread 5090] [10.0] [cxt 0] Deparser 'deparser': start
[22:08:25.539] [bmv2] [T] [thread 5090] [10.0] [cxt 0] Skipping checksum 'cksum' update because condition not met
[22:08:25.539] [bmv2] [D] [thread 5090] [10.0] [cxt 0] Deparsing header 'ethernet'
[22:08:25.539] [bmv2] [D] [thread 5090] [10.0] [cxt 0] Deparser 'deparser': end
[22:08:25.539] [bmv2] [D] [thread 5094] [10.0] [cxt 0] Transmitting packet of size 70 out of port 0
[22:08:29.624] [bmv2] [D] [thread 5089] [11.0] [cxt 0] Processing packet received on port 1
[22:08:29.624] [bmv2] [D] [thread 5089] [11.0] [cxt 0] Parser 'parser': start
[22:08:29.624] [bmv2] [D] [thread 5089] [11.0] [cxt 0] Parser 'parser' entering state 'start'
[22:08:29.624] [bmv2] [D] [thread 5089] [11.0] [cxt 0] Extracting header 'ethernet'
[22:08:29.625] [bmv2] [D] [thread 5089] [11.0] [cxt 0] Parser state 'start': key is 86dd
[22:08:29.625] [bmv2] [T] [thread 5089] [11.0] [cxt 0] Bytes parsed: 14
[22:08:29.625] [bmv2] [D] [thread 5089] [11.0] [cxt 0] Parser 'parser': end
[22:08:29.625] [bmv2] [D] [thread 5089] [11.0] [cxt 0] Pipeline 'ingress': start
[22:08:29.625] [bmv2] [T] [thread 5089] [11.0] [cxt 0] qos.p4(197) Condition "hdr.ipv4.isValid()" (node_2) is false
[22:08:29.625] [bmv2] [D] [thread 5089] [11.0] [cxt 0] Pipeline 'ingress': end
[22:08:29.625] [bmv2] [D] [thread 5089] [11.0] [cxt 0] Egress port is 0
[22:08:29.625] [bmv2] [D] [thread 5089] [12.0] [cxt 0] Processing packet received on port 2
[22:08:29.625] [bmv2] [D] [thread 5089] [12.0] [cxt 0] Parser 'parser': start
[22:08:29.625] [bmv2] [D] [thread 5089] [12.0] [cxt 0] Parser 'parser' entering state 'start'
[22:08:29.625] [bmv2] [D] [thread 5089] [12.0] [cxt 0] Extracting header 'ethernet'
[22:08:29.625] [bmv2] [D] [thread 5089] [12.0] [cxt 0] Parser state 'start': key is 86dd
[22:08:29.625] [bmv2] [T] [thread 5089] [12.0] [cxt 0] Bytes parsed: 14
[22:08:29.625] [bmv2] [D] [thread 5089] [12.0] [cxt 0] Parser 'parser': end
[22:08:29.625] [bmv2] [D] [thread 5089] [12.0] [cxt 0] Pipeline 'ingress': start
[22:08:29.625] [bmv2] [T] [thread 5089] [12.0] [cxt 0] qos.p4(197) Condition "hdr.ipv4.isValid()" (node_2) is false
[22:08:29.626] [bmv2] [D] [thread 5089] [12.0] [cxt 0] Pipeline 'ingress': end
[22:08:29.626] [bmv2] [D] [thread 5089] [12.0] [cxt 0] Egress port is 0
[22:08:29.626] [bmv2] [D] [thread 5089] [13.0] [cxt 0] Processing packet received on port 3
[22:08:29.626] [bmv2] [D] [thread 5089] [13.0] [cxt 0] Parser 'parser': start
[22:08:29.626] [bmv2] [D] [thread 5089] [13.0] [cxt 0] Parser 'parser' entering state 'start'
[22:08:29.626] [bmv2] [D] [thread 5089] [13.0] [cxt 0] Extracting header 'ethernet'
[22:08:29.626] [bmv2] [D] [thread 5089] [13.0] [cxt 0] Parser state 'start': key is 86dd
[22:08:29.626] [bmv2] [T] [thread 5089] [13.0] [cxt 0] Bytes parsed: 14
[22:08:29.626] [bmv2] [D] [thread 5089] [13.0] [cxt 0] Parser 'parser': end
[22:08:29.626] [bmv2] [D] [thread 5089] [13.0] [cxt 0] Pipeline 'ingress': start
[22:08:29.626] [bmv2] [T] [thread 5089] [13.0] [cxt 0] qos.p4(197) Condition "hdr.ipv4.isValid()" (node_2) is false
[22:08:29.626] [bmv2] [D] [thread 5089] [13.0] [cxt 0] Pipeline 'ingress': end
[22:08:29.626] [bmv2] [D] [thread 5089] [13.0] [cxt 0] Egress port is 0
[22:08:29.626] [bmv2] [D] [thread 5089] [14.0] [cxt 0] Processing packet received on port 3
[22:08:29.626] [bmv2] [D] [thread 5089] [14.0] [cxt 0] Parser 'parser': start
[22:08:29.626] [bmv2] [D] [thread 5089] [14.0] [cxt 0] Parser 'parser' entering state 'start'
[22:08:29.626] [bmv2] [D] [thread 5089] [14.0] [cxt 0] Extracting header 'ethernet'
[22:08:29.626] [bmv2] [D] [thread 5089] [14.0] [cxt 0] Parser state 'start': key is 86dd
[22:08:29.626] [bmv2] [T] [thread 5089] [14.0] [cxt 0] Bytes parsed: 14
[22:08:29.626] [bmv2] [D] [thread 5089] [14.0] [cxt 0] Parser 'parser': end
[22:08:29.626] [bmv2] [D] [thread 5089] [14.0] [cxt 0] Pipeline 'ingress': start
[22:08:29.626] [bmv2] [T] [thread 5089] [14.0] [cxt 0] qos.p4(197) Condition "hdr.ipv4.isValid()" (node_2) is false
[22:08:29.626] [bmv2] [D] [thread 5089] [14.0] [cxt 0] Pipeline 'ingress': end
[22:08:29.626] [bmv2] [D] [thread 5089] [14.0] [cxt 0] Egress port is 0
[22:08:29.628] [bmv2] [D] [thread 5090] [11.0] [cxt 0] Pipeline 'egress': start
[22:08:29.628] [bmv2] [D] [thread 5090] [11.0] [cxt 0] Pipeline 'egress': end
[22:08:29.628] [bmv2] [D] [thread 5090] [11.0] [cxt 0] Deparser 'deparser': start
[22:08:29.628] [bmv2] [T] [thread 5090] [11.0] [cxt 0] Skipping checksum 'cksum' update because condition not met
[22:08:29.629] [bmv2] [D] [thread 5090] [11.0] [cxt 0] Deparsing header 'ethernet'
[22:08:29.629] [bmv2] [D] [thread 5090] [11.0] [cxt 0] Deparser 'deparser': end
[22:08:29.629] [bmv2] [D] [thread 5090] [12.0] [cxt 0] Pipeline 'egress': start
[22:08:29.629] [bmv2] [D] [thread 5090] [12.0] [cxt 0] Pipeline 'egress': end
[22:08:29.629] [bmv2] [D] [thread 5090] [12.0] [cxt 0] Deparser 'deparser': start
[22:08:29.629] [bmv2] [T] [thread 5090] [12.0] [cxt 0] Skipping checksum 'cksum' update because condition not met
[22:08:29.629] [bmv2] [D] [thread 5090] [12.0] [cxt 0] Deparsing header 'ethernet'
[22:08:29.629] [bmv2] [D] [thread 5090] [12.0] [cxt 0] Deparser 'deparser': end
[22:08:29.629] [bmv2] [D] [thread 5090] [13.0] [cxt 0] Pipeline 'egress': start
[22:08:29.629] [bmv2] [D] [thread 5090] [13.0] [cxt 0] Pipeline 'egress': end
[22:08:29.629] [bmv2] [D] [thread 5090] [13.0] [cxt 0] Deparser 'deparser': start
[22:08:29.629] [bmv2] [T] [thread 5090] [13.0] [cxt 0] Skipping checksum 'cksum' update because condition not met
[22:08:29.629] [bmv2] [D] [thread 5090] [13.0] [cxt 0] Deparsing header 'ethernet'
[22:08:29.629] [bmv2] [D] [thread 5090] [13.0] [cxt 0] Deparser 'deparser': end
[22:08:29.629] [bmv2] [D] [thread 5090] [14.0] [cxt 0] Pipeline 'egress': start
[22:08:29.629] [bmv2] [D] [thread 5090] [14.0] [cxt 0] Pipeline 'egress': end
[22:08:29.629] [bmv2] [D] [thread 5090] [14.0] [cxt 0] Deparser 'deparser': start
[22:08:29.629] [bmv2] [T] [thread 5090] [14.0] [cxt 0] Skipping checksum 'cksum' update because condition not met
[22:08:29.629] [bmv2] [D] [thread 5090] [14.0] [cxt 0] Deparsing header 'ethernet'
[22:08:29.629] [bmv2] [D] [thread 5090] [14.0] [cxt 0] Deparser 'deparser': end
[22:08:29.630] [bmv2] [D] [thread 5094] [11.0] [cxt 0] Transmitting packet of size 70 out of port 0
[22:08:29.630] [bmv2] [D] [thread 5094] [12.0] [cxt 0] Transmitting packet of size 70 out of port 0
[22:08:29.630] [bmv2] [D] [thread 5094] [13.0] [cxt 0] Transmitting packet of size 70 out of port 0
[22:08:29.630] [bmv2] [D] [thread 5094] [14.0] [cxt 0] Transmitting packet of size 70 out of port 0
[22:08:58.293] [bmv2] [D] [thread 5089] [15.0] [cxt 0] Processing packet received on port 2
[22:08:58.293] [bmv2] [D] [thread 5089] [15.0] [cxt 0] Parser 'parser': start
[22:08:58.293] [bmv2] [D] [thread 5089] [15.0] [cxt 0] Parser 'parser' entering state 'start'
[22:08:58.293] [bmv2] [D] [thread 5089] [15.0] [cxt 0] Extracting header 'ethernet'
[22:08:58.293] [bmv2] [D] [thread 5089] [15.0] [cxt 0] Parser state 'start': key is 86dd
[22:08:58.293] [bmv2] [T] [thread 5089] [15.0] [cxt 0] Bytes parsed: 14
[22:08:58.293] [bmv2] [D] [thread 5089] [15.0] [cxt 0] Parser 'parser': end
[22:08:58.293] [bmv2] [D] [thread 5089] [15.0] [cxt 0] Pipeline 'ingress': start
[22:08:58.293] [bmv2] [T] [thread 5089] [15.0] [cxt 0] qos.p4(197) Condition "hdr.ipv4.isValid()" (node_2) is false
[22:08:58.293] [bmv2] [D] [thread 5089] [15.0] [cxt 0] Pipeline 'ingress': end
[22:08:58.294] [bmv2] [D] [thread 5089] [15.0] [cxt 0] Egress port is 0
[22:08:58.294] [bmv2] [D] [thread 5090] [15.0] [cxt 0] Pipeline 'egress': start
[22:08:58.294] [bmv2] [D] [thread 5090] [15.0] [cxt 0] Pipeline 'egress': end
[22:08:58.294] [bmv2] [D] [thread 5090] [15.0] [cxt 0] Deparser 'deparser': start
[22:08:58.294] [bmv2] [T] [thread 5090] [15.0] [cxt 0] Skipping checksum 'cksum' update because condition not met
[22:08:58.294] [bmv2] [D] [thread 5090] [15.0] [cxt 0] Deparsing header 'ethernet'
[22:08:58.294] [bmv2] [D] [thread 5090] [15.0] [cxt 0] Deparser 'deparser': end
[22:08:58.294] [bmv2] [D] [thread 5094] [15.0] [cxt 0] Transmitting packet of size 70 out of port 0
[22:09:04.438] [bmv2] [D] [thread 5089] [16.0] [cxt 0] Processing packet received on port 1
[22:09:04.439] [bmv2] [D] [thread 5089] [16.0] [cxt 0] Parser 'parser': start
[22:09:04.439] [bmv2] [D] [thread 5089] [16.0] [cxt 0] Parser 'parser' entering state 'start'
[22:09:04.439] [bmv2] [D] [thread 5089] [16.0] [cxt 0] Extracting header 'ethernet'
[22:09:04.439] [bmv2] [D] [thread 5089] [16.0] [cxt 0] Parser state 'start': key is 86dd
[22:09:04.439] [bmv2] [T] [thread 5089] [16.0] [cxt 0] Bytes parsed: 14
[22:09:04.439] [bmv2] [D] [thread 5089] [16.0] [cxt 0] Parser 'parser': end
[22:09:04.439] [bmv2] [D] [thread 5089] [16.0] [cxt 0] Pipeline 'ingress': start
[22:09:04.439] [bmv2] [T] [thread 5089] [16.0] [cxt 0] qos.p4(197) Condition "hdr.ipv4.isValid()" (node_2) is false
[22:09:04.439] [bmv2] [D] [thread 5089] [16.0] [cxt 0] Pipeline 'ingress': end
[22:09:04.439] [bmv2] [D] [thread 5089] [16.0] [cxt 0] Egress port is 0
[22:09:04.439] [bmv2] [D] [thread 5089] [17.0] [cxt 0] Processing packet received on port 2
[22:09:04.439] [bmv2] [D] [thread 5089] [17.0] [cxt 0] Parser 'parser': start
[22:09:04.439] [bmv2] [D] [thread 5089] [17.0] [cxt 0] Parser 'parser' entering state 'start'
[22:09:04.439] [bmv2] [D] [thread 5089] [17.0] [cxt 0] Extracting header 'ethernet'
[22:09:04.439] [bmv2] [D] [thread 5089] [17.0] [cxt 0] Parser state 'start': key is 86dd
[22:09:04.439] [bmv2] [T] [thread 5089] [17.0] [cxt 0] Bytes parsed: 14
[22:09:04.439] [bmv2] [D] [thread 5089] [17.0] [cxt 0] Parser 'parser': end
[22:09:04.439] [bmv2] [D] [thread 5089] [17.0] [cxt 0] Pipeline 'ingress': start
[22:09:04.439] [bmv2] [T] [thread 5089] [17.0] [cxt 0] qos.p4(197) Condition "hdr.ipv4.isValid()" (node_2) is false
[22:09:04.439] [bmv2] [D] [thread 5089] [17.0] [cxt 0] Pipeline 'ingress': end
[22:09:04.439] [bmv2] [D] [thread 5089] [17.0] [cxt 0] Egress port is 0
[22:09:04.439] [bmv2] [D] [thread 5089] [18.0] [cxt 0] Processing packet received on port 3
[22:09:04.439] [bmv2] [D] [thread 5089] [18.0] [cxt 0] Parser 'parser': start
[22:09:04.439] [bmv2] [D] [thread 5089] [18.0] [cxt 0] Parser 'parser' entering state 'start'
[22:09:04.439] [bmv2] [D] [thread 5089] [18.0] [cxt 0] Extracting header 'ethernet'
[22:09:04.439] [bmv2] [D] [thread 5089] [18.0] [cxt 0] Parser state 'start': key is 86dd
[22:09:04.440] [bmv2] [T] [thread 5089] [18.0] [cxt 0] Bytes parsed: 14
[22:09:04.440] [bmv2] [D] [thread 5089] [18.0] [cxt 0] Parser 'parser': end
[22:09:04.440] [bmv2] [D] [thread 5089] [18.0] [cxt 0] Pipeline 'ingress': start
[22:09:04.440] [bmv2] [T] [thread 5089] [18.0] [cxt 0] qos.p4(197) Condition "hdr.ipv4.isValid()" (node_2) is false
[22:09:04.440] [bmv2] [D] [thread 5089] [18.0] [cxt 0] Pipeline 'ingress': end
[22:09:04.440] [bmv2] [D] [thread 5089] [18.0] [cxt 0] Egress port is 0
[22:09:04.440] [bmv2] [D] [thread 5089] [19.0] [cxt 0] Processing packet received on port 3
[22:09:04.440] [bmv2] [D] [thread 5089] [19.0] [cxt 0] Parser 'parser': start
[22:09:04.440] [bmv2] [D] [thread 5089] [19.0] [cxt 0] Parser 'parser' entering state 'start'
[22:09:04.440] [bmv2] [D] [thread 5089] [19.0] [cxt 0] Extracting header 'ethernet'
[22:09:04.440] [bmv2] [D] [thread 5089] [19.0] [cxt 0] Parser state 'start': key is 86dd
[22:09:04.440] [bmv2] [T] [thread 5089] [19.0] [cxt 0] Bytes parsed: 14
[22:09:04.440] [bmv2] [D] [thread 5089] [19.0] [cxt 0] Parser 'parser': end
[22:09:04.440] [bmv2] [D] [thread 5089] [19.0] [cxt 0] Pipeline 'ingress': start
[22:09:04.440] [bmv2] [D] [thread 5090] [16.0] [cxt 0] Pipeline 'egress': start
[22:09:04.442] [bmv2] [D] [thread 5090] [16.0] [cxt 0] Pipeline 'egress': end
[22:09:04.442] [bmv2] [D] [thread 5090] [16.0] [cxt 0] Deparser 'deparser': start
[22:09:04.442] [bmv2] [T] [thread 5090] [16.0] [cxt 0] Skipping checksum 'cksum' update because condition not met
[22:09:04.442] [bmv2] [D] [thread 5090] [16.0] [cxt 0] Deparsing header 'ethernet'
[22:09:04.442] [bmv2] [D] [thread 5090] [16.0] [cxt 0] Deparser 'deparser': end
[22:09:04.443] [bmv2] [D] [thread 5090] [17.0] [cxt 0] Pipeline 'egress': start
[22:09:04.443] [bmv2] [D] [thread 5090] [17.0] [cxt 0] Pipeline 'egress': end
[22:09:04.443] [bmv2] [D] [thread 5090] [17.0] [cxt 0] Deparser 'deparser': start
[22:09:04.443] [bmv2] [T] [thread 5090] [17.0] [cxt 0] Skipping checksum 'cksum' update because condition not met
[22:09:04.443] [bmv2] [D] [thread 5090] [17.0] [cxt 0] Deparsing header 'ethernet'
[22:09:04.443] [bmv2] [D] [thread 5090] [17.0] [cxt 0] Deparser 'deparser': end
[22:09:04.443] [bmv2] [D] [thread 5090] [18.0] [cxt 0] Pipeline 'egress': start
[22:09:04.443] [bmv2] [D] [thread 5090] [18.0] [cxt 0] Pipeline 'egress': end
[22:09:04.443] [bmv2] [D] [thread 5090] [18.0] [cxt 0] Deparser 'deparser': start
[22:09:04.443] [bmv2] [T] [thread 5090] [18.0] [cxt 0] Skipping checksum 'cksum' update because condition not met
[22:09:04.443] [bmv2] [D] [thread 5090] [18.0] [cxt 0] Deparsing header 'ethernet'
[22:09:04.443] [bmv2] [D] [thread 5090] [18.0] [cxt 0] Deparser 'deparser': end
[22:09:04.443] [bmv2] [D] [thread 5094] [16.0] [cxt 0] Transmitting packet of size 70 out of port 0
[22:09:04.443] [bmv2] [D] [thread 5094] [17.0] [cxt 0] Transmitting packet of size 70 out of port 0
[22:09:04.443] [bmv2] [D] [thread 5094] [18.0] [cxt 0] Transmitting packet of size 70 out of port 0
[22:09:04.443] [bmv2] [T] [thread 5089] [19.0] [cxt 0] qos.p4(197) Condition "hdr.ipv4.isValid()" (node_2) is false
[22:09:04.443] [bmv2] [D] [thread 5089] [19.0] [cxt 0] Pipeline 'ingress': end
[22:09:04.443] [bmv2] [D] [thread 5089] [19.0] [cxt 0] Egress port is 0
[22:09:04.443] [bmv2] [D] [thread 5090] [19.0] [cxt 0] Pipeline 'egress': start
[22:09:04.443] [bmv2] [D] [thread 5090] [19.0] [cxt 0] Pipeline 'egress': end
[22:09:04.443] [bmv2] [D] [thread 5090] [19.0] [cxt 0] Deparser 'deparser': start
[22:09:04.443] [bmv2] [T] [thread 5090] [19.0] [cxt 0] Skipping checksum 'cksum' update because condition not met
[22:09:04.443] [bmv2] [D] [thread 5090] [19.0] [cxt 0] Deparsing header 'ethernet'
[22:09:04.443] [bmv2] [D] [thread 5090] [19.0] [cxt 0] Deparser 'deparser': end
[22:09:04.443] [bmv2] [D] [thread 5094] [19.0] [cxt 0] Transmitting packet of size 70 out of port 0
[22:10:01.786] [bmv2] [D] [thread 5089] [20.0] [cxt 0] Processing packet received on port 2
[22:10:01.786] [bmv2] [D] [thread 5089] [20.0] [cxt 0] Parser 'parser': start
[22:10:01.786] [bmv2] [D] [thread 5089] [20.0] [cxt 0] Parser 'parser' entering state 'start'
[22:10:01.786] [bmv2] [D] [thread 5089] [20.0] [cxt 0] Extracting header 'ethernet'
[22:10:01.786] [bmv2] [D] [thread 5089] [20.0] [cxt 0] Parser state 'start': key is 86dd
[22:10:01.786] [bmv2] [T] [thread 5089] [20.0] [cxt 0] Bytes parsed: 14
[22:10:01.786] [bmv2] [D] [thread 5089] [20.0] [cxt 0] Parser 'parser': end
[22:10:01.786] [bmv2] [D] [thread 5089] [20.0] [cxt 0] Pipeline 'ingress': start
[22:10:01.786] [bmv2] [T] [thread 5089] [20.0] [cxt 0] qos.p4(197) Condition "hdr.ipv4.isValid()" (node_2) is false
[22:10:01.786] [bmv2] [D] [thread 5089] [20.0] [cxt 0] Pipeline 'ingress': end
[22:10:01.786] [bmv2] [D] [thread 5089] [20.0] [cxt 0] Egress port is 0
[22:10:01.787] [bmv2] [D] [thread 5090] [20.0] [cxt 0] Pipeline 'egress': start
[22:10:01.787] [bmv2] [D] [thread 5090] [20.0] [cxt 0] Pipeline 'egress': end
[22:10:01.787] [bmv2] [D] [thread 5090] [20.0] [cxt 0] Deparser 'deparser': start
[22:10:01.787] [bmv2] [T] [thread 5090] [20.0] [cxt 0] Skipping checksum 'cksum' update because condition not met
[22:10:01.787] [bmv2] [D] [thread 5090] [20.0] [cxt 0] Deparsing header 'ethernet'
[22:10:01.787] [bmv2] [D] [thread 5090] [20.0] [cxt 0] Deparser 'deparser': end
[22:10:01.787] [bmv2] [D] [thread 5094] [20.0] [cxt 0] Transmitting packet of size 70 out of port 0
open: No such file or directory
open: No such file or directory
open: No such file or directory
open: No such file or directory
