Calling target program-options parser
[08:35:08.737] [bmv2] [D] [thread 4052] Set default default entry for table 'tbl_qos199': qos199 - 
[08:35:08.741] [bmv2] [D] [thread 4052] Set default default entry for table 'MyIngress.ipv4_lpm': NoAction - 
Adding interface s3-eth1 as port 1
[08:35:08.742] [bmv2] [D] [thread 4052] Adding interface s3-eth1 as port 1
Adding interface s3-eth2 as port 2
[08:35:08.752] [bmv2] [D] [thread 4052] Adding interface s3-eth2 as port 2
Adding interface s3-eth3 as port 3
[08:35:08.758] [bmv2] [D] [thread 4052] Adding interface s3-eth3 as port 3
Server listening on 0.0.0.0:50053
[08:35:08.771] [bmv2] [I] [thread 4052] Starting Thrift server on port 9092
[08:35:08.775] [bmv2] [I] [thread 4052] Thrift server was started
[08:35:10.723] [bmv2] [W] [thread 4109] [P4Runtime] p4::tmp::P4DeviceConfig is deprecated
[08:35:10.739] [bmv2] [D] [thread 4109] Set default default entry for table 'tbl_qos199': qos199 - 
[08:35:10.739] [bmv2] [D] [thread 4109] Set default default entry for table 'MyIngress.ipv4_lpm': NoAction - 
[08:35:10.746] [bmv2] [D] [thread 4109] simple_switch target has been notified of a config swap
[08:35:10.760] [bmv2] [D] [thread 4110] Entry 0 added to table 'MyIngress.ipv4_lpm'
[08:35:10.760] [bmv2] [D] [thread 4110] Dumping entry 0
Match key:
* hdr.ipv4.dstAddr    : LPM       0a000303/32
Action entry: MyIngress.ipv4_forward - 80000000303,1,

[08:35:10.768] [bmv2] [D] [thread 4109] Entry 1 added to table 'MyIngress.ipv4_lpm'
[08:35:10.769] [bmv2] [D] [thread 4109] Dumping entry 1
Match key:
* hdr.ipv4.dstAddr    : LPM       0a000100/24
Action entry: MyIngress.ipv4_forward - 80000000100,2,

[08:35:10.775] [bmv2] [D] [thread 4110] Entry 2 added to table 'MyIngress.ipv4_lpm'
[08:35:10.776] [bmv2] [D] [thread 4110] Dumping entry 2
Match key:
* hdr.ipv4.dstAddr    : LPM       0a000200/24
Action entry: MyIngress.ipv4_forward - 80000000200,3,

[08:35:11.083] [bmv2] [D] [thread 4062] [0.0] [cxt 0] Processing packet received on port 1
[08:35:11.083] [bmv2] [D] [thread 4062] [0.0] [cxt 0] Parser 'parser': start
[08:35:11.083] [bmv2] [D] [thread 4062] [0.0] [cxt 0] Parser 'parser' entering state 'start'
[08:35:11.084] [bmv2] [D] [thread 4062] [0.0] [cxt 0] Extracting header 'ethernet'
[08:35:11.084] [bmv2] [D] [thread 4062] [0.0] [cxt 0] Parser state 'start': key is 86dd
[08:35:11.084] [bmv2] [T] [thread 4062] [0.0] [cxt 0] Bytes parsed: 14
[08:35:11.084] [bmv2] [D] [thread 4062] [0.0] [cxt 0] Parser 'parser': end
[08:35:11.084] [bmv2] [D] [thread 4062] [0.0] [cxt 0] Pipeline 'ingress': start
[08:35:11.084] [bmv2] [T] [thread 4062] [0.0] [cxt 0] qos.p4(197) Condition "hdr.ipv4.isValid()" (node_2) is false
[08:35:11.084] [bmv2] [D] [thread 4062] [0.0] [cxt 0] Pipeline 'ingress': end
[08:35:11.084] [bmv2] [D] [thread 4062] [0.0] [cxt 0] Egress port is 0
[08:35:11.085] [bmv2] [D] [thread 4063] [0.0] [cxt 0] Pipeline 'egress': start
[08:35:11.085] [bmv2] [D] [thread 4063] [0.0] [cxt 0] Pipeline 'egress': end
[08:35:11.085] [bmv2] [D] [thread 4063] [0.0] [cxt 0] Deparser 'deparser': start
[08:35:11.085] [bmv2] [T] [thread 4063] [0.0] [cxt 0] Skipping checksum 'cksum' update because condition not met
[08:35:11.086] [bmv2] [D] [thread 4063] [0.0] [cxt 0] Deparsing header 'ethernet'
[08:35:11.086] [bmv2] [D] [thread 4063] [0.0] [cxt 0] Deparser 'deparser': end
[08:35:11.086] [bmv2] [D] [thread 4067] [0.0] [cxt 0] Transmitting packet of size 70 out of port 0
[08:35:11.348] [bmv2] [D] [thread 4062] [1.0] [cxt 0] Processing packet received on port 3
[08:35:11.348] [bmv2] [D] [thread 4062] [1.0] [cxt 0] Parser 'parser': start
[08:35:11.348] [bmv2] [D] [thread 4062] [1.0] [cxt 0] Parser 'parser' entering state 'start'
[08:35:11.348] [bmv2] [D] [thread 4062] [1.0] [cxt 0] Extracting header 'ethernet'
[08:35:11.349] [bmv2] [D] [thread 4062] [1.0] [cxt 0] Parser state 'start': key is 86dd
[08:35:11.349] [bmv2] [T] [thread 4062] [1.0] [cxt 0] Bytes parsed: 14
[08:35:11.349] [bmv2] [D] [thread 4062] [1.0] [cxt 0] Parser 'parser': end
[08:35:11.349] [bmv2] [D] [thread 4062] [1.0] [cxt 0] Pipeline 'ingress': start
[08:35:11.349] [bmv2] [T] [thread 4062] [1.0] [cxt 0] qos.p4(197) Condition "hdr.ipv4.isValid()" (node_2) is false
[08:35:11.349] [bmv2] [D] [thread 4062] [1.0] [cxt 0] Pipeline 'ingress': end
[08:35:11.349] [bmv2] [D] [thread 4062] [1.0] [cxt 0] Egress port is 0
[08:35:11.349] [bmv2] [D] [thread 4063] [1.0] [cxt 0] Pipeline 'egress': start
[08:35:11.349] [bmv2] [D] [thread 4063] [1.0] [cxt 0] Pipeline 'egress': end
[08:35:11.349] [bmv2] [D] [thread 4063] [1.0] [cxt 0] Deparser 'deparser': start
[08:35:11.349] [bmv2] [T] [thread 4063] [1.0] [cxt 0] Skipping checksum 'cksum' update because condition not met
[08:35:11.350] [bmv2] [D] [thread 4063] [1.0] [cxt 0] Deparsing header 'ethernet'
[08:35:11.350] [bmv2] [D] [thread 4063] [1.0] [cxt 0] Deparser 'deparser': end
[08:35:11.350] [bmv2] [D] [thread 4067] [1.0] [cxt 0] Transmitting packet of size 70 out of port 0
[08:35:11.851] [bmv2] [D] [thread 4062] [2.0] [cxt 0] Processing packet received on port 2
[08:35:11.851] [bmv2] [D] [thread 4062] [2.0] [cxt 0] Parser 'parser': start
[08:35:11.851] [bmv2] [D] [thread 4062] [2.0] [cxt 0] Parser 'parser' entering state 'start'
[08:35:11.851] [bmv2] [D] [thread 4062] [2.0] [cxt 0] Extracting header 'ethernet'
[08:35:11.851] [bmv2] [D] [thread 4062] [2.0] [cxt 0] Parser state 'start': key is 86dd
[08:35:11.851] [bmv2] [T] [thread 4062] [2.0] [cxt 0] Bytes parsed: 14
[08:35:11.851] [bmv2] [D] [thread 4062] [2.0] [cxt 0] Parser 'parser': end
[08:35:11.851] [bmv2] [D] [thread 4062] [2.0] [cxt 0] Pipeline 'ingress': start
[08:35:11.852] [bmv2] [T] [thread 4062] [2.0] [cxt 0] qos.p4(197) Condition "hdr.ipv4.isValid()" (node_2) is false
[08:35:11.852] [bmv2] [D] [thread 4062] [2.0] [cxt 0] Pipeline 'ingress': end
[08:35:11.852] [bmv2] [D] [thread 4062] [2.0] [cxt 0] Egress port is 0
[08:35:11.852] [bmv2] [D] [thread 4063] [2.0] [cxt 0] Pipeline 'egress': start
[08:35:11.852] [bmv2] [D] [thread 4063] [2.0] [cxt 0] Pipeline 'egress': end
[08:35:11.852] [bmv2] [D] [thread 4063] [2.0] [cxt 0] Deparser 'deparser': start
[08:35:11.852] [bmv2] [T] [thread 4063] [2.0] [cxt 0] Skipping checksum 'cksum' update because condition not met
[08:35:11.852] [bmv2] [D] [thread 4063] [2.0] [cxt 0] Deparsing header 'ethernet'
[08:35:11.852] [bmv2] [D] [thread 4063] [2.0] [cxt 0] Deparser 'deparser': end
[08:35:11.853] [bmv2] [D] [thread 4067] [2.0] [cxt 0] Transmitting packet of size 70 out of port 0
[08:35:12.106] [bmv2] [D] [thread 4062] [3.0] [cxt 0] Processing packet received on port 3
[08:35:12.106] [bmv2] [D] [thread 4062] [3.0] [cxt 0] Parser 'parser': start
[08:35:12.106] [bmv2] [D] [thread 4062] [3.0] [cxt 0] Parser 'parser' entering state 'start'
[08:35:12.106] [bmv2] [D] [thread 4062] [3.0] [cxt 0] Extracting header 'ethernet'
[08:35:12.106] [bmv2] [D] [thread 4062] [3.0] [cxt 0] Parser state 'start': key is 86dd
[08:35:12.106] [bmv2] [T] [thread 4062] [3.0] [cxt 0] Bytes parsed: 14
[08:35:12.106] [bmv2] [D] [thread 4062] [3.0] [cxt 0] Parser 'parser': end
[08:35:12.107] [bmv2] [D] [thread 4062] [3.0] [cxt 0] Pipeline 'ingress': start
[08:35:12.107] [bmv2] [T] [thread 4062] [3.0] [cxt 0] qos.p4(197) Condition "hdr.ipv4.isValid()" (node_2) is false
[08:35:12.107] [bmv2] [D] [thread 4062] [3.0] [cxt 0] Pipeline 'ingress': end
[08:35:12.107] [bmv2] [D] [thread 4062] [3.0] [cxt 0] Egress port is 0
[08:35:12.107] [bmv2] [D] [thread 4063] [3.0] [cxt 0] Pipeline 'egress': start
[08:35:12.107] [bmv2] [D] [thread 4063] [3.0] [cxt 0] Pipeline 'egress': end
[08:35:12.107] [bmv2] [D] [thread 4063] [3.0] [cxt 0] Deparser 'deparser': start
[08:35:12.107] [bmv2] [T] [thread 4063] [3.0] [cxt 0] Skipping checksum 'cksum' update because condition not met
[08:35:12.107] [bmv2] [D] [thread 4063] [3.0] [cxt 0] Deparsing header 'ethernet'
[08:35:12.107] [bmv2] [D] [thread 4063] [3.0] [cxt 0] Deparser 'deparser': end
[08:35:12.107] [bmv2] [D] [thread 4067] [3.0] [cxt 0] Transmitting packet of size 70 out of port 0
[08:35:12.367] [bmv2] [D] [thread 4062] [4.0] [cxt 0] Processing packet received on port 2
[08:35:12.367] [bmv2] [D] [thread 4062] [4.0] [cxt 0] Parser 'parser': start
[08:35:12.368] [bmv2] [D] [thread 4062] [4.0] [cxt 0] Parser 'parser' entering state 'start'
[08:35:12.368] [bmv2] [D] [thread 4062] [4.0] [cxt 0] Extracting header 'ethernet'
[08:35:12.368] [bmv2] [D] [thread 4062] [4.0] [cxt 0] Parser state 'start': key is 86dd
[08:35:12.368] [bmv2] [T] [thread 4062] [4.0] [cxt 0] Bytes parsed: 14
[08:35:12.368] [bmv2] [D] [thread 4062] [4.0] [cxt 0] Parser 'parser': end
[08:35:12.368] [bmv2] [D] [thread 4062] [4.0] [cxt 0] Pipeline 'ingress': start
[08:35:12.369] [bmv2] [T] [thread 4062] [4.0] [cxt 0] qos.p4(197) Condition "hdr.ipv4.isValid()" (node_2) is false
[08:35:12.369] [bmv2] [D] [thread 4062] [4.0] [cxt 0] Pipeline 'ingress': end
[08:35:12.369] [bmv2] [D] [thread 4062] [4.0] [cxt 0] Egress port is 0
[08:35:12.376] [bmv2] [D] [thread 4063] [4.0] [cxt 0] Pipeline 'egress': start
[08:35:12.376] [bmv2] [D] [thread 4063] [4.0] [cxt 0] Pipeline 'egress': end
[08:35:12.376] [bmv2] [D] [thread 4063] [4.0] [cxt 0] Deparser 'deparser': start
[08:35:12.377] [bmv2] [T] [thread 4063] [4.0] [cxt 0] Skipping checksum 'cksum' update because condition not met
[08:35:12.377] [bmv2] [D] [thread 4063] [4.0] [cxt 0] Deparsing header 'ethernet'
[08:35:12.377] [bmv2] [D] [thread 4063] [4.0] [cxt 0] Deparser 'deparser': end
[08:35:12.377] [bmv2] [D] [thread 4067] [4.0] [cxt 0] Transmitting packet of size 70 out of port 0
[08:35:19.020] [bmv2] [D] [thread 4062] [5.0] [cxt 0] Processing packet received on port 3
[08:35:19.021] [bmv2] [D] [thread 4062] [5.0] [cxt 0] Parser 'parser': start
[08:35:19.021] [bmv2] [D] [thread 4062] [5.0] [cxt 0] Parser 'parser' entering state 'start'
[08:35:19.021] [bmv2] [D] [thread 4062] [5.0] [cxt 0] Extracting header 'ethernet'
[08:35:19.026] [bmv2] [D] [thread 4062] [5.0] [cxt 0] Parser state 'start': key is 86dd
[08:35:19.026] [bmv2] [T] [thread 4062] [5.0] [cxt 0] Bytes parsed: 14
[08:35:19.026] [bmv2] [D] [thread 4062] [5.0] [cxt 0] Parser 'parser': end
[08:35:19.026] [bmv2] [D] [thread 4062] [5.0] [cxt 0] Pipeline 'ingress': start
[08:35:19.026] [bmv2] [T] [thread 4062] [5.0] [cxt 0] qos.p4(197) Condition "hdr.ipv4.isValid()" (node_2) is false
[08:35:19.026] [bmv2] [D] [thread 4062] [5.0] [cxt 0] Pipeline 'ingress': end
[08:35:19.026] [bmv2] [D] [thread 4062] [5.0] [cxt 0] Egress port is 0
[08:35:19.030] [bmv2] [D] [thread 4063] [5.0] [cxt 0] Pipeline 'egress': start
[08:35:19.030] [bmv2] [D] [thread 4063] [5.0] [cxt 0] Pipeline 'egress': end
[08:35:19.030] [bmv2] [D] [thread 4063] [5.0] [cxt 0] Deparser 'deparser': start
[08:35:19.030] [bmv2] [T] [thread 4063] [5.0] [cxt 0] Skipping checksum 'cksum' update because condition not met
[08:35:19.030] [bmv2] [D] [thread 4063] [5.0] [cxt 0] Deparsing header 'ethernet'
[08:35:19.030] [bmv2] [D] [thread 4063] [5.0] [cxt 0] Deparser 'deparser': end
[08:35:19.030] [bmv2] [D] [thread 4067] [5.0] [cxt 0] Transmitting packet of size 70 out of port 0
[08:35:19.535] [bmv2] [D] [thread 4062] [6.0] [cxt 0] Processing packet received on port 1
[08:35:19.536] [bmv2] [D] [thread 4062] [6.0] [cxt 0] Parser 'parser': start
[08:35:19.536] [bmv2] [D] [thread 4062] [6.0] [cxt 0] Parser 'parser' entering state 'start'
[08:35:19.536] [bmv2] [D] [thread 4062] [6.0] [cxt 0] Extracting header 'ethernet'
[08:35:19.537] [bmv2] [D] [thread 4062] [6.0] [cxt 0] Parser state 'start': key is 86dd
[08:35:19.537] [bmv2] [T] [thread 4062] [6.0] [cxt 0] Bytes parsed: 14
[08:35:19.537] [bmv2] [D] [thread 4062] [6.0] [cxt 0] Parser 'parser': end
[08:35:19.538] [bmv2] [D] [thread 4062] [6.0] [cxt 0] Pipeline 'ingress': start
[08:35:19.538] [bmv2] [T] [thread 4062] [6.0] [cxt 0] qos.p4(197) Condition "hdr.ipv4.isValid()" (node_2) is false
[08:35:19.538] [bmv2] [D] [thread 4062] [6.0] [cxt 0] Pipeline 'ingress': end
[08:35:19.539] [bmv2] [D] [thread 4062] [6.0] [cxt 0] Egress port is 0
[08:35:19.539] [bmv2] [D] [thread 4063] [6.0] [cxt 0] Pipeline 'egress': start
[08:35:19.539] [bmv2] [D] [thread 4063] [6.0] [cxt 0] Pipeline 'egress': end
[08:35:19.539] [bmv2] [D] [thread 4063] [6.0] [cxt 0] Deparser 'deparser': start
[08:35:19.539] [bmv2] [T] [thread 4063] [6.0] [cxt 0] Skipping checksum 'cksum' update because condition not met
[08:35:19.540] [bmv2] [D] [thread 4063] [6.0] [cxt 0] Deparsing header 'ethernet'
[08:35:19.540] [bmv2] [D] [thread 4063] [6.0] [cxt 0] Deparser 'deparser': end
[08:35:19.540] [bmv2] [D] [thread 4067] [6.0] [cxt 0] Transmitting packet of size 70 out of port 0
[08:35:20.045] [bmv2] [D] [thread 4062] [7.0] [cxt 0] Processing packet received on port 3
[08:35:20.045] [bmv2] [D] [thread 4062] [7.0] [cxt 0] Parser 'parser': start
[08:35:20.045] [bmv2] [D] [thread 4062] [7.0] [cxt 0] Parser 'parser' entering state 'start'
[08:35:20.046] [bmv2] [D] [thread 4062] [7.0] [cxt 0] Extracting header 'ethernet'
[08:35:20.046] [bmv2] [D] [thread 4062] [7.0] [cxt 0] Parser state 'start': key is 86dd
[08:35:20.046] [bmv2] [T] [thread 4062] [7.0] [cxt 0] Bytes parsed: 14
[08:35:20.046] [bmv2] [D] [thread 4062] [7.0] [cxt 0] Parser 'parser': end
[08:35:20.046] [bmv2] [D] [thread 4062] [7.0] [cxt 0] Pipeline 'ingress': start
[08:35:20.046] [bmv2] [T] [thread 4062] [7.0] [cxt 0] qos.p4(197) Condition "hdr.ipv4.isValid()" (node_2) is false
[08:35:20.046] [bmv2] [D] [thread 4062] [7.0] [cxt 0] Pipeline 'ingress': end
[08:35:20.046] [bmv2] [D] [thread 4062] [7.0] [cxt 0] Egress port is 0
[08:35:20.046] [bmv2] [D] [thread 4063] [7.0] [cxt 0] Pipeline 'egress': start
[08:35:20.046] [bmv2] [D] [thread 4063] [7.0] [cxt 0] Pipeline 'egress': end
[08:35:20.046] [bmv2] [D] [thread 4063] [7.0] [cxt 0] Deparser 'deparser': start
[08:35:20.046] [bmv2] [T] [thread 4063] [7.0] [cxt 0] Skipping checksum 'cksum' update because condition not met
[08:35:20.046] [bmv2] [D] [thread 4063] [7.0] [cxt 0] Deparsing header 'ethernet'
[08:35:20.046] [bmv2] [D] [thread 4063] [7.0] [cxt 0] Deparser 'deparser': end
[08:35:20.047] [bmv2] [D] [thread 4067] [7.0] [cxt 0] Transmitting packet of size 70 out of port 0
[08:35:20.812] [bmv2] [D] [thread 4062] [8.0] [cxt 0] Processing packet received on port 2
[08:35:20.813] [bmv2] [D] [thread 4062] [8.0] [cxt 0] Parser 'parser': start
[08:35:20.813] [bmv2] [D] [thread 4062] [8.0] [cxt 0] Parser 'parser' entering state 'start'
[08:35:20.813] [bmv2] [D] [thread 4062] [8.0] [cxt 0] Extracting header 'ethernet'
[08:35:20.815] [bmv2] [D] [thread 4062] [8.0] [cxt 0] Parser state 'start': key is 86dd
[08:35:20.815] [bmv2] [T] [thread 4062] [8.0] [cxt 0] Bytes parsed: 14
[08:35:20.815] [bmv2] [D] [thread 4062] [8.0] [cxt 0] Parser 'parser': end
[08:35:20.815] [bmv2] [D] [thread 4062] [8.0] [cxt 0] Pipeline 'ingress': start
[08:35:20.815] [bmv2] [T] [thread 4062] [8.0] [cxt 0] qos.p4(197) Condition "hdr.ipv4.isValid()" (node_2) is false
[08:35:20.815] [bmv2] [D] [thread 4062] [8.0] [cxt 0] Pipeline 'ingress': end
[08:35:20.815] [bmv2] [D] [thread 4062] [8.0] [cxt 0] Egress port is 0
[08:35:20.816] [bmv2] [D] [thread 4063] [8.0] [cxt 0] Pipeline 'egress': start
[08:35:20.816] [bmv2] [D] [thread 4063] [8.0] [cxt 0] Pipeline 'egress': end
[08:35:20.816] [bmv2] [D] [thread 4063] [8.0] [cxt 0] Deparser 'deparser': start
[08:35:20.817] [bmv2] [T] [thread 4063] [8.0] [cxt 0] Skipping checksum 'cksum' update because condition not met
[08:35:20.817] [bmv2] [D] [thread 4063] [8.0] [cxt 0] Deparsing header 'ethernet'
[08:35:20.817] [bmv2] [D] [thread 4063] [8.0] [cxt 0] Deparser 'deparser': end
[08:35:20.817] [bmv2] [D] [thread 4067] [8.0] [cxt 0] Transmitting packet of size 70 out of port 0
[08:35:21.078] [bmv2] [D] [thread 4062] [9.0] [cxt 0] Processing packet received on port 2
[08:35:21.079] [bmv2] [D] [thread 4062] [9.0] [cxt 0] Parser 'parser': start
[08:35:21.079] [bmv2] [D] [thread 4062] [9.0] [cxt 0] Parser 'parser' entering state 'start'
[08:35:21.079] [bmv2] [D] [thread 4062] [9.0] [cxt 0] Extracting header 'ethernet'
[08:35:21.079] [bmv2] [D] [thread 4062] [9.0] [cxt 0] Parser state 'start': key is 86dd
[08:35:21.079] [bmv2] [T] [thread 4062] [9.0] [cxt 0] Bytes parsed: 14
[08:35:21.079] [bmv2] [D] [thread 4062] [9.0] [cxt 0] Parser 'parser': end
[08:35:21.079] [bmv2] [D] [thread 4062] [9.0] [cxt 0] Pipeline 'ingress': start
[08:35:21.079] [bmv2] [T] [thread 4062] [9.0] [cxt 0] qos.p4(197) Condition "hdr.ipv4.isValid()" (node_2) is false
[08:35:21.079] [bmv2] [D] [thread 4062] [9.0] [cxt 0] Pipeline 'ingress': end
[08:35:21.079] [bmv2] [D] [thread 4062] [9.0] [cxt 0] Egress port is 0
[08:35:21.080] [bmv2] [D] [thread 4063] [9.0] [cxt 0] Pipeline 'egress': start
[08:35:21.080] [bmv2] [D] [thread 4063] [9.0] [cxt 0] Pipeline 'egress': end
[08:35:21.080] [bmv2] [D] [thread 4063] [9.0] [cxt 0] Deparser 'deparser': start
[08:35:21.080] [bmv2] [T] [thread 4063] [9.0] [cxt 0] Skipping checksum 'cksum' update because condition not met
[08:35:21.080] [bmv2] [D] [thread 4063] [9.0] [cxt 0] Deparsing header 'ethernet'
[08:35:21.080] [bmv2] [D] [thread 4063] [9.0] [cxt 0] Deparser 'deparser': end
[08:35:21.080] [bmv2] [D] [thread 4067] [9.0] [cxt 0] Transmitting packet of size 70 out of port 0
[08:35:33.614] [bmv2] [D] [thread 4062] [10.0] [cxt 0] Processing packet received on port 3
[08:35:33.615] [bmv2] [D] [thread 4062] [10.0] [cxt 0] Parser 'parser': start
[08:35:33.615] [bmv2] [D] [thread 4062] [10.0] [cxt 0] Parser 'parser' entering state 'start'
[08:35:33.615] [bmv2] [D] [thread 4062] [10.0] [cxt 0] Extracting header 'ethernet'
[08:35:33.615] [bmv2] [D] [thread 4062] [10.0] [cxt 0] Parser state 'start': key is 86dd
[08:35:33.615] [bmv2] [T] [thread 4062] [10.0] [cxt 0] Bytes parsed: 14
[08:35:33.615] [bmv2] [D] [thread 4062] [10.0] [cxt 0] Parser 'parser': end
[08:35:33.616] [bmv2] [D] [thread 4062] [10.0] [cxt 0] Pipeline 'ingress': start
[08:35:33.616] [bmv2] [T] [thread 4062] [10.0] [cxt 0] qos.p4(197) Condition "hdr.ipv4.isValid()" (node_2) is false
[08:35:33.616] [bmv2] [D] [thread 4062] [10.0] [cxt 0] Pipeline 'ingress': end
[08:35:33.616] [bmv2] [D] [thread 4062] [10.0] [cxt 0] Egress port is 0
[08:35:33.621] [bmv2] [D] [thread 4063] [10.0] [cxt 0] Pipeline 'egress': start
[08:35:33.621] [bmv2] [D] [thread 4063] [10.0] [cxt 0] Pipeline 'egress': end
[08:35:33.625] [bmv2] [D] [thread 4063] [10.0] [cxt 0] Deparser 'deparser': start
[08:35:33.626] [bmv2] [T] [thread 4063] [10.0] [cxt 0] Skipping checksum 'cksum' update because condition not met
[08:35:33.627] [bmv2] [D] [thread 4063] [10.0] [cxt 0] Deparsing header 'ethernet'
[08:35:33.627] [bmv2] [D] [thread 4063] [10.0] [cxt 0] Deparser 'deparser': end
[08:35:33.627] [bmv2] [D] [thread 4067] [10.0] [cxt 0] Transmitting packet of size 70 out of port 0
[08:35:35.668] [bmv2] [D] [thread 4062] [11.0] [cxt 0] Processing packet received on port 3
[08:35:35.668] [bmv2] [D] [thread 4062] [11.0] [cxt 0] Parser 'parser': start
[08:35:35.668] [bmv2] [D] [thread 4062] [11.0] [cxt 0] Parser 'parser' entering state 'start'
[08:35:35.668] [bmv2] [D] [thread 4062] [11.0] [cxt 0] Extracting header 'ethernet'
[08:35:35.669] [bmv2] [D] [thread 4062] [11.0] [cxt 0] Parser state 'start': key is 86dd
[08:35:35.669] [bmv2] [T] [thread 4062] [11.0] [cxt 0] Bytes parsed: 14
[08:35:35.669] [bmv2] [D] [thread 4062] [11.0] [cxt 0] Parser 'parser': end
[08:35:35.669] [bmv2] [D] [thread 4062] [11.0] [cxt 0] Pipeline 'ingress': start
[08:35:35.669] [bmv2] [T] [thread 4062] [11.0] [cxt 0] qos.p4(197) Condition "hdr.ipv4.isValid()" (node_2) is false
[08:35:35.669] [bmv2] [D] [thread 4062] [11.0] [cxt 0] Pipeline 'ingress': end
[08:35:35.669] [bmv2] [D] [thread 4062] [11.0] [cxt 0] Egress port is 0
[08:35:35.670] [bmv2] [D] [thread 4063] [11.0] [cxt 0] Pipeline 'egress': start
[08:35:35.671] [bmv2] [D] [thread 4063] [11.0] [cxt 0] Pipeline 'egress': end
[08:35:35.671] [bmv2] [D] [thread 4063] [11.0] [cxt 0] Deparser 'deparser': start
[08:35:35.671] [bmv2] [T] [thread 4063] [11.0] [cxt 0] Skipping checksum 'cksum' update because condition not met
[08:35:35.671] [bmv2] [D] [thread 4063] [11.0] [cxt 0] Deparsing header 'ethernet'
[08:35:35.671] [bmv2] [D] [thread 4063] [11.0] [cxt 0] Deparser 'deparser': end
[08:35:35.671] [bmv2] [D] [thread 4067] [11.0] [cxt 0] Transmitting packet of size 70 out of port 0
[08:35:36.940] [bmv2] [D] [thread 4062] [12.0] [cxt 0] Processing packet received on port 1
[08:35:36.940] [bmv2] [D] [thread 4062] [12.0] [cxt 0] Parser 'parser': start
[08:35:36.941] [bmv2] [D] [thread 4062] [12.0] [cxt 0] Parser 'parser' entering state 'start'
[08:35:36.941] [bmv2] [D] [thread 4062] [12.0] [cxt 0] Extracting header 'ethernet'
[08:35:36.941] [bmv2] [D] [thread 4062] [12.0] [cxt 0] Parser state 'start': key is 86dd
[08:35:36.941] [bmv2] [T] [thread 4062] [12.0] [cxt 0] Bytes parsed: 14
[08:35:36.941] [bmv2] [D] [thread 4062] [12.0] [cxt 0] Parser 'parser': end
[08:35:36.942] [bmv2] [D] [thread 4062] [12.0] [cxt 0] Pipeline 'ingress': start
[08:35:36.942] [bmv2] [T] [thread 4062] [12.0] [cxt 0] qos.p4(197) Condition "hdr.ipv4.isValid()" (node_2) is false
[08:35:36.942] [bmv2] [D] [thread 4062] [12.0] [cxt 0] Pipeline 'ingress': end
[08:35:36.943] [bmv2] [D] [thread 4062] [12.0] [cxt 0] Egress port is 0
[08:35:36.943] [bmv2] [D] [thread 4063] [12.0] [cxt 0] Pipeline 'egress': start
[08:35:36.943] [bmv2] [D] [thread 4063] [12.0] [cxt 0] Pipeline 'egress': end
[08:35:36.943] [bmv2] [D] [thread 4063] [12.0] [cxt 0] Deparser 'deparser': start
[08:35:36.943] [bmv2] [T] [thread 4063] [12.0] [cxt 0] Skipping checksum 'cksum' update because condition not met
[08:35:36.943] [bmv2] [D] [thread 4063] [12.0] [cxt 0] Deparsing header 'ethernet'
[08:35:36.943] [bmv2] [D] [thread 4063] [12.0] [cxt 0] Deparser 'deparser': end
[08:35:36.943] [bmv2] [D] [thread 4067] [12.0] [cxt 0] Transmitting packet of size 70 out of port 0
[08:35:38.995] [bmv2] [D] [thread 4062] [13.0] [cxt 0] Processing packet received on port 2
[08:35:38.996] [bmv2] [D] [thread 4062] [13.0] [cxt 0] Parser 'parser': start
[08:35:38.996] [bmv2] [D] [thread 4062] [13.0] [cxt 0] Parser 'parser' entering state 'start'
[08:35:38.996] [bmv2] [D] [thread 4062] [13.0] [cxt 0] Extracting header 'ethernet'
[08:35:38.996] [bmv2] [D] [thread 4062] [13.0] [cxt 0] Parser state 'start': key is 86dd
[08:35:38.996] [bmv2] [T] [thread 4062] [13.0] [cxt 0] Bytes parsed: 14
[08:35:38.996] [bmv2] [D] [thread 4062] [13.0] [cxt 0] Parser 'parser': end
[08:35:38.996] [bmv2] [D] [thread 4062] [13.0] [cxt 0] Pipeline 'ingress': start
[08:35:38.997] [bmv2] [T] [thread 4062] [13.0] [cxt 0] qos.p4(197) Condition "hdr.ipv4.isValid()" (node_2) is false
[08:35:38.997] [bmv2] [D] [thread 4062] [13.0] [cxt 0] Pipeline 'ingress': end
[08:35:38.997] [bmv2] [D] [thread 4062] [13.0] [cxt 0] Egress port is 0
[08:35:39.000] [bmv2] [D] [thread 4063] [13.0] [cxt 0] Pipeline 'egress': start
[08:35:39.000] [bmv2] [D] [thread 4063] [13.0] [cxt 0] Pipeline 'egress': end
[08:35:39.000] [bmv2] [D] [thread 4063] [13.0] [cxt 0] Deparser 'deparser': start
[08:35:39.000] [bmv2] [T] [thread 4063] [13.0] [cxt 0] Skipping checksum 'cksum' update because condition not met
[08:35:39.000] [bmv2] [D] [thread 4063] [13.0] [cxt 0] Deparsing header 'ethernet'
[08:35:39.000] [bmv2] [D] [thread 4063] [13.0] [cxt 0] Deparser 'deparser': end
[08:35:39.001] [bmv2] [D] [thread 4067] [13.0] [cxt 0] Transmitting packet of size 70 out of port 0
[08:35:41.046] [bmv2] [D] [thread 4062] [14.0] [cxt 0] Processing packet received on port 2
[08:35:41.046] [bmv2] [D] [thread 4062] [14.0] [cxt 0] Parser 'parser': start
[08:35:41.046] [bmv2] [D] [thread 4062] [14.0] [cxt 0] Parser 'parser' entering state 'start'
[08:35:41.046] [bmv2] [D] [thread 4062] [14.0] [cxt 0] Extracting header 'ethernet'
[08:35:41.047] [bmv2] [D] [thread 4062] [14.0] [cxt 0] Parser state 'start': key is 86dd
[08:35:41.047] [bmv2] [T] [thread 4062] [14.0] [cxt 0] Bytes parsed: 14
[08:35:41.047] [bmv2] [D] [thread 4062] [14.0] [cxt 0] Parser 'parser': end
[08:35:41.047] [bmv2] [D] [thread 4062] [14.0] [cxt 0] Pipeline 'ingress': start
[08:35:41.047] [bmv2] [T] [thread 4062] [14.0] [cxt 0] qos.p4(197) Condition "hdr.ipv4.isValid()" (node_2) is false
[08:35:41.047] [bmv2] [D] [thread 4062] [14.0] [cxt 0] Pipeline 'ingress': end
[08:35:41.047] [bmv2] [D] [thread 4062] [14.0] [cxt 0] Egress port is 0
[08:35:41.047] [bmv2] [D] [thread 4063] [14.0] [cxt 0] Pipeline 'egress': start
[08:35:41.047] [bmv2] [D] [thread 4063] [14.0] [cxt 0] Pipeline 'egress': end
[08:35:41.048] [bmv2] [D] [thread 4063] [14.0] [cxt 0] Deparser 'deparser': start
[08:35:41.048] [bmv2] [T] [thread 4063] [14.0] [cxt 0] Skipping checksum 'cksum' update because condition not met
[08:35:41.048] [bmv2] [D] [thread 4063] [14.0] [cxt 0] Deparsing header 'ethernet'
[08:35:41.048] [bmv2] [D] [thread 4063] [14.0] [cxt 0] Deparser 'deparser': end
[08:35:41.048] [bmv2] [D] [thread 4067] [14.0] [cxt 0] Transmitting packet of size 70 out of port 0
[08:36:03.575] [bmv2] [D] [thread 4062] [15.0] [cxt 0] Processing packet received on port 3
[08:36:03.576] [bmv2] [D] [thread 4062] [15.0] [cxt 0] Parser 'parser': start
[08:36:03.576] [bmv2] [D] [thread 4062] [15.0] [cxt 0] Parser 'parser' entering state 'start'
[08:36:03.576] [bmv2] [D] [thread 4062] [15.0] [cxt 0] Extracting header 'ethernet'
[08:36:03.576] [bmv2] [D] [thread 4062] [15.0] [cxt 0] Parser state 'start': key is 86dd
[08:36:03.576] [bmv2] [T] [thread 4062] [15.0] [cxt 0] Bytes parsed: 14
[08:36:03.576] [bmv2] [D] [thread 4062] [15.0] [cxt 0] Parser 'parser': end
[08:36:03.576] [bmv2] [D] [thread 4062] [15.0] [cxt 0] Pipeline 'ingress': start
[08:36:03.577] [bmv2] [T] [thread 4062] [15.0] [cxt 0] qos.p4(197) Condition "hdr.ipv4.isValid()" (node_2) is false
[08:36:03.577] [bmv2] [D] [thread 4062] [15.0] [cxt 0] Pipeline 'ingress': end
[08:36:03.577] [bmv2] [D] [thread 4062] [15.0] [cxt 0] Egress port is 0
[08:36:03.579] [bmv2] [D] [thread 4063] [15.0] [cxt 0] Pipeline 'egress': start
[08:36:03.579] [bmv2] [D] [thread 4063] [15.0] [cxt 0] Pipeline 'egress': end
[08:36:03.580] [bmv2] [D] [thread 4063] [15.0] [cxt 0] Deparser 'deparser': start
[08:36:03.580] [bmv2] [T] [thread 4063] [15.0] [cxt 0] Skipping checksum 'cksum' update because condition not met
[08:36:03.580] [bmv2] [D] [thread 4063] [15.0] [cxt 0] Deparsing header 'ethernet'
[08:36:03.580] [bmv2] [D] [thread 4063] [15.0] [cxt 0] Deparser 'deparser': end
[08:36:03.580] [bmv2] [D] [thread 4067] [15.0] [cxt 0] Transmitting packet of size 70 out of port 0
[08:36:07.663] [bmv2] [D] [thread 4062] [16.0] [cxt 0] Processing packet received on port 3
[08:36:07.664] [bmv2] [D] [thread 4062] [16.0] [cxt 0] Parser 'parser': start
[08:36:07.664] [bmv2] [D] [thread 4062] [16.0] [cxt 0] Parser 'parser' entering state 'start'
[08:36:07.664] [bmv2] [D] [thread 4062] [16.0] [cxt 0] Extracting header 'ethernet'
[08:36:07.664] [bmv2] [D] [thread 4062] [16.0] [cxt 0] Parser state 'start': key is 86dd
[08:36:07.664] [bmv2] [T] [thread 4062] [16.0] [cxt 0] Bytes parsed: 14
[08:36:07.665] [bmv2] [D] [thread 4062] [16.0] [cxt 0] Parser 'parser': end
[08:36:07.665] [bmv2] [D] [thread 4062] [16.0] [cxt 0] Pipeline 'ingress': start
[08:36:07.665] [bmv2] [T] [thread 4062] [16.0] [cxt 0] qos.p4(197) Condition "hdr.ipv4.isValid()" (node_2) is false
[08:36:07.665] [bmv2] [D] [thread 4062] [16.0] [cxt 0] Pipeline 'ingress': end
[08:36:07.665] [bmv2] [D] [thread 4062] [16.0] [cxt 0] Egress port is 0
[08:36:07.669] [bmv2] [D] [thread 4063] [16.0] [cxt 0] Pipeline 'egress': start
[08:36:07.669] [bmv2] [D] [thread 4063] [16.0] [cxt 0] Pipeline 'egress': end
[08:36:07.669] [bmv2] [D] [thread 4063] [16.0] [cxt 0] Deparser 'deparser': start
[08:36:07.669] [bmv2] [T] [thread 4063] [16.0] [cxt 0] Skipping checksum 'cksum' update because condition not met
[08:36:07.670] [bmv2] [D] [thread 4063] [16.0] [cxt 0] Deparsing header 'ethernet'
[08:36:07.670] [bmv2] [D] [thread 4063] [16.0] [cxt 0] Deparser 'deparser': end
[08:36:07.671] [bmv2] [D] [thread 4067] [16.0] [cxt 0] Transmitting packet of size 70 out of port 0
[08:36:11.764] [bmv2] [D] [thread 4062] [17.0] [cxt 0] Processing packet received on port 1
[08:36:11.765] [bmv2] [D] [thread 4062] [17.0] [cxt 0] Parser 'parser': start
[08:36:11.765] [bmv2] [D] [thread 4062] [17.0] [cxt 0] Parser 'parser' entering state 'start'
[08:36:11.765] [bmv2] [D] [thread 4062] [17.0] [cxt 0] Extracting header 'ethernet'
[08:36:11.765] [bmv2] [D] [thread 4062] [17.0] [cxt 0] Parser state 'start': key is 86dd
[08:36:11.766] [bmv2] [T] [thread 4062] [17.0] [cxt 0] Bytes parsed: 14
[08:36:11.766] [bmv2] [D] [thread 4062] [17.0] [cxt 0] Parser 'parser': end
[08:36:11.766] [bmv2] [D] [thread 4062] [17.0] [cxt 0] Pipeline 'ingress': start
[08:36:11.775] [bmv2] [T] [thread 4062] [17.0] [cxt 0] qos.p4(197) Condition "hdr.ipv4.isValid()" (node_2) is false
[08:36:11.775] [bmv2] [D] [thread 4062] [17.0] [cxt 0] Pipeline 'ingress': end
[08:36:11.775] [bmv2] [D] [thread 4062] [17.0] [cxt 0] Egress port is 0
[08:36:11.775] [bmv2] [D] [thread 4063] [17.0] [cxt 0] Pipeline 'egress': start
[08:36:11.775] [bmv2] [D] [thread 4063] [17.0] [cxt 0] Pipeline 'egress': end
[08:36:11.775] [bmv2] [D] [thread 4063] [17.0] [cxt 0] Deparser 'deparser': start
[08:36:11.775] [bmv2] [T] [thread 4063] [17.0] [cxt 0] Skipping checksum 'cksum' update because condition not met
[08:36:11.775] [bmv2] [D] [thread 4063] [17.0] [cxt 0] Deparsing header 'ethernet'
[08:36:11.776] [bmv2] [D] [thread 4063] [17.0] [cxt 0] Deparser 'deparser': end
[08:36:11.776] [bmv2] [D] [thread 4067] [17.0] [cxt 0] Transmitting packet of size 70 out of port 0
[08:36:15.860] [bmv2] [D] [thread 4062] [18.0] [cxt 0] Processing packet received on port 2
[08:36:15.861] [bmv2] [D] [thread 4062] [18.0] [cxt 0] Parser 'parser': start
[08:36:15.861] [bmv2] [D] [thread 4062] [18.0] [cxt 0] Parser 'parser' entering state 'start'
[08:36:15.861] [bmv2] [D] [thread 4062] [18.0] [cxt 0] Extracting header 'ethernet'
[08:36:15.861] [bmv2] [D] [thread 4062] [18.0] [cxt 0] Parser state 'start': key is 86dd
[08:36:15.862] [bmv2] [T] [thread 4062] [18.0] [cxt 0] Bytes parsed: 14
[08:36:15.862] [bmv2] [D] [thread 4062] [18.0] [cxt 0] Parser 'parser': end
[08:36:15.862] [bmv2] [D] [thread 4062] [18.0] [cxt 0] Pipeline 'ingress': start
[08:36:15.862] [bmv2] [T] [thread 4062] [18.0] [cxt 0] qos.p4(197) Condition "hdr.ipv4.isValid()" (node_2) is false
[08:36:15.863] [bmv2] [D] [thread 4062] [18.0] [cxt 0] Pipeline 'ingress': end
[08:36:15.863] [bmv2] [D] [thread 4062] [18.0] [cxt 0] Egress port is 0
[08:36:15.863] [bmv2] [D] [thread 4063] [18.0] [cxt 0] Pipeline 'egress': start
[08:36:15.863] [bmv2] [D] [thread 4063] [18.0] [cxt 0] Pipeline 'egress': end
[08:36:15.864] [bmv2] [D] [thread 4063] [18.0] [cxt 0] Deparser 'deparser': start
[08:36:15.864] [bmv2] [T] [thread 4063] [18.0] [cxt 0] Skipping checksum 'cksum' update because condition not met
[08:36:15.864] [bmv2] [D] [thread 4063] [18.0] [cxt 0] Deparsing header 'ethernet'
[08:36:15.864] [bmv2] [D] [thread 4063] [18.0] [cxt 0] Deparser 'deparser': end
[08:36:15.864] [bmv2] [D] [thread 4067] [18.0] [cxt 0] Transmitting packet of size 70 out of port 0
[08:36:15.866] [bmv2] [D] [thread 4062] [19.0] [cxt 0] Processing packet received on port 2
[08:36:15.866] [bmv2] [D] [thread 4062] [19.0] [cxt 0] Parser 'parser': start
[08:36:15.866] [bmv2] [D] [thread 4062] [19.0] [cxt 0] Parser 'parser' entering state 'start'
[08:36:15.866] [bmv2] [D] [thread 4062] [19.0] [cxt 0] Extracting header 'ethernet'
[08:36:15.866] [bmv2] [D] [thread 4062] [19.0] [cxt 0] Parser state 'start': key is 86dd
[08:36:15.866] [bmv2] [T] [thread 4062] [19.0] [cxt 0] Bytes parsed: 14
[08:36:15.866] [bmv2] [D] [thread 4062] [19.0] [cxt 0] Parser 'parser': end
[08:36:15.867] [bmv2] [D] [thread 4062] [19.0] [cxt 0] Pipeline 'ingress': start
[08:36:15.867] [bmv2] [T] [thread 4062] [19.0] [cxt 0] qos.p4(197) Condition "hdr.ipv4.isValid()" (node_2) is false
[08:36:15.867] [bmv2] [D] [thread 4062] [19.0] [cxt 0] Pipeline 'ingress': end
[08:36:15.867] [bmv2] [D] [thread 4062] [19.0] [cxt 0] Egress port is 0
[08:36:15.870] [bmv2] [D] [thread 4063] [19.0] [cxt 0] Pipeline 'egress': start
[08:36:15.871] [bmv2] [D] [thread 4063] [19.0] [cxt 0] Pipeline 'egress': end
[08:36:15.871] [bmv2] [D] [thread 4063] [19.0] [cxt 0] Deparser 'deparser': start
[08:36:15.871] [bmv2] [T] [thread 4063] [19.0] [cxt 0] Skipping checksum 'cksum' update because condition not met
[08:36:15.871] [bmv2] [D] [thread 4063] [19.0] [cxt 0] Deparsing header 'ethernet'
[08:36:15.871] [bmv2] [D] [thread 4063] [19.0] [cxt 0] Deparser 'deparser': end
[08:36:15.871] [bmv2] [D] [thread 4067] [19.0] [cxt 0] Transmitting packet of size 70 out of port 0
[08:37:05.005] [bmv2] [D] [thread 4062] [20.0] [cxt 0] Processing packet received on port 3
[08:37:05.011] [bmv2] [D] [thread 4062] [20.0] [cxt 0] Parser 'parser': start
[08:37:05.011] [bmv2] [D] [thread 4062] [20.0] [cxt 0] Parser 'parser' entering state 'start'
[08:37:05.011] [bmv2] [D] [thread 4062] [20.0] [cxt 0] Extracting header 'ethernet'
[08:37:05.012] [bmv2] [D] [thread 4062] [20.0] [cxt 0] Parser state 'start': key is 86dd
[08:37:05.012] [bmv2] [T] [thread 4062] [20.0] [cxt 0] Bytes parsed: 14
[08:37:05.012] [bmv2] [D] [thread 4062] [20.0] [cxt 0] Parser 'parser': end
[08:37:05.012] [bmv2] [D] [thread 4062] [20.0] [cxt 0] Pipeline 'ingress': start
[08:37:05.013] [bmv2] [T] [thread 4062] [20.0] [cxt 0] qos.p4(197) Condition "hdr.ipv4.isValid()" (node_2) is false
[08:37:05.013] [bmv2] [D] [thread 4062] [20.0] [cxt 0] Pipeline 'ingress': end
[08:37:05.013] [bmv2] [D] [thread 4062] [20.0] [cxt 0] Egress port is 0
[08:37:05.018] [bmv2] [D] [thread 4063] [20.0] [cxt 0] Pipeline 'egress': start
[08:37:05.018] [bmv2] [D] [thread 4063] [20.0] [cxt 0] Pipeline 'egress': end
[08:37:05.018] [bmv2] [D] [thread 4063] [20.0] [cxt 0] Deparser 'deparser': start
[08:37:05.018] [bmv2] [T] [thread 4063] [20.0] [cxt 0] Skipping checksum 'cksum' update because condition not met
[08:37:05.019] [bmv2] [D] [thread 4063] [20.0] [cxt 0] Deparsing header 'ethernet'
[08:37:05.019] [bmv2] [D] [thread 4063] [20.0] [cxt 0] Deparser 'deparser': end
[08:37:05.019] [bmv2] [D] [thread 4067] [20.0] [cxt 0] Transmitting packet of size 70 out of port 0
[08:37:07.055] [bmv2] [D] [thread 4062] [21.0] [cxt 0] Processing packet received on port 3
[08:37:07.056] [bmv2] [D] [thread 4062] [21.0] [cxt 0] Parser 'parser': start
[08:37:07.056] [bmv2] [D] [thread 4062] [21.0] [cxt 0] Parser 'parser' entering state 'start'
[08:37:07.056] [bmv2] [D] [thread 4062] [21.0] [cxt 0] Extracting header 'ethernet'
[08:37:07.057] [bmv2] [D] [thread 4062] [21.0] [cxt 0] Parser state 'start': key is 86dd
[08:37:07.057] [bmv2] [T] [thread 4062] [21.0] [cxt 0] Bytes parsed: 14
[08:37:07.057] [bmv2] [D] [thread 4062] [21.0] [cxt 0] Parser 'parser': end
[08:37:07.058] [bmv2] [D] [thread 4062] [21.0] [cxt 0] Pipeline 'ingress': start
[08:37:07.063] [bmv2] [T] [thread 4062] [21.0] [cxt 0] qos.p4(197) Condition "hdr.ipv4.isValid()" (node_2) is false
[08:37:07.063] [bmv2] [D] [thread 4062] [21.0] [cxt 0] Pipeline 'ingress': end
[08:37:07.063] [bmv2] [D] [thread 4062] [21.0] [cxt 0] Egress port is 0
[08:37:07.066] [bmv2] [D] [thread 4063] [21.0] [cxt 0] Pipeline 'egress': start
[08:37:07.066] [bmv2] [D] [thread 4063] [21.0] [cxt 0] Pipeline 'egress': end
[08:37:07.066] [bmv2] [D] [thread 4063] [21.0] [cxt 0] Deparser 'deparser': start
[08:37:07.066] [bmv2] [T] [thread 4063] [21.0] [cxt 0] Skipping checksum 'cksum' update because condition not met
[08:37:07.066] [bmv2] [D] [thread 4063] [21.0] [cxt 0] Deparsing header 'ethernet'
[08:37:07.067] [bmv2] [D] [thread 4063] [21.0] [cxt 0] Deparser 'deparser': end
[08:37:07.067] [bmv2] [D] [thread 4067] [21.0] [cxt 0] Transmitting packet of size 70 out of port 0
[08:37:21.388] [bmv2] [D] [thread 4062] [22.0] [cxt 0] Processing packet received on port 1
[08:37:21.388] [bmv2] [D] [thread 4062] [22.0] [cxt 0] Parser 'parser': start
[08:37:21.389] [bmv2] [D] [thread 4062] [22.0] [cxt 0] Parser 'parser' entering state 'start'
[08:37:21.389] [bmv2] [D] [thread 4062] [22.0] [cxt 0] Extracting header 'ethernet'
[08:37:21.389] [bmv2] [D] [thread 4062] [22.0] [cxt 0] Parser state 'start': key is 86dd
[08:37:21.389] [bmv2] [T] [thread 4062] [22.0] [cxt 0] Bytes parsed: 14
[08:37:21.389] [bmv2] [D] [thread 4062] [22.0] [cxt 0] Parser 'parser': end
[08:37:21.389] [bmv2] [D] [thread 4062] [22.0] [cxt 0] Pipeline 'ingress': start
[08:37:21.389] [bmv2] [T] [thread 4062] [22.0] [cxt 0] qos.p4(197) Condition "hdr.ipv4.isValid()" (node_2) is false
[08:37:21.389] [bmv2] [D] [thread 4062] [22.0] [cxt 0] Pipeline 'ingress': end
[08:37:21.389] [bmv2] [D] [thread 4062] [22.0] [cxt 0] Egress port is 0
[08:37:21.389] [bmv2] [D] [thread 4063] [22.0] [cxt 0] Pipeline 'egress': start
[08:37:21.389] [bmv2] [D] [thread 4063] [22.0] [cxt 0] Pipeline 'egress': end
[08:37:21.389] [bmv2] [D] [thread 4063] [22.0] [cxt 0] Deparser 'deparser': start
[08:37:21.389] [bmv2] [T] [thread 4063] [22.0] [cxt 0] Skipping checksum 'cksum' update because condition not met
[08:37:21.389] [bmv2] [D] [thread 4063] [22.0] [cxt 0] Deparsing header 'ethernet'
[08:37:21.390] [bmv2] [D] [thread 4063] [22.0] [cxt 0] Deparser 'deparser': end
[08:37:21.390] [bmv2] [D] [thread 4067] [22.0] [cxt 0] Transmitting packet of size 70 out of port 0
[08:37:23.444] [bmv2] [D] [thread 4062] [23.0] [cxt 0] Processing packet received on port 2
[08:37:23.444] [bmv2] [D] [thread 4062] [23.0] [cxt 0] Parser 'parser': start
[08:37:23.444] [bmv2] [D] [thread 4062] [23.0] [cxt 0] Parser 'parser' entering state 'start'
[08:37:23.445] [bmv2] [D] [thread 4062] [23.0] [cxt 0] Extracting header 'ethernet'
[08:37:23.445] [bmv2] [D] [thread 4062] [23.0] [cxt 0] Parser state 'start': key is 86dd
[08:37:23.445] [bmv2] [T] [thread 4062] [23.0] [cxt 0] Bytes parsed: 14
[08:37:23.445] [bmv2] [D] [thread 4062] [23.0] [cxt 0] Parser 'parser': end
[08:37:23.445] [bmv2] [D] [thread 4062] [23.0] [cxt 0] Pipeline 'ingress': start
[08:37:23.445] [bmv2] [T] [thread 4062] [23.0] [cxt 0] qos.p4(197) Condition "hdr.ipv4.isValid()" (node_2) is false
[08:37:23.445] [bmv2] [D] [thread 4062] [23.0] [cxt 0] Pipeline 'ingress': end
[08:37:23.445] [bmv2] [D] [thread 4062] [23.0] [cxt 0] Egress port is 0
[08:37:23.446] [bmv2] [D] [thread 4063] [23.0] [cxt 0] Pipeline 'egress': start
[08:37:23.446] [bmv2] [D] [thread 4063] [23.0] [cxt 0] Pipeline 'egress': end
[08:37:23.446] [bmv2] [D] [thread 4063] [23.0] [cxt 0] Deparser 'deparser': start
[08:37:23.446] [bmv2] [T] [thread 4063] [23.0] [cxt 0] Skipping checksum 'cksum' update because condition not met
[08:37:23.446] [bmv2] [D] [thread 4063] [23.0] [cxt 0] Deparsing header 'ethernet'
[08:37:23.446] [bmv2] [D] [thread 4063] [23.0] [cxt 0] Deparser 'deparser': end
[08:37:23.446] [bmv2] [D] [thread 4067] [23.0] [cxt 0] Transmitting packet of size 70 out of port 0
[08:37:25.483] [bmv2] [D] [thread 4062] [24.0] [cxt 0] Processing packet received on port 2
[08:37:25.483] [bmv2] [D] [thread 4062] [24.0] [cxt 0] Parser 'parser': start
[08:37:25.483] [bmv2] [D] [thread 4062] [24.0] [cxt 0] Parser 'parser' entering state 'start'
[08:37:25.483] [bmv2] [D] [thread 4062] [24.0] [cxt 0] Extracting header 'ethernet'
[08:37:25.483] [bmv2] [D] [thread 4062] [24.0] [cxt 0] Parser state 'start': key is 86dd
[08:37:25.483] [bmv2] [T] [thread 4062] [24.0] [cxt 0] Bytes parsed: 14
[08:37:25.483] [bmv2] [D] [thread 4062] [24.0] [cxt 0] Parser 'parser': end
[08:37:25.483] [bmv2] [D] [thread 4062] [24.0] [cxt 0] Pipeline 'ingress': start
[08:37:25.483] [bmv2] [T] [thread 4062] [24.0] [cxt 0] qos.p4(197) Condition "hdr.ipv4.isValid()" (node_2) is false
[08:37:25.483] [bmv2] [D] [thread 4062] [24.0] [cxt 0] Pipeline 'ingress': end
[08:37:25.483] [bmv2] [D] [thread 4062] [24.0] [cxt 0] Egress port is 0
[08:37:25.484] [bmv2] [D] [thread 4063] [24.0] [cxt 0] Pipeline 'egress': start
[08:37:25.484] [bmv2] [D] [thread 4063] [24.0] [cxt 0] Pipeline 'egress': end
[08:37:25.484] [bmv2] [D] [thread 4063] [24.0] [cxt 0] Deparser 'deparser': start
[08:37:25.484] [bmv2] [T] [thread 4063] [24.0] [cxt 0] Skipping checksum 'cksum' update because condition not met
[08:37:25.484] [bmv2] [D] [thread 4063] [24.0] [cxt 0] Deparsing header 'ethernet'
[08:37:25.484] [bmv2] [D] [thread 4063] [24.0] [cxt 0] Deparser 'deparser': end
[08:37:25.485] [bmv2] [D] [thread 4067] [24.0] [cxt 0] Transmitting packet of size 70 out of port 0
[08:39:07.890] [bmv2] [D] [thread 4062] [25.0] [cxt 0] Processing packet received on port 3
[08:39:07.890] [bmv2] [D] [thread 4062] [25.0] [cxt 0] Parser 'parser': start
[08:39:07.891] [bmv2] [D] [thread 4062] [25.0] [cxt 0] Parser 'parser' entering state 'start'
[08:39:07.891] [bmv2] [D] [thread 4062] [25.0] [cxt 0] Extracting header 'ethernet'
[08:39:07.891] [bmv2] [D] [thread 4062] [25.0] [cxt 0] Parser state 'start': key is 86dd
[08:39:07.891] [bmv2] [T] [thread 4062] [25.0] [cxt 0] Bytes parsed: 14
[08:39:07.891] [bmv2] [D] [thread 4062] [25.0] [cxt 0] Parser 'parser': end
[08:39:07.891] [bmv2] [D] [thread 4062] [25.0] [cxt 0] Pipeline 'ingress': start
[08:39:07.892] [bmv2] [T] [thread 4062] [25.0] [cxt 0] qos.p4(197) Condition "hdr.ipv4.isValid()" (node_2) is false
[08:39:07.892] [bmv2] [D] [thread 4062] [25.0] [cxt 0] Pipeline 'ingress': end
[08:39:07.892] [bmv2] [D] [thread 4062] [25.0] [cxt 0] Egress port is 0
[08:39:07.895] [bmv2] [D] [thread 4063] [25.0] [cxt 0] Pipeline 'egress': start
[08:39:07.895] [bmv2] [D] [thread 4063] [25.0] [cxt 0] Pipeline 'egress': end
[08:39:07.895] [bmv2] [D] [thread 4063] [25.0] [cxt 0] Deparser 'deparser': start
[08:39:07.895] [bmv2] [T] [thread 4063] [25.0] [cxt 0] Skipping checksum 'cksum' update because condition not met
[08:39:07.895] [bmv2] [D] [thread 4063] [25.0] [cxt 0] Deparsing header 'ethernet'
[08:39:07.895] [bmv2] [D] [thread 4063] [25.0] [cxt 0] Deparser 'deparser': end
[08:39:07.895] [bmv2] [D] [thread 4067] [25.0] [cxt 0] Transmitting packet of size 70 out of port 0
[08:39:07.896] [bmv2] [D] [thread 4062] [26.0] [cxt 0] Processing packet received on port 3
[08:39:07.896] [bmv2] [D] [thread 4062] [26.0] [cxt 0] Parser 'parser': start
[08:39:07.896] [bmv2] [D] [thread 4062] [26.0] [cxt 0] Parser 'parser' entering state 'start'
[08:39:07.896] [bmv2] [D] [thread 4062] [26.0] [cxt 0] Extracting header 'ethernet'
[08:39:07.896] [bmv2] [D] [thread 4062] [26.0] [cxt 0] Parser state 'start': key is 86dd
[08:39:07.896] [bmv2] [T] [thread 4062] [26.0] [cxt 0] Bytes parsed: 14
[08:39:07.896] [bmv2] [D] [thread 4062] [26.0] [cxt 0] Parser 'parser': end
[08:39:07.896] [bmv2] [D] [thread 4062] [26.0] [cxt 0] Pipeline 'ingress': start
[08:39:07.896] [bmv2] [T] [thread 4062] [26.0] [cxt 0] qos.p4(197) Condition "hdr.ipv4.isValid()" (node_2) is false
[08:39:07.896] [bmv2] [D] [thread 4062] [26.0] [cxt 0] Pipeline 'ingress': end
[08:39:07.896] [bmv2] [D] [thread 4062] [26.0] [cxt 0] Egress port is 0
[08:39:07.898] [bmv2] [D] [thread 4063] [26.0] [cxt 0] Pipeline 'egress': start
[08:39:07.898] [bmv2] [D] [thread 4063] [26.0] [cxt 0] Pipeline 'egress': end
[08:39:07.898] [bmv2] [D] [thread 4063] [26.0] [cxt 0] Deparser 'deparser': start
[08:39:07.898] [bmv2] [T] [thread 4063] [26.0] [cxt 0] Skipping checksum 'cksum' update because condition not met
[08:39:07.899] [bmv2] [D] [thread 4063] [26.0] [cxt 0] Deparsing header 'ethernet'
[08:39:07.899] [bmv2] [D] [thread 4063] [26.0] [cxt 0] Deparser 'deparser': end
[08:39:07.899] [bmv2] [D] [thread 4067] [26.0] [cxt 0] Transmitting packet of size 70 out of port 0
[08:39:50.898] [bmv2] [D] [thread 4062] [27.0] [cxt 0] Processing packet received on port 1
[08:39:50.898] [bmv2] [D] [thread 4062] [27.0] [cxt 0] Parser 'parser': start
[08:39:50.898] [bmv2] [D] [thread 4062] [27.0] [cxt 0] Parser 'parser' entering state 'start'
[08:39:50.898] [bmv2] [D] [thread 4062] [27.0] [cxt 0] Extracting header 'ethernet'
[08:39:50.899] [bmv2] [D] [thread 4062] [27.0] [cxt 0] Parser state 'start': key is 86dd
[08:39:50.899] [bmv2] [T] [thread 4062] [27.0] [cxt 0] Bytes parsed: 14
[08:39:50.899] [bmv2] [D] [thread 4062] [27.0] [cxt 0] Parser 'parser': end
[08:39:50.899] [bmv2] [D] [thread 4062] [27.0] [cxt 0] Pipeline 'ingress': start
[08:39:50.899] [bmv2] [T] [thread 4062] [27.0] [cxt 0] qos.p4(197) Condition "hdr.ipv4.isValid()" (node_2) is false
[08:39:50.899] [bmv2] [D] [thread 4062] [27.0] [cxt 0] Pipeline 'ingress': end
[08:39:50.899] [bmv2] [D] [thread 4062] [27.0] [cxt 0] Egress port is 0
[08:39:50.902] [bmv2] [D] [thread 4063] [27.0] [cxt 0] Pipeline 'egress': start
[08:39:50.902] [bmv2] [D] [thread 4063] [27.0] [cxt 0] Pipeline 'egress': end
[08:39:50.903] [bmv2] [D] [thread 4063] [27.0] [cxt 0] Deparser 'deparser': start
[08:39:50.903] [bmv2] [T] [thread 4063] [27.0] [cxt 0] Skipping checksum 'cksum' update because condition not met
[08:39:50.903] [bmv2] [D] [thread 4063] [27.0] [cxt 0] Deparsing header 'ethernet'
[08:39:50.903] [bmv2] [D] [thread 4063] [27.0] [cxt 0] Deparser 'deparser': end
[08:39:50.903] [bmv2] [D] [thread 4067] [27.0] [cxt 0] Transmitting packet of size 70 out of port 0
[08:39:50.903] [bmv2] [D] [thread 4062] [28.0] [cxt 0] Processing packet received on port 2
[08:39:50.903] [bmv2] [D] [thread 4062] [28.0] [cxt 0] Parser 'parser': start
[08:39:50.903] [bmv2] [D] [thread 4062] [28.0] [cxt 0] Parser 'parser' entering state 'start'
[08:39:50.904] [bmv2] [D] [thread 4062] [28.0] [cxt 0] Extracting header 'ethernet'
[08:39:50.904] [bmv2] [D] [thread 4062] [28.0] [cxt 0] Parser state 'start': key is 86dd
[08:39:50.904] [bmv2] [T] [thread 4062] [28.0] [cxt 0] Bytes parsed: 14
[08:39:50.904] [bmv2] [D] [thread 4062] [28.0] [cxt 0] Parser 'parser': end
[08:39:50.904] [bmv2] [D] [thread 4062] [28.0] [cxt 0] Pipeline 'ingress': start
[08:39:50.904] [bmv2] [T] [thread 4062] [28.0] [cxt 0] qos.p4(197) Condition "hdr.ipv4.isValid()" (node_2) is false
[08:39:50.904] [bmv2] [D] [thread 4062] [28.0] [cxt 0] Pipeline 'ingress': end
[08:39:50.904] [bmv2] [D] [thread 4062] [28.0] [cxt 0] Egress port is 0
[08:39:50.904] [bmv2] [D] [thread 4063] [28.0] [cxt 0] Pipeline 'egress': start
[08:39:50.904] [bmv2] [D] [thread 4063] [28.0] [cxt 0] Pipeline 'egress': end
[08:39:50.904] [bmv2] [D] [thread 4063] [28.0] [cxt 0] Deparser 'deparser': start
[08:39:50.904] [bmv2] [T] [thread 4063] [28.0] [cxt 0] Skipping checksum 'cksum' update because condition not met
[08:39:50.904] [bmv2] [D] [thread 4063] [28.0] [cxt 0] Deparsing header 'ethernet'
[08:39:50.904] [bmv2] [D] [thread 4063] [28.0] [cxt 0] Deparser 'deparser': end
[08:39:50.905] [bmv2] [D] [thread 4067] [28.0] [cxt 0] Transmitting packet of size 70 out of port 0
[08:39:50.905] [bmv2] [D] [thread 4062] [29.0] [cxt 0] Processing packet received on port 2
[08:39:50.905] [bmv2] [D] [thread 4062] [29.0] [cxt 0] Parser 'parser': start
[08:39:50.905] [bmv2] [D] [thread 4062] [29.0] [cxt 0] Parser 'parser' entering state 'start'
[08:39:50.905] [bmv2] [D] [thread 4062] [29.0] [cxt 0] Extracting header 'ethernet'
[08:39:50.905] [bmv2] [D] [thread 4062] [29.0] [cxt 0] Parser state 'start': key is 86dd
[08:39:50.905] [bmv2] [T] [thread 4062] [29.0] [cxt 0] Bytes parsed: 14
[08:39:50.905] [bmv2] [D] [thread 4062] [29.0] [cxt 0] Parser 'parser': end
[08:39:50.905] [bmv2] [D] [thread 4062] [29.0] [cxt 0] Pipeline 'ingress': start
[08:39:50.905] [bmv2] [T] [thread 4062] [29.0] [cxt 0] qos.p4(197) Condition "hdr.ipv4.isValid()" (node_2) is false
[08:39:50.905] [bmv2] [D] [thread 4062] [29.0] [cxt 0] Pipeline 'ingress': end
[08:39:50.905] [bmv2] [D] [thread 4062] [29.0] [cxt 0] Egress port is 0
[08:39:50.907] [bmv2] [D] [thread 4063] [29.0] [cxt 0] Pipeline 'egress': start
[08:39:50.907] [bmv2] [D] [thread 4063] [29.0] [cxt 0] Pipeline 'egress': end
[08:39:50.907] [bmv2] [D] [thread 4063] [29.0] [cxt 0] Deparser 'deparser': start
[08:39:50.908] [bmv2] [T] [thread 4063] [29.0] [cxt 0] Skipping checksum 'cksum' update because condition not met
[08:39:50.908] [bmv2] [D] [thread 4063] [29.0] [cxt 0] Deparsing header 'ethernet'
[08:39:50.908] [bmv2] [D] [thread 4063] [29.0] [cxt 0] Deparser 'deparser': end
[08:39:50.908] [bmv2] [D] [thread 4067] [29.0] [cxt 0] Transmitting packet of size 70 out of port 0
[08:43:23.883] [bmv2] [D] [thread 4062] [30.0] [cxt 0] Processing packet received on port 3
[08:43:23.883] [bmv2] [D] [thread 4062] [30.0] [cxt 0] Parser 'parser': start
[08:43:23.883] [bmv2] [D] [thread 4062] [30.0] [cxt 0] Parser 'parser' entering state 'start'
[08:43:23.883] [bmv2] [D] [thread 4062] [30.0] [cxt 0] Extracting header 'ethernet'
[08:43:23.883] [bmv2] [D] [thread 4062] [30.0] [cxt 0] Parser state 'start': key is 86dd
[08:43:23.883] [bmv2] [T] [thread 4062] [30.0] [cxt 0] Bytes parsed: 14
[08:43:23.883] [bmv2] [D] [thread 4062] [30.0] [cxt 0] Parser 'parser': end
[08:43:23.883] [bmv2] [D] [thread 4062] [30.0] [cxt 0] Pipeline 'ingress': start
[08:43:23.883] [bmv2] [T] [thread 4062] [30.0] [cxt 0] qos.p4(197) Condition "hdr.ipv4.isValid()" (node_2) is false
[08:43:23.883] [bmv2] [D] [thread 4062] [30.0] [cxt 0] Pipeline 'ingress': end
[08:43:23.883] [bmv2] [D] [thread 4062] [30.0] [cxt 0] Egress port is 0
[08:43:23.883] [bmv2] [D] [thread 4062] [31.0] [cxt 0] Processing packet received on port 3
[08:43:23.883] [bmv2] [D] [thread 4062] [31.0] [cxt 0] Parser 'parser': start
[08:43:23.883] [bmv2] [D] [thread 4062] [31.0] [cxt 0] Parser 'parser' entering state 'start'
[08:43:23.883] [bmv2] [D] [thread 4062] [31.0] [cxt 0] Extracting header 'ethernet'
[08:43:23.883] [bmv2] [D] [thread 4062] [31.0] [cxt 0] Parser state 'start': key is 86dd
[08:43:23.883] [bmv2] [T] [thread 4062] [31.0] [cxt 0] Bytes parsed: 14
[08:43:23.883] [bmv2] [D] [thread 4062] [31.0] [cxt 0] Parser 'parser': end
[08:43:23.883] [bmv2] [D] [thread 4062] [31.0] [cxt 0] Pipeline 'ingress': start
[08:43:23.883] [bmv2] [T] [thread 4062] [31.0] [cxt 0] qos.p4(197) Condition "hdr.ipv4.isValid()" (node_2) is false
[08:43:23.883] [bmv2] [D] [thread 4062] [31.0] [cxt 0] Pipeline 'ingress': end
[08:43:23.883] [bmv2] [D] [thread 4062] [31.0] [cxt 0] Egress port is 0
[08:43:23.884] [bmv2] [D] [thread 4063] [30.0] [cxt 0] Pipeline 'egress': start
[08:43:23.884] [bmv2] [D] [thread 4063] [30.0] [cxt 0] Pipeline 'egress': end
[08:43:23.884] [bmv2] [D] [thread 4063] [30.0] [cxt 0] Deparser 'deparser': start
[08:43:23.884] [bmv2] [T] [thread 4063] [30.0] [cxt 0] Skipping checksum 'cksum' update because condition not met
[08:43:23.884] [bmv2] [D] [thread 4063] [30.0] [cxt 0] Deparsing header 'ethernet'
[08:43:23.884] [bmv2] [D] [thread 4063] [30.0] [cxt 0] Deparser 'deparser': end
[08:43:23.884] [bmv2] [D] [thread 4063] [31.0] [cxt 0] Pipeline 'egress': start
[08:43:23.884] [bmv2] [D] [thread 4063] [31.0] [cxt 0] Pipeline 'egress': end
[08:43:23.884] [bmv2] [D] [thread 4063] [31.0] [cxt 0] Deparser 'deparser': start
[08:43:23.884] [bmv2] [T] [thread 4063] [31.0] [cxt 0] Skipping checksum 'cksum' update because condition not met
[08:43:23.884] [bmv2] [D] [thread 4063] [31.0] [cxt 0] Deparsing header 'ethernet'
[08:43:23.884] [bmv2] [D] [thread 4063] [31.0] [cxt 0] Deparser 'deparser': end
[08:43:23.885] [bmv2] [D] [thread 4067] [30.0] [cxt 0] Transmitting packet of size 70 out of port 0
[08:43:23.885] [bmv2] [D] [thread 4067] [31.0] [cxt 0] Transmitting packet of size 70 out of port 0
open: No such file or directory
open: No such file or directory
open: No such file or directory
open: No such file or directory
open: No such file or directory
