Sniffing on eth0...
Received a packet:
###[ Ethernet ]### 
  dst       = 08:00:00:00:02:02
  src       = 08:00:00:00:02:00
  type      = n_802_1Q
###[ 802.1Q ]### 
     prio      = 7
     id        = 0
     vlan      = 1
     type      = IPv4
###[ IP ]### 
        version   = 4
        ihl       = 6
        tos       = 0xb8
        len       = 544
        id        = 1
        flags     = 
        frag      = 0
        ttl       = 62
        proto     = udp
        chksum    = 0x6212
        src       = 10.0.1.1
        dst       = 10.0.2.2
        \options   \
         |###[ IP Option ]### 
         |  copy_flag = 1
         |  optclass  = control
         |  option    = 31
         |  length    = 4
         |  value     = '\x01\\xee'
###[ UDP ]### 
           sport     = 1234
           dport     = 4321
           len       = 520
           chksum    = 0x8de7
###[ Raw ]### 
              load      = 'AAAAAAAAAAAAAAAAAAAAAAAAAAAAAAAAAAAAAAAAAAAAAAAAAAAAAAAAAAAAAAAAAAAAAAAAAAAAAAAAAAAAAAAAAAAAAAAAAAAAAAAAAAAAAAAAAAAAAAAAAAAAAAAAAAAAAAAAAAAAAAAAAAAAAAAAAAAAAAAAAAAAAAAAAAAAAAAAAAAAAAAAAAAAAAAAAAAAAAAAAAAAAAAAAAAAAAAAAAAAAAAAAAAAAAAAAAAAAAAAAAAAAAAAAAAAAAAAAAAAAAAAAAAAAAAAAAAAAAAAAAAAAAAAAAAAAAAAAAAAAAAAAAAAAAAAAAAAAAAAAAAAAAAAAAAAAAAAAAAAAAAAAAAAAAAAAAAAAAAAAAAAAAAAAAAAAAAAAAAAAAAAAAAAAAAAAAAAAAAAAAAAAAAAAAAAAAAAAAAAAAAAAAAAAAAAAAAAAAAAAAAAAAAAAAAAAAAAAAAAAAAAAAAAAAAAAAAAAAAAAAAAAAAAAAAAAAAAAAAAAAAAAAAAAAAA'

VLAN ID: 1, Priority (PCP): 7
DSCP: 46
Received a packet:
###[ Ethernet ]### 
  dst       = 08:00:00:00:02:02
  src       = 08:00:00:00:02:00
  type      = n_802_1Q
###[ 802.1Q ]### 
     prio      = 7
     id        = 0
     vlan      = 1
     type      = IPv4
###[ IP ]### 
        version   = 4
        ihl       = 6
        tos       = 0xb8
        len       = 544
        id        = 1
        flags     = 
        frag      = 0
        ttl       = 62
        proto     = udp
        chksum    = 0x6212
        src       = 10.0.1.1
        dst       = 10.0.2.2
        \options   \
         |###[ IP Option ]### 
         |  copy_flag = 1
         |  optclass  = control
         |  option    = 31
         |  length    = 4
         |  value     = '\x01\\xee'
###[ UDP ]### 
           sport     = 1234
           dport     = 4321
           len       = 520
           chksum    = 0x8de7
###[ Raw ]### 
              load      = 'AAAAAAAAAAAAAAAAAAAAAAAAAAAAAAAAAAAAAAAAAAAAAAAAAAAAAAAAAAAAAAAAAAAAAAAAAAAAAAAAAAAAAAAAAAAAAAAAAAAAAAAAAAAAAAAAAAAAAAAAAAAAAAAAAAAAAAAAAAAAAAAAAAAAAAAAAAAAAAAAAAAAAAAAAAAAAAAAAAAAAAAAAAAAAAAAAAAAAAAAAAAAAAAAAAAAAAAAAAAAAAAAAAAAAAAAAAAAAAAAAAAAAAAAAAAAAAAAAAAAAAAAAAAAAAAAAAAAAAAAAAAAAAAAAAAAAAAAAAAAAAAAAAAAAAAAAAAAAAAAAAAAAAAAAAAAAAAAAAAAAAAAAAAAAAAAAAAAAAAAAAAAAAAAAAAAAAAAAAAAAAAAAAAAAAAAAAAAAAAAAAAAAAAAAAAAAAAAAAAAAAAAAAAAAAAAAAAAAAAAAAAAAAAAAAAAAAAAAAAAAAAAAAAAAAAAAAAAAAAAAAAAAAAAAAAAAAAAAAAAAAAAAAAAAAAA'

VLAN ID: 1, Priority (PCP): 7
DSCP: 46
Received a packet:
###[ Ethernet ]### 
  dst       = 08:00:00:00:02:02
  src       = 08:00:00:00:02:00
  type      = n_802_1Q
###[ 802.1Q ]### 
     prio      = 7
     id        = 0
     vlan      = 1
     type      = IPv4
###[ IP ]### 
        version   = 4
        ihl       = 6
        tos       = 0xb8
        len       = 544
        id        = 1
        flags     = 
        frag      = 0
        ttl       = 62
        proto     = udp
        chksum    = 0x6212
        src       = 10.0.1.1
        dst       = 10.0.2.2
        \options   \
         |###[ IP Option ]### 
         |  copy_flag = 1
         |  optclass  = control
         |  option    = 31
         |  length    = 4
         |  value     = '\x01\\xee'
###[ UDP ]### 
           sport     = 1234
           dport     = 4321
           len       = 520
           chksum    = 0x8de7
###[ Raw ]### 
              load      = 'AAAAAAAAAAAAAAAAAAAAAAAAAAAAAAAAAAAAAAAAAAAAAAAAAAAAAAAAAAAAAAAAAAAAAAAAAAAAAAAAAAAAAAAAAAAAAAAAAAAAAAAAAAAAAAAAAAAAAAAAAAAAAAAAAAAAAAAAAAAAAAAAAAAAAAAAAAAAAAAAAAAAAAAAAAAAAAAAAAAAAAAAAAAAAAAAAAAAAAAAAAAAAAAAAAAAAAAAAAAAAAAAAAAAAAAAAAAAAAAAAAAAAAAAAAAAAAAAAAAAAAAAAAAAAAAAAAAAAAAAAAAAAAAAAAAAAAAAAAAAAAAAAAAAAAAAAAAAAAAAAAAAAAAAAAAAAAAAAAAAAAAAAAAAAAAAAAAAAAAAAAAAAAAAAAAAAAAAAAAAAAAAAAAAAAAAAAAAAAAAAAAAAAAAAAAAAAAAAAAAAAAAAAAAAAAAAAAAAAAAAAAAAAAAAAAAAAAAAAAAAAAAAAAAAAAAAAAAAAAAAAAAAAAAAAAAAAAAAAAAAAAAAAAAAAAA'

VLAN ID: 1, Priority (PCP): 7
DSCP: 46
Received a packet:
###[ Ethernet ]### 
  dst       = 08:00:00:00:02:02
  src       = 08:00:00:00:02:00
  type      = n_802_1Q
###[ 802.1Q ]### 
     prio      = 7
     id        = 0
     vlan      = 1
     type      = IPv4
###[ IP ]### 
        version   = 4
        ihl       = 6
        tos       = 0xb8
        len       = 544
        id        = 1
        flags     = 
        frag      = 0
        ttl       = 62
        proto     = udp
        chksum    = 0x6212
        src       = 10.0.1.1
        dst       = 10.0.2.2
        \options   \
         |###[ IP Option ]### 
         |  copy_flag = 1
         |  optclass  = control
         |  option    = 31
         |  length    = 4
         |  value     = '\x01\\xee'
###[ UDP ]### 
           sport     = 1234
           dport     = 4321
           len       = 520
           chksum    = 0x8de7
###[ Raw ]### 
              load      = 'AAAAAAAAAAAAAAAAAAAAAAAAAAAAAAAAAAAAAAAAAAAAAAAAAAAAAAAAAAAAAAAAAAAAAAAAAAAAAAAAAAAAAAAAAAAAAAAAAAAAAAAAAAAAAAAAAAAAAAAAAAAAAAAAAAAAAAAAAAAAAAAAAAAAAAAAAAAAAAAAAAAAAAAAAAAAAAAAAAAAAAAAAAAAAAAAAAAAAAAAAAAAAAAAAAAAAAAAAAAAAAAAAAAAAAAAAAAAAAAAAAAAAAAAAAAAAAAAAAAAAAAAAAAAAAAAAAAAAAAAAAAAAAAAAAAAAAAAAAAAAAAAAAAAAAAAAAAAAAAAAAAAAAAAAAAAAAAAAAAAAAAAAAAAAAAAAAAAAAAAAAAAAAAAAAAAAAAAAAAAAAAAAAAAAAAAAAAAAAAAAAAAAAAAAAAAAAAAAAAAAAAAAAAAAAAAAAAAAAAAAAAAAAAAAAAAAAAAAAAAAAAAAAAAAAAAAAAAAAAAAAAAAAAAAAAAAAAAAAAAAAAAAAAAAAAA'

VLAN ID: 1, Priority (PCP): 7
DSCP: 46
Received a packet:
###[ Ethernet ]### 
  dst       = 08:00:00:00:02:02
  src       = 08:00:00:00:02:00
  type      = n_802_1Q
###[ 802.1Q ]### 
     prio      = 7
     id        = 0
     vlan      = 1
     type      = IPv4
###[ IP ]### 
        version   = 4
        ihl       = 6
        tos       = 0xb8
        len       = 544
        id        = 1
        flags     = 
        frag      = 0
        ttl       = 62
        proto     = udp
        chksum    = 0x6212
        src       = 10.0.1.1
        dst       = 10.0.2.2
        \options   \
         |###[ IP Option ]### 
         |  copy_flag = 1
         |  optclass  = control
         |  option    = 31
         |  length    = 4
         |  value     = '\x01\\xee'
###[ UDP ]### 
           sport     = 1234
           dport     = 4321
           len       = 520
           chksum    = 0x8de7
###[ Raw ]### 
              load      = 'AAAAAAAAAAAAAAAAAAAAAAAAAAAAAAAAAAAAAAAAAAAAAAAAAAAAAAAAAAAAAAAAAAAAAAAAAAAAAAAAAAAAAAAAAAAAAAAAAAAAAAAAAAAAAAAAAAAAAAAAAAAAAAAAAAAAAAAAAAAAAAAAAAAAAAAAAAAAAAAAAAAAAAAAAAAAAAAAAAAAAAAAAAAAAAAAAAAAAAAAAAAAAAAAAAAAAAAAAAAAAAAAAAAAAAAAAAAAAAAAAAAAAAAAAAAAAAAAAAAAAAAAAAAAAAAAAAAAAAAAAAAAAAAAAAAAAAAAAAAAAAAAAAAAAAAAAAAAAAAAAAAAAAAAAAAAAAAAAAAAAAAAAAAAAAAAAAAAAAAAAAAAAAAAAAAAAAAAAAAAAAAAAAAAAAAAAAAAAAAAAAAAAAAAAAAAAAAAAAAAAAAAAAAAAAAAAAAAAAAAAAAAAAAAAAAAAAAAAAAAAAAAAAAAAAAAAAAAAAAAAAAAAAAAAAAAAAAAAAAAAAAAAAAAAAAA'

VLAN ID: 1, Priority (PCP): 7
DSCP: 46
Received a packet:
###[ Ethernet ]### 
  dst       = 08:00:00:00:02:02
  src       = 08:00:00:00:02:00
  type      = n_802_1Q
###[ 802.1Q ]### 
     prio      = 7
     id        = 0
     vlan      = 1
     type      = IPv4
###[ IP ]### 
        version   = 4
        ihl       = 6
        tos       = 0xb8
        len       = 544
        id        = 1
        flags     = 
        frag      = 0
        ttl       = 62
        proto     = udp
        chksum    = 0x6212
        src       = 10.0.1.1
        dst       = 10.0.2.2
        \options   \
         |###[ IP Option ]### 
         |  copy_flag = 1
         |  optclass  = control
         |  option    = 31
         |  length    = 4
         |  value     = '\x01\\xee'
###[ UDP ]### 
           sport     = 1234
           dport     = 4321
           len       = 520
           chksum    = 0x8de7
###[ Raw ]### 
              load      = 'AAAAAAAAAAAAAAAAAAAAAAAAAAAAAAAAAAAAAAAAAAAAAAAAAAAAAAAAAAAAAAAAAAAAAAAAAAAAAAAAAAAAAAAAAAAAAAAAAAAAAAAAAAAAAAAAAAAAAAAAAAAAAAAAAAAAAAAAAAAAAAAAAAAAAAAAAAAAAAAAAAAAAAAAAAAAAAAAAAAAAAAAAAAAAAAAAAAAAAAAAAAAAAAAAAAAAAAAAAAAAAAAAAAAAAAAAAAAAAAAAAAAAAAAAAAAAAAAAAAAAAAAAAAAAAAAAAAAAAAAAAAAAAAAAAAAAAAAAAAAAAAAAAAAAAAAAAAAAAAAAAAAAAAAAAAAAAAAAAAAAAAAAAAAAAAAAAAAAAAAAAAAAAAAAAAAAAAAAAAAAAAAAAAAAAAAAAAAAAAAAAAAAAAAAAAAAAAAAAAAAAAAAAAAAAAAAAAAAAAAAAAAAAAAAAAAAAAAAAAAAAAAAAAAAAAAAAAAAAAAAAAAAAAAAAAAAAAAAAAAAAAAAAAAAAAA'

VLAN ID: 1, Priority (PCP): 7
DSCP: 46
Received a packet:
###[ Ethernet ]### 
  dst       = 08:00:00:00:02:02
  src       = 08:00:00:00:02:00
  type      = n_802_1Q
###[ 802.1Q ]### 
     prio      = 7
     id        = 0
     vlan      = 1
     type      = IPv4
###[ IP ]### 
        version   = 4
        ihl       = 6
        tos       = 0xb8
        len       = 544
        id        = 1
        flags     = 
        frag      = 0
        ttl       = 62
        proto     = udp
        chksum    = 0x6212
        src       = 10.0.1.1
        dst       = 10.0.2.2
        \options   \
         |###[ IP Option ]### 
         |  copy_flag = 1
         |  optclass  = control
         |  option    = 31
         |  length    = 4
         |  value     = '\x01\\xee'
###[ UDP ]### 
           sport     = 1234
           dport     = 4321
           len       = 520
           chksum    = 0x8de7
###[ Raw ]### 
              load      = 'AAAAAAAAAAAAAAAAAAAAAAAAAAAAAAAAAAAAAAAAAAAAAAAAAAAAAAAAAAAAAAAAAAAAAAAAAAAAAAAAAAAAAAAAAAAAAAAAAAAAAAAAAAAAAAAAAAAAAAAAAAAAAAAAAAAAAAAAAAAAAAAAAAAAAAAAAAAAAAAAAAAAAAAAAAAAAAAAAAAAAAAAAAAAAAAAAAAAAAAAAAAAAAAAAAAAAAAAAAAAAAAAAAAAAAAAAAAAAAAAAAAAAAAAAAAAAAAAAAAAAAAAAAAAAAAAAAAAAAAAAAAAAAAAAAAAAAAAAAAAAAAAAAAAAAAAAAAAAAAAAAAAAAAAAAAAAAAAAAAAAAAAAAAAAAAAAAAAAAAAAAAAAAAAAAAAAAAAAAAAAAAAAAAAAAAAAAAAAAAAAAAAAAAAAAAAAAAAAAAAAAAAAAAAAAAAAAAAAAAAAAAAAAAAAAAAAAAAAAAAAAAAAAAAAAAAAAAAAAAAAAAAAAAAAAAAAAAAAAAAAAAAAAAAAAAA'

VLAN ID: 1, Priority (PCP): 7
DSCP: 46
Received a packet:
###[ Ethernet ]### 
  dst       = 08:00:00:00:02:02
  src       = 08:00:00:00:02:00
  type      = n_802_1Q
###[ 802.1Q ]### 
     prio      = 7
     id        = 0
     vlan      = 1
     type      = IPv4
###[ IP ]### 
        version   = 4
        ihl       = 6
        tos       = 0xb8
        len       = 544
        id        = 1
        flags     = 
        frag      = 0
        ttl       = 62
        proto     = udp
        chksum    = 0x6212
        src       = 10.0.1.1
        dst       = 10.0.2.2
        \options   \
         |###[ IP Option ]### 
         |  copy_flag = 1
         |  optclass  = control
         |  option    = 31
         |  length    = 4
         |  value     = '\x01\\xee'
###[ UDP ]### 
           sport     = 1234
           dport     = 4321
           len       = 520
           chksum    = 0x8de7
###[ Raw ]### 
              load      = 'AAAAAAAAAAAAAAAAAAAAAAAAAAAAAAAAAAAAAAAAAAAAAAAAAAAAAAAAAAAAAAAAAAAAAAAAAAAAAAAAAAAAAAAAAAAAAAAAAAAAAAAAAAAAAAAAAAAAAAAAAAAAAAAAAAAAAAAAAAAAAAAAAAAAAAAAAAAAAAAAAAAAAAAAAAAAAAAAAAAAAAAAAAAAAAAAAAAAAAAAAAAAAAAAAAAAAAAAAAAAAAAAAAAAAAAAAAAAAAAAAAAAAAAAAAAAAAAAAAAAAAAAAAAAAAAAAAAAAAAAAAAAAAAAAAAAAAAAAAAAAAAAAAAAAAAAAAAAAAAAAAAAAAAAAAAAAAAAAAAAAAAAAAAAAAAAAAAAAAAAAAAAAAAAAAAAAAAAAAAAAAAAAAAAAAAAAAAAAAAAAAAAAAAAAAAAAAAAAAAAAAAAAAAAAAAAAAAAAAAAAAAAAAAAAAAAAAAAAAAAAAAAAAAAAAAAAAAAAAAAAAAAAAAAAAAAAAAAAAAAAAAAAAAAAAAA'

VLAN ID: 1, Priority (PCP): 7
DSCP: 46
Received a packet:
###[ Ethernet ]### 
  dst       = 08:00:00:00:02:02
  src       = 08:00:00:00:02:00
  type      = n_802_1Q
###[ 802.1Q ]### 
     prio      = 7
     id        = 0
     vlan      = 1
     type      = IPv4
###[ IP ]### 
        version   = 4
        ihl       = 6
        tos       = 0xb8
        len       = 544
        id        = 1
        flags     = 
        frag      = 0
        ttl       = 62
        proto     = udp
        chksum    = 0x6212
        src       = 10.0.1.1
        dst       = 10.0.2.2
        \options   \
         |###[ IP Option ]### 
         |  copy_flag = 1
         |  optclass  = control
         |  option    = 31
         |  length    = 4
         |  value     = '\x01\\xee'
###[ UDP ]### 
           sport     = 1234
           dport     = 4321
           len       = 520
           chksum    = 0x8de7
###[ Raw ]### 
              load      = 'AAAAAAAAAAAAAAAAAAAAAAAAAAAAAAAAAAAAAAAAAAAAAAAAAAAAAAAAAAAAAAAAAAAAAAAAAAAAAAAAAAAAAAAAAAAAAAAAAAAAAAAAAAAAAAAAAAAAAAAAAAAAAAAAAAAAAAAAAAAAAAAAAAAAAAAAAAAAAAAAAAAAAAAAAAAAAAAAAAAAAAAAAAAAAAAAAAAAAAAAAAAAAAAAAAAAAAAAAAAAAAAAAAAAAAAAAAAAAAAAAAAAAAAAAAAAAAAAAAAAAAAAAAAAAAAAAAAAAAAAAAAAAAAAAAAAAAAAAAAAAAAAAAAAAAAAAAAAAAAAAAAAAAAAAAAAAAAAAAAAAAAAAAAAAAAAAAAAAAAAAAAAAAAAAAAAAAAAAAAAAAAAAAAAAAAAAAAAAAAAAAAAAAAAAAAAAAAAAAAAAAAAAAAAAAAAAAAAAAAAAAAAAAAAAAAAAAAAAAAAAAAAAAAAAAAAAAAAAAAAAAAAAAAAAAAAAAAAAAAAAAAAAAAAAAAA'

VLAN ID: 1, Priority (PCP): 7
DSCP: 46
Received a packet:
###[ Ethernet ]### 
  dst       = 08:00:00:00:02:02
  src       = 08:00:00:00:02:00
  type      = n_802_1Q
###[ 802.1Q ]### 
     prio      = 7
     id        = 0
     vlan      = 1
     type      = IPv4
###[ IP ]### 
        version   = 4
        ihl       = 6
        tos       = 0xb8
        len       = 544
        id        = 1
        flags     = 
        frag      = 0
        ttl       = 62
        proto     = udp
        chksum    = 0x6212
        src       = 10.0.1.1
        dst       = 10.0.2.2
        \options   \
         |###[ IP Option ]### 
         |  copy_flag = 1
         |  optclass  = control
         |  option    = 31
         |  length    = 4
         |  value     = '\x01\\xee'
###[ UDP ]### 
           sport     = 1234
           dport     = 4321
           len       = 520
           chksum    = 0x8de7
###[ Raw ]### 
              load      = 'AAAAAAAAAAAAAAAAAAAAAAAAAAAAAAAAAAAAAAAAAAAAAAAAAAAAAAAAAAAAAAAAAAAAAAAAAAAAAAAAAAAAAAAAAAAAAAAAAAAAAAAAAAAAAAAAAAAAAAAAAAAAAAAAAAAAAAAAAAAAAAAAAAAAAAAAAAAAAAAAAAAAAAAAAAAAAAAAAAAAAAAAAAAAAAAAAAAAAAAAAAAAAAAAAAAAAAAAAAAAAAAAAAAAAAAAAAAAAAAAAAAAAAAAAAAAAAAAAAAAAAAAAAAAAAAAAAAAAAAAAAAAAAAAAAAAAAAAAAAAAAAAAAAAAAAAAAAAAAAAAAAAAAAAAAAAAAAAAAAAAAAAAAAAAAAAAAAAAAAAAAAAAAAAAAAAAAAAAAAAAAAAAAAAAAAAAAAAAAAAAAAAAAAAAAAAAAAAAAAAAAAAAAAAAAAAAAAAAAAAAAAAAAAAAAAAAAAAAAAAAAAAAAAAAAAAAAAAAAAAAAAAAAAAAAAAAAAAAAAAAAAAAAAAAAAA'

VLAN ID: 1, Priority (PCP): 7
DSCP: 46
