Calling target program-options parser
[22:22:21.414] [bmv2] [D] [thread 5790] Set default default entry for table 'tbl_qos200': qos200 - 
[22:22:21.415] [bmv2] [D] [thread 5790] Set default default entry for table 'MyIngress.ipv4_lpm': NoAction - 
Adding interface s3-eth1 as port 1
[22:22:21.416] [bmv2] [D] [thread 5790] Adding interface s3-eth1 as port 1
Adding interface s3-eth2 as port 2
[22:22:21.430] [bmv2] [D] [thread 5790] Adding interface s3-eth2 as port 2
Adding interface s3-eth3 as port 3
[22:22:21.437] [bmv2] [D] [thread 5790] Adding interface s3-eth3 as port 3
Server listening on 0.0.0.0:50053
[22:22:21.447] [bmv2] [I] [thread 5790] Starting Thrift server on port 9092
[22:22:21.451] [bmv2] [I] [thread 5790] Thrift server was started
[22:22:23.359] [bmv2] [W] [thread 5845] [P4Runtime] p4::tmp::P4DeviceConfig is deprecated
[22:22:23.369] [bmv2] [D] [thread 5845] Set default default entry for table 'tbl_qos200': qos200 - 
[22:22:23.370] [bmv2] [D] [thread 5845] Set default default entry for table 'MyIngress.ipv4_lpm': NoAction - 
[22:22:23.377] [bmv2] [D] [thread 5845] simple_switch target has been notified of a config swap
[22:22:23.385] [bmv2] [D] [thread 5846] Entry 0 added to table 'MyIngress.ipv4_lpm'
[22:22:23.385] [bmv2] [D] [thread 5846] Dumping entry 0
Match key:
* hdr.ipv4.dstAddr    : LPM       0a000303/32
Action entry: MyIngress.ipv4_forward - 80000000303,1,

[22:22:23.396] [bmv2] [D] [thread 5846] Entry 1 added to table 'MyIngress.ipv4_lpm'
[22:22:23.396] [bmv2] [D] [thread 5846] Dumping entry 1
Match key:
* hdr.ipv4.dstAddr    : LPM       0a000100/24
Action entry: MyIngress.ipv4_forward - 80000000100,2,

[22:22:23.407] [bmv2] [D] [thread 5851] Entry 2 added to table 'MyIngress.ipv4_lpm'
[22:22:23.407] [bmv2] [D] [thread 5851] Dumping entry 2
Match key:
* hdr.ipv4.dstAddr    : LPM       0a000200/24
Action entry: MyIngress.ipv4_forward - 80000000200,3,

[22:22:23.672] [bmv2] [D] [thread 5800] [0.0] [cxt 0] Processing packet received on port 3
[22:22:23.672] [bmv2] [D] [thread 5800] [0.0] [cxt 0] Parser 'parser': start
[22:22:23.672] [bmv2] [D] [thread 5800] [0.0] [cxt 0] Parser 'parser' entering state 'start'
[22:22:23.672] [bmv2] [D] [thread 5800] [0.0] [cxt 0] Extracting header 'ethernet'
[22:22:23.672] [bmv2] [D] [thread 5800] [0.0] [cxt 0] Parser state 'start': key is 86dd
[22:22:23.672] [bmv2] [T] [thread 5800] [0.0] [cxt 0] Bytes parsed: 14
[22:22:23.672] [bmv2] [D] [thread 5800] [0.0] [cxt 0] Parser 'parser': end
[22:22:23.672] [bmv2] [D] [thread 5800] [0.0] [cxt 0] Pipeline 'ingress': start
[22:22:23.672] [bmv2] [T] [thread 5800] [0.0] [cxt 0] qos.p4(197) Condition "hdr.ipv4.isValid()" (node_2) is false
[22:22:23.672] [bmv2] [D] [thread 5800] [0.0] [cxt 0] Pipeline 'ingress': end
[22:22:23.672] [bmv2] [D] [thread 5800] [0.0] [cxt 0] Egress port is 0
[22:22:23.673] [bmv2] [D] [thread 5801] [0.0] [cxt 0] Pipeline 'egress': start
[22:22:23.673] [bmv2] [D] [thread 5801] [0.0] [cxt 0] Pipeline 'egress': end
[22:22:23.673] [bmv2] [D] [thread 5801] [0.0] [cxt 0] Deparser 'deparser': start
[22:22:23.673] [bmv2] [T] [thread 5801] [0.0] [cxt 0] Skipping checksum 'cksum' update because condition not met
[22:22:23.673] [bmv2] [D] [thread 5801] [0.0] [cxt 0] Deparsing header 'ethernet'
[22:22:23.673] [bmv2] [D] [thread 5801] [0.0] [cxt 0] Deparser 'deparser': end
[22:22:23.673] [bmv2] [D] [thread 5805] [0.0] [cxt 0] Transmitting packet of size 70 out of port 0
[22:22:23.927] [bmv2] [D] [thread 5800] [1.0] [cxt 0] Processing packet received on port 1
[22:22:23.932] [bmv2] [D] [thread 5800] [1.0] [cxt 0] Parser 'parser': start
[22:22:23.932] [bmv2] [D] [thread 5800] [1.0] [cxt 0] Parser 'parser' entering state 'start'
[22:22:23.932] [bmv2] [D] [thread 5800] [1.0] [cxt 0] Extracting header 'ethernet'
[22:22:23.932] [bmv2] [D] [thread 5800] [1.0] [cxt 0] Parser state 'start': key is 86dd
[22:22:23.932] [bmv2] [T] [thread 5800] [1.0] [cxt 0] Bytes parsed: 14
[22:22:23.932] [bmv2] [D] [thread 5800] [1.0] [cxt 0] Parser 'parser': end
[22:22:23.933] [bmv2] [D] [thread 5800] [1.0] [cxt 0] Pipeline 'ingress': start
[22:22:23.933] [bmv2] [T] [thread 5800] [1.0] [cxt 0] qos.p4(197) Condition "hdr.ipv4.isValid()" (node_2) is false
[22:22:23.933] [bmv2] [D] [thread 5800] [1.0] [cxt 0] Pipeline 'ingress': end
[22:22:23.933] [bmv2] [D] [thread 5800] [1.0] [cxt 0] Egress port is 0
[22:22:23.935] [bmv2] [D] [thread 5801] [1.0] [cxt 0] Pipeline 'egress': start
[22:22:23.935] [bmv2] [D] [thread 5801] [1.0] [cxt 0] Pipeline 'egress': end
[22:22:23.935] [bmv2] [D] [thread 5801] [1.0] [cxt 0] Deparser 'deparser': start
[22:22:23.935] [bmv2] [T] [thread 5801] [1.0] [cxt 0] Skipping checksum 'cksum' update because condition not met
[22:22:23.935] [bmv2] [D] [thread 5801] [1.0] [cxt 0] Deparsing header 'ethernet'
[22:22:23.935] [bmv2] [D] [thread 5801] [1.0] [cxt 0] Deparser 'deparser': end
[22:22:23.935] [bmv2] [D] [thread 5805] [1.0] [cxt 0] Transmitting packet of size 70 out of port 0
[22:22:23.935] [bmv2] [D] [thread 5800] [2.0] [cxt 0] Processing packet received on port 2
[22:22:23.935] [bmv2] [D] [thread 5800] [2.0] [cxt 0] Parser 'parser': start
[22:22:23.935] [bmv2] [D] [thread 5800] [2.0] [cxt 0] Parser 'parser' entering state 'start'
[22:22:23.935] [bmv2] [D] [thread 5800] [2.0] [cxt 0] Extracting header 'ethernet'
[22:22:23.935] [bmv2] [D] [thread 5800] [2.0] [cxt 0] Parser state 'start': key is 86dd
[22:22:23.935] [bmv2] [T] [thread 5800] [2.0] [cxt 0] Bytes parsed: 14
[22:22:23.935] [bmv2] [D] [thread 5800] [2.0] [cxt 0] Parser 'parser': end
[22:22:23.935] [bmv2] [D] [thread 5800] [2.0] [cxt 0] Pipeline 'ingress': start
[22:22:23.935] [bmv2] [T] [thread 5800] [2.0] [cxt 0] qos.p4(197) Condition "hdr.ipv4.isValid()" (node_2) is false
[22:22:23.935] [bmv2] [D] [thread 5800] [2.0] [cxt 0] Pipeline 'ingress': end
[22:22:23.935] [bmv2] [D] [thread 5800] [2.0] [cxt 0] Egress port is 0
[22:22:23.936] [bmv2] [D] [thread 5801] [2.0] [cxt 0] Pipeline 'egress': start
[22:22:23.936] [bmv2] [D] [thread 5801] [2.0] [cxt 0] Pipeline 'egress': end
[22:22:23.936] [bmv2] [D] [thread 5801] [2.0] [cxt 0] Deparser 'deparser': start
[22:22:23.936] [bmv2] [T] [thread 5801] [2.0] [cxt 0] Skipping checksum 'cksum' update because condition not met
[22:22:23.936] [bmv2] [D] [thread 5801] [2.0] [cxt 0] Deparsing header 'ethernet'
[22:22:23.936] [bmv2] [D] [thread 5801] [2.0] [cxt 0] Deparser 'deparser': end
[22:22:23.936] [bmv2] [D] [thread 5805] [2.0] [cxt 0] Transmitting packet of size 70 out of port 0
[22:22:23.937] [bmv2] [D] [thread 5800] [3.0] [cxt 0] Processing packet received on port 3
[22:22:23.937] [bmv2] [D] [thread 5800] [3.0] [cxt 0] Parser 'parser': start
[22:22:23.937] [bmv2] [D] [thread 5800] [3.0] [cxt 0] Parser 'parser' entering state 'start'
[22:22:23.937] [bmv2] [D] [thread 5800] [3.0] [cxt 0] Extracting header 'ethernet'
[22:22:23.937] [bmv2] [D] [thread 5800] [3.0] [cxt 0] Parser state 'start': key is 86dd
[22:22:23.937] [bmv2] [T] [thread 5800] [3.0] [cxt 0] Bytes parsed: 14
[22:22:23.937] [bmv2] [D] [thread 5800] [3.0] [cxt 0] Parser 'parser': end
[22:22:23.937] [bmv2] [D] [thread 5800] [3.0] [cxt 0] Pipeline 'ingress': start
[22:22:23.937] [bmv2] [T] [thread 5800] [3.0] [cxt 0] qos.p4(197) Condition "hdr.ipv4.isValid()" (node_2) is false
[22:22:23.937] [bmv2] [D] [thread 5800] [3.0] [cxt 0] Pipeline 'ingress': end
[22:22:23.937] [bmv2] [D] [thread 5800] [3.0] [cxt 0] Egress port is 0
[22:22:23.937] [bmv2] [D] [thread 5801] [3.0] [cxt 0] Pipeline 'egress': start
[22:22:23.937] [bmv2] [D] [thread 5801] [3.0] [cxt 0] Pipeline 'egress': end
[22:22:23.937] [bmv2] [D] [thread 5801] [3.0] [cxt 0] Deparser 'deparser': start
[22:22:23.937] [bmv2] [T] [thread 5801] [3.0] [cxt 0] Skipping checksum 'cksum' update because condition not met
[22:22:23.937] [bmv2] [D] [thread 5801] [3.0] [cxt 0] Deparsing header 'ethernet'
[22:22:23.937] [bmv2] [D] [thread 5801] [3.0] [cxt 0] Deparser 'deparser': end
[22:22:23.937] [bmv2] [D] [thread 5805] [3.0] [cxt 0] Transmitting packet of size 70 out of port 0
[22:22:24.442] [bmv2] [D] [thread 5800] [4.0] [cxt 0] Processing packet received on port 2
[22:22:24.442] [bmv2] [D] [thread 5800] [4.0] [cxt 0] Parser 'parser': start
[22:22:24.442] [bmv2] [D] [thread 5800] [4.0] [cxt 0] Parser 'parser' entering state 'start'
[22:22:24.442] [bmv2] [D] [thread 5800] [4.0] [cxt 0] Extracting header 'ethernet'
[22:22:24.442] [bmv2] [D] [thread 5800] [4.0] [cxt 0] Parser state 'start': key is 86dd
[22:22:24.442] [bmv2] [T] [thread 5800] [4.0] [cxt 0] Bytes parsed: 14
[22:22:24.442] [bmv2] [D] [thread 5800] [4.0] [cxt 0] Parser 'parser': end
[22:22:24.442] [bmv2] [D] [thread 5800] [4.0] [cxt 0] Pipeline 'ingress': start
[22:22:24.442] [bmv2] [T] [thread 5800] [4.0] [cxt 0] qos.p4(197) Condition "hdr.ipv4.isValid()" (node_2) is false
[22:22:24.442] [bmv2] [D] [thread 5800] [4.0] [cxt 0] Pipeline 'ingress': end
[22:22:24.442] [bmv2] [D] [thread 5800] [4.0] [cxt 0] Egress port is 0
[22:22:24.443] [bmv2] [D] [thread 5801] [4.0] [cxt 0] Pipeline 'egress': start
[22:22:24.443] [bmv2] [D] [thread 5801] [4.0] [cxt 0] Pipeline 'egress': end
[22:22:24.443] [bmv2] [D] [thread 5801] [4.0] [cxt 0] Deparser 'deparser': start
[22:22:24.443] [bmv2] [T] [thread 5801] [4.0] [cxt 0] Skipping checksum 'cksum' update because condition not met
[22:22:24.443] [bmv2] [D] [thread 5801] [4.0] [cxt 0] Deparsing header 'ethernet'
[22:22:24.443] [bmv2] [D] [thread 5801] [4.0] [cxt 0] Deparser 'deparser': end
[22:22:24.443] [bmv2] [D] [thread 5805] [4.0] [cxt 0] Transmitting packet of size 70 out of port 0
[22:22:31.094] [bmv2] [D] [thread 5800] [5.0] [cxt 0] Processing packet received on port 3
[22:22:31.094] [bmv2] [D] [thread 5800] [5.0] [cxt 0] Parser 'parser': start
[22:22:31.094] [bmv2] [D] [thread 5800] [5.0] [cxt 0] Parser 'parser' entering state 'start'
[22:22:31.094] [bmv2] [D] [thread 5800] [5.0] [cxt 0] Extracting header 'ethernet'
[22:22:31.094] [bmv2] [D] [thread 5800] [5.0] [cxt 0] Parser state 'start': key is 86dd
[22:22:31.094] [bmv2] [T] [thread 5800] [5.0] [cxt 0] Bytes parsed: 14
[22:22:31.094] [bmv2] [D] [thread 5800] [5.0] [cxt 0] Parser 'parser': end
[22:22:31.095] [bmv2] [D] [thread 5800] [5.0] [cxt 0] Pipeline 'ingress': start
[22:22:31.095] [bmv2] [T] [thread 5800] [5.0] [cxt 0] qos.p4(197) Condition "hdr.ipv4.isValid()" (node_2) is false
[22:22:31.095] [bmv2] [D] [thread 5800] [5.0] [cxt 0] Pipeline 'ingress': end
[22:22:31.095] [bmv2] [D] [thread 5800] [5.0] [cxt 0] Egress port is 0
[22:22:31.102] [bmv2] [D] [thread 5801] [5.0] [cxt 0] Pipeline 'egress': start
[22:22:31.102] [bmv2] [D] [thread 5801] [5.0] [cxt 0] Pipeline 'egress': end
[22:22:31.103] [bmv2] [D] [thread 5801] [5.0] [cxt 0] Deparser 'deparser': start
[22:22:31.103] [bmv2] [T] [thread 5801] [5.0] [cxt 0] Skipping checksum 'cksum' update because condition not met
[22:22:31.103] [bmv2] [D] [thread 5801] [5.0] [cxt 0] Deparsing header 'ethernet'
[22:22:31.103] [bmv2] [D] [thread 5801] [5.0] [cxt 0] Deparser 'deparser': end
[22:22:31.103] [bmv2] [D] [thread 5805] [5.0] [cxt 0] Transmitting packet of size 70 out of port 0
[22:22:32.120] [bmv2] [D] [thread 5800] [6.0] [cxt 0] Processing packet received on port 1
[22:22:32.121] [bmv2] [D] [thread 5800] [6.0] [cxt 0] Parser 'parser': start
[22:22:32.121] [bmv2] [D] [thread 5800] [6.0] [cxt 0] Parser 'parser' entering state 'start'
[22:22:32.121] [bmv2] [D] [thread 5800] [6.0] [cxt 0] Extracting header 'ethernet'
[22:22:32.121] [bmv2] [D] [thread 5800] [6.0] [cxt 0] Parser state 'start': key is 86dd
[22:22:32.121] [bmv2] [T] [thread 5800] [6.0] [cxt 0] Bytes parsed: 14
[22:22:32.121] [bmv2] [D] [thread 5800] [6.0] [cxt 0] Parser 'parser': end
[22:22:32.121] [bmv2] [D] [thread 5800] [6.0] [cxt 0] Pipeline 'ingress': start
[22:22:32.121] [bmv2] [T] [thread 5800] [6.0] [cxt 0] qos.p4(197) Condition "hdr.ipv4.isValid()" (node_2) is false
[22:22:32.121] [bmv2] [D] [thread 5800] [6.0] [cxt 0] Pipeline 'ingress': end
[22:22:32.121] [bmv2] [D] [thread 5800] [6.0] [cxt 0] Egress port is 0
[22:22:32.121] [bmv2] [D] [thread 5800] [7.0] [cxt 0] Processing packet received on port 2
[22:22:32.121] [bmv2] [D] [thread 5800] [7.0] [cxt 0] Parser 'parser': start
[22:22:32.121] [bmv2] [D] [thread 5800] [7.0] [cxt 0] Parser 'parser' entering state 'start'
[22:22:32.121] [bmv2] [D] [thread 5800] [7.0] [cxt 0] Extracting header 'ethernet'
[22:22:32.121] [bmv2] [D] [thread 5800] [7.0] [cxt 0] Parser state 'start': key is 86dd
[22:22:32.121] [bmv2] [T] [thread 5800] [7.0] [cxt 0] Bytes parsed: 14
[22:22:32.121] [bmv2] [D] [thread 5800] [7.0] [cxt 0] Parser 'parser': end
[22:22:32.121] [bmv2] [D] [thread 5800] [7.0] [cxt 0] Pipeline 'ingress': start
[22:22:32.121] [bmv2] [T] [thread 5800] [7.0] [cxt 0] qos.p4(197) Condition "hdr.ipv4.isValid()" (node_2) is false
[22:22:32.121] [bmv2] [D] [thread 5800] [7.0] [cxt 0] Pipeline 'ingress': end
[22:22:32.121] [bmv2] [D] [thread 5800] [7.0] [cxt 0] Egress port is 0
[22:22:32.122] [bmv2] [D] [thread 5800] [8.0] [cxt 0] Processing packet received on port 3
[22:22:32.122] [bmv2] [D] [thread 5800] [8.0] [cxt 0] Parser 'parser': start
[22:22:32.122] [bmv2] [D] [thread 5800] [8.0] [cxt 0] Parser 'parser' entering state 'start'
[22:22:32.122] [bmv2] [D] [thread 5800] [8.0] [cxt 0] Extracting header 'ethernet'
[22:22:32.122] [bmv2] [D] [thread 5800] [8.0] [cxt 0] Parser state 'start': key is 86dd
[22:22:32.122] [bmv2] [T] [thread 5800] [8.0] [cxt 0] Bytes parsed: 14
[22:22:32.122] [bmv2] [D] [thread 5800] [8.0] [cxt 0] Parser 'parser': end
[22:22:32.122] [bmv2] [D] [thread 5800] [8.0] [cxt 0] Pipeline 'ingress': start
[22:22:32.122] [bmv2] [T] [thread 5800] [8.0] [cxt 0] qos.p4(197) Condition "hdr.ipv4.isValid()" (node_2) is false
[22:22:32.122] [bmv2] [D] [thread 5800] [8.0] [cxt 0] Pipeline 'ingress': end
[22:22:32.122] [bmv2] [D] [thread 5800] [8.0] [cxt 0] Egress port is 0
[22:22:32.122] [bmv2] [D] [thread 5801] [6.0] [cxt 0] Pipeline 'egress': start
[22:22:32.122] [bmv2] [D] [thread 5801] [6.0] [cxt 0] Pipeline 'egress': end
[22:22:32.122] [bmv2] [D] [thread 5801] [6.0] [cxt 0] Deparser 'deparser': start
[22:22:32.122] [bmv2] [T] [thread 5801] [6.0] [cxt 0] Skipping checksum 'cksum' update because condition not met
[22:22:32.122] [bmv2] [D] [thread 5801] [6.0] [cxt 0] Deparsing header 'ethernet'
[22:22:32.122] [bmv2] [D] [thread 5801] [6.0] [cxt 0] Deparser 'deparser': end
[22:22:32.122] [bmv2] [D] [thread 5801] [7.0] [cxt 0] Pipeline 'egress': start
[22:22:32.122] [bmv2] [D] [thread 5801] [7.0] [cxt 0] Pipeline 'egress': end
[22:22:32.122] [bmv2] [D] [thread 5801] [7.0] [cxt 0] Deparser 'deparser': start
[22:22:32.122] [bmv2] [T] [thread 5801] [7.0] [cxt 0] Skipping checksum 'cksum' update because condition not met
[22:22:32.122] [bmv2] [D] [thread 5801] [7.0] [cxt 0] Deparsing header 'ethernet'
[22:22:32.122] [bmv2] [D] [thread 5801] [7.0] [cxt 0] Deparser 'deparser': end
[22:22:32.122] [bmv2] [D] [thread 5801] [8.0] [cxt 0] Pipeline 'egress': start
[22:22:32.122] [bmv2] [D] [thread 5801] [8.0] [cxt 0] Pipeline 'egress': end
[22:22:32.122] [bmv2] [D] [thread 5801] [8.0] [cxt 0] Deparser 'deparser': start
[22:22:32.122] [bmv2] [T] [thread 5801] [8.0] [cxt 0] Skipping checksum 'cksum' update because condition not met
[22:22:32.123] [bmv2] [D] [thread 5801] [8.0] [cxt 0] Deparsing header 'ethernet'
[22:22:32.123] [bmv2] [D] [thread 5801] [8.0] [cxt 0] Deparser 'deparser': end
[22:22:32.123] [bmv2] [D] [thread 5805] [6.0] [cxt 0] Transmitting packet of size 70 out of port 0
[22:22:32.123] [bmv2] [D] [thread 5805] [7.0] [cxt 0] Transmitting packet of size 70 out of port 0
[22:22:32.123] [bmv2] [D] [thread 5805] [8.0] [cxt 0] Transmitting packet of size 70 out of port 0
[22:22:32.630] [bmv2] [D] [thread 5800] [9.0] [cxt 0] Processing packet received on port 2
[22:22:32.630] [bmv2] [D] [thread 5800] [9.0] [cxt 0] Parser 'parser': start
[22:22:32.630] [bmv2] [D] [thread 5800] [9.0] [cxt 0] Parser 'parser' entering state 'start'
[22:22:32.630] [bmv2] [D] [thread 5800] [9.0] [cxt 0] Extracting header 'ethernet'
[22:22:32.631] [bmv2] [D] [thread 5800] [9.0] [cxt 0] Parser state 'start': key is 86dd
[22:22:32.631] [bmv2] [T] [thread 5800] [9.0] [cxt 0] Bytes parsed: 14
[22:22:32.631] [bmv2] [D] [thread 5800] [9.0] [cxt 0] Parser 'parser': end
[22:22:32.631] [bmv2] [D] [thread 5800] [9.0] [cxt 0] Pipeline 'ingress': start
[22:22:32.631] [bmv2] [T] [thread 5800] [9.0] [cxt 0] qos.p4(197) Condition "hdr.ipv4.isValid()" (node_2) is false
[22:22:32.631] [bmv2] [D] [thread 5800] [9.0] [cxt 0] Pipeline 'ingress': end
[22:22:32.632] [bmv2] [D] [thread 5800] [9.0] [cxt 0] Egress port is 0
[22:22:32.635] [bmv2] [D] [thread 5801] [9.0] [cxt 0] Pipeline 'egress': start
[22:22:32.635] [bmv2] [D] [thread 5801] [9.0] [cxt 0] Pipeline 'egress': end
[22:22:32.635] [bmv2] [D] [thread 5801] [9.0] [cxt 0] Deparser 'deparser': start
[22:22:32.635] [bmv2] [T] [thread 5801] [9.0] [cxt 0] Skipping checksum 'cksum' update because condition not met
[22:22:32.635] [bmv2] [D] [thread 5801] [9.0] [cxt 0] Deparsing header 'ethernet'
[22:22:32.635] [bmv2] [D] [thread 5801] [9.0] [cxt 0] Deparser 'deparser': end
[22:22:32.636] [bmv2] [D] [thread 5805] [9.0] [cxt 0] Transmitting packet of size 70 out of port 0
[22:22:45.687] [bmv2] [D] [thread 5800] [10.0] [cxt 0] Processing packet received on port 3
[22:22:45.687] [bmv2] [D] [thread 5800] [10.0] [cxt 0] Parser 'parser': start
[22:22:45.687] [bmv2] [D] [thread 5800] [10.0] [cxt 0] Parser 'parser' entering state 'start'
[22:22:45.687] [bmv2] [D] [thread 5800] [10.0] [cxt 0] Extracting header 'ethernet'
[22:22:45.688] [bmv2] [D] [thread 5800] [10.0] [cxt 0] Parser state 'start': key is 86dd
[22:22:45.688] [bmv2] [T] [thread 5800] [10.0] [cxt 0] Bytes parsed: 14
[22:22:45.688] [bmv2] [D] [thread 5800] [10.0] [cxt 0] Parser 'parser': end
[22:22:45.688] [bmv2] [D] [thread 5800] [10.0] [cxt 0] Pipeline 'ingress': start
[22:22:45.688] [bmv2] [T] [thread 5800] [10.0] [cxt 0] qos.p4(197) Condition "hdr.ipv4.isValid()" (node_2) is false
[22:22:45.688] [bmv2] [D] [thread 5800] [10.0] [cxt 0] Pipeline 'ingress': end
[22:22:45.691] [bmv2] [D] [thread 5800] [10.0] [cxt 0] Egress port is 0
[22:22:45.691] [bmv2] [D] [thread 5801] [10.0] [cxt 0] Pipeline 'egress': start
[22:22:45.691] [bmv2] [D] [thread 5801] [10.0] [cxt 0] Pipeline 'egress': end
[22:22:45.692] [bmv2] [D] [thread 5801] [10.0] [cxt 0] Deparser 'deparser': start
[22:22:45.692] [bmv2] [T] [thread 5801] [10.0] [cxt 0] Skipping checksum 'cksum' update because condition not met
[22:22:45.692] [bmv2] [D] [thread 5801] [10.0] [cxt 0] Deparsing header 'ethernet'
[22:22:45.692] [bmv2] [D] [thread 5801] [10.0] [cxt 0] Deparser 'deparser': end
[22:22:45.692] [bmv2] [D] [thread 5805] [10.0] [cxt 0] Transmitting packet of size 70 out of port 0
[22:22:47.996] [bmv2] [D] [thread 5800] [11.0] [cxt 0] Processing packet received on port 3
[22:22:47.997] [bmv2] [D] [thread 5800] [11.0] [cxt 0] Parser 'parser': start
[22:22:47.997] [bmv2] [D] [thread 5800] [11.0] [cxt 0] Parser 'parser' entering state 'start'
[22:22:47.997] [bmv2] [D] [thread 5800] [11.0] [cxt 0] Extracting header 'ethernet'
[22:22:47.997] [bmv2] [D] [thread 5800] [11.0] [cxt 0] Parser state 'start': key is 86dd
[22:22:47.997] [bmv2] [T] [thread 5800] [11.0] [cxt 0] Bytes parsed: 14
[22:22:47.997] [bmv2] [D] [thread 5800] [11.0] [cxt 0] Parser 'parser': end
[22:22:47.998] [bmv2] [D] [thread 5800] [11.0] [cxt 0] Pipeline 'ingress': start
[22:22:47.998] [bmv2] [T] [thread 5800] [11.0] [cxt 0] qos.p4(197) Condition "hdr.ipv4.isValid()" (node_2) is false
[22:22:47.998] [bmv2] [D] [thread 5800] [11.0] [cxt 0] Pipeline 'ingress': end
[22:22:47.998] [bmv2] [D] [thread 5800] [11.0] [cxt 0] Egress port is 0
[22:22:47.998] [bmv2] [D] [thread 5801] [11.0] [cxt 0] Pipeline 'egress': start
[22:22:47.998] [bmv2] [D] [thread 5801] [11.0] [cxt 0] Pipeline 'egress': end
[22:22:47.998] [bmv2] [D] [thread 5801] [11.0] [cxt 0] Deparser 'deparser': start
[22:22:47.998] [bmv2] [T] [thread 5801] [11.0] [cxt 0] Skipping checksum 'cksum' update because condition not met
[22:22:47.998] [bmv2] [D] [thread 5801] [11.0] [cxt 0] Deparsing header 'ethernet'
[22:22:47.998] [bmv2] [D] [thread 5801] [11.0] [cxt 0] Deparser 'deparser': end
[22:22:47.999] [bmv2] [D] [thread 5805] [11.0] [cxt 0] Transmitting packet of size 70 out of port 0
[22:22:48.246] [bmv2] [D] [thread 5800] [12.0] [cxt 0] Processing packet received on port 1
[22:22:48.247] [bmv2] [D] [thread 5800] [12.0] [cxt 0] Parser 'parser': start
[22:22:48.247] [bmv2] [D] [thread 5800] [12.0] [cxt 0] Parser 'parser' entering state 'start'
[22:22:48.247] [bmv2] [D] [thread 5800] [12.0] [cxt 0] Extracting header 'ethernet'
[22:22:48.248] [bmv2] [D] [thread 5800] [12.0] [cxt 0] Parser state 'start': key is 86dd
[22:22:48.248] [bmv2] [T] [thread 5800] [12.0] [cxt 0] Bytes parsed: 14
[22:22:48.248] [bmv2] [D] [thread 5800] [12.0] [cxt 0] Parser 'parser': end
[22:22:48.248] [bmv2] [D] [thread 5800] [12.0] [cxt 0] Pipeline 'ingress': start
[22:22:48.248] [bmv2] [T] [thread 5800] [12.0] [cxt 0] qos.p4(197) Condition "hdr.ipv4.isValid()" (node_2) is false
[22:22:48.249] [bmv2] [D] [thread 5800] [12.0] [cxt 0] Pipeline 'ingress': end
[22:22:48.249] [bmv2] [D] [thread 5800] [12.0] [cxt 0] Egress port is 0
[22:22:48.249] [bmv2] [D] [thread 5801] [12.0] [cxt 0] Pipeline 'egress': start
[22:22:48.249] [bmv2] [D] [thread 5801] [12.0] [cxt 0] Pipeline 'egress': end
[22:22:48.250] [bmv2] [D] [thread 5801] [12.0] [cxt 0] Deparser 'deparser': start
[22:22:48.250] [bmv2] [T] [thread 5801] [12.0] [cxt 0] Skipping checksum 'cksum' update because condition not met
[22:22:48.250] [bmv2] [D] [thread 5801] [12.0] [cxt 0] Deparsing header 'ethernet'
[22:22:48.250] [bmv2] [D] [thread 5801] [12.0] [cxt 0] Deparser 'deparser': end
[22:22:48.250] [bmv2] [D] [thread 5805] [12.0] [cxt 0] Transmitting packet of size 70 out of port 0
[22:22:49.786] [bmv2] [D] [thread 5800] [13.0] [cxt 0] Processing packet received on port 2
[22:22:49.787] [bmv2] [D] [thread 5800] [13.0] [cxt 0] Parser 'parser': start
[22:22:49.787] [bmv2] [D] [thread 5800] [13.0] [cxt 0] Parser 'parser' entering state 'start'
[22:22:49.787] [bmv2] [D] [thread 5800] [13.0] [cxt 0] Extracting header 'ethernet'
[22:22:49.787] [bmv2] [D] [thread 5800] [13.0] [cxt 0] Parser state 'start': key is 86dd
[22:22:49.787] [bmv2] [T] [thread 5800] [13.0] [cxt 0] Bytes parsed: 14
[22:22:49.787] [bmv2] [D] [thread 5800] [13.0] [cxt 0] Parser 'parser': end
[22:22:49.788] [bmv2] [D] [thread 5800] [13.0] [cxt 0] Pipeline 'ingress': start
[22:22:49.788] [bmv2] [T] [thread 5800] [13.0] [cxt 0] qos.p4(197) Condition "hdr.ipv4.isValid()" (node_2) is false
[22:22:49.788] [bmv2] [D] [thread 5800] [13.0] [cxt 0] Pipeline 'ingress': end
[22:22:49.788] [bmv2] [D] [thread 5800] [13.0] [cxt 0] Egress port is 0
[22:22:49.792] [bmv2] [D] [thread 5801] [13.0] [cxt 0] Pipeline 'egress': start
[22:22:49.792] [bmv2] [D] [thread 5801] [13.0] [cxt 0] Pipeline 'egress': end
[22:22:49.792] [bmv2] [D] [thread 5801] [13.0] [cxt 0] Deparser 'deparser': start
[22:22:49.793] [bmv2] [T] [thread 5801] [13.0] [cxt 0] Skipping checksum 'cksum' update because condition not met
[22:22:49.793] [bmv2] [D] [thread 5801] [13.0] [cxt 0] Deparsing header 'ethernet'
[22:22:49.793] [bmv2] [D] [thread 5801] [13.0] [cxt 0] Deparser 'deparser': end
[22:22:49.793] [bmv2] [D] [thread 5805] [13.0] [cxt 0] Transmitting packet of size 70 out of port 0
[22:22:49.793] [bmv2] [D] [thread 5800] [14.0] [cxt 0] Processing packet received on port 2
[22:22:49.793] [bmv2] [D] [thread 5800] [14.0] [cxt 0] Parser 'parser': start
[22:22:49.793] [bmv2] [D] [thread 5800] [14.0] [cxt 0] Parser 'parser' entering state 'start'
[22:22:49.793] [bmv2] [D] [thread 5800] [14.0] [cxt 0] Extracting header 'ethernet'
[22:22:49.793] [bmv2] [D] [thread 5800] [14.0] [cxt 0] Parser state 'start': key is 86dd
[22:22:49.793] [bmv2] [T] [thread 5800] [14.0] [cxt 0] Bytes parsed: 14
[22:22:49.794] [bmv2] [D] [thread 5800] [14.0] [cxt 0] Parser 'parser': end
[22:22:49.794] [bmv2] [D] [thread 5800] [14.0] [cxt 0] Pipeline 'ingress': start
[22:22:49.794] [bmv2] [T] [thread 5800] [14.0] [cxt 0] qos.p4(197) Condition "hdr.ipv4.isValid()" (node_2) is false
[22:22:49.794] [bmv2] [D] [thread 5800] [14.0] [cxt 0] Pipeline 'ingress': end
[22:22:49.794] [bmv2] [D] [thread 5800] [14.0] [cxt 0] Egress port is 0
[22:22:49.796] [bmv2] [D] [thread 5801] [14.0] [cxt 0] Pipeline 'egress': start
[22:22:49.796] [bmv2] [D] [thread 5801] [14.0] [cxt 0] Pipeline 'egress': end
[22:22:49.796] [bmv2] [D] [thread 5801] [14.0] [cxt 0] Deparser 'deparser': start
[22:22:49.796] [bmv2] [T] [thread 5801] [14.0] [cxt 0] Skipping checksum 'cksum' update because condition not met
[22:22:49.796] [bmv2] [D] [thread 5801] [14.0] [cxt 0] Deparsing header 'ethernet'
[22:22:49.796] [bmv2] [D] [thread 5801] [14.0] [cxt 0] Deparser 'deparser': end
[22:22:49.797] [bmv2] [D] [thread 5805] [14.0] [cxt 0] Transmitting packet of size 70 out of port 0
[22:23:16.410] [bmv2] [D] [thread 5800] [15.0] [cxt 0] Processing packet received on port 3
[22:23:16.410] [bmv2] [D] [thread 5800] [15.0] [cxt 0] Parser 'parser': start
[22:23:16.410] [bmv2] [D] [thread 5800] [15.0] [cxt 0] Parser 'parser' entering state 'start'
[22:23:16.410] [bmv2] [D] [thread 5800] [15.0] [cxt 0] Extracting header 'ethernet'
[22:23:16.411] [bmv2] [D] [thread 5800] [15.0] [cxt 0] Parser state 'start': key is 86dd
[22:23:16.411] [bmv2] [T] [thread 5800] [15.0] [cxt 0] Bytes parsed: 14
[22:23:16.411] [bmv2] [D] [thread 5800] [15.0] [cxt 0] Parser 'parser': end
[22:23:16.411] [bmv2] [D] [thread 5800] [15.0] [cxt 0] Pipeline 'ingress': start
[22:23:16.411] [bmv2] [T] [thread 5800] [15.0] [cxt 0] qos.p4(197) Condition "hdr.ipv4.isValid()" (node_2) is false
[22:23:16.411] [bmv2] [D] [thread 5800] [15.0] [cxt 0] Pipeline 'ingress': end
[22:23:16.411] [bmv2] [D] [thread 5800] [15.0] [cxt 0] Egress port is 0
[22:23:16.423] [bmv2] [D] [thread 5801] [15.0] [cxt 0] Pipeline 'egress': start
[22:23:16.423] [bmv2] [D] [thread 5801] [15.0] [cxt 0] Pipeline 'egress': end
[22:23:16.423] [bmv2] [D] [thread 5801] [15.0] [cxt 0] Deparser 'deparser': start
[22:23:16.423] [bmv2] [T] [thread 5801] [15.0] [cxt 0] Skipping checksum 'cksum' update because condition not met
[22:23:16.423] [bmv2] [D] [thread 5801] [15.0] [cxt 0] Deparsing header 'ethernet'
[22:23:16.423] [bmv2] [D] [thread 5801] [15.0] [cxt 0] Deparser 'deparser': end
[22:23:16.423] [bmv2] [D] [thread 5805] [15.0] [cxt 0] Transmitting packet of size 70 out of port 0
[22:23:18.456] [bmv2] [D] [thread 5800] [16.0] [cxt 0] Processing packet received on port 3
[22:23:18.456] [bmv2] [D] [thread 5800] [16.0] [cxt 0] Parser 'parser': start
[22:23:18.456] [bmv2] [D] [thread 5800] [16.0] [cxt 0] Parser 'parser' entering state 'start'
[22:23:18.456] [bmv2] [D] [thread 5800] [16.0] [cxt 0] Extracting header 'ethernet'
[22:23:18.456] [bmv2] [D] [thread 5800] [16.0] [cxt 0] Parser state 'start': key is 86dd
[22:23:18.456] [bmv2] [T] [thread 5800] [16.0] [cxt 0] Bytes parsed: 14
[22:23:18.456] [bmv2] [D] [thread 5800] [16.0] [cxt 0] Parser 'parser': end
[22:23:18.456] [bmv2] [D] [thread 5800] [16.0] [cxt 0] Pipeline 'ingress': start
[22:23:18.456] [bmv2] [T] [thread 5800] [16.0] [cxt 0] qos.p4(197) Condition "hdr.ipv4.isValid()" (node_2) is false
[22:23:18.456] [bmv2] [D] [thread 5800] [16.0] [cxt 0] Pipeline 'ingress': end
[22:23:18.456] [bmv2] [D] [thread 5800] [16.0] [cxt 0] Egress port is 0
[22:23:18.457] [bmv2] [D] [thread 5801] [16.0] [cxt 0] Pipeline 'egress': start
[22:23:18.457] [bmv2] [D] [thread 5801] [16.0] [cxt 0] Pipeline 'egress': end
[22:23:18.457] [bmv2] [D] [thread 5801] [16.0] [cxt 0] Deparser 'deparser': start
[22:23:18.457] [bmv2] [T] [thread 5801] [16.0] [cxt 0] Skipping checksum 'cksum' update because condition not met
[22:23:18.457] [bmv2] [D] [thread 5801] [16.0] [cxt 0] Deparsing header 'ethernet'
[22:23:18.457] [bmv2] [D] [thread 5801] [16.0] [cxt 0] Deparser 'deparser': end
[22:23:18.457] [bmv2] [D] [thread 5805] [16.0] [cxt 0] Transmitting packet of size 70 out of port 0
[22:23:22.549] [bmv2] [D] [thread 5800] [17.0] [cxt 0] Processing packet received on port 1
[22:23:22.549] [bmv2] [D] [thread 5800] [17.0] [cxt 0] Parser 'parser': start
[22:23:22.549] [bmv2] [D] [thread 5800] [17.0] [cxt 0] Parser 'parser' entering state 'start'
[22:23:22.549] [bmv2] [D] [thread 5800] [17.0] [cxt 0] Extracting header 'ethernet'
[22:23:22.549] [bmv2] [D] [thread 5800] [17.0] [cxt 0] Parser state 'start': key is 86dd
[22:23:22.549] [bmv2] [T] [thread 5800] [17.0] [cxt 0] Bytes parsed: 14
[22:23:22.549] [bmv2] [D] [thread 5800] [17.0] [cxt 0] Parser 'parser': end
[22:23:22.549] [bmv2] [D] [thread 5800] [17.0] [cxt 0] Pipeline 'ingress': start
[22:23:22.549] [bmv2] [T] [thread 5800] [17.0] [cxt 0] qos.p4(197) Condition "hdr.ipv4.isValid()" (node_2) is false
[22:23:22.549] [bmv2] [D] [thread 5800] [17.0] [cxt 0] Pipeline 'ingress': end
[22:23:22.549] [bmv2] [D] [thread 5800] [17.0] [cxt 0] Egress port is 0
[22:23:22.549] [bmv2] [D] [thread 5801] [17.0] [cxt 0] Pipeline 'egress': start
[22:23:22.549] [bmv2] [D] [thread 5801] [17.0] [cxt 0] Pipeline 'egress': end
[22:23:22.550] [bmv2] [D] [thread 5801] [17.0] [cxt 0] Deparser 'deparser': start
[22:23:22.550] [bmv2] [T] [thread 5801] [17.0] [cxt 0] Skipping checksum 'cksum' update because condition not met
[22:23:22.550] [bmv2] [D] [thread 5801] [17.0] [cxt 0] Deparsing header 'ethernet'
[22:23:22.550] [bmv2] [D] [thread 5801] [17.0] [cxt 0] Deparser 'deparser': end
[22:23:22.550] [bmv2] [D] [thread 5805] [17.0] [cxt 0] Transmitting packet of size 70 out of port 0
[22:23:24.606] [bmv2] [D] [thread 5800] [18.0] [cxt 0] Processing packet received on port 2
[22:23:24.607] [bmv2] [D] [thread 5800] [18.0] [cxt 0] Parser 'parser': start
[22:23:24.607] [bmv2] [D] [thread 5800] [18.0] [cxt 0] Parser 'parser' entering state 'start'
[22:23:24.607] [bmv2] [D] [thread 5800] [18.0] [cxt 0] Extracting header 'ethernet'
[22:23:24.607] [bmv2] [D] [thread 5800] [18.0] [cxt 0] Parser state 'start': key is 86dd
[22:23:24.607] [bmv2] [T] [thread 5800] [18.0] [cxt 0] Bytes parsed: 14
[22:23:24.607] [bmv2] [D] [thread 5800] [18.0] [cxt 0] Parser 'parser': end
[22:23:24.607] [bmv2] [D] [thread 5800] [18.0] [cxt 0] Pipeline 'ingress': start
[22:23:24.607] [bmv2] [T] [thread 5800] [18.0] [cxt 0] qos.p4(197) Condition "hdr.ipv4.isValid()" (node_2) is false
[22:23:24.607] [bmv2] [D] [thread 5800] [18.0] [cxt 0] Pipeline 'ingress': end
[22:23:24.607] [bmv2] [D] [thread 5800] [18.0] [cxt 0] Egress port is 0
[22:23:24.607] [bmv2] [D] [thread 5801] [18.0] [cxt 0] Pipeline 'egress': start
[22:23:24.607] [bmv2] [D] [thread 5801] [18.0] [cxt 0] Pipeline 'egress': end
[22:23:24.607] [bmv2] [D] [thread 5801] [18.0] [cxt 0] Deparser 'deparser': start
[22:23:24.608] [bmv2] [T] [thread 5801] [18.0] [cxt 0] Skipping checksum 'cksum' update because condition not met
[22:23:24.608] [bmv2] [D] [thread 5801] [18.0] [cxt 0] Deparsing header 'ethernet'
[22:23:24.608] [bmv2] [D] [thread 5801] [18.0] [cxt 0] Deparser 'deparser': end
[22:23:24.608] [bmv2] [D] [thread 5805] [18.0] [cxt 0] Transmitting packet of size 70 out of port 0
[22:23:24.608] [bmv2] [D] [thread 5800] [19.0] [cxt 0] Processing packet received on port 2
[22:23:24.609] [bmv2] [D] [thread 5800] [19.0] [cxt 0] Parser 'parser': start
[22:23:24.609] [bmv2] [D] [thread 5800] [19.0] [cxt 0] Parser 'parser' entering state 'start'
[22:23:24.609] [bmv2] [D] [thread 5800] [19.0] [cxt 0] Extracting header 'ethernet'
[22:23:24.609] [bmv2] [D] [thread 5800] [19.0] [cxt 0] Parser state 'start': key is 86dd
[22:23:24.609] [bmv2] [T] [thread 5800] [19.0] [cxt 0] Bytes parsed: 14
[22:23:24.609] [bmv2] [D] [thread 5800] [19.0] [cxt 0] Parser 'parser': end
[22:23:24.609] [bmv2] [D] [thread 5800] [19.0] [cxt 0] Pipeline 'ingress': start
[22:23:24.609] [bmv2] [T] [thread 5800] [19.0] [cxt 0] qos.p4(197) Condition "hdr.ipv4.isValid()" (node_2) is false
[22:23:24.609] [bmv2] [D] [thread 5800] [19.0] [cxt 0] Pipeline 'ingress': end
[22:23:24.609] [bmv2] [D] [thread 5800] [19.0] [cxt 0] Egress port is 0
[22:23:24.614] [bmv2] [D] [thread 5801] [19.0] [cxt 0] Pipeline 'egress': start
[22:23:24.614] [bmv2] [D] [thread 5801] [19.0] [cxt 0] Pipeline 'egress': end
[22:23:24.614] [bmv2] [D] [thread 5801] [19.0] [cxt 0] Deparser 'deparser': start
[22:23:24.614] [bmv2] [T] [thread 5801] [19.0] [cxt 0] Skipping checksum 'cksum' update because condition not met
[22:23:24.614] [bmv2] [D] [thread 5801] [19.0] [cxt 0] Deparsing header 'ethernet'
[22:23:24.614] [bmv2] [D] [thread 5801] [19.0] [cxt 0] Deparser 'deparser': end
[22:23:24.614] [bmv2] [D] [thread 5805] [19.0] [cxt 0] Transmitting packet of size 70 out of port 0
[22:24:17.849] [bmv2] [D] [thread 5800] [20.0] [cxt 0] Processing packet received on port 3
[22:24:17.849] [bmv2] [D] [thread 5800] [20.0] [cxt 0] Parser 'parser': start
[22:24:17.849] [bmv2] [D] [thread 5800] [20.0] [cxt 0] Parser 'parser' entering state 'start'
[22:24:17.849] [bmv2] [D] [thread 5800] [20.0] [cxt 0] Extracting header 'ethernet'
[22:24:17.850] [bmv2] [D] [thread 5800] [20.0] [cxt 0] Parser state 'start': key is 86dd
[22:24:17.850] [bmv2] [T] [thread 5800] [20.0] [cxt 0] Bytes parsed: 14
[22:24:17.850] [bmv2] [D] [thread 5800] [20.0] [cxt 0] Parser 'parser': end
[22:24:17.850] [bmv2] [D] [thread 5800] [20.0] [cxt 0] Pipeline 'ingress': start
[22:24:17.850] [bmv2] [T] [thread 5800] [20.0] [cxt 0] qos.p4(197) Condition "hdr.ipv4.isValid()" (node_2) is false
[22:24:17.850] [bmv2] [D] [thread 5800] [20.0] [cxt 0] Pipeline 'ingress': end
[22:24:17.850] [bmv2] [D] [thread 5800] [20.0] [cxt 0] Egress port is 0
[22:24:17.852] [bmv2] [D] [thread 5801] [20.0] [cxt 0] Pipeline 'egress': start
[22:24:17.853] [bmv2] [D] [thread 5801] [20.0] [cxt 0] Pipeline 'egress': end
[22:24:17.853] [bmv2] [D] [thread 5801] [20.0] [cxt 0] Deparser 'deparser': start
[22:24:17.853] [bmv2] [T] [thread 5801] [20.0] [cxt 0] Skipping checksum 'cksum' update because condition not met
[22:24:17.853] [bmv2] [D] [thread 5801] [20.0] [cxt 0] Deparsing header 'ethernet'
[22:24:17.853] [bmv2] [D] [thread 5801] [20.0] [cxt 0] Deparser 'deparser': end
[22:24:17.853] [bmv2] [D] [thread 5805] [20.0] [cxt 0] Transmitting packet of size 70 out of port 0
[22:24:19.894] [bmv2] [D] [thread 5800] [21.0] [cxt 0] Processing packet received on port 3
[22:24:19.894] [bmv2] [D] [thread 5800] [21.0] [cxt 0] Parser 'parser': start
[22:24:19.894] [bmv2] [D] [thread 5800] [21.0] [cxt 0] Parser 'parser' entering state 'start'
[22:24:19.894] [bmv2] [D] [thread 5800] [21.0] [cxt 0] Extracting header 'ethernet'
[22:24:19.894] [bmv2] [D] [thread 5800] [21.0] [cxt 0] Parser state 'start': key is 86dd
[22:24:19.894] [bmv2] [T] [thread 5800] [21.0] [cxt 0] Bytes parsed: 14
[22:24:19.894] [bmv2] [D] [thread 5800] [21.0] [cxt 0] Parser 'parser': end
[22:24:19.894] [bmv2] [D] [thread 5800] [21.0] [cxt 0] Pipeline 'ingress': start
[22:24:19.894] [bmv2] [T] [thread 5800] [21.0] [cxt 0] qos.p4(197) Condition "hdr.ipv4.isValid()" (node_2) is false
[22:24:19.894] [bmv2] [D] [thread 5800] [21.0] [cxt 0] Pipeline 'ingress': end
[22:24:19.894] [bmv2] [D] [thread 5800] [21.0] [cxt 0] Egress port is 0
[22:24:19.895] [bmv2] [D] [thread 5801] [21.0] [cxt 0] Pipeline 'egress': start
[22:24:19.895] [bmv2] [D] [thread 5801] [21.0] [cxt 0] Pipeline 'egress': end
[22:24:19.895] [bmv2] [D] [thread 5801] [21.0] [cxt 0] Deparser 'deparser': start
[22:24:19.895] [bmv2] [T] [thread 5801] [21.0] [cxt 0] Skipping checksum 'cksum' update because condition not met
[22:24:19.895] [bmv2] [D] [thread 5801] [21.0] [cxt 0] Deparsing header 'ethernet'
[22:24:19.895] [bmv2] [D] [thread 5801] [21.0] [cxt 0] Deparser 'deparser': end
[22:24:19.895] [bmv2] [D] [thread 5805] [21.0] [cxt 0] Transmitting packet of size 70 out of port 0
[22:24:30.134] [bmv2] [D] [thread 5800] [22.0] [cxt 0] Processing packet received on port 2
[22:24:30.134] [bmv2] [D] [thread 5800] [22.0] [cxt 0] Parser 'parser': start
[22:24:30.134] [bmv2] [D] [thread 5800] [22.0] [cxt 0] Parser 'parser' entering state 'start'
[22:24:30.134] [bmv2] [D] [thread 5800] [22.0] [cxt 0] Extracting header 'ethernet'
[22:24:30.134] [bmv2] [D] [thread 5800] [22.0] [cxt 0] Parser state 'start': key is 86dd
[22:24:30.134] [bmv2] [T] [thread 5800] [22.0] [cxt 0] Bytes parsed: 14
[22:24:30.134] [bmv2] [D] [thread 5800] [22.0] [cxt 0] Parser 'parser': end
[22:24:30.134] [bmv2] [D] [thread 5800] [22.0] [cxt 0] Pipeline 'ingress': start
[22:24:30.134] [bmv2] [T] [thread 5800] [22.0] [cxt 0] qos.p4(197) Condition "hdr.ipv4.isValid()" (node_2) is false
[22:24:30.134] [bmv2] [D] [thread 5800] [22.0] [cxt 0] Pipeline 'ingress': end
[22:24:30.134] [bmv2] [D] [thread 5800] [22.0] [cxt 0] Egress port is 0
[22:24:30.135] [bmv2] [D] [thread 5801] [22.0] [cxt 0] Pipeline 'egress': start
[22:24:30.135] [bmv2] [D] [thread 5801] [22.0] [cxt 0] Pipeline 'egress': end
[22:24:30.135] [bmv2] [D] [thread 5801] [22.0] [cxt 0] Deparser 'deparser': start
[22:24:30.135] [bmv2] [T] [thread 5801] [22.0] [cxt 0] Skipping checksum 'cksum' update because condition not met
[22:24:30.136] [bmv2] [D] [thread 5801] [22.0] [cxt 0] Deparsing header 'ethernet'
[22:24:30.136] [bmv2] [D] [thread 5801] [22.0] [cxt 0] Deparser 'deparser': end
[22:24:30.136] [bmv2] [D] [thread 5805] [22.0] [cxt 0] Transmitting packet of size 70 out of port 0
[22:24:32.182] [bmv2] [D] [thread 5800] [23.0] [cxt 0] Processing packet received on port 1
[22:24:32.182] [bmv2] [D] [thread 5800] [23.0] [cxt 0] Parser 'parser': start
[22:24:32.182] [bmv2] [D] [thread 5800] [23.0] [cxt 0] Parser 'parser' entering state 'start'
[22:24:32.182] [bmv2] [D] [thread 5800] [23.0] [cxt 0] Extracting header 'ethernet'
[22:24:32.182] [bmv2] [D] [thread 5800] [23.0] [cxt 0] Parser state 'start': key is 86dd
[22:24:32.182] [bmv2] [T] [thread 5800] [23.0] [cxt 0] Bytes parsed: 14
[22:24:32.182] [bmv2] [D] [thread 5800] [23.0] [cxt 0] Parser 'parser': end
[22:24:32.183] [bmv2] [D] [thread 5800] [23.0] [cxt 0] Pipeline 'ingress': start
[22:24:32.183] [bmv2] [T] [thread 5800] [23.0] [cxt 0] qos.p4(197) Condition "hdr.ipv4.isValid()" (node_2) is false
[22:24:32.183] [bmv2] [D] [thread 5800] [23.0] [cxt 0] Pipeline 'ingress': end
[22:24:32.183] [bmv2] [D] [thread 5800] [23.0] [cxt 0] Egress port is 0
[22:24:32.183] [bmv2] [D] [thread 5801] [23.0] [cxt 0] Pipeline 'egress': start
[22:24:32.183] [bmv2] [D] [thread 5801] [23.0] [cxt 0] Pipeline 'egress': end
[22:24:32.183] [bmv2] [D] [thread 5801] [23.0] [cxt 0] Deparser 'deparser': start
[22:24:32.183] [bmv2] [T] [thread 5801] [23.0] [cxt 0] Skipping checksum 'cksum' update because condition not met
[22:24:32.183] [bmv2] [D] [thread 5801] [23.0] [cxt 0] Deparsing header 'ethernet'
[22:24:32.183] [bmv2] [D] [thread 5801] [23.0] [cxt 0] Deparser 'deparser': end
[22:24:32.183] [bmv2] [D] [thread 5805] [23.0] [cxt 0] Transmitting packet of size 70 out of port 0
[22:24:34.234] [bmv2] [D] [thread 5800] [24.0] [cxt 0] Processing packet received on port 2
[22:24:34.234] [bmv2] [D] [thread 5800] [24.0] [cxt 0] Parser 'parser': start
[22:24:34.235] [bmv2] [D] [thread 5800] [24.0] [cxt 0] Parser 'parser' entering state 'start'
[22:24:34.235] [bmv2] [D] [thread 5800] [24.0] [cxt 0] Extracting header 'ethernet'
[22:24:34.235] [bmv2] [D] [thread 5800] [24.0] [cxt 0] Parser state 'start': key is 86dd
[22:24:34.235] [bmv2] [T] [thread 5800] [24.0] [cxt 0] Bytes parsed: 14
[22:24:34.235] [bmv2] [D] [thread 5800] [24.0] [cxt 0] Parser 'parser': end
[22:24:34.235] [bmv2] [D] [thread 5800] [24.0] [cxt 0] Pipeline 'ingress': start
[22:24:34.235] [bmv2] [T] [thread 5800] [24.0] [cxt 0] qos.p4(197) Condition "hdr.ipv4.isValid()" (node_2) is false
[22:24:34.235] [bmv2] [D] [thread 5800] [24.0] [cxt 0] Pipeline 'ingress': end
[22:24:34.235] [bmv2] [D] [thread 5800] [24.0] [cxt 0] Egress port is 0
[22:24:34.235] [bmv2] [D] [thread 5801] [24.0] [cxt 0] Pipeline 'egress': start
[22:24:34.235] [bmv2] [D] [thread 5801] [24.0] [cxt 0] Pipeline 'egress': end
[22:24:34.235] [bmv2] [D] [thread 5801] [24.0] [cxt 0] Deparser 'deparser': start
[22:24:34.235] [bmv2] [T] [thread 5801] [24.0] [cxt 0] Skipping checksum 'cksum' update because condition not met
[22:24:34.236] [bmv2] [D] [thread 5801] [24.0] [cxt 0] Deparsing header 'ethernet'
[22:24:34.236] [bmv2] [D] [thread 5801] [24.0] [cxt 0] Deparser 'deparser': end
[22:24:34.236] [bmv2] [D] [thread 5805] [24.0] [cxt 0] Transmitting packet of size 70 out of port 0
open: No such file or directory
open: No such file or directory
open: No such file or directory
open: No such file or directory
