Calling target program-options parser
[20:02:01.431] [bmv2] [D] [thread 2215] Set default default entry for table 'tbl_qos199': qos199 - 
[20:02:01.432] [bmv2] [D] [thread 2215] Set default default entry for table 'MyIngress.ipv4_lpm': NoAction - 
Adding interface s3-eth1 as port 1
[20:02:01.433] [bmv2] [D] [thread 2215] Adding interface s3-eth1 as port 1
Adding interface s3-eth2 as port 2
[20:02:01.442] [bmv2] [D] [thread 2215] Adding interface s3-eth2 as port 2
Adding interface s3-eth3 as port 3
[20:02:01.448] [bmv2] [D] [thread 2215] Adding interface s3-eth3 as port 3
Server listening on 0.0.0.0:50053
[20:02:01.455] [bmv2] [I] [thread 2215] Starting Thrift server on port 9092
[20:02:01.462] [bmv2] [I] [thread 2215] Thrift server was started
[20:02:03.410] [bmv2] [D] [thread 2225] [0.0] [cxt 0] Processing packet received on port 3
[20:02:03.410] [bmv2] [D] [thread 2225] [0.0] [cxt 0] Parser 'parser': start
[20:02:03.410] [bmv2] [D] [thread 2225] [0.0] [cxt 0] Parser 'parser' entering state 'start'
[20:02:03.410] [bmv2] [D] [thread 2225] [0.0] [cxt 0] Extracting header 'ethernet'
[20:02:03.410] [bmv2] [D] [thread 2225] [0.0] [cxt 0] Parser state 'start': key is 86dd
[20:02:03.410] [bmv2] [T] [thread 2225] [0.0] [cxt 0] Bytes parsed: 14
[20:02:03.410] [bmv2] [D] [thread 2225] [0.0] [cxt 0] Parser 'parser': end
[20:02:03.410] [bmv2] [D] [thread 2225] [0.0] [cxt 0] Pipeline 'ingress': start
[20:02:03.410] [bmv2] [T] [thread 2225] [0.0] [cxt 0] qos.p4(197) Condition "hdr.ipv4.isValid()" (node_2) is false
[20:02:03.410] [bmv2] [D] [thread 2225] [0.0] [cxt 0] Pipeline 'ingress': end
[20:02:03.410] [bmv2] [D] [thread 2225] [0.0] [cxt 0] Egress port is 0
[20:02:03.411] [bmv2] [D] [thread 2226] [0.0] [cxt 0] Pipeline 'egress': start
[20:02:03.411] [bmv2] [D] [thread 2226] [0.0] [cxt 0] Pipeline 'egress': end
[20:02:03.411] [bmv2] [D] [thread 2226] [0.0] [cxt 0] Deparser 'deparser': start
[20:02:03.411] [bmv2] [T] [thread 2226] [0.0] [cxt 0] Skipping checksum 'cksum' update because condition not met
[20:02:03.411] [bmv2] [D] [thread 2226] [0.0] [cxt 0] Deparsing header 'ethernet'
[20:02:03.411] [bmv2] [D] [thread 2226] [0.0] [cxt 0] Deparser 'deparser': end
[20:02:03.411] [bmv2] [D] [thread 2230] [0.0] [cxt 0] Transmitting packet of size 70 out of port 0
[20:02:03.665] [bmv2] [D] [thread 2225] [1.0] [cxt 0] Processing packet received on port 2
[20:02:03.665] [bmv2] [D] [thread 2225] [1.0] [cxt 0] Parser 'parser': start
[20:02:03.665] [bmv2] [D] [thread 2225] [1.0] [cxt 0] Parser 'parser' entering state 'start'
[20:02:03.665] [bmv2] [D] [thread 2225] [1.0] [cxt 0] Extracting header 'ethernet'
[20:02:03.666] [bmv2] [D] [thread 2225] [1.0] [cxt 0] Parser state 'start': key is 86dd
[20:02:03.666] [bmv2] [T] [thread 2225] [1.0] [cxt 0] Bytes parsed: 14
[20:02:03.666] [bmv2] [D] [thread 2225] [1.0] [cxt 0] Parser 'parser': end
[20:02:03.666] [bmv2] [D] [thread 2225] [1.0] [cxt 0] Pipeline 'ingress': start
[20:02:03.666] [bmv2] [T] [thread 2225] [1.0] [cxt 0] qos.p4(197) Condition "hdr.ipv4.isValid()" (node_2) is false
[20:02:03.666] [bmv2] [D] [thread 2225] [1.0] [cxt 0] Pipeline 'ingress': end
[20:02:03.666] [bmv2] [D] [thread 2225] [1.0] [cxt 0] Egress port is 0
[20:02:03.666] [bmv2] [D] [thread 2225] [2.0] [cxt 0] Processing packet received on port 3
[20:02:03.666] [bmv2] [D] [thread 2225] [2.0] [cxt 0] Parser 'parser': start
[20:02:03.666] [bmv2] [D] [thread 2225] [2.0] [cxt 0] Parser 'parser' entering state 'start'
[20:02:03.666] [bmv2] [D] [thread 2225] [2.0] [cxt 0] Extracting header 'ethernet'
[20:02:03.666] [bmv2] [D] [thread 2225] [2.0] [cxt 0] Parser state 'start': key is 86dd
[20:02:03.666] [bmv2] [T] [thread 2225] [2.0] [cxt 0] Bytes parsed: 14
[20:02:03.666] [bmv2] [D] [thread 2225] [2.0] [cxt 0] Parser 'parser': end
[20:02:03.666] [bmv2] [D] [thread 2225] [2.0] [cxt 0] Pipeline 'ingress': start
[20:02:03.666] [bmv2] [T] [thread 2225] [2.0] [cxt 0] qos.p4(197) Condition "hdr.ipv4.isValid()" (node_2) is false
[20:02:03.666] [bmv2] [D] [thread 2225] [2.0] [cxt 0] Pipeline 'ingress': end
[20:02:03.666] [bmv2] [D] [thread 2225] [2.0] [cxt 0] Egress port is 0
[20:02:03.667] [bmv2] [D] [thread 2226] [1.0] [cxt 0] Pipeline 'egress': start
[20:02:03.667] [bmv2] [D] [thread 2226] [1.0] [cxt 0] Pipeline 'egress': end
[20:02:03.667] [bmv2] [D] [thread 2226] [1.0] [cxt 0] Deparser 'deparser': start
[20:02:03.667] [bmv2] [T] [thread 2226] [1.0] [cxt 0] Skipping checksum 'cksum' update because condition not met
[20:02:03.667] [bmv2] [D] [thread 2226] [1.0] [cxt 0] Deparsing header 'ethernet'
[20:02:03.667] [bmv2] [D] [thread 2226] [1.0] [cxt 0] Deparser 'deparser': end
[20:02:03.667] [bmv2] [D] [thread 2226] [2.0] [cxt 0] Pipeline 'egress': start
[20:02:03.667] [bmv2] [D] [thread 2226] [2.0] [cxt 0] Pipeline 'egress': end
[20:02:03.667] [bmv2] [D] [thread 2226] [2.0] [cxt 0] Deparser 'deparser': start
[20:02:03.667] [bmv2] [T] [thread 2226] [2.0] [cxt 0] Skipping checksum 'cksum' update because condition not met
[20:02:03.667] [bmv2] [D] [thread 2226] [2.0] [cxt 0] Deparsing header 'ethernet'
[20:02:03.667] [bmv2] [D] [thread 2226] [2.0] [cxt 0] Deparser 'deparser': end
[20:02:03.668] [bmv2] [D] [thread 2230] [1.0] [cxt 0] Transmitting packet of size 70 out of port 0
[20:02:03.668] [bmv2] [D] [thread 2230] [2.0] [cxt 0] Transmitting packet of size 70 out of port 0
[20:02:03.714] [bmv2] [W] [thread 2270] [P4Runtime] p4::tmp::P4DeviceConfig is deprecated
[20:02:03.728] [bmv2] [D] [thread 2270] Set default default entry for table 'tbl_qos199': qos199 - 
[20:02:03.728] [bmv2] [D] [thread 2270] Set default default entry for table 'MyIngress.ipv4_lpm': NoAction - 
[20:02:03.730] [bmv2] [D] [thread 2270] simple_switch target has been notified of a config swap
[20:02:03.738] [bmv2] [D] [thread 2271] Entry 0 added to table 'MyIngress.ipv4_lpm'
[20:02:03.738] [bmv2] [D] [thread 2271] Dumping entry 0
Match key:
* hdr.ipv4.dstAddr    : LPM       0a000303/32
Action entry: MyIngress.ipv4_forward - 80000000303,1,

[20:02:03.743] [bmv2] [D] [thread 2271] Entry 1 added to table 'MyIngress.ipv4_lpm'
[20:02:03.743] [bmv2] [D] [thread 2271] Dumping entry 1
Match key:
* hdr.ipv4.dstAddr    : LPM       0a000100/24
Action entry: MyIngress.ipv4_forward - 80000000100,2,

[20:02:03.747] [bmv2] [D] [thread 2271] Entry 2 added to table 'MyIngress.ipv4_lpm'
[20:02:03.748] [bmv2] [D] [thread 2271] Dumping entry 2
Match key:
* hdr.ipv4.dstAddr    : LPM       0a000200/24
Action entry: MyIngress.ipv4_forward - 80000000200,3,

[20:02:04.179] [bmv2] [D] [thread 2225] [3.0] [cxt 0] Processing packet received on port 1
[20:02:04.179] [bmv2] [D] [thread 2225] [3.0] [cxt 0] Parser 'parser': start
[20:02:04.179] [bmv2] [D] [thread 2225] [3.0] [cxt 0] Parser 'parser' entering state 'start'
[20:02:04.179] [bmv2] [D] [thread 2225] [3.0] [cxt 0] Extracting header 'ethernet'
[20:02:04.182] [bmv2] [D] [thread 2225] [3.0] [cxt 0] Parser state 'start': key is 86dd
[20:02:04.182] [bmv2] [T] [thread 2225] [3.0] [cxt 0] Bytes parsed: 14
[20:02:04.183] [bmv2] [D] [thread 2225] [3.0] [cxt 0] Parser 'parser': end
[20:02:04.183] [bmv2] [D] [thread 2225] [3.0] [cxt 0] Pipeline 'ingress': start
[20:02:04.183] [bmv2] [T] [thread 2225] [3.0] [cxt 0] qos.p4(197) Condition "hdr.ipv4.isValid()" (node_2) is false
[20:02:04.183] [bmv2] [D] [thread 2225] [3.0] [cxt 0] Pipeline 'ingress': end
[20:02:04.183] [bmv2] [D] [thread 2225] [3.0] [cxt 0] Egress port is 0
[20:02:04.183] [bmv2] [D] [thread 2226] [3.0] [cxt 0] Pipeline 'egress': start
[20:02:04.183] [bmv2] [D] [thread 2226] [3.0] [cxt 0] Pipeline 'egress': end
[20:02:04.183] [bmv2] [D] [thread 2226] [3.0] [cxt 0] Deparser 'deparser': start
[20:02:04.183] [bmv2] [T] [thread 2226] [3.0] [cxt 0] Skipping checksum 'cksum' update because condition not met
[20:02:04.183] [bmv2] [D] [thread 2226] [3.0] [cxt 0] Deparsing header 'ethernet'
[20:02:04.183] [bmv2] [D] [thread 2226] [3.0] [cxt 0] Deparser 'deparser': end
[20:02:04.183] [bmv2] [D] [thread 2230] [3.0] [cxt 0] Transmitting packet of size 70 out of port 0
[20:02:04.184] [bmv2] [D] [thread 2225] [4.0] [cxt 0] Processing packet received on port 2
[20:02:04.184] [bmv2] [D] [thread 2225] [4.0] [cxt 0] Parser 'parser': start
[20:02:04.184] [bmv2] [D] [thread 2225] [4.0] [cxt 0] Parser 'parser' entering state 'start'
[20:02:04.184] [bmv2] [D] [thread 2225] [4.0] [cxt 0] Extracting header 'ethernet'
[20:02:04.184] [bmv2] [D] [thread 2225] [4.0] [cxt 0] Parser state 'start': key is 86dd
[20:02:04.184] [bmv2] [T] [thread 2225] [4.0] [cxt 0] Bytes parsed: 14
[20:02:04.184] [bmv2] [D] [thread 2225] [4.0] [cxt 0] Parser 'parser': end
[20:02:04.184] [bmv2] [D] [thread 2225] [4.0] [cxt 0] Pipeline 'ingress': start
[20:02:04.184] [bmv2] [T] [thread 2225] [4.0] [cxt 0] qos.p4(197) Condition "hdr.ipv4.isValid()" (node_2) is false
[20:02:04.185] [bmv2] [D] [thread 2225] [4.0] [cxt 0] Pipeline 'ingress': end
[20:02:04.185] [bmv2] [D] [thread 2225] [4.0] [cxt 0] Egress port is 0
[20:02:04.185] [bmv2] [D] [thread 2226] [4.0] [cxt 0] Pipeline 'egress': start
[20:02:04.185] [bmv2] [D] [thread 2226] [4.0] [cxt 0] Pipeline 'egress': end
[20:02:04.185] [bmv2] [D] [thread 2226] [4.0] [cxt 0] Deparser 'deparser': start
[20:02:04.185] [bmv2] [T] [thread 2226] [4.0] [cxt 0] Skipping checksum 'cksum' update because condition not met
[20:02:04.185] [bmv2] [D] [thread 2226] [4.0] [cxt 0] Deparsing header 'ethernet'
[20:02:04.186] [bmv2] [D] [thread 2226] [4.0] [cxt 0] Deparser 'deparser': end
[20:02:04.186] [bmv2] [D] [thread 2230] [4.0] [cxt 0] Transmitting packet of size 70 out of port 0
[20:02:10.836] [bmv2] [D] [thread 2225] [5.0] [cxt 0] Processing packet received on port 3
[20:02:10.837] [bmv2] [D] [thread 2225] [5.0] [cxt 0] Parser 'parser': start
[20:02:10.837] [bmv2] [D] [thread 2225] [5.0] [cxt 0] Parser 'parser' entering state 'start'
[20:02:10.837] [bmv2] [D] [thread 2225] [5.0] [cxt 0] Extracting header 'ethernet'
[20:02:10.837] [bmv2] [D] [thread 2225] [5.0] [cxt 0] Parser state 'start': key is 86dd
[20:02:10.837] [bmv2] [T] [thread 2225] [5.0] [cxt 0] Bytes parsed: 14
[20:02:10.837] [bmv2] [D] [thread 2225] [5.0] [cxt 0] Parser 'parser': end
[20:02:10.837] [bmv2] [D] [thread 2225] [5.0] [cxt 0] Pipeline 'ingress': start
[20:02:10.837] [bmv2] [T] [thread 2225] [5.0] [cxt 0] qos.p4(197) Condition "hdr.ipv4.isValid()" (node_2) is false
[20:02:10.837] [bmv2] [D] [thread 2225] [5.0] [cxt 0] Pipeline 'ingress': end
[20:02:10.838] [bmv2] [D] [thread 2225] [5.0] [cxt 0] Egress port is 0
[20:02:10.838] [bmv2] [D] [thread 2226] [5.0] [cxt 0] Pipeline 'egress': start
[20:02:10.838] [bmv2] [D] [thread 2226] [5.0] [cxt 0] Pipeline 'egress': end
[20:02:10.838] [bmv2] [D] [thread 2226] [5.0] [cxt 0] Deparser 'deparser': start
[20:02:10.838] [bmv2] [T] [thread 2226] [5.0] [cxt 0] Skipping checksum 'cksum' update because condition not met
[20:02:10.838] [bmv2] [D] [thread 2226] [5.0] [cxt 0] Deparsing header 'ethernet'
[20:02:10.838] [bmv2] [D] [thread 2226] [5.0] [cxt 0] Deparser 'deparser': end
[20:02:10.838] [bmv2] [D] [thread 2230] [5.0] [cxt 0] Transmitting packet of size 70 out of port 0
[20:02:11.345] [bmv2] [D] [thread 2225] [6.0] [cxt 0] Processing packet received on port 2
[20:02:11.345] [bmv2] [D] [thread 2225] [6.0] [cxt 0] Parser 'parser': start
[20:02:11.345] [bmv2] [D] [thread 2225] [6.0] [cxt 0] Parser 'parser' entering state 'start'
[20:02:11.345] [bmv2] [D] [thread 2225] [6.0] [cxt 0] Extracting header 'ethernet'
[20:02:11.345] [bmv2] [D] [thread 2225] [6.0] [cxt 0] Parser state 'start': key is 86dd
[20:02:11.345] [bmv2] [T] [thread 2225] [6.0] [cxt 0] Bytes parsed: 14
[20:02:11.345] [bmv2] [D] [thread 2225] [6.0] [cxt 0] Parser 'parser': end
[20:02:11.345] [bmv2] [D] [thread 2225] [6.0] [cxt 0] Pipeline 'ingress': start
[20:02:11.345] [bmv2] [T] [thread 2225] [6.0] [cxt 0] qos.p4(197) Condition "hdr.ipv4.isValid()" (node_2) is false
[20:02:11.345] [bmv2] [D] [thread 2225] [6.0] [cxt 0] Pipeline 'ingress': end
[20:02:11.345] [bmv2] [D] [thread 2225] [6.0] [cxt 0] Egress port is 0
[20:02:11.346] [bmv2] [D] [thread 2226] [6.0] [cxt 0] Pipeline 'egress': start
[20:02:11.346] [bmv2] [D] [thread 2226] [6.0] [cxt 0] Pipeline 'egress': end
[20:02:11.346] [bmv2] [D] [thread 2226] [6.0] [cxt 0] Deparser 'deparser': start
[20:02:11.346] [bmv2] [T] [thread 2226] [6.0] [cxt 0] Skipping checksum 'cksum' update because condition not met
[20:02:11.346] [bmv2] [D] [thread 2226] [6.0] [cxt 0] Deparsing header 'ethernet'
[20:02:11.346] [bmv2] [D] [thread 2226] [6.0] [cxt 0] Deparser 'deparser': end
[20:02:11.346] [bmv2] [D] [thread 2230] [6.0] [cxt 0] Transmitting packet of size 70 out of port 0
[20:02:11.604] [bmv2] [D] [thread 2225] [7.0] [cxt 0] Processing packet received on port 3
[20:02:11.608] [bmv2] [D] [thread 2225] [7.0] [cxt 0] Parser 'parser': start
[20:02:11.609] [bmv2] [D] [thread 2225] [7.0] [cxt 0] Parser 'parser' entering state 'start'
[20:02:11.609] [bmv2] [D] [thread 2225] [7.0] [cxt 0] Extracting header 'ethernet'
[20:02:11.609] [bmv2] [D] [thread 2225] [7.0] [cxt 0] Parser state 'start': key is 86dd
[20:02:11.609] [bmv2] [T] [thread 2225] [7.0] [cxt 0] Bytes parsed: 14
[20:02:11.609] [bmv2] [D] [thread 2225] [7.0] [cxt 0] Parser 'parser': end
[20:02:11.609] [bmv2] [D] [thread 2225] [7.0] [cxt 0] Pipeline 'ingress': start
[20:02:11.609] [bmv2] [T] [thread 2225] [7.0] [cxt 0] qos.p4(197) Condition "hdr.ipv4.isValid()" (node_2) is false
[20:02:11.609] [bmv2] [D] [thread 2225] [7.0] [cxt 0] Pipeline 'ingress': end
[20:02:11.609] [bmv2] [D] [thread 2225] [7.0] [cxt 0] Egress port is 0
[20:02:11.610] [bmv2] [D] [thread 2226] [7.0] [cxt 0] Pipeline 'egress': start
[20:02:11.610] [bmv2] [D] [thread 2226] [7.0] [cxt 0] Pipeline 'egress': end
[20:02:11.610] [bmv2] [D] [thread 2226] [7.0] [cxt 0] Deparser 'deparser': start
[20:02:11.610] [bmv2] [T] [thread 2226] [7.0] [cxt 0] Skipping checksum 'cksum' update because condition not met
[20:02:11.610] [bmv2] [D] [thread 2226] [7.0] [cxt 0] Deparsing header 'ethernet'
[20:02:11.610] [bmv2] [D] [thread 2226] [7.0] [cxt 0] Deparser 'deparser': end
[20:02:11.610] [bmv2] [D] [thread 2230] [7.0] [cxt 0] Transmitting packet of size 70 out of port 0
[20:02:11.861] [bmv2] [D] [thread 2225] [8.0] [cxt 0] Processing packet received on port 2
[20:02:11.861] [bmv2] [D] [thread 2225] [8.0] [cxt 0] Parser 'parser': start
[20:02:11.861] [bmv2] [D] [thread 2225] [8.0] [cxt 0] Parser 'parser' entering state 'start'
[20:02:11.861] [bmv2] [D] [thread 2225] [8.0] [cxt 0] Extracting header 'ethernet'
[20:02:11.861] [bmv2] [D] [thread 2225] [8.0] [cxt 0] Parser state 'start': key is 86dd
[20:02:11.861] [bmv2] [T] [thread 2225] [8.0] [cxt 0] Bytes parsed: 14
[20:02:11.861] [bmv2] [D] [thread 2225] [8.0] [cxt 0] Parser 'parser': end
[20:02:11.861] [bmv2] [D] [thread 2225] [8.0] [cxt 0] Pipeline 'ingress': start
[20:02:11.861] [bmv2] [T] [thread 2225] [8.0] [cxt 0] qos.p4(197) Condition "hdr.ipv4.isValid()" (node_2) is false
[20:02:11.861] [bmv2] [D] [thread 2225] [8.0] [cxt 0] Pipeline 'ingress': end
[20:02:11.861] [bmv2] [D] [thread 2225] [8.0] [cxt 0] Egress port is 0
[20:02:11.863] [bmv2] [D] [thread 2226] [8.0] [cxt 0] Pipeline 'egress': start
[20:02:11.863] [bmv2] [D] [thread 2226] [8.0] [cxt 0] Pipeline 'egress': end
[20:02:11.863] [bmv2] [D] [thread 2226] [8.0] [cxt 0] Deparser 'deparser': start
[20:02:11.863] [bmv2] [T] [thread 2226] [8.0] [cxt 0] Skipping checksum 'cksum' update because condition not met
[20:02:11.863] [bmv2] [D] [thread 2226] [8.0] [cxt 0] Deparsing header 'ethernet'
[20:02:11.863] [bmv2] [D] [thread 2226] [8.0] [cxt 0] Deparser 'deparser': end
[20:02:11.864] [bmv2] [D] [thread 2230] [8.0] [cxt 0] Transmitting packet of size 70 out of port 0
[20:02:12.627] [bmv2] [D] [thread 2225] [9.0] [cxt 0] Processing packet received on port 1
[20:02:12.631] [bmv2] [D] [thread 2225] [9.0] [cxt 0] Parser 'parser': start
[20:02:12.631] [bmv2] [D] [thread 2225] [9.0] [cxt 0] Parser 'parser' entering state 'start'
[20:02:12.631] [bmv2] [D] [thread 2225] [9.0] [cxt 0] Extracting header 'ethernet'
[20:02:12.636] [bmv2] [D] [thread 2225] [9.0] [cxt 0] Parser state 'start': key is 86dd
[20:02:12.636] [bmv2] [T] [thread 2225] [9.0] [cxt 0] Bytes parsed: 14
[20:02:12.636] [bmv2] [D] [thread 2225] [9.0] [cxt 0] Parser 'parser': end
[20:02:12.636] [bmv2] [D] [thread 2225] [9.0] [cxt 0] Pipeline 'ingress': start
[20:02:12.636] [bmv2] [T] [thread 2225] [9.0] [cxt 0] qos.p4(197) Condition "hdr.ipv4.isValid()" (node_2) is false
[20:02:12.637] [bmv2] [D] [thread 2225] [9.0] [cxt 0] Pipeline 'ingress': end
[20:02:12.637] [bmv2] [D] [thread 2225] [9.0] [cxt 0] Egress port is 0
[20:02:12.637] [bmv2] [D] [thread 2226] [9.0] [cxt 0] Pipeline 'egress': start
[20:02:12.637] [bmv2] [D] [thread 2226] [9.0] [cxt 0] Pipeline 'egress': end
[20:02:12.637] [bmv2] [D] [thread 2226] [9.0] [cxt 0] Deparser 'deparser': start
[20:02:12.637] [bmv2] [T] [thread 2226] [9.0] [cxt 0] Skipping checksum 'cksum' update because condition not met
[20:02:12.637] [bmv2] [D] [thread 2226] [9.0] [cxt 0] Deparsing header 'ethernet'
[20:02:12.637] [bmv2] [D] [thread 2226] [9.0] [cxt 0] Deparser 'deparser': end
[20:02:12.637] [bmv2] [D] [thread 2230] [9.0] [cxt 0] Transmitting packet of size 70 out of port 0
[20:02:25.431] [bmv2] [D] [thread 2225] [10.0] [cxt 0] Processing packet received on port 3
[20:02:25.437] [bmv2] [D] [thread 2225] [10.0] [cxt 0] Parser 'parser': start
[20:02:25.437] [bmv2] [D] [thread 2225] [10.0] [cxt 0] Parser 'parser' entering state 'start'
[20:02:25.437] [bmv2] [D] [thread 2225] [10.0] [cxt 0] Extracting header 'ethernet'
[20:02:25.437] [bmv2] [D] [thread 2225] [10.0] [cxt 0] Parser state 'start': key is 86dd
[20:02:25.437] [bmv2] [T] [thread 2225] [10.0] [cxt 0] Bytes parsed: 14
[20:02:25.437] [bmv2] [D] [thread 2225] [10.0] [cxt 0] Parser 'parser': end
[20:02:25.438] [bmv2] [D] [thread 2225] [10.0] [cxt 0] Pipeline 'ingress': start
[20:02:25.438] [bmv2] [T] [thread 2225] [10.0] [cxt 0] qos.p4(197) Condition "hdr.ipv4.isValid()" (node_2) is false
[20:02:25.438] [bmv2] [D] [thread 2225] [10.0] [cxt 0] Pipeline 'ingress': end
[20:02:25.438] [bmv2] [D] [thread 2225] [10.0] [cxt 0] Egress port is 0
[20:02:25.439] [bmv2] [D] [thread 2226] [10.0] [cxt 0] Pipeline 'egress': start
[20:02:25.439] [bmv2] [D] [thread 2226] [10.0] [cxt 0] Pipeline 'egress': end
[20:02:25.439] [bmv2] [D] [thread 2226] [10.0] [cxt 0] Deparser 'deparser': start
[20:02:25.439] [bmv2] [T] [thread 2226] [10.0] [cxt 0] Skipping checksum 'cksum' update because condition not met
[20:02:25.439] [bmv2] [D] [thread 2226] [10.0] [cxt 0] Deparsing header 'ethernet'
[20:02:25.439] [bmv2] [D] [thread 2226] [10.0] [cxt 0] Deparser 'deparser': end
[20:02:25.439] [bmv2] [D] [thread 2230] [10.0] [cxt 0] Transmitting packet of size 70 out of port 0
[20:02:26.709] [bmv2] [D] [thread 2225] [11.0] [cxt 0] Processing packet received on port 2
[20:02:26.709] [bmv2] [D] [thread 2225] [11.0] [cxt 0] Parser 'parser': start
[20:02:26.709] [bmv2] [D] [thread 2225] [11.0] [cxt 0] Parser 'parser' entering state 'start'
[20:02:26.709] [bmv2] [D] [thread 2225] [11.0] [cxt 0] Extracting header 'ethernet'
[20:02:26.709] [bmv2] [D] [thread 2225] [11.0] [cxt 0] Parser state 'start': key is 86dd
[20:02:26.710] [bmv2] [T] [thread 2225] [11.0] [cxt 0] Bytes parsed: 14
[20:02:26.710] [bmv2] [D] [thread 2225] [11.0] [cxt 0] Parser 'parser': end
[20:02:26.710] [bmv2] [D] [thread 2225] [11.0] [cxt 0] Pipeline 'ingress': start
[20:02:26.710] [bmv2] [T] [thread 2225] [11.0] [cxt 0] qos.p4(197) Condition "hdr.ipv4.isValid()" (node_2) is false
[20:02:26.710] [bmv2] [D] [thread 2225] [11.0] [cxt 0] Pipeline 'ingress': end
[20:02:26.710] [bmv2] [D] [thread 2225] [11.0] [cxt 0] Egress port is 0
[20:02:26.710] [bmv2] [D] [thread 2226] [11.0] [cxt 0] Pipeline 'egress': start
[20:02:26.710] [bmv2] [D] [thread 2226] [11.0] [cxt 0] Pipeline 'egress': end
[20:02:26.710] [bmv2] [D] [thread 2226] [11.0] [cxt 0] Deparser 'deparser': start
[20:02:26.710] [bmv2] [T] [thread 2226] [11.0] [cxt 0] Skipping checksum 'cksum' update because condition not met
[20:02:26.711] [bmv2] [D] [thread 2226] [11.0] [cxt 0] Deparsing header 'ethernet'
[20:02:26.711] [bmv2] [D] [thread 2226] [11.0] [cxt 0] Deparser 'deparser': end
[20:02:26.711] [bmv2] [D] [thread 2230] [11.0] [cxt 0] Transmitting packet of size 70 out of port 0
[20:02:26.969] [bmv2] [D] [thread 2225] [12.0] [cxt 0] Processing packet received on port 2
[20:02:26.970] [bmv2] [D] [thread 2225] [12.0] [cxt 0] Parser 'parser': start
[20:02:26.970] [bmv2] [D] [thread 2225] [12.0] [cxt 0] Parser 'parser' entering state 'start'
[20:02:26.971] [bmv2] [D] [thread 2225] [12.0] [cxt 0] Extracting header 'ethernet'
[20:02:26.971] [bmv2] [D] [thread 2225] [12.0] [cxt 0] Parser state 'start': key is 86dd
[20:02:26.971] [bmv2] [T] [thread 2225] [12.0] [cxt 0] Bytes parsed: 14
[20:02:26.971] [bmv2] [D] [thread 2225] [12.0] [cxt 0] Parser 'parser': end
[20:02:26.971] [bmv2] [D] [thread 2225] [12.0] [cxt 0] Pipeline 'ingress': start
[20:02:26.971] [bmv2] [T] [thread 2225] [12.0] [cxt 0] qos.p4(197) Condition "hdr.ipv4.isValid()" (node_2) is false
[20:02:26.971] [bmv2] [D] [thread 2225] [12.0] [cxt 0] Pipeline 'ingress': end
[20:02:26.971] [bmv2] [D] [thread 2225] [12.0] [cxt 0] Egress port is 0
[20:02:26.972] [bmv2] [D] [thread 2226] [12.0] [cxt 0] Pipeline 'egress': start
[20:02:26.972] [bmv2] [D] [thread 2226] [12.0] [cxt 0] Pipeline 'egress': end
[20:02:26.972] [bmv2] [D] [thread 2226] [12.0] [cxt 0] Deparser 'deparser': start
[20:02:26.973] [bmv2] [T] [thread 2226] [12.0] [cxt 0] Skipping checksum 'cksum' update because condition not met
[20:02:26.973] [bmv2] [D] [thread 2226] [12.0] [cxt 0] Deparsing header 'ethernet'
[20:02:26.973] [bmv2] [D] [thread 2226] [12.0] [cxt 0] Deparser 'deparser': end
[20:02:26.973] [bmv2] [D] [thread 2230] [12.0] [cxt 0] Transmitting packet of size 70 out of port 0
[20:02:28.243] [bmv2] [D] [thread 2225] [13.0] [cxt 0] Processing packet received on port 3
[20:02:28.244] [bmv2] [D] [thread 2225] [13.0] [cxt 0] Parser 'parser': start
[20:02:28.244] [bmv2] [D] [thread 2225] [13.0] [cxt 0] Parser 'parser' entering state 'start'
[20:02:28.244] [bmv2] [D] [thread 2225] [13.0] [cxt 0] Extracting header 'ethernet'
[20:02:28.244] [bmv2] [D] [thread 2225] [13.0] [cxt 0] Parser state 'start': key is 86dd
[20:02:28.244] [bmv2] [T] [thread 2225] [13.0] [cxt 0] Bytes parsed: 14
[20:02:28.244] [bmv2] [D] [thread 2225] [13.0] [cxt 0] Parser 'parser': end
[20:02:28.245] [bmv2] [D] [thread 2225] [13.0] [cxt 0] Pipeline 'ingress': start
[20:02:28.249] [bmv2] [T] [thread 2225] [13.0] [cxt 0] qos.p4(197) Condition "hdr.ipv4.isValid()" (node_2) is false
[20:02:28.249] [bmv2] [D] [thread 2225] [13.0] [cxt 0] Pipeline 'ingress': end
[20:02:28.249] [bmv2] [D] [thread 2225] [13.0] [cxt 0] Egress port is 0
[20:02:28.250] [bmv2] [D] [thread 2226] [13.0] [cxt 0] Pipeline 'egress': start
[20:02:28.250] [bmv2] [D] [thread 2226] [13.0] [cxt 0] Pipeline 'egress': end
[20:02:28.250] [bmv2] [D] [thread 2226] [13.0] [cxt 0] Deparser 'deparser': start
[20:02:28.250] [bmv2] [T] [thread 2226] [13.0] [cxt 0] Skipping checksum 'cksum' update because condition not met
[20:02:28.250] [bmv2] [D] [thread 2226] [13.0] [cxt 0] Deparsing header 'ethernet'
[20:02:28.250] [bmv2] [D] [thread 2226] [13.0] [cxt 0] Deparser 'deparser': end
[20:02:28.251] [bmv2] [D] [thread 2230] [13.0] [cxt 0] Transmitting packet of size 70 out of port 0
[20:02:30.295] [bmv2] [D] [thread 2225] [14.0] [cxt 0] Processing packet received on port 1
[20:02:30.295] [bmv2] [D] [thread 2225] [14.0] [cxt 0] Parser 'parser': start
[20:02:30.295] [bmv2] [D] [thread 2225] [14.0] [cxt 0] Parser 'parser' entering state 'start'
[20:02:30.295] [bmv2] [D] [thread 2225] [14.0] [cxt 0] Extracting header 'ethernet'
[20:02:30.296] [bmv2] [D] [thread 2225] [14.0] [cxt 0] Parser state 'start': key is 86dd
[20:02:30.298] [bmv2] [T] [thread 2225] [14.0] [cxt 0] Bytes parsed: 14
[20:02:30.298] [bmv2] [D] [thread 2225] [14.0] [cxt 0] Parser 'parser': end
[20:02:30.298] [bmv2] [D] [thread 2225] [14.0] [cxt 0] Pipeline 'ingress': start
[20:02:30.298] [bmv2] [T] [thread 2225] [14.0] [cxt 0] qos.p4(197) Condition "hdr.ipv4.isValid()" (node_2) is false
[20:02:30.299] [bmv2] [D] [thread 2225] [14.0] [cxt 0] Pipeline 'ingress': end
[20:02:30.299] [bmv2] [D] [thread 2225] [14.0] [cxt 0] Egress port is 0
[20:02:30.299] [bmv2] [D] [thread 2226] [14.0] [cxt 0] Pipeline 'egress': start
[20:02:30.299] [bmv2] [D] [thread 2226] [14.0] [cxt 0] Pipeline 'egress': end
[20:02:30.300] [bmv2] [D] [thread 2226] [14.0] [cxt 0] Deparser 'deparser': start
[20:02:30.300] [bmv2] [T] [thread 2226] [14.0] [cxt 0] Skipping checksum 'cksum' update because condition not met
[20:02:30.300] [bmv2] [D] [thread 2226] [14.0] [cxt 0] Deparsing header 'ethernet'
[20:02:30.300] [bmv2] [D] [thread 2226] [14.0] [cxt 0] Deparser 'deparser': end
[20:02:30.301] [bmv2] [D] [thread 2230] [14.0] [cxt 0] Transmitting packet of size 70 out of port 0
[20:02:54.876] [bmv2] [D] [thread 2225] [15.0] [cxt 0] Processing packet received on port 3
[20:02:54.877] [bmv2] [D] [thread 2225] [15.0] [cxt 0] Parser 'parser': start
[20:02:54.877] [bmv2] [D] [thread 2225] [15.0] [cxt 0] Parser 'parser' entering state 'start'
[20:02:54.877] [bmv2] [D] [thread 2225] [15.0] [cxt 0] Extracting header 'ethernet'
[20:02:54.877] [bmv2] [D] [thread 2225] [15.0] [cxt 0] Parser state 'start': key is 86dd
[20:02:54.878] [bmv2] [T] [thread 2225] [15.0] [cxt 0] Bytes parsed: 14
[20:02:54.878] [bmv2] [D] [thread 2225] [15.0] [cxt 0] Parser 'parser': end
[20:02:54.878] [bmv2] [D] [thread 2225] [15.0] [cxt 0] Pipeline 'ingress': start
[20:02:54.878] [bmv2] [T] [thread 2225] [15.0] [cxt 0] qos.p4(197) Condition "hdr.ipv4.isValid()" (node_2) is false
[20:02:54.878] [bmv2] [D] [thread 2225] [15.0] [cxt 0] Pipeline 'ingress': end
[20:02:54.878] [bmv2] [D] [thread 2225] [15.0] [cxt 0] Egress port is 0
[20:02:54.878] [bmv2] [D] [thread 2226] [15.0] [cxt 0] Pipeline 'egress': start
[20:02:54.878] [bmv2] [D] [thread 2226] [15.0] [cxt 0] Pipeline 'egress': end
[20:02:54.878] [bmv2] [D] [thread 2226] [15.0] [cxt 0] Deparser 'deparser': start
[20:02:54.878] [bmv2] [T] [thread 2226] [15.0] [cxt 0] Skipping checksum 'cksum' update because condition not met
[20:02:54.879] [bmv2] [D] [thread 2226] [15.0] [cxt 0] Deparsing header 'ethernet'
[20:02:54.879] [bmv2] [D] [thread 2226] [15.0] [cxt 0] Deparser 'deparser': end
[20:02:54.879] [bmv2] [D] [thread 2230] [15.0] [cxt 0] Transmitting packet of size 70 out of port 0
[20:02:56.917] [bmv2] [D] [thread 2225] [16.0] [cxt 0] Processing packet received on port 2
[20:02:56.917] [bmv2] [D] [thread 2225] [16.0] [cxt 0] Parser 'parser': start
[20:02:56.917] [bmv2] [D] [thread 2225] [16.0] [cxt 0] Parser 'parser' entering state 'start'
[20:02:56.917] [bmv2] [D] [thread 2225] [16.0] [cxt 0] Extracting header 'ethernet'
[20:02:56.918] [bmv2] [D] [thread 2225] [16.0] [cxt 0] Parser state 'start': key is 86dd
[20:02:56.918] [bmv2] [T] [thread 2225] [16.0] [cxt 0] Bytes parsed: 14
[20:02:56.918] [bmv2] [D] [thread 2225] [16.0] [cxt 0] Parser 'parser': end
[20:02:56.918] [bmv2] [D] [thread 2225] [16.0] [cxt 0] Pipeline 'ingress': start
[20:02:56.918] [bmv2] [T] [thread 2225] [16.0] [cxt 0] qos.p4(197) Condition "hdr.ipv4.isValid()" (node_2) is false
[20:02:56.918] [bmv2] [D] [thread 2225] [16.0] [cxt 0] Pipeline 'ingress': end
[20:02:56.918] [bmv2] [D] [thread 2225] [16.0] [cxt 0] Egress port is 0
[20:02:56.924] [bmv2] [D] [thread 2226] [16.0] [cxt 0] Pipeline 'egress': start
[20:02:56.924] [bmv2] [D] [thread 2226] [16.0] [cxt 0] Pipeline 'egress': end
[20:02:56.925] [bmv2] [D] [thread 2226] [16.0] [cxt 0] Deparser 'deparser': start
[20:02:56.925] [bmv2] [T] [thread 2226] [16.0] [cxt 0] Skipping checksum 'cksum' update because condition not met
[20:02:56.925] [bmv2] [D] [thread 2226] [16.0] [cxt 0] Deparsing header 'ethernet'
[20:02:56.925] [bmv2] [D] [thread 2226] [16.0] [cxt 0] Deparser 'deparser': end
[20:02:56.926] [bmv2] [D] [thread 2230] [16.0] [cxt 0] Transmitting packet of size 70 out of port 0
[20:02:58.963] [bmv2] [D] [thread 2225] [17.0] [cxt 0] Processing packet received on port 2
[20:02:58.964] [bmv2] [D] [thread 2225] [17.0] [cxt 0] Parser 'parser': start
[20:02:58.964] [bmv2] [D] [thread 2225] [17.0] [cxt 0] Parser 'parser' entering state 'start'
[20:02:58.964] [bmv2] [D] [thread 2225] [17.0] [cxt 0] Extracting header 'ethernet'
[20:02:58.964] [bmv2] [D] [thread 2225] [17.0] [cxt 0] Parser state 'start': key is 86dd
[20:02:58.964] [bmv2] [T] [thread 2225] [17.0] [cxt 0] Bytes parsed: 14
[20:02:58.970] [bmv2] [D] [thread 2225] [17.0] [cxt 0] Parser 'parser': end
[20:02:58.971] [bmv2] [D] [thread 2225] [17.0] [cxt 0] Pipeline 'ingress': start
[20:02:58.971] [bmv2] [T] [thread 2225] [17.0] [cxt 0] qos.p4(197) Condition "hdr.ipv4.isValid()" (node_2) is false
[20:02:58.971] [bmv2] [D] [thread 2225] [17.0] [cxt 0] Pipeline 'ingress': end
[20:02:58.971] [bmv2] [D] [thread 2225] [17.0] [cxt 0] Egress port is 0
[20:02:58.971] [bmv2] [D] [thread 2226] [17.0] [cxt 0] Pipeline 'egress': start
[20:02:58.971] [bmv2] [D] [thread 2226] [17.0] [cxt 0] Pipeline 'egress': end
[20:02:58.971] [bmv2] [D] [thread 2226] [17.0] [cxt 0] Deparser 'deparser': start
[20:02:58.972] [bmv2] [T] [thread 2226] [17.0] [cxt 0] Skipping checksum 'cksum' update because condition not met
[20:02:58.972] [bmv2] [D] [thread 2226] [17.0] [cxt 0] Deparsing header 'ethernet'
[20:02:58.972] [bmv2] [D] [thread 2226] [17.0] [cxt 0] Deparser 'deparser': end
[20:02:58.972] [bmv2] [D] [thread 2230] [17.0] [cxt 0] Transmitting packet of size 70 out of port 0
[20:03:01.009] [bmv2] [D] [thread 2225] [18.0] [cxt 0] Processing packet received on port 3
[20:03:01.009] [bmv2] [D] [thread 2225] [18.0] [cxt 0] Parser 'parser': start
[20:03:01.009] [bmv2] [D] [thread 2225] [18.0] [cxt 0] Parser 'parser' entering state 'start'
[20:03:01.009] [bmv2] [D] [thread 2225] [18.0] [cxt 0] Extracting header 'ethernet'
[20:03:01.009] [bmv2] [D] [thread 2225] [18.0] [cxt 0] Parser state 'start': key is 86dd
[20:03:01.009] [bmv2] [T] [thread 2225] [18.0] [cxt 0] Bytes parsed: 14
[20:03:01.009] [bmv2] [D] [thread 2225] [18.0] [cxt 0] Parser 'parser': end
[20:03:01.009] [bmv2] [D] [thread 2225] [18.0] [cxt 0] Pipeline 'ingress': start
[20:03:01.009] [bmv2] [T] [thread 2225] [18.0] [cxt 0] qos.p4(197) Condition "hdr.ipv4.isValid()" (node_2) is false
[20:03:01.009] [bmv2] [D] [thread 2225] [18.0] [cxt 0] Pipeline 'ingress': end
[20:03:01.010] [bmv2] [D] [thread 2225] [18.0] [cxt 0] Egress port is 0
[20:03:01.010] [bmv2] [D] [thread 2226] [18.0] [cxt 0] Pipeline 'egress': start
[20:03:01.010] [bmv2] [D] [thread 2226] [18.0] [cxt 0] Pipeline 'egress': end
[20:03:01.010] [bmv2] [D] [thread 2226] [18.0] [cxt 0] Deparser 'deparser': start
[20:03:01.010] [bmv2] [T] [thread 2226] [18.0] [cxt 0] Skipping checksum 'cksum' update because condition not met
[20:03:01.010] [bmv2] [D] [thread 2226] [18.0] [cxt 0] Deparsing header 'ethernet'
[20:03:01.010] [bmv2] [D] [thread 2226] [18.0] [cxt 0] Deparser 'deparser': end
[20:03:01.011] [bmv2] [D] [thread 2230] [18.0] [cxt 0] Transmitting packet of size 70 out of port 0
[20:03:07.163] [bmv2] [D] [thread 2225] [19.0] [cxt 0] Processing packet received on port 1
[20:03:07.163] [bmv2] [D] [thread 2225] [19.0] [cxt 0] Parser 'parser': start
[20:03:07.163] [bmv2] [D] [thread 2225] [19.0] [cxt 0] Parser 'parser' entering state 'start'
[20:03:07.163] [bmv2] [D] [thread 2225] [19.0] [cxt 0] Extracting header 'ethernet'
[20:03:07.163] [bmv2] [D] [thread 2225] [19.0] [cxt 0] Parser state 'start': key is 86dd
[20:03:07.163] [bmv2] [T] [thread 2225] [19.0] [cxt 0] Bytes parsed: 14
[20:03:07.163] [bmv2] [D] [thread 2225] [19.0] [cxt 0] Parser 'parser': end
[20:03:07.164] [bmv2] [D] [thread 2225] [19.0] [cxt 0] Pipeline 'ingress': start
[20:03:07.164] [bmv2] [T] [thread 2225] [19.0] [cxt 0] qos.p4(197) Condition "hdr.ipv4.isValid()" (node_2) is false
[20:03:07.164] [bmv2] [D] [thread 2225] [19.0] [cxt 0] Pipeline 'ingress': end
[20:03:07.164] [bmv2] [D] [thread 2225] [19.0] [cxt 0] Egress port is 0
[20:03:07.164] [bmv2] [D] [thread 2226] [19.0] [cxt 0] Pipeline 'egress': start
[20:03:07.164] [bmv2] [D] [thread 2226] [19.0] [cxt 0] Pipeline 'egress': end
[20:03:07.164] [bmv2] [D] [thread 2226] [19.0] [cxt 0] Deparser 'deparser': start
[20:03:07.165] [bmv2] [T] [thread 2226] [19.0] [cxt 0] Skipping checksum 'cksum' update because condition not met
[20:03:07.165] [bmv2] [D] [thread 2226] [19.0] [cxt 0] Deparsing header 'ethernet'
[20:03:07.165] [bmv2] [D] [thread 2226] [19.0] [cxt 0] Deparser 'deparser': end
[20:03:07.165] [bmv2] [D] [thread 2230] [19.0] [cxt 0] Transmitting packet of size 70 out of port 0
open: No such file or directory
open: No such file or directory
open: No such file or directory
