Calling target program-options parser
[22:49:29.155] [bmv2] [D] [thread 8945] Set default default entry for table 'tbl_qos199': qos199 - 
[22:49:29.155] [bmv2] [D] [thread 8945] Set default default entry for table 'MyIngress.ipv4_lpm': NoAction - 
Adding interface s3-eth1 as port 1
[22:49:29.156] [bmv2] [D] [thread 8945] Adding interface s3-eth1 as port 1
Adding interface s3-eth2 as port 2
[22:49:29.169] [bmv2] [D] [thread 8945] Adding interface s3-eth2 as port 2
Adding interface s3-eth3 as port 3
[22:49:29.176] [bmv2] [D] [thread 8945] Adding interface s3-eth3 as port 3
Server listening on 0.0.0.0:50053
[22:49:29.186] [bmv2] [I] [thread 8945] Starting Thrift server on port 9092
[22:49:29.191] [bmv2] [I] [thread 8945] Thrift server was started
[22:49:31.085] [bmv2] [W] [thread 9000] [P4Runtime] p4::tmp::P4DeviceConfig is deprecated
[22:49:31.091] [bmv2] [D] [thread 9000] Set default default entry for table 'tbl_qos199': qos199 - 
[22:49:31.091] [bmv2] [D] [thread 9000] Set default default entry for table 'MyIngress.ipv4_lpm': NoAction - 
[22:49:31.093] [bmv2] [D] [thread 9000] simple_switch target has been notified of a config swap
[22:49:31.100] [bmv2] [D] [thread 9001] Entry 0 added to table 'MyIngress.ipv4_lpm'
[22:49:31.100] [bmv2] [D] [thread 9001] Dumping entry 0
Match key:
* hdr.ipv4.dstAddr    : LPM       0a000303/32
Action entry: MyIngress.ipv4_forward - 80000000303,1,

[22:49:31.106] [bmv2] [D] [thread 9001] Entry 1 added to table 'MyIngress.ipv4_lpm'
[22:49:31.106] [bmv2] [D] [thread 9001] Dumping entry 1
Match key:
* hdr.ipv4.dstAddr    : LPM       0a000100/24
Action entry: MyIngress.ipv4_forward - 80000000100,2,

[22:49:31.111] [bmv2] [D] [thread 9007] Entry 2 added to table 'MyIngress.ipv4_lpm'
[22:49:31.111] [bmv2] [D] [thread 9007] Dumping entry 2
Match key:
* hdr.ipv4.dstAddr    : LPM       0a000200/24
Action entry: MyIngress.ipv4_forward - 80000000200,3,

[22:49:31.780] [bmv2] [D] [thread 8955] [0.0] [cxt 0] Processing packet received on port 2
[22:49:31.780] [bmv2] [D] [thread 8955] [0.0] [cxt 0] Parser 'parser': start
[22:49:31.780] [bmv2] [D] [thread 8955] [0.0] [cxt 0] Parser 'parser' entering state 'start'
[22:49:31.780] [bmv2] [D] [thread 8955] [0.0] [cxt 0] Extracting header 'ethernet'
[22:49:31.780] [bmv2] [D] [thread 8955] [0.0] [cxt 0] Parser state 'start': key is 86dd
[22:49:31.780] [bmv2] [T] [thread 8955] [0.0] [cxt 0] Bytes parsed: 14
[22:49:31.780] [bmv2] [D] [thread 8955] [0.0] [cxt 0] Parser 'parser': end
[22:49:31.787] [bmv2] [D] [thread 8955] [0.0] [cxt 0] Pipeline 'ingress': start
[22:49:31.790] [bmv2] [T] [thread 8955] [0.0] [cxt 0] qos.p4(197) Condition "hdr.ipv4.isValid()" (node_2) is false
[22:49:31.790] [bmv2] [D] [thread 8955] [0.0] [cxt 0] Pipeline 'ingress': end
[22:49:31.790] [bmv2] [D] [thread 8955] [0.0] [cxt 0] Egress port is 0
[22:49:31.791] [bmv2] [D] [thread 8956] [0.0] [cxt 0] Pipeline 'egress': start
[22:49:31.791] [bmv2] [D] [thread 8956] [0.0] [cxt 0] Pipeline 'egress': end
[22:49:31.791] [bmv2] [D] [thread 8956] [0.0] [cxt 0] Deparser 'deparser': start
[22:49:31.791] [bmv2] [T] [thread 8956] [0.0] [cxt 0] Skipping checksum 'cksum' update because condition not met
[22:49:31.791] [bmv2] [D] [thread 8956] [0.0] [cxt 0] Deparsing header 'ethernet'
[22:49:31.791] [bmv2] [D] [thread 8956] [0.0] [cxt 0] Deparser 'deparser': end
[22:49:31.791] [bmv2] [D] [thread 8960] [0.0] [cxt 0] Transmitting packet of size 70 out of port 0
[22:49:31.791] [bmv2] [D] [thread 8955] [1.0] [cxt 0] Processing packet received on port 3
[22:49:31.791] [bmv2] [D] [thread 8955] [1.0] [cxt 0] Parser 'parser': start
[22:49:31.791] [bmv2] [D] [thread 8955] [1.0] [cxt 0] Parser 'parser' entering state 'start'
[22:49:31.794] [bmv2] [D] [thread 8955] [1.0] [cxt 0] Extracting header 'ethernet'
[22:49:31.794] [bmv2] [D] [thread 8955] [1.0] [cxt 0] Parser state 'start': key is 86dd
[22:49:31.794] [bmv2] [T] [thread 8955] [1.0] [cxt 0] Bytes parsed: 14
[22:49:31.794] [bmv2] [D] [thread 8955] [1.0] [cxt 0] Parser 'parser': end
[22:49:31.794] [bmv2] [D] [thread 8955] [1.0] [cxt 0] Pipeline 'ingress': start
[22:49:31.794] [bmv2] [T] [thread 8955] [1.0] [cxt 0] qos.p4(197) Condition "hdr.ipv4.isValid()" (node_2) is false
[22:49:31.794] [bmv2] [D] [thread 8955] [1.0] [cxt 0] Pipeline 'ingress': end
[22:49:31.794] [bmv2] [D] [thread 8955] [1.0] [cxt 0] Egress port is 0
[22:49:31.795] [bmv2] [D] [thread 8956] [1.0] [cxt 0] Pipeline 'egress': start
[22:49:31.795] [bmv2] [D] [thread 8956] [1.0] [cxt 0] Pipeline 'egress': end
[22:49:31.795] [bmv2] [D] [thread 8956] [1.0] [cxt 0] Deparser 'deparser': start
[22:49:31.795] [bmv2] [T] [thread 8956] [1.0] [cxt 0] Skipping checksum 'cksum' update because condition not met
[22:49:31.795] [bmv2] [D] [thread 8956] [1.0] [cxt 0] Deparsing header 'ethernet'
[22:49:31.795] [bmv2] [D] [thread 8956] [1.0] [cxt 0] Deparser 'deparser': end
[22:49:31.795] [bmv2] [D] [thread 8960] [1.0] [cxt 0] Transmitting packet of size 70 out of port 0
[22:49:32.034] [bmv2] [D] [thread 8955] [2.0] [cxt 0] Processing packet received on port 1
[22:49:32.034] [bmv2] [D] [thread 8955] [2.0] [cxt 0] Parser 'parser': start
[22:49:32.034] [bmv2] [D] [thread 8955] [2.0] [cxt 0] Parser 'parser' entering state 'start'
[22:49:32.034] [bmv2] [D] [thread 8955] [2.0] [cxt 0] Extracting header 'ethernet'
[22:49:32.034] [bmv2] [D] [thread 8955] [2.0] [cxt 0] Parser state 'start': key is 86dd
[22:49:32.034] [bmv2] [T] [thread 8955] [2.0] [cxt 0] Bytes parsed: 14
[22:49:32.034] [bmv2] [D] [thread 8955] [2.0] [cxt 0] Parser 'parser': end
[22:49:32.034] [bmv2] [D] [thread 8955] [2.0] [cxt 0] Pipeline 'ingress': start
[22:49:32.034] [bmv2] [T] [thread 8955] [2.0] [cxt 0] qos.p4(197) Condition "hdr.ipv4.isValid()" (node_2) is false
[22:49:32.034] [bmv2] [D] [thread 8955] [2.0] [cxt 0] Pipeline 'ingress': end
[22:49:32.035] [bmv2] [D] [thread 8955] [2.0] [cxt 0] Egress port is 0
[22:49:32.035] [bmv2] [D] [thread 8956] [2.0] [cxt 0] Pipeline 'egress': start
[22:49:32.035] [bmv2] [D] [thread 8956] [2.0] [cxt 0] Pipeline 'egress': end
[22:49:32.035] [bmv2] [D] [thread 8956] [2.0] [cxt 0] Deparser 'deparser': start
[22:49:32.035] [bmv2] [T] [thread 8956] [2.0] [cxt 0] Skipping checksum 'cksum' update because condition not met
[22:49:32.035] [bmv2] [D] [thread 8956] [2.0] [cxt 0] Deparsing header 'ethernet'
[22:49:32.035] [bmv2] [D] [thread 8956] [2.0] [cxt 0] Deparser 'deparser': end
[22:49:32.035] [bmv2] [D] [thread 8960] [2.0] [cxt 0] Transmitting packet of size 70 out of port 0
[22:49:32.290] [bmv2] [D] [thread 8955] [3.0] [cxt 0] Processing packet received on port 2
[22:49:32.290] [bmv2] [D] [thread 8955] [3.0] [cxt 0] Parser 'parser': start
[22:49:32.290] [bmv2] [D] [thread 8955] [3.0] [cxt 0] Parser 'parser' entering state 'start'
[22:49:32.290] [bmv2] [D] [thread 8955] [3.0] [cxt 0] Extracting header 'ethernet'
[22:49:32.291] [bmv2] [D] [thread 8955] [3.0] [cxt 0] Parser state 'start': key is 86dd
[22:49:32.291] [bmv2] [T] [thread 8955] [3.0] [cxt 0] Bytes parsed: 14
[22:49:32.291] [bmv2] [D] [thread 8955] [3.0] [cxt 0] Parser 'parser': end
[22:49:32.291] [bmv2] [D] [thread 8955] [3.0] [cxt 0] Pipeline 'ingress': start
[22:49:32.291] [bmv2] [T] [thread 8955] [3.0] [cxt 0] qos.p4(197) Condition "hdr.ipv4.isValid()" (node_2) is false
[22:49:32.291] [bmv2] [D] [thread 8955] [3.0] [cxt 0] Pipeline 'ingress': end
[22:49:32.291] [bmv2] [D] [thread 8955] [3.0] [cxt 0] Egress port is 0
[22:49:32.291] [bmv2] [D] [thread 8956] [3.0] [cxt 0] Pipeline 'egress': start
[22:49:32.291] [bmv2] [D] [thread 8956] [3.0] [cxt 0] Pipeline 'egress': end
[22:49:32.291] [bmv2] [D] [thread 8956] [3.0] [cxt 0] Deparser 'deparser': start
[22:49:32.291] [bmv2] [T] [thread 8956] [3.0] [cxt 0] Skipping checksum 'cksum' update because condition not met
[22:49:32.291] [bmv2] [D] [thread 8956] [3.0] [cxt 0] Deparsing header 'ethernet'
[22:49:32.291] [bmv2] [D] [thread 8956] [3.0] [cxt 0] Deparser 'deparser': end
[22:49:32.292] [bmv2] [D] [thread 8960] [3.0] [cxt 0] Transmitting packet of size 70 out of port 0
[22:49:32.551] [bmv2] [D] [thread 8955] [4.0] [cxt 0] Processing packet received on port 3
[22:49:32.552] [bmv2] [D] [thread 8955] [4.0] [cxt 0] Parser 'parser': start
[22:49:32.552] [bmv2] [D] [thread 8955] [4.0] [cxt 0] Parser 'parser' entering state 'start'
[22:49:32.552] [bmv2] [D] [thread 8955] [4.0] [cxt 0] Extracting header 'ethernet'
[22:49:32.557] [bmv2] [D] [thread 8955] [4.0] [cxt 0] Parser state 'start': key is 86dd
[22:49:32.557] [bmv2] [T] [thread 8955] [4.0] [cxt 0] Bytes parsed: 14
[22:49:32.557] [bmv2] [D] [thread 8955] [4.0] [cxt 0] Parser 'parser': end
[22:49:32.558] [bmv2] [D] [thread 8955] [4.0] [cxt 0] Pipeline 'ingress': start
[22:49:32.558] [bmv2] [T] [thread 8955] [4.0] [cxt 0] qos.p4(197) Condition "hdr.ipv4.isValid()" (node_2) is false
[22:49:32.558] [bmv2] [D] [thread 8955] [4.0] [cxt 0] Pipeline 'ingress': end
[22:49:32.558] [bmv2] [D] [thread 8955] [4.0] [cxt 0] Egress port is 0
[22:49:32.560] [bmv2] [D] [thread 8956] [4.0] [cxt 0] Pipeline 'egress': start
[22:49:32.560] [bmv2] [D] [thread 8956] [4.0] [cxt 0] Pipeline 'egress': end
[22:49:32.560] [bmv2] [D] [thread 8956] [4.0] [cxt 0] Deparser 'deparser': start
[22:49:32.560] [bmv2] [T] [thread 8956] [4.0] [cxt 0] Skipping checksum 'cksum' update because condition not met
[22:49:32.560] [bmv2] [D] [thread 8956] [4.0] [cxt 0] Deparsing header 'ethernet'
[22:49:32.560] [bmv2] [D] [thread 8956] [4.0] [cxt 0] Deparser 'deparser': end
[22:49:32.560] [bmv2] [D] [thread 8960] [4.0] [cxt 0] Transmitting packet of size 70 out of port 0
[22:49:39.461] [bmv2] [D] [thread 8955] [5.0] [cxt 0] Processing packet received on port 3
[22:49:39.461] [bmv2] [D] [thread 8955] [5.0] [cxt 0] Parser 'parser': start
[22:49:39.461] [bmv2] [D] [thread 8955] [5.0] [cxt 0] Parser 'parser' entering state 'start'
[22:49:39.461] [bmv2] [D] [thread 8955] [5.0] [cxt 0] Extracting header 'ethernet'
[22:49:39.461] [bmv2] [D] [thread 8955] [5.0] [cxt 0] Parser state 'start': key is 86dd
[22:49:39.461] [bmv2] [T] [thread 8955] [5.0] [cxt 0] Bytes parsed: 14
[22:49:39.461] [bmv2] [D] [thread 8955] [5.0] [cxt 0] Parser 'parser': end
[22:49:39.462] [bmv2] [D] [thread 8955] [5.0] [cxt 0] Pipeline 'ingress': start
[22:49:39.462] [bmv2] [T] [thread 8955] [5.0] [cxt 0] qos.p4(197) Condition "hdr.ipv4.isValid()" (node_2) is false
[22:49:39.462] [bmv2] [D] [thread 8955] [5.0] [cxt 0] Pipeline 'ingress': end
[22:49:39.462] [bmv2] [D] [thread 8955] [5.0] [cxt 0] Egress port is 0
[22:49:39.462] [bmv2] [D] [thread 8956] [5.0] [cxt 0] Pipeline 'egress': start
[22:49:39.462] [bmv2] [D] [thread 8956] [5.0] [cxt 0] Pipeline 'egress': end
[22:49:39.462] [bmv2] [D] [thread 8956] [5.0] [cxt 0] Deparser 'deparser': start
[22:49:39.462] [bmv2] [T] [thread 8956] [5.0] [cxt 0] Skipping checksum 'cksum' update because condition not met
[22:49:39.462] [bmv2] [D] [thread 8956] [5.0] [cxt 0] Deparsing header 'ethernet'
[22:49:39.462] [bmv2] [D] [thread 8956] [5.0] [cxt 0] Deparser 'deparser': end
[22:49:39.462] [bmv2] [D] [thread 8960] [5.0] [cxt 0] Transmitting packet of size 70 out of port 0
[22:49:40.228] [bmv2] [D] [thread 8955] [6.0] [cxt 0] Processing packet received on port 2
[22:49:40.229] [bmv2] [D] [thread 8955] [6.0] [cxt 0] Parser 'parser': start
[22:49:40.229] [bmv2] [D] [thread 8955] [6.0] [cxt 0] Parser 'parser' entering state 'start'
[22:49:40.229] [bmv2] [D] [thread 8955] [6.0] [cxt 0] Extracting header 'ethernet'
[22:49:40.230] [bmv2] [D] [thread 8955] [6.0] [cxt 0] Parser state 'start': key is 86dd
[22:49:40.230] [bmv2] [T] [thread 8955] [6.0] [cxt 0] Bytes parsed: 14
[22:49:40.230] [bmv2] [D] [thread 8955] [6.0] [cxt 0] Parser 'parser': end
[22:49:40.230] [bmv2] [D] [thread 8955] [6.0] [cxt 0] Pipeline 'ingress': start
[22:49:40.230] [bmv2] [T] [thread 8955] [6.0] [cxt 0] qos.p4(197) Condition "hdr.ipv4.isValid()" (node_2) is false
[22:49:40.230] [bmv2] [D] [thread 8955] [6.0] [cxt 0] Pipeline 'ingress': end
[22:49:40.230] [bmv2] [D] [thread 8955] [6.0] [cxt 0] Egress port is 0
[22:49:40.236] [bmv2] [D] [thread 8956] [6.0] [cxt 0] Pipeline 'egress': start
[22:49:40.236] [bmv2] [D] [thread 8956] [6.0] [cxt 0] Pipeline 'egress': end
[22:49:40.236] [bmv2] [D] [thread 8956] [6.0] [cxt 0] Deparser 'deparser': start
[22:49:40.236] [bmv2] [T] [thread 8956] [6.0] [cxt 0] Skipping checksum 'cksum' update because condition not met
[22:49:40.237] [bmv2] [D] [thread 8956] [6.0] [cxt 0] Deparsing header 'ethernet'
[22:49:40.237] [bmv2] [D] [thread 8956] [6.0] [cxt 0] Deparser 'deparser': end
[22:49:40.237] [bmv2] [D] [thread 8960] [6.0] [cxt 0] Transmitting packet of size 70 out of port 0
[22:49:40.484] [bmv2] [D] [thread 8955] [7.0] [cxt 0] Processing packet received on port 3
[22:49:40.484] [bmv2] [D] [thread 8955] [7.0] [cxt 0] Parser 'parser': start
[22:49:40.484] [bmv2] [D] [thread 8955] [7.0] [cxt 0] Parser 'parser' entering state 'start'
[22:49:40.484] [bmv2] [D] [thread 8955] [7.0] [cxt 0] Extracting header 'ethernet'
[22:49:40.485] [bmv2] [D] [thread 8955] [7.0] [cxt 0] Parser state 'start': key is 86dd
[22:49:40.485] [bmv2] [T] [thread 8955] [7.0] [cxt 0] Bytes parsed: 14
[22:49:40.485] [bmv2] [D] [thread 8955] [7.0] [cxt 0] Parser 'parser': end
[22:49:40.485] [bmv2] [D] [thread 8955] [7.0] [cxt 0] Pipeline 'ingress': start
[22:49:40.485] [bmv2] [T] [thread 8955] [7.0] [cxt 0] qos.p4(197) Condition "hdr.ipv4.isValid()" (node_2) is false
[22:49:40.485] [bmv2] [D] [thread 8955] [7.0] [cxt 0] Pipeline 'ingress': end
[22:49:40.486] [bmv2] [D] [thread 8955] [7.0] [cxt 0] Egress port is 0
[22:49:40.488] [bmv2] [D] [thread 8956] [7.0] [cxt 0] Pipeline 'egress': start
[22:49:40.488] [bmv2] [D] [thread 8956] [7.0] [cxt 0] Pipeline 'egress': end
[22:49:40.488] [bmv2] [D] [thread 8956] [7.0] [cxt 0] Deparser 'deparser': start
[22:49:40.488] [bmv2] [T] [thread 8956] [7.0] [cxt 0] Skipping checksum 'cksum' update because condition not met
[22:49:40.488] [bmv2] [D] [thread 8956] [7.0] [cxt 0] Deparsing header 'ethernet'
[22:49:40.488] [bmv2] [D] [thread 8956] [7.0] [cxt 0] Deparser 'deparser': end
[22:49:40.488] [bmv2] [D] [thread 8960] [7.0] [cxt 0] Transmitting packet of size 70 out of port 0
[22:49:40.995] [bmv2] [D] [thread 8955] [8.0] [cxt 0] Processing packet received on port 1
[22:49:40.995] [bmv2] [D] [thread 8955] [8.0] [cxt 0] Parser 'parser': start
[22:49:40.995] [bmv2] [D] [thread 8955] [8.0] [cxt 0] Parser 'parser' entering state 'start'
[22:49:40.995] [bmv2] [D] [thread 8955] [8.0] [cxt 0] Extracting header 'ethernet'
[22:49:40.996] [bmv2] [D] [thread 8955] [8.0] [cxt 0] Parser state 'start': key is 86dd
[22:49:40.996] [bmv2] [T] [thread 8955] [8.0] [cxt 0] Bytes parsed: 14
[22:49:40.996] [bmv2] [D] [thread 8955] [8.0] [cxt 0] Parser 'parser': end
[22:49:40.996] [bmv2] [D] [thread 8955] [8.0] [cxt 0] Pipeline 'ingress': start
[22:49:40.996] [bmv2] [T] [thread 8955] [8.0] [cxt 0] qos.p4(197) Condition "hdr.ipv4.isValid()" (node_2) is false
[22:49:40.997] [bmv2] [D] [thread 8955] [8.0] [cxt 0] Pipeline 'ingress': end
[22:49:40.997] [bmv2] [D] [thread 8955] [8.0] [cxt 0] Egress port is 0
[22:49:40.997] [bmv2] [D] [thread 8956] [8.0] [cxt 0] Pipeline 'egress': start
[22:49:40.998] [bmv2] [D] [thread 8956] [8.0] [cxt 0] Pipeline 'egress': end
[22:49:40.998] [bmv2] [D] [thread 8956] [8.0] [cxt 0] Deparser 'deparser': start
[22:49:40.998] [bmv2] [T] [thread 8956] [8.0] [cxt 0] Skipping checksum 'cksum' update because condition not met
[22:49:40.998] [bmv2] [D] [thread 8956] [8.0] [cxt 0] Deparsing header 'ethernet'
[22:49:40.998] [bmv2] [D] [thread 8956] [8.0] [cxt 0] Deparser 'deparser': end
[22:49:40.998] [bmv2] [D] [thread 8960] [8.0] [cxt 0] Transmitting packet of size 70 out of port 0
[22:49:41.513] [bmv2] [D] [thread 8955] [9.0] [cxt 0] Processing packet received on port 2
[22:49:41.513] [bmv2] [D] [thread 8955] [9.0] [cxt 0] Parser 'parser': start
[22:49:41.514] [bmv2] [D] [thread 8955] [9.0] [cxt 0] Parser 'parser' entering state 'start'
[22:49:41.514] [bmv2] [D] [thread 8955] [9.0] [cxt 0] Extracting header 'ethernet'
[22:49:41.514] [bmv2] [D] [thread 8955] [9.0] [cxt 0] Parser state 'start': key is 86dd
[22:49:41.514] [bmv2] [T] [thread 8955] [9.0] [cxt 0] Bytes parsed: 14
[22:49:41.514] [bmv2] [D] [thread 8955] [9.0] [cxt 0] Parser 'parser': end
[22:49:41.514] [bmv2] [D] [thread 8955] [9.0] [cxt 0] Pipeline 'ingress': start
[22:49:41.514] [bmv2] [T] [thread 8955] [9.0] [cxt 0] qos.p4(197) Condition "hdr.ipv4.isValid()" (node_2) is false
[22:49:41.515] [bmv2] [D] [thread 8955] [9.0] [cxt 0] Pipeline 'ingress': end
[22:49:41.515] [bmv2] [D] [thread 8955] [9.0] [cxt 0] Egress port is 0
[22:49:41.519] [bmv2] [D] [thread 8956] [9.0] [cxt 0] Pipeline 'egress': start
[22:49:41.519] [bmv2] [D] [thread 8956] [9.0] [cxt 0] Pipeline 'egress': end
[22:49:41.519] [bmv2] [D] [thread 8956] [9.0] [cxt 0] Deparser 'deparser': start
[22:49:41.519] [bmv2] [T] [thread 8956] [9.0] [cxt 0] Skipping checksum 'cksum' update because condition not met
[22:49:41.519] [bmv2] [D] [thread 8956] [9.0] [cxt 0] Deparsing header 'ethernet'
[22:49:41.519] [bmv2] [D] [thread 8956] [9.0] [cxt 0] Deparser 'deparser': end
[22:49:41.519] [bmv2] [D] [thread 8960] [9.0] [cxt 0] Transmitting packet of size 70 out of port 0
[22:49:54.819] [bmv2] [D] [thread 8955] [10.0] [cxt 0] Processing packet received on port 3
[22:49:54.820] [bmv2] [D] [thread 8955] [10.0] [cxt 0] Parser 'parser': start
[22:49:54.820] [bmv2] [D] [thread 8955] [10.0] [cxt 0] Parser 'parser' entering state 'start'
[22:49:54.820] [bmv2] [D] [thread 8955] [10.0] [cxt 0] Extracting header 'ethernet'
[22:49:54.820] [bmv2] [D] [thread 8955] [10.0] [cxt 0] Parser state 'start': key is 86dd
[22:49:54.820] [bmv2] [T] [thread 8955] [10.0] [cxt 0] Bytes parsed: 14
[22:49:54.820] [bmv2] [D] [thread 8955] [10.0] [cxt 0] Parser 'parser': end
[22:49:54.821] [bmv2] [D] [thread 8955] [10.0] [cxt 0] Pipeline 'ingress': start
[22:49:54.821] [bmv2] [T] [thread 8955] [10.0] [cxt 0] qos.p4(197) Condition "hdr.ipv4.isValid()" (node_2) is false
[22:49:54.821] [bmv2] [D] [thread 8955] [10.0] [cxt 0] Pipeline 'ingress': end
[22:49:54.821] [bmv2] [D] [thread 8955] [10.0] [cxt 0] Egress port is 0
[22:49:54.822] [bmv2] [D] [thread 8956] [10.0] [cxt 0] Pipeline 'egress': start
[22:49:54.822] [bmv2] [D] [thread 8956] [10.0] [cxt 0] Pipeline 'egress': end
[22:49:54.822] [bmv2] [D] [thread 8956] [10.0] [cxt 0] Deparser 'deparser': start
[22:49:54.822] [bmv2] [T] [thread 8956] [10.0] [cxt 0] Skipping checksum 'cksum' update because condition not met
[22:49:54.822] [bmv2] [D] [thread 8956] [10.0] [cxt 0] Deparsing header 'ethernet'
[22:49:54.823] [bmv2] [D] [thread 8956] [10.0] [cxt 0] Deparser 'deparser': end
[22:49:54.823] [bmv2] [D] [thread 8960] [10.0] [cxt 0] Transmitting packet of size 70 out of port 0
[22:49:56.355] [bmv2] [D] [thread 8955] [11.0] [cxt 0] Processing packet received on port 2
[22:49:56.355] [bmv2] [D] [thread 8955] [11.0] [cxt 0] Parser 'parser': start
[22:49:56.355] [bmv2] [D] [thread 8955] [11.0] [cxt 0] Parser 'parser' entering state 'start'
[22:49:56.355] [bmv2] [D] [thread 8955] [11.0] [cxt 0] Extracting header 'ethernet'
[22:49:56.355] [bmv2] [D] [thread 8955] [11.0] [cxt 0] Parser state 'start': key is 86dd
[22:49:56.355] [bmv2] [T] [thread 8955] [11.0] [cxt 0] Bytes parsed: 14
[22:49:56.355] [bmv2] [D] [thread 8955] [11.0] [cxt 0] Parser 'parser': end
[22:49:56.355] [bmv2] [D] [thread 8955] [11.0] [cxt 0] Pipeline 'ingress': start
[22:49:56.355] [bmv2] [T] [thread 8955] [11.0] [cxt 0] qos.p4(197) Condition "hdr.ipv4.isValid()" (node_2) is false
[22:49:56.355] [bmv2] [D] [thread 8955] [11.0] [cxt 0] Pipeline 'ingress': end
[22:49:56.355] [bmv2] [D] [thread 8955] [11.0] [cxt 0] Egress port is 0
[22:49:56.356] [bmv2] [D] [thread 8956] [11.0] [cxt 0] Pipeline 'egress': start
[22:49:56.356] [bmv2] [D] [thread 8956] [11.0] [cxt 0] Pipeline 'egress': end
[22:49:56.356] [bmv2] [D] [thread 8956] [11.0] [cxt 0] Deparser 'deparser': start
[22:49:56.356] [bmv2] [T] [thread 8956] [11.0] [cxt 0] Skipping checksum 'cksum' update because condition not met
[22:49:56.356] [bmv2] [D] [thread 8956] [11.0] [cxt 0] Deparsing header 'ethernet'
[22:49:56.356] [bmv2] [D] [thread 8956] [11.0] [cxt 0] Deparser 'deparser': end
[22:49:56.357] [bmv2] [D] [thread 8960] [11.0] [cxt 0] Transmitting packet of size 70 out of port 0
[22:49:58.151] [bmv2] [D] [thread 8955] [12.0] [cxt 0] Processing packet received on port 3
[22:49:58.151] [bmv2] [D] [thread 8955] [12.0] [cxt 0] Parser 'parser': start
[22:49:58.152] [bmv2] [D] [thread 8955] [12.0] [cxt 0] Parser 'parser' entering state 'start'
[22:49:58.152] [bmv2] [D] [thread 8955] [12.0] [cxt 0] Extracting header 'ethernet'
[22:49:58.152] [bmv2] [D] [thread 8955] [12.0] [cxt 0] Parser state 'start': key is 86dd
[22:49:58.152] [bmv2] [T] [thread 8955] [12.0] [cxt 0] Bytes parsed: 14
[22:49:58.152] [bmv2] [D] [thread 8955] [12.0] [cxt 0] Parser 'parser': end
[22:49:58.152] [bmv2] [D] [thread 8955] [12.0] [cxt 0] Pipeline 'ingress': start
[22:49:58.152] [bmv2] [T] [thread 8955] [12.0] [cxt 0] qos.p4(197) Condition "hdr.ipv4.isValid()" (node_2) is false
[22:49:58.152] [bmv2] [D] [thread 8955] [12.0] [cxt 0] Pipeline 'ingress': end
[22:49:58.152] [bmv2] [D] [thread 8955] [12.0] [cxt 0] Egress port is 0
[22:49:58.157] [bmv2] [D] [thread 8956] [12.0] [cxt 0] Pipeline 'egress': start
[22:49:58.157] [bmv2] [D] [thread 8956] [12.0] [cxt 0] Pipeline 'egress': end
[22:49:58.157] [bmv2] [D] [thread 8956] [12.0] [cxt 0] Deparser 'deparser': start
[22:49:58.157] [bmv2] [T] [thread 8956] [12.0] [cxt 0] Skipping checksum 'cksum' update because condition not met
[22:49:58.157] [bmv2] [D] [thread 8956] [12.0] [cxt 0] Deparsing header 'ethernet'
[22:49:58.157] [bmv2] [D] [thread 8956] [12.0] [cxt 0] Deparser 'deparser': end
[22:49:58.157] [bmv2] [D] [thread 8960] [12.0] [cxt 0] Transmitting packet of size 70 out of port 0
[22:50:00.198] [bmv2] [D] [thread 8955] [13.0] [cxt 0] Processing packet received on port 1
[22:50:00.198] [bmv2] [D] [thread 8955] [13.0] [cxt 0] Parser 'parser': start
[22:50:00.198] [bmv2] [D] [thread 8955] [13.0] [cxt 0] Parser 'parser' entering state 'start'
[22:50:00.198] [bmv2] [D] [thread 8955] [13.0] [cxt 0] Extracting header 'ethernet'
[22:50:00.199] [bmv2] [D] [thread 8955] [13.0] [cxt 0] Parser state 'start': key is 86dd
[22:50:00.199] [bmv2] [T] [thread 8955] [13.0] [cxt 0] Bytes parsed: 14
[22:50:00.199] [bmv2] [D] [thread 8955] [13.0] [cxt 0] Parser 'parser': end
[22:50:00.199] [bmv2] [D] [thread 8955] [13.0] [cxt 0] Pipeline 'ingress': start
[22:50:00.199] [bmv2] [T] [thread 8955] [13.0] [cxt 0] qos.p4(197) Condition "hdr.ipv4.isValid()" (node_2) is false
[22:50:00.200] [bmv2] [D] [thread 8955] [13.0] [cxt 0] Pipeline 'ingress': end
[22:50:00.200] [bmv2] [D] [thread 8955] [13.0] [cxt 0] Egress port is 0
[22:50:00.207] [bmv2] [D] [thread 8956] [13.0] [cxt 0] Pipeline 'egress': start
[22:50:00.207] [bmv2] [D] [thread 8956] [13.0] [cxt 0] Pipeline 'egress': end
[22:50:00.207] [bmv2] [D] [thread 8956] [13.0] [cxt 0] Deparser 'deparser': start
[22:50:00.207] [bmv2] [T] [thread 8956] [13.0] [cxt 0] Skipping checksum 'cksum' update because condition not met
[22:50:00.207] [bmv2] [D] [thread 8956] [13.0] [cxt 0] Deparsing header 'ethernet'
[22:50:00.208] [bmv2] [D] [thread 8956] [13.0] [cxt 0] Deparser 'deparser': end
[22:50:00.208] [bmv2] [D] [thread 8960] [13.0] [cxt 0] Transmitting packet of size 70 out of port 0
[22:50:02.248] [bmv2] [D] [thread 8955] [14.0] [cxt 0] Processing packet received on port 2
[22:50:02.249] [bmv2] [D] [thread 8955] [14.0] [cxt 0] Parser 'parser': start
[22:50:02.249] [bmv2] [D] [thread 8955] [14.0] [cxt 0] Parser 'parser' entering state 'start'
[22:50:02.249] [bmv2] [D] [thread 8955] [14.0] [cxt 0] Extracting header 'ethernet'
[22:50:02.250] [bmv2] [D] [thread 8955] [14.0] [cxt 0] Parser state 'start': key is 86dd
[22:50:02.250] [bmv2] [T] [thread 8955] [14.0] [cxt 0] Bytes parsed: 14
[22:50:02.250] [bmv2] [D] [thread 8955] [14.0] [cxt 0] Parser 'parser': end
[22:50:02.250] [bmv2] [D] [thread 8955] [14.0] [cxt 0] Pipeline 'ingress': start
[22:50:02.250] [bmv2] [T] [thread 8955] [14.0] [cxt 0] qos.p4(197) Condition "hdr.ipv4.isValid()" (node_2) is false
[22:50:02.250] [bmv2] [D] [thread 8955] [14.0] [cxt 0] Pipeline 'ingress': end
[22:50:02.251] [bmv2] [D] [thread 8955] [14.0] [cxt 0] Egress port is 0
[22:50:02.256] [bmv2] [D] [thread 8956] [14.0] [cxt 0] Pipeline 'egress': start
[22:50:02.256] [bmv2] [D] [thread 8956] [14.0] [cxt 0] Pipeline 'egress': end
[22:50:02.256] [bmv2] [D] [thread 8956] [14.0] [cxt 0] Deparser 'deparser': start
[22:50:02.256] [bmv2] [T] [thread 8956] [14.0] [cxt 0] Skipping checksum 'cksum' update because condition not met
[22:50:02.256] [bmv2] [D] [thread 8956] [14.0] [cxt 0] Deparsing header 'ethernet'
[22:50:02.256] [bmv2] [D] [thread 8956] [14.0] [cxt 0] Deparser 'deparser': end
[22:50:02.256] [bmv2] [D] [thread 8960] [14.0] [cxt 0] Transmitting packet of size 70 out of port 0
[22:50:26.821] [bmv2] [D] [thread 8955] [15.0] [cxt 0] Processing packet received on port 3
[22:50:26.822] [bmv2] [D] [thread 8955] [15.0] [cxt 0] Parser 'parser': start
[22:50:26.822] [bmv2] [D] [thread 8955] [15.0] [cxt 0] Parser 'parser' entering state 'start'
[22:50:26.822] [bmv2] [D] [thread 8955] [15.0] [cxt 0] Extracting header 'ethernet'
[22:50:26.823] [bmv2] [D] [thread 8955] [15.0] [cxt 0] Parser state 'start': key is 86dd
[22:50:26.823] [bmv2] [T] [thread 8955] [15.0] [cxt 0] Bytes parsed: 14
[22:50:26.823] [bmv2] [D] [thread 8955] [15.0] [cxt 0] Parser 'parser': end
[22:50:26.823] [bmv2] [D] [thread 8955] [15.0] [cxt 0] Pipeline 'ingress': start
[22:50:26.823] [bmv2] [T] [thread 8955] [15.0] [cxt 0] qos.p4(197) Condition "hdr.ipv4.isValid()" (node_2) is false
[22:50:26.823] [bmv2] [D] [thread 8955] [15.0] [cxt 0] Pipeline 'ingress': end
[22:50:26.823] [bmv2] [D] [thread 8955] [15.0] [cxt 0] Egress port is 0
[22:50:26.824] [bmv2] [D] [thread 8956] [15.0] [cxt 0] Pipeline 'egress': start
[22:50:26.824] [bmv2] [D] [thread 8956] [15.0] [cxt 0] Pipeline 'egress': end
[22:50:26.824] [bmv2] [D] [thread 8956] [15.0] [cxt 0] Deparser 'deparser': start
[22:50:26.824] [bmv2] [T] [thread 8956] [15.0] [cxt 0] Skipping checksum 'cksum' update because condition not met
[22:50:26.824] [bmv2] [D] [thread 8956] [15.0] [cxt 0] Deparsing header 'ethernet'
[22:50:26.824] [bmv2] [D] [thread 8956] [15.0] [cxt 0] Deparser 'deparser': end
[22:50:26.824] [bmv2] [D] [thread 8960] [15.0] [cxt 0] Transmitting packet of size 70 out of port 0
[22:50:28.875] [bmv2] [D] [thread 8955] [16.0] [cxt 0] Processing packet received on port 2
[22:50:28.875] [bmv2] [D] [thread 8955] [16.0] [cxt 0] Parser 'parser': start
[22:50:28.875] [bmv2] [D] [thread 8955] [16.0] [cxt 0] Parser 'parser' entering state 'start'
[22:50:28.875] [bmv2] [D] [thread 8955] [16.0] [cxt 0] Extracting header 'ethernet'
[22:50:28.876] [bmv2] [D] [thread 8955] [16.0] [cxt 0] Parser state 'start': key is 86dd
[22:50:28.876] [bmv2] [T] [thread 8955] [16.0] [cxt 0] Bytes parsed: 14
[22:50:28.876] [bmv2] [D] [thread 8955] [16.0] [cxt 0] Parser 'parser': end
[22:50:28.876] [bmv2] [D] [thread 8955] [16.0] [cxt 0] Pipeline 'ingress': start
[22:50:28.876] [bmv2] [T] [thread 8955] [16.0] [cxt 0] qos.p4(197) Condition "hdr.ipv4.isValid()" (node_2) is false
[22:50:28.876] [bmv2] [D] [thread 8955] [16.0] [cxt 0] Pipeline 'ingress': end
[22:50:28.876] [bmv2] [D] [thread 8955] [16.0] [cxt 0] Egress port is 0
[22:50:28.876] [bmv2] [D] [thread 8956] [16.0] [cxt 0] Pipeline 'egress': start
[22:50:28.876] [bmv2] [D] [thread 8956] [16.0] [cxt 0] Pipeline 'egress': end
[22:50:28.876] [bmv2] [D] [thread 8956] [16.0] [cxt 0] Deparser 'deparser': start
[22:50:28.877] [bmv2] [T] [thread 8956] [16.0] [cxt 0] Skipping checksum 'cksum' update because condition not met
[22:50:28.877] [bmv2] [D] [thread 8956] [16.0] [cxt 0] Deparsing header 'ethernet'
[22:50:28.877] [bmv2] [D] [thread 8956] [16.0] [cxt 0] Deparser 'deparser': end
[22:50:28.877] [bmv2] [D] [thread 8960] [16.0] [cxt 0] Transmitting packet of size 70 out of port 0
[22:50:30.915] [bmv2] [D] [thread 8955] [17.0] [cxt 0] Processing packet received on port 3
[22:50:30.915] [bmv2] [D] [thread 8955] [17.0] [cxt 0] Parser 'parser': start
[22:50:30.915] [bmv2] [D] [thread 8955] [17.0] [cxt 0] Parser 'parser' entering state 'start'
[22:50:30.915] [bmv2] [D] [thread 8955] [17.0] [cxt 0] Extracting header 'ethernet'
[22:50:30.915] [bmv2] [D] [thread 8955] [17.0] [cxt 0] Parser state 'start': key is 86dd
[22:50:30.915] [bmv2] [T] [thread 8955] [17.0] [cxt 0] Bytes parsed: 14
[22:50:30.916] [bmv2] [D] [thread 8955] [17.0] [cxt 0] Parser 'parser': end
[22:50:30.916] [bmv2] [D] [thread 8955] [17.0] [cxt 0] Pipeline 'ingress': start
[22:50:30.916] [bmv2] [T] [thread 8955] [17.0] [cxt 0] qos.p4(197) Condition "hdr.ipv4.isValid()" (node_2) is false
[22:50:30.916] [bmv2] [D] [thread 8955] [17.0] [cxt 0] Pipeline 'ingress': end
[22:50:30.916] [bmv2] [D] [thread 8955] [17.0] [cxt 0] Egress port is 0
[22:50:30.920] [bmv2] [D] [thread 8956] [17.0] [cxt 0] Pipeline 'egress': start
[22:50:30.920] [bmv2] [D] [thread 8956] [17.0] [cxt 0] Pipeline 'egress': end
[22:50:30.920] [bmv2] [D] [thread 8956] [17.0] [cxt 0] Deparser 'deparser': start
[22:50:30.920] [bmv2] [T] [thread 8956] [17.0] [cxt 0] Skipping checksum 'cksum' update because condition not met
[22:50:30.920] [bmv2] [D] [thread 8956] [17.0] [cxt 0] Deparsing header 'ethernet'
[22:50:30.920] [bmv2] [D] [thread 8956] [17.0] [cxt 0] Deparser 'deparser': end
[22:50:30.920] [bmv2] [D] [thread 8960] [17.0] [cxt 0] Transmitting packet of size 70 out of port 0
[22:50:37.060] [bmv2] [D] [thread 8955] [18.0] [cxt 0] Processing packet received on port 1
[22:50:37.061] [bmv2] [D] [thread 8955] [18.0] [cxt 0] Parser 'parser': start
[22:50:37.061] [bmv2] [D] [thread 8955] [18.0] [cxt 0] Parser 'parser' entering state 'start'
[22:50:37.061] [bmv2] [D] [thread 8955] [18.0] [cxt 0] Extracting header 'ethernet'
[22:50:37.062] [bmv2] [D] [thread 8955] [18.0] [cxt 0] Parser state 'start': key is 86dd
[22:50:37.062] [bmv2] [T] [thread 8955] [18.0] [cxt 0] Bytes parsed: 14
[22:50:37.062] [bmv2] [D] [thread 8955] [18.0] [cxt 0] Parser 'parser': end
[22:50:37.062] [bmv2] [D] [thread 8955] [18.0] [cxt 0] Pipeline 'ingress': start
[22:50:37.062] [bmv2] [T] [thread 8955] [18.0] [cxt 0] qos.p4(197) Condition "hdr.ipv4.isValid()" (node_2) is false
[22:50:37.062] [bmv2] [D] [thread 8955] [18.0] [cxt 0] Pipeline 'ingress': end
[22:50:37.062] [bmv2] [D] [thread 8955] [18.0] [cxt 0] Egress port is 0
[22:50:37.063] [bmv2] [D] [thread 8956] [18.0] [cxt 0] Pipeline 'egress': start
[22:50:37.063] [bmv2] [D] [thread 8956] [18.0] [cxt 0] Pipeline 'egress': end
[22:50:37.063] [bmv2] [D] [thread 8956] [18.0] [cxt 0] Deparser 'deparser': start
[22:50:37.063] [bmv2] [T] [thread 8956] [18.0] [cxt 0] Skipping checksum 'cksum' update because condition not met
[22:50:37.063] [bmv2] [D] [thread 8956] [18.0] [cxt 0] Deparsing header 'ethernet'
[22:50:37.064] [bmv2] [D] [thread 8956] [18.0] [cxt 0] Deparser 'deparser': end
[22:50:37.064] [bmv2] [D] [thread 8960] [18.0] [cxt 0] Transmitting packet of size 70 out of port 0
[22:50:39.111] [bmv2] [D] [thread 8955] [19.0] [cxt 0] Processing packet received on port 2
[22:50:39.111] [bmv2] [D] [thread 8955] [19.0] [cxt 0] Parser 'parser': start
[22:50:39.111] [bmv2] [D] [thread 8955] [19.0] [cxt 0] Parser 'parser' entering state 'start'
[22:50:39.112] [bmv2] [D] [thread 8955] [19.0] [cxt 0] Extracting header 'ethernet'
[22:50:39.112] [bmv2] [D] [thread 8955] [19.0] [cxt 0] Parser state 'start': key is 86dd
[22:50:39.112] [bmv2] [T] [thread 8955] [19.0] [cxt 0] Bytes parsed: 14
[22:50:39.112] [bmv2] [D] [thread 8955] [19.0] [cxt 0] Parser 'parser': end
[22:50:39.112] [bmv2] [D] [thread 8955] [19.0] [cxt 0] Pipeline 'ingress': start
[22:50:39.112] [bmv2] [T] [thread 8955] [19.0] [cxt 0] qos.p4(197) Condition "hdr.ipv4.isValid()" (node_2) is false
[22:50:39.112] [bmv2] [D] [thread 8955] [19.0] [cxt 0] Pipeline 'ingress': end
[22:50:39.112] [bmv2] [D] [thread 8955] [19.0] [cxt 0] Egress port is 0
[22:50:39.112] [bmv2] [D] [thread 8956] [19.0] [cxt 0] Pipeline 'egress': start
[22:50:39.112] [bmv2] [D] [thread 8956] [19.0] [cxt 0] Pipeline 'egress': end
[22:50:39.113] [bmv2] [D] [thread 8956] [19.0] [cxt 0] Deparser 'deparser': start
[22:50:39.113] [bmv2] [T] [thread 8956] [19.0] [cxt 0] Skipping checksum 'cksum' update because condition not met
[22:50:39.113] [bmv2] [D] [thread 8956] [19.0] [cxt 0] Deparsing header 'ethernet'
[22:50:39.113] [bmv2] [D] [thread 8956] [19.0] [cxt 0] Deparser 'deparser': end
[22:50:39.113] [bmv2] [D] [thread 8960] [19.0] [cxt 0] Transmitting packet of size 70 out of port 0
[22:51:32.358] [bmv2] [D] [thread 8955] [20.0] [cxt 0] Processing packet received on port 2
[22:51:32.359] [bmv2] [D] [thread 8955] [20.0] [cxt 0] Parser 'parser': start
[22:51:32.359] [bmv2] [D] [thread 8955] [20.0] [cxt 0] Parser 'parser' entering state 'start'
[22:51:32.359] [bmv2] [D] [thread 8955] [20.0] [cxt 0] Extracting header 'ethernet'
[22:51:32.359] [bmv2] [D] [thread 8955] [20.0] [cxt 0] Parser state 'start': key is 86dd
[22:51:32.359] [bmv2] [T] [thread 8955] [20.0] [cxt 0] Bytes parsed: 14
[22:51:32.359] [bmv2] [D] [thread 8955] [20.0] [cxt 0] Parser 'parser': end
[22:51:32.359] [bmv2] [D] [thread 8955] [20.0] [cxt 0] Pipeline 'ingress': start
[22:51:32.359] [bmv2] [T] [thread 8955] [20.0] [cxt 0] qos.p4(197) Condition "hdr.ipv4.isValid()" (node_2) is false
[22:51:32.359] [bmv2] [D] [thread 8955] [20.0] [cxt 0] Pipeline 'ingress': end
[22:51:32.359] [bmv2] [D] [thread 8955] [20.0] [cxt 0] Egress port is 0
[22:51:32.359] [bmv2] [D] [thread 8955] [21.0] [cxt 0] Processing packet received on port 3
[22:51:32.359] [bmv2] [D] [thread 8955] [21.0] [cxt 0] Parser 'parser': start
[22:51:32.359] [bmv2] [D] [thread 8955] [21.0] [cxt 0] Parser 'parser' entering state 'start'
[22:51:32.359] [bmv2] [D] [thread 8955] [21.0] [cxt 0] Extracting header 'ethernet'
[22:51:32.359] [bmv2] [D] [thread 8955] [21.0] [cxt 0] Parser state 'start': key is 86dd
[22:51:32.359] [bmv2] [T] [thread 8955] [21.0] [cxt 0] Bytes parsed: 14
[22:51:32.359] [bmv2] [D] [thread 8955] [21.0] [cxt 0] Parser 'parser': end
[22:51:32.359] [bmv2] [D] [thread 8955] [21.0] [cxt 0] Pipeline 'ingress': start
[22:51:32.359] [bmv2] [T] [thread 8955] [21.0] [cxt 0] qos.p4(197) Condition "hdr.ipv4.isValid()" (node_2) is false
[22:51:32.359] [bmv2] [D] [thread 8955] [21.0] [cxt 0] Pipeline 'ingress': end
[22:51:32.359] [bmv2] [D] [thread 8955] [21.0] [cxt 0] Egress port is 0
[22:51:32.359] [bmv2] [D] [thread 8955] [22.0] [cxt 0] Processing packet received on port 3
[22:51:32.359] [bmv2] [D] [thread 8955] [22.0] [cxt 0] Parser 'parser': start
[22:51:32.359] [bmv2] [D] [thread 8955] [22.0] [cxt 0] Parser 'parser' entering state 'start'
[22:51:32.359] [bmv2] [D] [thread 8955] [22.0] [cxt 0] Extracting header 'ethernet'
[22:51:32.359] [bmv2] [D] [thread 8955] [22.0] [cxt 0] Parser state 'start': key is 86dd
[22:51:32.359] [bmv2] [T] [thread 8955] [22.0] [cxt 0] Bytes parsed: 14
[22:51:32.359] [bmv2] [D] [thread 8955] [22.0] [cxt 0] Parser 'parser': end
[22:51:32.360] [bmv2] [D] [thread 8955] [22.0] [cxt 0] Pipeline 'ingress': start
[22:51:32.360] [bmv2] [T] [thread 8955] [22.0] [cxt 0] qos.p4(197) Condition "hdr.ipv4.isValid()" (node_2) is false
[22:51:32.360] [bmv2] [D] [thread 8955] [22.0] [cxt 0] Pipeline 'ingress': end
[22:51:32.360] [bmv2] [D] [thread 8955] [22.0] [cxt 0] Egress port is 0
[22:51:32.360] [bmv2] [D] [thread 8956] [20.0] [cxt 0] Pipeline 'egress': start
[22:51:32.360] [bmv2] [D] [thread 8956] [20.0] [cxt 0] Pipeline 'egress': end
[22:51:32.360] [bmv2] [D] [thread 8956] [20.0] [cxt 0] Deparser 'deparser': start
[22:51:32.360] [bmv2] [T] [thread 8956] [20.0] [cxt 0] Skipping checksum 'cksum' update because condition not met
[22:51:32.361] [bmv2] [D] [thread 8956] [20.0] [cxt 0] Deparsing header 'ethernet'
[22:51:32.361] [bmv2] [D] [thread 8956] [20.0] [cxt 0] Deparser 'deparser': end
[22:51:32.361] [bmv2] [D] [thread 8956] [21.0] [cxt 0] Pipeline 'egress': start
[22:51:32.361] [bmv2] [D] [thread 8956] [21.0] [cxt 0] Pipeline 'egress': end
[22:51:32.361] [bmv2] [D] [thread 8956] [21.0] [cxt 0] Deparser 'deparser': start
[22:51:32.361] [bmv2] [T] [thread 8956] [21.0] [cxt 0] Skipping checksum 'cksum' update because condition not met
[22:51:32.361] [bmv2] [D] [thread 8956] [21.0] [cxt 0] Deparsing header 'ethernet'
[22:51:32.361] [bmv2] [D] [thread 8956] [21.0] [cxt 0] Deparser 'deparser': end
[22:51:32.361] [bmv2] [D] [thread 8956] [22.0] [cxt 0] Pipeline 'egress': start
[22:51:32.361] [bmv2] [D] [thread 8956] [22.0] [cxt 0] Pipeline 'egress': end
[22:51:32.361] [bmv2] [D] [thread 8956] [22.0] [cxt 0] Deparser 'deparser': start
[22:51:32.361] [bmv2] [T] [thread 8956] [22.0] [cxt 0] Skipping checksum 'cksum' update because condition not met
[22:51:32.361] [bmv2] [D] [thread 8956] [22.0] [cxt 0] Deparsing header 'ethernet'
[22:51:32.361] [bmv2] [D] [thread 8956] [22.0] [cxt 0] Deparser 'deparser': end
[22:51:32.362] [bmv2] [D] [thread 8960] [20.0] [cxt 0] Transmitting packet of size 70 out of port 0
[22:51:32.362] [bmv2] [D] [thread 8960] [21.0] [cxt 0] Transmitting packet of size 70 out of port 0
[22:51:32.362] [bmv2] [D] [thread 8960] [22.0] [cxt 0] Transmitting packet of size 70 out of port 0
[22:51:44.651] [bmv2] [D] [thread 8955] [23.0] [cxt 0] Processing packet received on port 1
[22:51:44.652] [bmv2] [D] [thread 8955] [23.0] [cxt 0] Parser 'parser': start
[22:51:44.652] [bmv2] [D] [thread 8955] [23.0] [cxt 0] Parser 'parser' entering state 'start'
[22:51:44.652] [bmv2] [D] [thread 8955] [23.0] [cxt 0] Extracting header 'ethernet'
[22:51:44.652] [bmv2] [D] [thread 8955] [23.0] [cxt 0] Parser state 'start': key is 86dd
[22:51:44.652] [bmv2] [T] [thread 8955] [23.0] [cxt 0] Bytes parsed: 14
[22:51:44.652] [bmv2] [D] [thread 8955] [23.0] [cxt 0] Parser 'parser': end
[22:51:44.653] [bmv2] [D] [thread 8955] [23.0] [cxt 0] Pipeline 'ingress': start
[22:51:44.653] [bmv2] [T] [thread 8955] [23.0] [cxt 0] qos.p4(197) Condition "hdr.ipv4.isValid()" (node_2) is false
[22:51:44.653] [bmv2] [D] [thread 8955] [23.0] [cxt 0] Pipeline 'ingress': end
[22:51:44.653] [bmv2] [D] [thread 8955] [23.0] [cxt 0] Egress port is 0
[22:51:44.654] [bmv2] [D] [thread 8956] [23.0] [cxt 0] Pipeline 'egress': start
[22:51:44.654] [bmv2] [D] [thread 8956] [23.0] [cxt 0] Pipeline 'egress': end
[22:51:44.654] [bmv2] [D] [thread 8956] [23.0] [cxt 0] Deparser 'deparser': start
[22:51:44.654] [bmv2] [T] [thread 8956] [23.0] [cxt 0] Skipping checksum 'cksum' update because condition not met
[22:51:44.654] [bmv2] [D] [thread 8956] [23.0] [cxt 0] Deparsing header 'ethernet'
[22:51:44.654] [bmv2] [D] [thread 8956] [23.0] [cxt 0] Deparser 'deparser': end
[22:51:44.654] [bmv2] [D] [thread 8960] [23.0] [cxt 0] Transmitting packet of size 70 out of port 0
[22:51:56.935] [bmv2] [D] [thread 8955] [24.0] [cxt 0] Processing packet received on port 2
[22:51:56.935] [bmv2] [D] [thread 8955] [24.0] [cxt 0] Parser 'parser': start
[22:51:56.935] [bmv2] [D] [thread 8955] [24.0] [cxt 0] Parser 'parser' entering state 'start'
[22:51:56.935] [bmv2] [D] [thread 8955] [24.0] [cxt 0] Extracting header 'ethernet'
[22:51:56.936] [bmv2] [D] [thread 8955] [24.0] [cxt 0] Parser state 'start': key is 86dd
[22:51:56.936] [bmv2] [T] [thread 8955] [24.0] [cxt 0] Bytes parsed: 14
[22:51:56.936] [bmv2] [D] [thread 8955] [24.0] [cxt 0] Parser 'parser': end
[22:51:56.939] [bmv2] [D] [thread 8955] [24.0] [cxt 0] Pipeline 'ingress': start
[22:51:56.939] [bmv2] [T] [thread 8955] [24.0] [cxt 0] qos.p4(197) Condition "hdr.ipv4.isValid()" (node_2) is false
[22:51:56.939] [bmv2] [D] [thread 8955] [24.0] [cxt 0] Pipeline 'ingress': end
[22:51:56.939] [bmv2] [D] [thread 8955] [24.0] [cxt 0] Egress port is 0
[22:51:56.940] [bmv2] [D] [thread 8956] [24.0] [cxt 0] Pipeline 'egress': start
[22:51:56.940] [bmv2] [D] [thread 8956] [24.0] [cxt 0] Pipeline 'egress': end
[22:51:56.940] [bmv2] [D] [thread 8956] [24.0] [cxt 0] Deparser 'deparser': start
[22:51:56.940] [bmv2] [T] [thread 8956] [24.0] [cxt 0] Skipping checksum 'cksum' update because condition not met
[22:51:56.940] [bmv2] [D] [thread 8956] [24.0] [cxt 0] Deparsing header 'ethernet'
[22:51:56.940] [bmv2] [D] [thread 8956] [24.0] [cxt 0] Deparser 'deparser': end
[22:51:56.940] [bmv2] [D] [thread 8960] [24.0] [cxt 0] Transmitting packet of size 70 out of port 0
open: No such file or directory
open: No such file or directory
open: No such file or directory
open: No such file or directory
open: No such file or directory
open: No such file or directory
