Calling target program-options parser
[22:05:03.875] [bmv2] [D] [thread 7658] Set default default entry for table 'tbl_qos199': qos199 - 
[22:05:03.875] [bmv2] [D] [thread 7658] Set default default entry for table 'MyIngress.ipv4_lpm': NoAction - 
Adding interface s3-eth1 as port 1
[22:05:03.876] [bmv2] [D] [thread 7658] Adding interface s3-eth1 as port 1
Adding interface s3-eth2 as port 2
[22:05:03.884] [bmv2] [D] [thread 7658] Adding interface s3-eth2 as port 2
Adding interface s3-eth3 as port 3
[22:05:03.891] [bmv2] [D] [thread 7658] Adding interface s3-eth3 as port 3
Server listening on 0.0.0.0:50053
[22:05:03.902] [bmv2] [I] [thread 7658] Starting Thrift server on port 9092
[22:05:03.908] [bmv2] [I] [thread 7658] Thrift server was started
[22:05:05.843] [bmv2] [W] [thread 7713] [P4Runtime] p4::tmp::P4DeviceConfig is deprecated
[22:05:05.852] [bmv2] [D] [thread 7713] Set default default entry for table 'tbl_qos199': qos199 - 
[22:05:05.852] [bmv2] [D] [thread 7713] Set default default entry for table 'MyIngress.ipv4_lpm': NoAction - 
[22:05:05.854] [bmv2] [D] [thread 7713] simple_switch target has been notified of a config swap
[22:05:05.864] [bmv2] [D] [thread 7715] Entry 0 added to table 'MyIngress.ipv4_lpm'
[22:05:05.864] [bmv2] [D] [thread 7715] Dumping entry 0
Match key:
* hdr.ipv4.dstAddr    : LPM       0a000303/32
Action entry: MyIngress.ipv4_forward - 80000000303,1,

[22:05:05.871] [bmv2] [D] [thread 7715] Entry 1 added to table 'MyIngress.ipv4_lpm'
[22:05:05.871] [bmv2] [D] [thread 7715] Dumping entry 1
Match key:
* hdr.ipv4.dstAddr    : LPM       0a000100/24
Action entry: MyIngress.ipv4_forward - 80000000100,2,

[22:05:05.876] [bmv2] [D] [thread 7720] Entry 2 added to table 'MyIngress.ipv4_lpm'
[22:05:05.876] [bmv2] [D] [thread 7720] Dumping entry 2
Match key:
* hdr.ipv4.dstAddr    : LPM       0a000200/24
Action entry: MyIngress.ipv4_forward - 80000000200,3,

[22:05:06.055] [bmv2] [D] [thread 7668] [0.0] [cxt 0] Processing packet received on port 2
[22:05:06.055] [bmv2] [D] [thread 7668] [0.0] [cxt 0] Parser 'parser': start
[22:05:06.055] [bmv2] [D] [thread 7668] [0.0] [cxt 0] Parser 'parser' entering state 'start'
[22:05:06.055] [bmv2] [D] [thread 7668] [0.0] [cxt 0] Extracting header 'ethernet'
[22:05:06.055] [bmv2] [D] [thread 7668] [0.0] [cxt 0] Parser state 'start': key is 86dd
[22:05:06.055] [bmv2] [T] [thread 7668] [0.0] [cxt 0] Bytes parsed: 14
[22:05:06.055] [bmv2] [D] [thread 7668] [0.0] [cxt 0] Parser 'parser': end
[22:05:06.055] [bmv2] [D] [thread 7668] [0.0] [cxt 0] Pipeline 'ingress': start
[22:05:06.056] [bmv2] [T] [thread 7668] [0.0] [cxt 0] qos.p4(197) Condition "hdr.ipv4.isValid()" (node_2) is false
[22:05:06.056] [bmv2] [D] [thread 7668] [0.0] [cxt 0] Pipeline 'ingress': end
[22:05:06.056] [bmv2] [D] [thread 7668] [0.0] [cxt 0] Egress port is 0
[22:05:06.056] [bmv2] [D] [thread 7669] [0.0] [cxt 0] Pipeline 'egress': start
[22:05:06.056] [bmv2] [D] [thread 7669] [0.0] [cxt 0] Pipeline 'egress': end
[22:05:06.056] [bmv2] [D] [thread 7669] [0.0] [cxt 0] Deparser 'deparser': start
[22:05:06.056] [bmv2] [T] [thread 7669] [0.0] [cxt 0] Skipping checksum 'cksum' update because condition not met
[22:05:06.056] [bmv2] [D] [thread 7669] [0.0] [cxt 0] Deparsing header 'ethernet'
[22:05:06.056] [bmv2] [D] [thread 7669] [0.0] [cxt 0] Deparser 'deparser': end
[22:05:06.056] [bmv2] [D] [thread 7673] [0.0] [cxt 0] Transmitting packet of size 70 out of port 0
[22:05:06.317] [bmv2] [D] [thread 7668] [1.0] [cxt 0] Processing packet received on port 1
[22:05:06.317] [bmv2] [D] [thread 7668] [1.0] [cxt 0] Parser 'parser': start
[22:05:06.317] [bmv2] [D] [thread 7668] [1.0] [cxt 0] Parser 'parser' entering state 'start'
[22:05:06.317] [bmv2] [D] [thread 7668] [1.0] [cxt 0] Extracting header 'ethernet'
[22:05:06.317] [bmv2] [D] [thread 7668] [1.0] [cxt 0] Parser state 'start': key is 86dd
[22:05:06.317] [bmv2] [T] [thread 7668] [1.0] [cxt 0] Bytes parsed: 14
[22:05:06.318] [bmv2] [D] [thread 7668] [1.0] [cxt 0] Parser 'parser': end
[22:05:06.318] [bmv2] [D] [thread 7668] [1.0] [cxt 0] Pipeline 'ingress': start
[22:05:06.318] [bmv2] [T] [thread 7668] [1.0] [cxt 0] qos.p4(197) Condition "hdr.ipv4.isValid()" (node_2) is false
[22:05:06.318] [bmv2] [D] [thread 7668] [1.0] [cxt 0] Pipeline 'ingress': end
[22:05:06.318] [bmv2] [D] [thread 7668] [1.0] [cxt 0] Egress port is 0
[22:05:06.318] [bmv2] [D] [thread 7669] [1.0] [cxt 0] Pipeline 'egress': start
[22:05:06.318] [bmv2] [D] [thread 7669] [1.0] [cxt 0] Pipeline 'egress': end
[22:05:06.318] [bmv2] [D] [thread 7669] [1.0] [cxt 0] Deparser 'deparser': start
[22:05:06.318] [bmv2] [T] [thread 7669] [1.0] [cxt 0] Skipping checksum 'cksum' update because condition not met
[22:05:06.318] [bmv2] [D] [thread 7669] [1.0] [cxt 0] Deparsing header 'ethernet'
[22:05:06.318] [bmv2] [D] [thread 7669] [1.0] [cxt 0] Deparser 'deparser': end
[22:05:06.318] [bmv2] [D] [thread 7673] [1.0] [cxt 0] Transmitting packet of size 70 out of port 0
[22:05:06.319] [bmv2] [D] [thread 7668] [2.0] [cxt 0] Processing packet received on port 3
[22:05:06.319] [bmv2] [D] [thread 7668] [2.0] [cxt 0] Parser 'parser': start
[22:05:06.319] [bmv2] [D] [thread 7668] [2.0] [cxt 0] Parser 'parser' entering state 'start'
[22:05:06.319] [bmv2] [D] [thread 7668] [2.0] [cxt 0] Extracting header 'ethernet'
[22:05:06.319] [bmv2] [D] [thread 7668] [2.0] [cxt 0] Parser state 'start': key is 86dd
[22:05:06.319] [bmv2] [T] [thread 7668] [2.0] [cxt 0] Bytes parsed: 14
[22:05:06.319] [bmv2] [D] [thread 7668] [2.0] [cxt 0] Parser 'parser': end
[22:05:06.319] [bmv2] [D] [thread 7668] [2.0] [cxt 0] Pipeline 'ingress': start
[22:05:06.319] [bmv2] [T] [thread 7668] [2.0] [cxt 0] qos.p4(197) Condition "hdr.ipv4.isValid()" (node_2) is false
[22:05:06.319] [bmv2] [D] [thread 7668] [2.0] [cxt 0] Pipeline 'ingress': end
[22:05:06.319] [bmv2] [D] [thread 7668] [2.0] [cxt 0] Egress port is 0
[22:05:06.321] [bmv2] [D] [thread 7669] [2.0] [cxt 0] Pipeline 'egress': start
[22:05:06.321] [bmv2] [D] [thread 7669] [2.0] [cxt 0] Pipeline 'egress': end
[22:05:06.321] [bmv2] [D] [thread 7669] [2.0] [cxt 0] Deparser 'deparser': start
[22:05:06.321] [bmv2] [T] [thread 7669] [2.0] [cxt 0] Skipping checksum 'cksum' update because condition not met
[22:05:06.321] [bmv2] [D] [thread 7669] [2.0] [cxt 0] Deparsing header 'ethernet'
[22:05:06.321] [bmv2] [D] [thread 7669] [2.0] [cxt 0] Deparser 'deparser': end
[22:05:06.321] [bmv2] [D] [thread 7673] [2.0] [cxt 0] Transmitting packet of size 70 out of port 0
[22:05:07.078] [bmv2] [D] [thread 7668] [3.0] [cxt 0] Processing packet received on port 2
[22:05:07.078] [bmv2] [D] [thread 7668] [3.0] [cxt 0] Parser 'parser': start
[22:05:07.078] [bmv2] [D] [thread 7668] [3.0] [cxt 0] Parser 'parser' entering state 'start'
[22:05:07.078] [bmv2] [D] [thread 7668] [3.0] [cxt 0] Extracting header 'ethernet'
[22:05:07.078] [bmv2] [D] [thread 7668] [3.0] [cxt 0] Parser state 'start': key is 86dd
[22:05:07.078] [bmv2] [T] [thread 7668] [3.0] [cxt 0] Bytes parsed: 14
[22:05:07.078] [bmv2] [D] [thread 7668] [3.0] [cxt 0] Parser 'parser': end
[22:05:07.078] [bmv2] [D] [thread 7668] [3.0] [cxt 0] Pipeline 'ingress': start
[22:05:07.079] [bmv2] [T] [thread 7668] [3.0] [cxt 0] qos.p4(197) Condition "hdr.ipv4.isValid()" (node_2) is false
[22:05:07.079] [bmv2] [D] [thread 7668] [3.0] [cxt 0] Pipeline 'ingress': end
[22:05:07.079] [bmv2] [D] [thread 7668] [3.0] [cxt 0] Egress port is 0
[22:05:07.079] [bmv2] [D] [thread 7669] [3.0] [cxt 0] Pipeline 'egress': start
[22:05:07.079] [bmv2] [D] [thread 7669] [3.0] [cxt 0] Pipeline 'egress': end
[22:05:07.079] [bmv2] [D] [thread 7669] [3.0] [cxt 0] Deparser 'deparser': start
[22:05:07.079] [bmv2] [T] [thread 7669] [3.0] [cxt 0] Skipping checksum 'cksum' update because condition not met
[22:05:07.079] [bmv2] [D] [thread 7669] [3.0] [cxt 0] Deparsing header 'ethernet'
[22:05:07.079] [bmv2] [D] [thread 7669] [3.0] [cxt 0] Deparser 'deparser': end
[22:05:07.079] [bmv2] [D] [thread 7673] [3.0] [cxt 0] Transmitting packet of size 70 out of port 0
[22:05:07.332] [bmv2] [D] [thread 7668] [4.0] [cxt 0] Processing packet received on port 3
[22:05:07.332] [bmv2] [D] [thread 7668] [4.0] [cxt 0] Parser 'parser': start
[22:05:07.333] [bmv2] [D] [thread 7668] [4.0] [cxt 0] Parser 'parser' entering state 'start'
[22:05:07.333] [bmv2] [D] [thread 7668] [4.0] [cxt 0] Extracting header 'ethernet'
[22:05:07.333] [bmv2] [D] [thread 7668] [4.0] [cxt 0] Parser state 'start': key is 86dd
[22:05:07.333] [bmv2] [T] [thread 7668] [4.0] [cxt 0] Bytes parsed: 14
[22:05:07.333] [bmv2] [D] [thread 7668] [4.0] [cxt 0] Parser 'parser': end
[22:05:07.333] [bmv2] [D] [thread 7668] [4.0] [cxt 0] Pipeline 'ingress': start
[22:05:07.333] [bmv2] [T] [thread 7668] [4.0] [cxt 0] qos.p4(197) Condition "hdr.ipv4.isValid()" (node_2) is false
[22:05:07.334] [bmv2] [D] [thread 7668] [4.0] [cxt 0] Pipeline 'ingress': end
[22:05:07.334] [bmv2] [D] [thread 7668] [4.0] [cxt 0] Egress port is 0
[22:05:07.335] [bmv2] [D] [thread 7669] [4.0] [cxt 0] Pipeline 'egress': start
[22:05:07.335] [bmv2] [D] [thread 7669] [4.0] [cxt 0] Pipeline 'egress': end
[22:05:07.335] [bmv2] [D] [thread 7669] [4.0] [cxt 0] Deparser 'deparser': start
[22:05:07.335] [bmv2] [T] [thread 7669] [4.0] [cxt 0] Skipping checksum 'cksum' update because condition not met
[22:05:07.335] [bmv2] [D] [thread 7669] [4.0] [cxt 0] Deparsing header 'ethernet'
[22:05:07.335] [bmv2] [D] [thread 7669] [4.0] [cxt 0] Deparser 'deparser': end
[22:05:07.335] [bmv2] [D] [thread 7673] [4.0] [cxt 0] Transmitting packet of size 70 out of port 0
[22:05:13.989] [bmv2] [D] [thread 7668] [5.0] [cxt 0] Processing packet received on port 2
[22:05:13.995] [bmv2] [D] [thread 7668] [5.0] [cxt 0] Parser 'parser': start
[22:05:13.995] [bmv2] [D] [thread 7668] [5.0] [cxt 0] Parser 'parser' entering state 'start'
[22:05:13.995] [bmv2] [D] [thread 7668] [5.0] [cxt 0] Extracting header 'ethernet'
[22:05:13.995] [bmv2] [D] [thread 7668] [5.0] [cxt 0] Parser state 'start': key is 86dd
[22:05:13.995] [bmv2] [T] [thread 7668] [5.0] [cxt 0] Bytes parsed: 14
[22:05:13.995] [bmv2] [D] [thread 7668] [5.0] [cxt 0] Parser 'parser': end
[22:05:13.995] [bmv2] [D] [thread 7668] [5.0] [cxt 0] Pipeline 'ingress': start
[22:05:13.995] [bmv2] [T] [thread 7668] [5.0] [cxt 0] qos.p4(197) Condition "hdr.ipv4.isValid()" (node_2) is false
[22:05:13.995] [bmv2] [D] [thread 7668] [5.0] [cxt 0] Pipeline 'ingress': end
[22:05:13.995] [bmv2] [D] [thread 7668] [5.0] [cxt 0] Egress port is 0
[22:05:13.998] [bmv2] [D] [thread 7669] [5.0] [cxt 0] Pipeline 'egress': start
[22:05:13.998] [bmv2] [D] [thread 7669] [5.0] [cxt 0] Pipeline 'egress': end
[22:05:13.998] [bmv2] [D] [thread 7669] [5.0] [cxt 0] Deparser 'deparser': start
[22:05:13.998] [bmv2] [T] [thread 7669] [5.0] [cxt 0] Skipping checksum 'cksum' update because condition not met
[22:05:13.999] [bmv2] [D] [thread 7669] [5.0] [cxt 0] Deparsing header 'ethernet'
[22:05:13.999] [bmv2] [D] [thread 7669] [5.0] [cxt 0] Deparser 'deparser': end
[22:05:13.999] [bmv2] [D] [thread 7673] [5.0] [cxt 0] Transmitting packet of size 70 out of port 0
[22:05:14.260] [bmv2] [D] [thread 7668] [6.0] [cxt 0] Processing packet received on port 3
[22:05:14.260] [bmv2] [D] [thread 7668] [6.0] [cxt 0] Parser 'parser': start
[22:05:14.260] [bmv2] [D] [thread 7668] [6.0] [cxt 0] Parser 'parser' entering state 'start'
[22:05:14.260] [bmv2] [D] [thread 7668] [6.0] [cxt 0] Extracting header 'ethernet'
[22:05:14.260] [bmv2] [D] [thread 7668] [6.0] [cxt 0] Parser state 'start': key is 86dd
[22:05:14.260] [bmv2] [T] [thread 7668] [6.0] [cxt 0] Bytes parsed: 14
[22:05:14.260] [bmv2] [D] [thread 7668] [6.0] [cxt 0] Parser 'parser': end
[22:05:14.260] [bmv2] [D] [thread 7668] [6.0] [cxt 0] Pipeline 'ingress': start
[22:05:14.260] [bmv2] [T] [thread 7668] [6.0] [cxt 0] qos.p4(197) Condition "hdr.ipv4.isValid()" (node_2) is false
[22:05:14.260] [bmv2] [D] [thread 7668] [6.0] [cxt 0] Pipeline 'ingress': end
[22:05:14.261] [bmv2] [D] [thread 7668] [6.0] [cxt 0] Egress port is 0
[22:05:14.261] [bmv2] [D] [thread 7669] [6.0] [cxt 0] Pipeline 'egress': start
[22:05:14.261] [bmv2] [D] [thread 7669] [6.0] [cxt 0] Pipeline 'egress': end
[22:05:14.261] [bmv2] [D] [thread 7669] [6.0] [cxt 0] Deparser 'deparser': start
[22:05:14.261] [bmv2] [T] [thread 7669] [6.0] [cxt 0] Skipping checksum 'cksum' update because condition not met
[22:05:14.261] [bmv2] [D] [thread 7669] [6.0] [cxt 0] Deparsing header 'ethernet'
[22:05:14.261] [bmv2] [D] [thread 7669] [6.0] [cxt 0] Deparser 'deparser': end
[22:05:14.261] [bmv2] [D] [thread 7673] [6.0] [cxt 0] Transmitting packet of size 70 out of port 0
[22:05:14.756] [bmv2] [D] [thread 7668] [7.0] [cxt 0] Processing packet received on port 1
[22:05:14.756] [bmv2] [D] [thread 7668] [7.0] [cxt 0] Parser 'parser': start
[22:05:14.756] [bmv2] [D] [thread 7668] [7.0] [cxt 0] Parser 'parser' entering state 'start'
[22:05:14.756] [bmv2] [D] [thread 7668] [7.0] [cxt 0] Extracting header 'ethernet'
[22:05:14.758] [bmv2] [D] [thread 7668] [7.0] [cxt 0] Parser state 'start': key is 86dd
[22:05:14.758] [bmv2] [T] [thread 7668] [7.0] [cxt 0] Bytes parsed: 14
[22:05:14.758] [bmv2] [D] [thread 7668] [7.0] [cxt 0] Parser 'parser': end
[22:05:14.758] [bmv2] [D] [thread 7668] [7.0] [cxt 0] Pipeline 'ingress': start
[22:05:14.758] [bmv2] [T] [thread 7668] [7.0] [cxt 0] qos.p4(197) Condition "hdr.ipv4.isValid()" (node_2) is false
[22:05:14.758] [bmv2] [D] [thread 7668] [7.0] [cxt 0] Pipeline 'ingress': end
[22:05:14.758] [bmv2] [D] [thread 7668] [7.0] [cxt 0] Egress port is 0
[22:05:14.758] [bmv2] [D] [thread 7669] [7.0] [cxt 0] Pipeline 'egress': start
[22:05:14.758] [bmv2] [D] [thread 7669] [7.0] [cxt 0] Pipeline 'egress': end
[22:05:14.758] [bmv2] [D] [thread 7669] [7.0] [cxt 0] Deparser 'deparser': start
[22:05:14.758] [bmv2] [T] [thread 7669] [7.0] [cxt 0] Skipping checksum 'cksum' update because condition not met
[22:05:14.758] [bmv2] [D] [thread 7669] [7.0] [cxt 0] Deparsing header 'ethernet'
[22:05:14.758] [bmv2] [D] [thread 7669] [7.0] [cxt 0] Deparser 'deparser': end
[22:05:14.758] [bmv2] [D] [thread 7673] [7.0] [cxt 0] Transmitting packet of size 70 out of port 0
[22:05:16.293] [bmv2] [D] [thread 7668] [8.0] [cxt 0] Processing packet received on port 2
[22:05:16.294] [bmv2] [D] [thread 7668] [8.0] [cxt 0] Parser 'parser': start
[22:05:16.294] [bmv2] [D] [thread 7668] [8.0] [cxt 0] Parser 'parser' entering state 'start'
[22:05:16.294] [bmv2] [D] [thread 7668] [8.0] [cxt 0] Extracting header 'ethernet'
[22:05:16.294] [bmv2] [D] [thread 7668] [8.0] [cxt 0] Parser state 'start': key is 86dd
[22:05:16.294] [bmv2] [T] [thread 7668] [8.0] [cxt 0] Bytes parsed: 14
[22:05:16.294] [bmv2] [D] [thread 7668] [8.0] [cxt 0] Parser 'parser': end
[22:05:16.294] [bmv2] [D] [thread 7668] [8.0] [cxt 0] Pipeline 'ingress': start
[22:05:16.294] [bmv2] [T] [thread 7668] [8.0] [cxt 0] qos.p4(197) Condition "hdr.ipv4.isValid()" (node_2) is false
[22:05:16.294] [bmv2] [D] [thread 7668] [8.0] [cxt 0] Pipeline 'ingress': end
[22:05:16.294] [bmv2] [D] [thread 7668] [8.0] [cxt 0] Egress port is 0
[22:05:16.294] [bmv2] [D] [thread 7669] [8.0] [cxt 0] Pipeline 'egress': start
[22:05:16.295] [bmv2] [D] [thread 7669] [8.0] [cxt 0] Pipeline 'egress': end
[22:05:16.295] [bmv2] [D] [thread 7669] [8.0] [cxt 0] Deparser 'deparser': start
[22:05:16.295] [bmv2] [T] [thread 7669] [8.0] [cxt 0] Skipping checksum 'cksum' update because condition not met
[22:05:16.295] [bmv2] [D] [thread 7669] [8.0] [cxt 0] Deparsing header 'ethernet'
[22:05:16.295] [bmv2] [D] [thread 7669] [8.0] [cxt 0] Deparser 'deparser': end
[22:05:16.295] [bmv2] [D] [thread 7673] [8.0] [cxt 0] Transmitting packet of size 70 out of port 0
[22:05:16.549] [bmv2] [D] [thread 7668] [9.0] [cxt 0] Processing packet received on port 3
[22:05:16.549] [bmv2] [D] [thread 7668] [9.0] [cxt 0] Parser 'parser': start
[22:05:16.549] [bmv2] [D] [thread 7668] [9.0] [cxt 0] Parser 'parser' entering state 'start'
[22:05:16.550] [bmv2] [D] [thread 7668] [9.0] [cxt 0] Extracting header 'ethernet'
[22:05:16.553] [bmv2] [D] [thread 7668] [9.0] [cxt 0] Parser state 'start': key is 86dd
[22:05:16.553] [bmv2] [T] [thread 7668] [9.0] [cxt 0] Bytes parsed: 14
[22:05:16.553] [bmv2] [D] [thread 7668] [9.0] [cxt 0] Parser 'parser': end
[22:05:16.554] [bmv2] [D] [thread 7668] [9.0] [cxt 0] Pipeline 'ingress': start
[22:05:16.554] [bmv2] [T] [thread 7668] [9.0] [cxt 0] qos.p4(197) Condition "hdr.ipv4.isValid()" (node_2) is false
[22:05:16.554] [bmv2] [D] [thread 7668] [9.0] [cxt 0] Pipeline 'ingress': end
[22:05:16.554] [bmv2] [D] [thread 7668] [9.0] [cxt 0] Egress port is 0
[22:05:16.555] [bmv2] [D] [thread 7669] [9.0] [cxt 0] Pipeline 'egress': start
[22:05:16.556] [bmv2] [D] [thread 7669] [9.0] [cxt 0] Pipeline 'egress': end
[22:05:16.556] [bmv2] [D] [thread 7669] [9.0] [cxt 0] Deparser 'deparser': start
[22:05:16.556] [bmv2] [T] [thread 7669] [9.0] [cxt 0] Skipping checksum 'cksum' update because condition not met
[22:05:16.556] [bmv2] [D] [thread 7669] [9.0] [cxt 0] Deparsing header 'ethernet'
[22:05:16.556] [bmv2] [D] [thread 7669] [9.0] [cxt 0] Deparser 'deparser': end
[22:05:16.556] [bmv2] [D] [thread 7673] [9.0] [cxt 0] Transmitting packet of size 70 out of port 0
[22:05:29.862] [bmv2] [D] [thread 7668] [10.0] [cxt 0] Processing packet received on port 2
[22:05:29.862] [bmv2] [D] [thread 7668] [10.0] [cxt 0] Parser 'parser': start
[22:05:29.863] [bmv2] [D] [thread 7668] [10.0] [cxt 0] Parser 'parser' entering state 'start'
[22:05:29.863] [bmv2] [D] [thread 7668] [10.0] [cxt 0] Extracting header 'ethernet'
[22:05:29.863] [bmv2] [D] [thread 7668] [10.0] [cxt 0] Parser state 'start': key is 86dd
[22:05:29.863] [bmv2] [T] [thread 7668] [10.0] [cxt 0] Bytes parsed: 14
[22:05:29.863] [bmv2] [D] [thread 7668] [10.0] [cxt 0] Parser 'parser': end
[22:05:29.864] [bmv2] [D] [thread 7668] [10.0] [cxt 0] Pipeline 'ingress': start
[22:05:29.864] [bmv2] [T] [thread 7668] [10.0] [cxt 0] qos.p4(197) Condition "hdr.ipv4.isValid()" (node_2) is false
[22:05:29.864] [bmv2] [D] [thread 7668] [10.0] [cxt 0] Pipeline 'ingress': end
[22:05:29.864] [bmv2] [D] [thread 7668] [10.0] [cxt 0] Egress port is 0
[22:05:29.870] [bmv2] [D] [thread 7669] [10.0] [cxt 0] Pipeline 'egress': start
[22:05:29.870] [bmv2] [D] [thread 7669] [10.0] [cxt 0] Pipeline 'egress': end
[22:05:29.870] [bmv2] [D] [thread 7669] [10.0] [cxt 0] Deparser 'deparser': start
[22:05:29.871] [bmv2] [T] [thread 7669] [10.0] [cxt 0] Skipping checksum 'cksum' update because condition not met
[22:05:29.871] [bmv2] [D] [thread 7669] [10.0] [cxt 0] Deparsing header 'ethernet'
[22:05:29.871] [bmv2] [D] [thread 7669] [10.0] [cxt 0] Deparser 'deparser': end
[22:05:29.871] [bmv2] [D] [thread 7673] [10.0] [cxt 0] Transmitting packet of size 70 out of port 0
[22:05:29.872] [bmv2] [D] [thread 7668] [11.0] [cxt 0] Processing packet received on port 3
[22:05:29.872] [bmv2] [D] [thread 7668] [11.0] [cxt 0] Parser 'parser': start
[22:05:29.872] [bmv2] [D] [thread 7668] [11.0] [cxt 0] Parser 'parser' entering state 'start'
[22:05:29.872] [bmv2] [D] [thread 7668] [11.0] [cxt 0] Extracting header 'ethernet'
[22:05:29.872] [bmv2] [D] [thread 7668] [11.0] [cxt 0] Parser state 'start': key is 86dd
[22:05:29.872] [bmv2] [T] [thread 7668] [11.0] [cxt 0] Bytes parsed: 14
[22:05:29.872] [bmv2] [D] [thread 7668] [11.0] [cxt 0] Parser 'parser': end
[22:05:29.872] [bmv2] [D] [thread 7668] [11.0] [cxt 0] Pipeline 'ingress': start
[22:05:29.872] [bmv2] [T] [thread 7668] [11.0] [cxt 0] qos.p4(197) Condition "hdr.ipv4.isValid()" (node_2) is false
[22:05:29.872] [bmv2] [D] [thread 7668] [11.0] [cxt 0] Pipeline 'ingress': end
[22:05:29.872] [bmv2] [D] [thread 7668] [11.0] [cxt 0] Egress port is 0
[22:05:29.873] [bmv2] [D] [thread 7669] [11.0] [cxt 0] Pipeline 'egress': start
[22:05:29.873] [bmv2] [D] [thread 7669] [11.0] [cxt 0] Pipeline 'egress': end
[22:05:29.873] [bmv2] [D] [thread 7669] [11.0] [cxt 0] Deparser 'deparser': start
[22:05:29.873] [bmv2] [T] [thread 7669] [11.0] [cxt 0] Skipping checksum 'cksum' update because condition not met
[22:05:29.874] [bmv2] [D] [thread 7669] [11.0] [cxt 0] Deparsing header 'ethernet'
[22:05:29.874] [bmv2] [D] [thread 7669] [11.0] [cxt 0] Deparser 'deparser': end
[22:05:29.874] [bmv2] [D] [thread 7673] [11.0] [cxt 0] Transmitting packet of size 70 out of port 0
[22:05:31.654] [bmv2] [D] [thread 7668] [12.0] [cxt 0] Processing packet received on port 1
[22:05:31.655] [bmv2] [D] [thread 7668] [12.0] [cxt 0] Parser 'parser': start
[22:05:31.656] [bmv2] [D] [thread 7668] [12.0] [cxt 0] Parser 'parser' entering state 'start'
[22:05:31.656] [bmv2] [D] [thread 7668] [12.0] [cxt 0] Extracting header 'ethernet'
[22:05:31.656] [bmv2] [D] [thread 7668] [12.0] [cxt 0] Parser state 'start': key is 86dd
[22:05:31.657] [bmv2] [T] [thread 7668] [12.0] [cxt 0] Bytes parsed: 14
[22:05:31.657] [bmv2] [D] [thread 7668] [12.0] [cxt 0] Parser 'parser': end
[22:05:31.657] [bmv2] [D] [thread 7668] [12.0] [cxt 0] Pipeline 'ingress': start
[22:05:31.658] [bmv2] [T] [thread 7668] [12.0] [cxt 0] qos.p4(197) Condition "hdr.ipv4.isValid()" (node_2) is false
[22:05:31.658] [bmv2] [D] [thread 7668] [12.0] [cxt 0] Pipeline 'ingress': end
[22:05:31.658] [bmv2] [D] [thread 7668] [12.0] [cxt 0] Egress port is 0
[22:05:31.659] [bmv2] [D] [thread 7669] [12.0] [cxt 0] Pipeline 'egress': start
[22:05:31.659] [bmv2] [D] [thread 7669] [12.0] [cxt 0] Pipeline 'egress': end
[22:05:31.659] [bmv2] [D] [thread 7669] [12.0] [cxt 0] Deparser 'deparser': start
[22:05:31.659] [bmv2] [T] [thread 7669] [12.0] [cxt 0] Skipping checksum 'cksum' update because condition not met
[22:05:31.659] [bmv2] [D] [thread 7669] [12.0] [cxt 0] Deparsing header 'ethernet'
[22:05:31.659] [bmv2] [D] [thread 7669] [12.0] [cxt 0] Deparser 'deparser': end
[22:05:31.659] [bmv2] [D] [thread 7673] [12.0] [cxt 0] Transmitting packet of size 70 out of port 0
[22:05:35.756] [bmv2] [D] [thread 7668] [13.0] [cxt 0] Processing packet received on port 2
[22:05:35.756] [bmv2] [D] [thread 7668] [13.0] [cxt 0] Parser 'parser': start
[22:05:35.756] [bmv2] [D] [thread 7668] [13.0] [cxt 0] Parser 'parser' entering state 'start'
[22:05:35.756] [bmv2] [D] [thread 7668] [13.0] [cxt 0] Extracting header 'ethernet'
[22:05:35.756] [bmv2] [D] [thread 7668] [13.0] [cxt 0] Parser state 'start': key is 86dd
[22:05:35.756] [bmv2] [T] [thread 7668] [13.0] [cxt 0] Bytes parsed: 14
[22:05:35.756] [bmv2] [D] [thread 7668] [13.0] [cxt 0] Parser 'parser': end
[22:05:35.757] [bmv2] [D] [thread 7668] [13.0] [cxt 0] Pipeline 'ingress': start
[22:05:35.757] [bmv2] [T] [thread 7668] [13.0] [cxt 0] qos.p4(197) Condition "hdr.ipv4.isValid()" (node_2) is false
[22:05:35.757] [bmv2] [D] [thread 7668] [13.0] [cxt 0] Pipeline 'ingress': end
[22:05:35.757] [bmv2] [D] [thread 7668] [13.0] [cxt 0] Egress port is 0
[22:05:35.757] [bmv2] [D] [thread 7669] [13.0] [cxt 0] Pipeline 'egress': start
[22:05:35.758] [bmv2] [D] [thread 7669] [13.0] [cxt 0] Pipeline 'egress': end
[22:05:35.758] [bmv2] [D] [thread 7669] [13.0] [cxt 0] Deparser 'deparser': start
[22:05:35.758] [bmv2] [T] [thread 7669] [13.0] [cxt 0] Skipping checksum 'cksum' update because condition not met
[22:05:35.758] [bmv2] [D] [thread 7669] [13.0] [cxt 0] Deparsing header 'ethernet'
[22:05:35.758] [bmv2] [D] [thread 7669] [13.0] [cxt 0] Deparser 'deparser': end
[22:05:35.758] [bmv2] [D] [thread 7673] [13.0] [cxt 0] Transmitting packet of size 70 out of port 0
[22:05:35.759] [bmv2] [D] [thread 7668] [14.0] [cxt 0] Processing packet received on port 3
[22:05:35.759] [bmv2] [D] [thread 7668] [14.0] [cxt 0] Parser 'parser': start
[22:05:35.759] [bmv2] [D] [thread 7668] [14.0] [cxt 0] Parser 'parser' entering state 'start'
[22:05:35.759] [bmv2] [D] [thread 7668] [14.0] [cxt 0] Extracting header 'ethernet'
[22:05:35.759] [bmv2] [D] [thread 7668] [14.0] [cxt 0] Parser state 'start': key is 86dd
[22:05:35.759] [bmv2] [T] [thread 7668] [14.0] [cxt 0] Bytes parsed: 14
[22:05:35.759] [bmv2] [D] [thread 7668] [14.0] [cxt 0] Parser 'parser': end
[22:05:35.759] [bmv2] [D] [thread 7668] [14.0] [cxt 0] Pipeline 'ingress': start
[22:05:35.759] [bmv2] [T] [thread 7668] [14.0] [cxt 0] qos.p4(197) Condition "hdr.ipv4.isValid()" (node_2) is false
[22:05:35.760] [bmv2] [D] [thread 7668] [14.0] [cxt 0] Pipeline 'ingress': end
[22:05:35.760] [bmv2] [D] [thread 7668] [14.0] [cxt 0] Egress port is 0
[22:05:35.760] [bmv2] [D] [thread 7669] [14.0] [cxt 0] Pipeline 'egress': start
[22:05:35.760] [bmv2] [D] [thread 7669] [14.0] [cxt 0] Pipeline 'egress': end
[22:05:35.760] [bmv2] [D] [thread 7669] [14.0] [cxt 0] Deparser 'deparser': start
[22:05:35.760] [bmv2] [T] [thread 7669] [14.0] [cxt 0] Skipping checksum 'cksum' update because condition not met
[22:05:35.760] [bmv2] [D] [thread 7669] [14.0] [cxt 0] Deparsing header 'ethernet'
[22:05:35.760] [bmv2] [D] [thread 7669] [14.0] [cxt 0] Deparser 'deparser': end
[22:05:35.760] [bmv2] [D] [thread 7673] [14.0] [cxt 0] Transmitting packet of size 70 out of port 0
[22:06:02.372] [bmv2] [D] [thread 7668] [15.0] [cxt 0] Processing packet received on port 2
[22:06:02.373] [bmv2] [D] [thread 7668] [15.0] [cxt 0] Parser 'parser': start
[22:06:02.373] [bmv2] [D] [thread 7668] [15.0] [cxt 0] Parser 'parser' entering state 'start'
[22:06:02.373] [bmv2] [D] [thread 7668] [15.0] [cxt 0] Extracting header 'ethernet'
[22:06:02.373] [bmv2] [D] [thread 7668] [15.0] [cxt 0] Parser state 'start': key is 86dd
[22:06:02.373] [bmv2] [T] [thread 7668] [15.0] [cxt 0] Bytes parsed: 14
[22:06:02.373] [bmv2] [D] [thread 7668] [15.0] [cxt 0] Parser 'parser': end
[22:06:02.373] [bmv2] [D] [thread 7668] [15.0] [cxt 0] Pipeline 'ingress': start
[22:06:02.375] [bmv2] [T] [thread 7668] [15.0] [cxt 0] qos.p4(197) Condition "hdr.ipv4.isValid()" (node_2) is false
[22:06:02.375] [bmv2] [D] [thread 7668] [15.0] [cxt 0] Pipeline 'ingress': end
[22:06:02.375] [bmv2] [D] [thread 7668] [15.0] [cxt 0] Egress port is 0
[22:06:02.375] [bmv2] [D] [thread 7669] [15.0] [cxt 0] Pipeline 'egress': start
[22:06:02.375] [bmv2] [D] [thread 7669] [15.0] [cxt 0] Pipeline 'egress': end
[22:06:02.375] [bmv2] [D] [thread 7669] [15.0] [cxt 0] Deparser 'deparser': start
[22:06:02.375] [bmv2] [T] [thread 7669] [15.0] [cxt 0] Skipping checksum 'cksum' update because condition not met
[22:06:02.375] [bmv2] [D] [thread 7669] [15.0] [cxt 0] Deparsing header 'ethernet'
[22:06:02.375] [bmv2] [D] [thread 7669] [15.0] [cxt 0] Deparser 'deparser': end
[22:06:02.375] [bmv2] [D] [thread 7673] [15.0] [cxt 0] Transmitting packet of size 70 out of port 0
[22:06:02.375] [bmv2] [D] [thread 7668] [16.0] [cxt 0] Processing packet received on port 3
[22:06:02.375] [bmv2] [D] [thread 7668] [16.0] [cxt 0] Parser 'parser': start
[22:06:02.375] [bmv2] [D] [thread 7668] [16.0] [cxt 0] Parser 'parser' entering state 'start'
[22:06:02.375] [bmv2] [D] [thread 7668] [16.0] [cxt 0] Extracting header 'ethernet'
[22:06:02.375] [bmv2] [D] [thread 7668] [16.0] [cxt 0] Parser state 'start': key is 86dd
[22:06:02.375] [bmv2] [T] [thread 7668] [16.0] [cxt 0] Bytes parsed: 14
[22:06:02.375] [bmv2] [D] [thread 7668] [16.0] [cxt 0] Parser 'parser': end
[22:06:02.375] [bmv2] [D] [thread 7668] [16.0] [cxt 0] Pipeline 'ingress': start
[22:06:02.375] [bmv2] [T] [thread 7668] [16.0] [cxt 0] qos.p4(197) Condition "hdr.ipv4.isValid()" (node_2) is false
[22:06:02.375] [bmv2] [D] [thread 7668] [16.0] [cxt 0] Pipeline 'ingress': end
[22:06:02.375] [bmv2] [D] [thread 7668] [16.0] [cxt 0] Egress port is 0
[22:06:02.375] [bmv2] [D] [thread 7669] [16.0] [cxt 0] Pipeline 'egress': start
[22:06:02.375] [bmv2] [D] [thread 7669] [16.0] [cxt 0] Pipeline 'egress': end
[22:06:02.375] [bmv2] [D] [thread 7669] [16.0] [cxt 0] Deparser 'deparser': start
[22:06:02.375] [bmv2] [T] [thread 7669] [16.0] [cxt 0] Skipping checksum 'cksum' update because condition not met
[22:06:02.375] [bmv2] [D] [thread 7669] [16.0] [cxt 0] Deparsing header 'ethernet'
[22:06:02.375] [bmv2] [D] [thread 7669] [16.0] [cxt 0] Deparser 'deparser': end
[22:06:02.375] [bmv2] [D] [thread 7673] [16.0] [cxt 0] Transmitting packet of size 70 out of port 0
[22:06:04.418] [bmv2] [D] [thread 7668] [17.0] [cxt 0] Processing packet received on port 1
[22:06:04.419] [bmv2] [D] [thread 7668] [17.0] [cxt 0] Parser 'parser': start
[22:06:04.419] [bmv2] [D] [thread 7668] [17.0] [cxt 0] Parser 'parser' entering state 'start'
[22:06:04.419] [bmv2] [D] [thread 7668] [17.0] [cxt 0] Extracting header 'ethernet'
[22:06:04.419] [bmv2] [D] [thread 7668] [17.0] [cxt 0] Parser state 'start': key is 86dd
[22:06:04.419] [bmv2] [T] [thread 7668] [17.0] [cxt 0] Bytes parsed: 14
[22:06:04.419] [bmv2] [D] [thread 7668] [17.0] [cxt 0] Parser 'parser': end
[22:06:04.419] [bmv2] [D] [thread 7668] [17.0] [cxt 0] Pipeline 'ingress': start
[22:06:04.420] [bmv2] [T] [thread 7668] [17.0] [cxt 0] qos.p4(197) Condition "hdr.ipv4.isValid()" (node_2) is false
[22:06:04.420] [bmv2] [D] [thread 7668] [17.0] [cxt 0] Pipeline 'ingress': end
[22:06:04.420] [bmv2] [D] [thread 7668] [17.0] [cxt 0] Egress port is 0
[22:06:04.420] [bmv2] [D] [thread 7669] [17.0] [cxt 0] Pipeline 'egress': start
[22:06:04.421] [bmv2] [D] [thread 7669] [17.0] [cxt 0] Pipeline 'egress': end
[22:06:04.422] [bmv2] [D] [thread 7669] [17.0] [cxt 0] Deparser 'deparser': start
[22:06:04.422] [bmv2] [T] [thread 7669] [17.0] [cxt 0] Skipping checksum 'cksum' update because condition not met
[22:06:04.422] [bmv2] [D] [thread 7669] [17.0] [cxt 0] Deparsing header 'ethernet'
[22:06:04.422] [bmv2] [D] [thread 7669] [17.0] [cxt 0] Deparser 'deparser': end
[22:06:04.422] [bmv2] [D] [thread 7673] [17.0] [cxt 0] Transmitting packet of size 70 out of port 0
[22:06:12.616] [bmv2] [D] [thread 7668] [18.0] [cxt 0] Processing packet received on port 2
[22:06:12.616] [bmv2] [D] [thread 7668] [18.0] [cxt 0] Parser 'parser': start
[22:06:12.617] [bmv2] [D] [thread 7668] [18.0] [cxt 0] Parser 'parser' entering state 'start'
[22:06:12.617] [bmv2] [D] [thread 7668] [18.0] [cxt 0] Extracting header 'ethernet'
[22:06:12.617] [bmv2] [D] [thread 7668] [18.0] [cxt 0] Parser state 'start': key is 86dd
[22:06:12.617] [bmv2] [T] [thread 7668] [18.0] [cxt 0] Bytes parsed: 14
[22:06:12.617] [bmv2] [D] [thread 7668] [18.0] [cxt 0] Parser 'parser': end
[22:06:12.618] [bmv2] [D] [thread 7668] [18.0] [cxt 0] Pipeline 'ingress': start
[22:06:12.618] [bmv2] [T] [thread 7668] [18.0] [cxt 0] qos.p4(197) Condition "hdr.ipv4.isValid()" (node_2) is false
[22:06:12.618] [bmv2] [D] [thread 7668] [18.0] [cxt 0] Pipeline 'ingress': end
[22:06:12.618] [bmv2] [D] [thread 7668] [18.0] [cxt 0] Egress port is 0
[22:06:12.620] [bmv2] [D] [thread 7669] [18.0] [cxt 0] Pipeline 'egress': start
[22:06:12.620] [bmv2] [D] [thread 7669] [18.0] [cxt 0] Pipeline 'egress': end
[22:06:12.620] [bmv2] [D] [thread 7669] [18.0] [cxt 0] Deparser 'deparser': start
[22:06:12.620] [bmv2] [T] [thread 7669] [18.0] [cxt 0] Skipping checksum 'cksum' update because condition not met
[22:06:12.620] [bmv2] [D] [thread 7669] [18.0] [cxt 0] Deparsing header 'ethernet'
[22:06:12.620] [bmv2] [D] [thread 7669] [18.0] [cxt 0] Deparser 'deparser': end
[22:06:12.620] [bmv2] [D] [thread 7673] [18.0] [cxt 0] Transmitting packet of size 70 out of port 0
[22:06:12.621] [bmv2] [D] [thread 7668] [19.0] [cxt 0] Processing packet received on port 3
[22:06:12.621] [bmv2] [D] [thread 7668] [19.0] [cxt 0] Parser 'parser': start
[22:06:12.621] [bmv2] [D] [thread 7668] [19.0] [cxt 0] Parser 'parser' entering state 'start'
[22:06:12.621] [bmv2] [D] [thread 7668] [19.0] [cxt 0] Extracting header 'ethernet'
[22:06:12.621] [bmv2] [D] [thread 7668] [19.0] [cxt 0] Parser state 'start': key is 86dd
[22:06:12.621] [bmv2] [T] [thread 7668] [19.0] [cxt 0] Bytes parsed: 14
[22:06:12.621] [bmv2] [D] [thread 7668] [19.0] [cxt 0] Parser 'parser': end
[22:06:12.621] [bmv2] [D] [thread 7668] [19.0] [cxt 0] Pipeline 'ingress': start
[22:06:12.621] [bmv2] [T] [thread 7668] [19.0] [cxt 0] qos.p4(197) Condition "hdr.ipv4.isValid()" (node_2) is false
[22:06:12.621] [bmv2] [D] [thread 7668] [19.0] [cxt 0] Pipeline 'ingress': end
[22:06:12.621] [bmv2] [D] [thread 7668] [19.0] [cxt 0] Egress port is 0
[22:06:12.622] [bmv2] [D] [thread 7669] [19.0] [cxt 0] Pipeline 'egress': start
[22:06:12.622] [bmv2] [D] [thread 7669] [19.0] [cxt 0] Pipeline 'egress': end
[22:06:12.622] [bmv2] [D] [thread 7669] [19.0] [cxt 0] Deparser 'deparser': start
[22:06:12.622] [bmv2] [T] [thread 7669] [19.0] [cxt 0] Skipping checksum 'cksum' update because condition not met
[22:06:12.622] [bmv2] [D] [thread 7669] [19.0] [cxt 0] Deparsing header 'ethernet'
[22:06:12.622] [bmv2] [D] [thread 7669] [19.0] [cxt 0] Deparser 'deparser': end
[22:06:12.622] [bmv2] [D] [thread 7673] [19.0] [cxt 0] Transmitting packet of size 70 out of port 0
[22:07:07.913] [bmv2] [D] [thread 7668] [20.0] [cxt 0] Processing packet received on port 1
[22:07:07.913] [bmv2] [D] [thread 7668] [20.0] [cxt 0] Parser 'parser': start
[22:07:07.914] [bmv2] [D] [thread 7668] [20.0] [cxt 0] Parser 'parser' entering state 'start'
[22:07:07.914] [bmv2] [D] [thread 7668] [20.0] [cxt 0] Extracting header 'ethernet'
[22:07:07.914] [bmv2] [D] [thread 7668] [20.0] [cxt 0] Parser state 'start': key is 86dd
[22:07:07.914] [bmv2] [T] [thread 7668] [20.0] [cxt 0] Bytes parsed: 14
[22:07:07.914] [bmv2] [D] [thread 7668] [20.0] [cxt 0] Parser 'parser': end
[22:07:07.915] [bmv2] [D] [thread 7668] [20.0] [cxt 0] Pipeline 'ingress': start
[22:07:07.915] [bmv2] [T] [thread 7668] [20.0] [cxt 0] qos.p4(197) Condition "hdr.ipv4.isValid()" (node_2) is false
[22:07:07.915] [bmv2] [D] [thread 7668] [20.0] [cxt 0] Pipeline 'ingress': end
[22:07:07.915] [bmv2] [D] [thread 7668] [20.0] [cxt 0] Egress port is 0
[22:07:07.916] [bmv2] [D] [thread 7669] [20.0] [cxt 0] Pipeline 'egress': start
[22:07:07.916] [bmv2] [D] [thread 7669] [20.0] [cxt 0] Pipeline 'egress': end
[22:07:07.916] [bmv2] [D] [thread 7669] [20.0] [cxt 0] Deparser 'deparser': start
[22:07:07.916] [bmv2] [T] [thread 7669] [20.0] [cxt 0] Skipping checksum 'cksum' update because condition not met
[22:07:07.916] [bmv2] [D] [thread 7669] [20.0] [cxt 0] Deparsing header 'ethernet'
[22:07:07.916] [bmv2] [D] [thread 7669] [20.0] [cxt 0] Deparser 'deparser': end
[22:07:07.917] [bmv2] [D] [thread 7673] [20.0] [cxt 0] Transmitting packet of size 70 out of port 0
[22:07:09.957] [bmv2] [D] [thread 7668] [21.0] [cxt 0] Processing packet received on port 2
[22:07:09.962] [bmv2] [D] [thread 7668] [21.0] [cxt 0] Parser 'parser': start
[22:07:09.963] [bmv2] [D] [thread 7668] [21.0] [cxt 0] Parser 'parser' entering state 'start'
[22:07:09.963] [bmv2] [D] [thread 7668] [21.0] [cxt 0] Extracting header 'ethernet'
[22:07:09.963] [bmv2] [D] [thread 7668] [21.0] [cxt 0] Parser state 'start': key is 86dd
[22:07:09.963] [bmv2] [T] [thread 7668] [21.0] [cxt 0] Bytes parsed: 14
[22:07:09.963] [bmv2] [D] [thread 7668] [21.0] [cxt 0] Parser 'parser': end
[22:07:09.963] [bmv2] [D] [thread 7668] [21.0] [cxt 0] Pipeline 'ingress': start
[22:07:09.963] [bmv2] [T] [thread 7668] [21.0] [cxt 0] qos.p4(197) Condition "hdr.ipv4.isValid()" (node_2) is false
[22:07:09.964] [bmv2] [D] [thread 7668] [21.0] [cxt 0] Pipeline 'ingress': end
[22:07:09.964] [bmv2] [D] [thread 7668] [21.0] [cxt 0] Egress port is 0
[22:07:09.968] [bmv2] [D] [thread 7669] [21.0] [cxt 0] Pipeline 'egress': start
[22:07:09.968] [bmv2] [D] [thread 7669] [21.0] [cxt 0] Pipeline 'egress': end
[22:07:09.968] [bmv2] [D] [thread 7669] [21.0] [cxt 0] Deparser 'deparser': start
[22:07:09.968] [bmv2] [T] [thread 7669] [21.0] [cxt 0] Skipping checksum 'cksum' update because condition not met
[22:07:09.968] [bmv2] [D] [thread 7669] [21.0] [cxt 0] Deparsing header 'ethernet'
[22:07:09.968] [bmv2] [D] [thread 7669] [21.0] [cxt 0] Deparser 'deparser': end
[22:07:09.968] [bmv2] [D] [thread 7673] [21.0] [cxt 0] Transmitting packet of size 70 out of port 0
[22:07:09.968] [bmv2] [D] [thread 7668] [22.0] [cxt 0] Processing packet received on port 3
[22:07:09.968] [bmv2] [D] [thread 7668] [22.0] [cxt 0] Parser 'parser': start
[22:07:09.968] [bmv2] [D] [thread 7668] [22.0] [cxt 0] Parser 'parser' entering state 'start'
[22:07:09.969] [bmv2] [D] [thread 7668] [22.0] [cxt 0] Extracting header 'ethernet'
[22:07:09.969] [bmv2] [D] [thread 7668] [22.0] [cxt 0] Parser state 'start': key is 86dd
[22:07:09.969] [bmv2] [T] [thread 7668] [22.0] [cxt 0] Bytes parsed: 14
[22:07:09.969] [bmv2] [D] [thread 7668] [22.0] [cxt 0] Parser 'parser': end
[22:07:09.969] [bmv2] [D] [thread 7668] [22.0] [cxt 0] Pipeline 'ingress': start
[22:07:09.969] [bmv2] [T] [thread 7668] [22.0] [cxt 0] qos.p4(197) Condition "hdr.ipv4.isValid()" (node_2) is false
[22:07:09.969] [bmv2] [D] [thread 7668] [22.0] [cxt 0] Pipeline 'ingress': end
[22:07:09.969] [bmv2] [D] [thread 7668] [22.0] [cxt 0] Egress port is 0
[22:07:09.969] [bmv2] [D] [thread 7669] [22.0] [cxt 0] Pipeline 'egress': start
[22:07:09.969] [bmv2] [D] [thread 7669] [22.0] [cxt 0] Pipeline 'egress': end
[22:07:09.970] [bmv2] [D] [thread 7669] [22.0] [cxt 0] Deparser 'deparser': start
[22:07:09.970] [bmv2] [T] [thread 7669] [22.0] [cxt 0] Skipping checksum 'cksum' update because condition not met
[22:07:09.970] [bmv2] [D] [thread 7669] [22.0] [cxt 0] Deparsing header 'ethernet'
[22:07:09.970] [bmv2] [D] [thread 7669] [22.0] [cxt 0] Deparser 'deparser': end
[22:07:09.970] [bmv2] [D] [thread 7673] [22.0] [cxt 0] Transmitting packet of size 70 out of port 0
[22:07:24.298] [bmv2] [D] [thread 7668] [23.0] [cxt 0] Processing packet received on port 2
[22:07:24.299] [bmv2] [D] [thread 7668] [23.0] [cxt 0] Parser 'parser': start
[22:07:24.299] [bmv2] [D] [thread 7668] [23.0] [cxt 0] Parser 'parser' entering state 'start'
[22:07:24.299] [bmv2] [D] [thread 7668] [23.0] [cxt 0] Extracting header 'ethernet'
[22:07:24.299] [bmv2] [D] [thread 7668] [23.0] [cxt 0] Parser state 'start': key is 86dd
[22:07:24.299] [bmv2] [T] [thread 7668] [23.0] [cxt 0] Bytes parsed: 14
[22:07:24.299] [bmv2] [D] [thread 7668] [23.0] [cxt 0] Parser 'parser': end
[22:07:24.300] [bmv2] [D] [thread 7668] [23.0] [cxt 0] Pipeline 'ingress': start
[22:07:24.300] [bmv2] [T] [thread 7668] [23.0] [cxt 0] qos.p4(197) Condition "hdr.ipv4.isValid()" (node_2) is false
[22:07:24.300] [bmv2] [D] [thread 7668] [23.0] [cxt 0] Pipeline 'ingress': end
[22:07:24.300] [bmv2] [D] [thread 7668] [23.0] [cxt 0] Egress port is 0
[22:07:24.302] [bmv2] [D] [thread 7669] [23.0] [cxt 0] Pipeline 'egress': start
[22:07:24.302] [bmv2] [D] [thread 7669] [23.0] [cxt 0] Pipeline 'egress': end
[22:07:24.302] [bmv2] [D] [thread 7669] [23.0] [cxt 0] Deparser 'deparser': start
[22:07:24.302] [bmv2] [T] [thread 7669] [23.0] [cxt 0] Skipping checksum 'cksum' update because condition not met
[22:07:24.302] [bmv2] [D] [thread 7669] [23.0] [cxt 0] Deparsing header 'ethernet'
[22:07:24.302] [bmv2] [D] [thread 7669] [23.0] [cxt 0] Deparser 'deparser': end
[22:07:24.303] [bmv2] [D] [thread 7673] [23.0] [cxt 0] Transmitting packet of size 70 out of port 0
[22:07:26.343] [bmv2] [D] [thread 7668] [24.0] [cxt 0] Processing packet received on port 3
[22:07:26.343] [bmv2] [D] [thread 7668] [24.0] [cxt 0] Parser 'parser': start
[22:07:26.343] [bmv2] [D] [thread 7668] [24.0] [cxt 0] Parser 'parser' entering state 'start'
[22:07:26.343] [bmv2] [D] [thread 7668] [24.0] [cxt 0] Extracting header 'ethernet'
[22:07:26.344] [bmv2] [D] [thread 7668] [24.0] [cxt 0] Parser state 'start': key is 86dd
[22:07:26.344] [bmv2] [T] [thread 7668] [24.0] [cxt 0] Bytes parsed: 14
[22:07:26.344] [bmv2] [D] [thread 7668] [24.0] [cxt 0] Parser 'parser': end
[22:07:26.344] [bmv2] [D] [thread 7668] [24.0] [cxt 0] Pipeline 'ingress': start
[22:07:26.344] [bmv2] [T] [thread 7668] [24.0] [cxt 0] qos.p4(197) Condition "hdr.ipv4.isValid()" (node_2) is false
[22:07:26.344] [bmv2] [D] [thread 7668] [24.0] [cxt 0] Pipeline 'ingress': end
[22:07:26.344] [bmv2] [D] [thread 7668] [24.0] [cxt 0] Egress port is 0
[22:07:26.345] [bmv2] [D] [thread 7669] [24.0] [cxt 0] Pipeline 'egress': start
[22:07:26.345] [bmv2] [D] [thread 7669] [24.0] [cxt 0] Pipeline 'egress': end
[22:07:26.345] [bmv2] [D] [thread 7669] [24.0] [cxt 0] Deparser 'deparser': start
[22:07:26.345] [bmv2] [T] [thread 7669] [24.0] [cxt 0] Skipping checksum 'cksum' update because condition not met
[22:07:26.345] [bmv2] [D] [thread 7669] [24.0] [cxt 0] Deparsing header 'ethernet'
[22:07:26.346] [bmv2] [D] [thread 7669] [24.0] [cxt 0] Deparser 'deparser': end
[22:07:26.346] [bmv2] [D] [thread 7673] [24.0] [cxt 0] Transmitting packet of size 70 out of port 0
[22:09:16.934] [bmv2] [D] [thread 7668] [25.0] [cxt 0] Processing packet received on port 1
[22:09:16.934] [bmv2] [D] [thread 7668] [25.0] [cxt 0] Parser 'parser': start
[22:09:16.934] [bmv2] [D] [thread 7668] [25.0] [cxt 0] Parser 'parser' entering state 'start'
[22:09:16.934] [bmv2] [D] [thread 7668] [25.0] [cxt 0] Extracting header 'ethernet'
[22:09:16.935] [bmv2] [D] [thread 7668] [25.0] [cxt 0] Parser state 'start': key is 86dd
[22:09:16.935] [bmv2] [T] [thread 7668] [25.0] [cxt 0] Bytes parsed: 14
[22:09:16.936] [bmv2] [D] [thread 7668] [25.0] [cxt 0] Parser 'parser': end
[22:09:16.936] [bmv2] [D] [thread 7668] [25.0] [cxt 0] Pipeline 'ingress': start
[22:09:16.936] [bmv2] [T] [thread 7668] [25.0] [cxt 0] qos.p4(197) Condition "hdr.ipv4.isValid()" (node_2) is false
[22:09:16.936] [bmv2] [D] [thread 7668] [25.0] [cxt 0] Pipeline 'ingress': end
[22:09:16.936] [bmv2] [D] [thread 7668] [25.0] [cxt 0] Egress port is 0
[22:09:16.937] [bmv2] [D] [thread 7669] [25.0] [cxt 0] Pipeline 'egress': start
[22:09:16.937] [bmv2] [D] [thread 7669] [25.0] [cxt 0] Pipeline 'egress': end
[22:09:16.937] [bmv2] [D] [thread 7669] [25.0] [cxt 0] Deparser 'deparser': start
[22:09:16.937] [bmv2] [T] [thread 7669] [25.0] [cxt 0] Skipping checksum 'cksum' update because condition not met
[22:09:16.938] [bmv2] [D] [thread 7669] [25.0] [cxt 0] Deparsing header 'ethernet'
[22:09:16.938] [bmv2] [D] [thread 7669] [25.0] [cxt 0] Deparser 'deparser': end
[22:09:16.939] [bmv2] [D] [thread 7673] [25.0] [cxt 0] Transmitting packet of size 70 out of port 0
[22:09:37.422] [bmv2] [D] [thread 7668] [26.0] [cxt 0] Processing packet received on port 2
[22:09:37.422] [bmv2] [D] [thread 7668] [26.0] [cxt 0] Parser 'parser': start
[22:09:37.422] [bmv2] [D] [thread 7668] [26.0] [cxt 0] Parser 'parser' entering state 'start'
[22:09:37.422] [bmv2] [D] [thread 7668] [26.0] [cxt 0] Extracting header 'ethernet'
[22:09:37.423] [bmv2] [D] [thread 7668] [26.0] [cxt 0] Parser state 'start': key is 86dd
[22:09:37.423] [bmv2] [T] [thread 7668] [26.0] [cxt 0] Bytes parsed: 14
[22:09:37.423] [bmv2] [D] [thread 7668] [26.0] [cxt 0] Parser 'parser': end
[22:09:37.423] [bmv2] [D] [thread 7668] [26.0] [cxt 0] Pipeline 'ingress': start
[22:09:37.423] [bmv2] [T] [thread 7668] [26.0] [cxt 0] qos.p4(197) Condition "hdr.ipv4.isValid()" (node_2) is false
[22:09:37.423] [bmv2] [D] [thread 7668] [26.0] [cxt 0] Pipeline 'ingress': end
[22:09:37.423] [bmv2] [D] [thread 7668] [26.0] [cxt 0] Egress port is 0
[22:09:37.423] [bmv2] [D] [thread 7669] [26.0] [cxt 0] Pipeline 'egress': start
[22:09:37.423] [bmv2] [D] [thread 7669] [26.0] [cxt 0] Pipeline 'egress': end
[22:09:37.423] [bmv2] [D] [thread 7669] [26.0] [cxt 0] Deparser 'deparser': start
[22:09:37.423] [bmv2] [T] [thread 7669] [26.0] [cxt 0] Skipping checksum 'cksum' update because condition not met
[22:09:37.424] [bmv2] [D] [thread 7669] [26.0] [cxt 0] Deparsing header 'ethernet'
[22:09:37.424] [bmv2] [D] [thread 7669] [26.0] [cxt 0] Deparser 'deparser': end
[22:09:37.424] [bmv2] [D] [thread 7673] [26.0] [cxt 0] Transmitting packet of size 70 out of port 0
[22:09:37.424] [bmv2] [D] [thread 7668] [27.0] [cxt 0] Processing packet received on port 3
[22:09:37.425] [bmv2] [D] [thread 7668] [27.0] [cxt 0] Parser 'parser': start
[22:09:37.425] [bmv2] [D] [thread 7668] [27.0] [cxt 0] Parser 'parser' entering state 'start'
[22:09:37.425] [bmv2] [D] [thread 7668] [27.0] [cxt 0] Extracting header 'ethernet'
[22:09:37.425] [bmv2] [D] [thread 7668] [27.0] [cxt 0] Parser state 'start': key is 86dd
[22:09:37.425] [bmv2] [T] [thread 7668] [27.0] [cxt 0] Bytes parsed: 14
[22:09:37.425] [bmv2] [D] [thread 7668] [27.0] [cxt 0] Parser 'parser': end
[22:09:37.425] [bmv2] [D] [thread 7668] [27.0] [cxt 0] Pipeline 'ingress': start
[22:09:37.425] [bmv2] [T] [thread 7668] [27.0] [cxt 0] qos.p4(197) Condition "hdr.ipv4.isValid()" (node_2) is false
[22:09:37.425] [bmv2] [D] [thread 7668] [27.0] [cxt 0] Pipeline 'ingress': end
[22:09:37.425] [bmv2] [D] [thread 7668] [27.0] [cxt 0] Egress port is 0
[22:09:37.426] [bmv2] [D] [thread 7669] [27.0] [cxt 0] Pipeline 'egress': start
[22:09:37.426] [bmv2] [D] [thread 7669] [27.0] [cxt 0] Pipeline 'egress': end
[22:09:37.426] [bmv2] [D] [thread 7669] [27.0] [cxt 0] Deparser 'deparser': start
[22:09:37.426] [bmv2] [T] [thread 7669] [27.0] [cxt 0] Skipping checksum 'cksum' update because condition not met
[22:09:37.427] [bmv2] [D] [thread 7669] [27.0] [cxt 0] Deparsing header 'ethernet'
[22:09:37.427] [bmv2] [D] [thread 7669] [27.0] [cxt 0] Deparser 'deparser': end
[22:09:37.427] [bmv2] [D] [thread 7673] [27.0] [cxt 0] Transmitting packet of size 70 out of port 0
[22:09:53.799] [bmv2] [D] [thread 7668] [28.0] [cxt 0] Processing packet received on port 2
[22:09:53.799] [bmv2] [D] [thread 7668] [28.0] [cxt 0] Parser 'parser': start
[22:09:53.799] [bmv2] [D] [thread 7668] [28.0] [cxt 0] Parser 'parser' entering state 'start'
[22:09:53.799] [bmv2] [D] [thread 7668] [28.0] [cxt 0] Extracting header 'ethernet'
[22:09:53.800] [bmv2] [D] [thread 7668] [28.0] [cxt 0] Parser state 'start': key is 86dd
[22:09:53.800] [bmv2] [T] [thread 7668] [28.0] [cxt 0] Bytes parsed: 14
[22:09:53.800] [bmv2] [D] [thread 7668] [28.0] [cxt 0] Parser 'parser': end
[22:09:53.800] [bmv2] [D] [thread 7668] [28.0] [cxt 0] Pipeline 'ingress': start
[22:09:53.800] [bmv2] [T] [thread 7668] [28.0] [cxt 0] qos.p4(197) Condition "hdr.ipv4.isValid()" (node_2) is false
[22:09:53.800] [bmv2] [D] [thread 7668] [28.0] [cxt 0] Pipeline 'ingress': end
[22:09:53.800] [bmv2] [D] [thread 7668] [28.0] [cxt 0] Egress port is 0
[22:09:53.806] [bmv2] [D] [thread 7669] [28.0] [cxt 0] Pipeline 'egress': start
[22:09:53.806] [bmv2] [D] [thread 7669] [28.0] [cxt 0] Pipeline 'egress': end
[22:09:53.806] [bmv2] [D] [thread 7669] [28.0] [cxt 0] Deparser 'deparser': start
[22:09:53.806] [bmv2] [T] [thread 7669] [28.0] [cxt 0] Skipping checksum 'cksum' update because condition not met
[22:09:53.806] [bmv2] [D] [thread 7669] [28.0] [cxt 0] Deparsing header 'ethernet'
[22:09:53.806] [bmv2] [D] [thread 7669] [28.0] [cxt 0] Deparser 'deparser': end
[22:09:53.806] [bmv2] [D] [thread 7673] [28.0] [cxt 0] Transmitting packet of size 70 out of port 0
[22:09:53.807] [bmv2] [D] [thread 7668] [29.0] [cxt 0] Processing packet received on port 3
[22:09:53.807] [bmv2] [D] [thread 7668] [29.0] [cxt 0] Parser 'parser': start
[22:09:53.807] [bmv2] [D] [thread 7668] [29.0] [cxt 0] Parser 'parser' entering state 'start'
[22:09:53.807] [bmv2] [D] [thread 7668] [29.0] [cxt 0] Extracting header 'ethernet'
[22:09:53.807] [bmv2] [D] [thread 7668] [29.0] [cxt 0] Parser state 'start': key is 86dd
[22:09:53.807] [bmv2] [T] [thread 7668] [29.0] [cxt 0] Bytes parsed: 14
[22:09:53.807] [bmv2] [D] [thread 7668] [29.0] [cxt 0] Parser 'parser': end
[22:09:53.807] [bmv2] [D] [thread 7668] [29.0] [cxt 0] Pipeline 'ingress': start
[22:09:53.807] [bmv2] [T] [thread 7668] [29.0] [cxt 0] qos.p4(197) Condition "hdr.ipv4.isValid()" (node_2) is false
[22:09:53.807] [bmv2] [D] [thread 7668] [29.0] [cxt 0] Pipeline 'ingress': end
[22:09:53.807] [bmv2] [D] [thread 7668] [29.0] [cxt 0] Egress port is 0
[22:09:53.810] [bmv2] [D] [thread 7669] [29.0] [cxt 0] Pipeline 'egress': start
[22:09:53.810] [bmv2] [D] [thread 7669] [29.0] [cxt 0] Pipeline 'egress': end
[22:09:53.810] [bmv2] [D] [thread 7669] [29.0] [cxt 0] Deparser 'deparser': start
[22:09:53.810] [bmv2] [T] [thread 7669] [29.0] [cxt 0] Skipping checksum 'cksum' update because condition not met
[22:09:53.810] [bmv2] [D] [thread 7669] [29.0] [cxt 0] Deparsing header 'ethernet'
[22:09:53.810] [bmv2] [D] [thread 7669] [29.0] [cxt 0] Deparser 'deparser': end
[22:09:53.810] [bmv2] [D] [thread 7673] [29.0] [cxt 0] Transmitting packet of size 70 out of port 0
[22:13:26.790] [bmv2] [D] [thread 7668] [30.0] [cxt 0] Processing packet received on port 1
[22:13:26.790] [bmv2] [D] [thread 7668] [30.0] [cxt 0] Parser 'parser': start
[22:13:26.791] [bmv2] [D] [thread 7668] [30.0] [cxt 0] Parser 'parser' entering state 'start'
[22:13:26.791] [bmv2] [D] [thread 7668] [30.0] [cxt 0] Extracting header 'ethernet'
[22:13:26.791] [bmv2] [D] [thread 7668] [30.0] [cxt 0] Parser state 'start': key is 86dd
[22:13:26.792] [bmv2] [T] [thread 7668] [30.0] [cxt 0] Bytes parsed: 14
[22:13:26.792] [bmv2] [D] [thread 7668] [30.0] [cxt 0] Parser 'parser': end
[22:13:26.792] [bmv2] [D] [thread 7668] [30.0] [cxt 0] Pipeline 'ingress': start
[22:13:26.792] [bmv2] [T] [thread 7668] [30.0] [cxt 0] qos.p4(197) Condition "hdr.ipv4.isValid()" (node_2) is false
[22:13:26.792] [bmv2] [D] [thread 7668] [30.0] [cxt 0] Pipeline 'ingress': end
[22:13:26.792] [bmv2] [D] [thread 7668] [30.0] [cxt 0] Egress port is 0
[22:13:26.795] [bmv2] [D] [thread 7669] [30.0] [cxt 0] Pipeline 'egress': start
[22:13:26.795] [bmv2] [D] [thread 7669] [30.0] [cxt 0] Pipeline 'egress': end
[22:13:26.795] [bmv2] [D] [thread 7669] [30.0] [cxt 0] Deparser 'deparser': start
[22:13:26.795] [bmv2] [T] [thread 7669] [30.0] [cxt 0] Skipping checksum 'cksum' update because condition not met
[22:13:26.795] [bmv2] [D] [thread 7669] [30.0] [cxt 0] Deparsing header 'ethernet'
[22:13:26.795] [bmv2] [D] [thread 7669] [30.0] [cxt 0] Deparser 'deparser': end
[22:13:26.796] [bmv2] [D] [thread 7673] [30.0] [cxt 0] Transmitting packet of size 70 out of port 0
[22:14:15.939] [bmv2] [D] [thread 7668] [31.0] [cxt 0] Processing packet received on port 3
[22:14:15.939] [bmv2] [D] [thread 7668] [31.0] [cxt 0] Parser 'parser': start
[22:14:15.939] [bmv2] [D] [thread 7668] [31.0] [cxt 0] Parser 'parser' entering state 'start'
[22:14:15.939] [bmv2] [D] [thread 7668] [31.0] [cxt 0] Extracting header 'ethernet'
[22:14:15.939] [bmv2] [D] [thread 7668] [31.0] [cxt 0] Parser state 'start': key is 86dd
[22:14:15.939] [bmv2] [T] [thread 7668] [31.0] [cxt 0] Bytes parsed: 14
[22:14:15.939] [bmv2] [D] [thread 7668] [31.0] [cxt 0] Parser 'parser': end
[22:14:15.939] [bmv2] [D] [thread 7668] [31.0] [cxt 0] Pipeline 'ingress': start
[22:14:15.939] [bmv2] [T] [thread 7668] [31.0] [cxt 0] qos.p4(197) Condition "hdr.ipv4.isValid()" (node_2) is false
[22:14:15.939] [bmv2] [D] [thread 7668] [31.0] [cxt 0] Pipeline 'ingress': end
[22:14:15.939] [bmv2] [D] [thread 7668] [31.0] [cxt 0] Egress port is 0
[22:14:15.939] [bmv2] [D] [thread 7669] [31.0] [cxt 0] Pipeline 'egress': start
[22:14:15.939] [bmv2] [D] [thread 7669] [31.0] [cxt 0] Pipeline 'egress': end
[22:14:15.940] [bmv2] [D] [thread 7669] [31.0] [cxt 0] Deparser 'deparser': start
[22:14:15.940] [bmv2] [T] [thread 7669] [31.0] [cxt 0] Skipping checksum 'cksum' update because condition not met
[22:14:15.940] [bmv2] [D] [thread 7669] [31.0] [cxt 0] Deparsing header 'ethernet'
[22:14:15.940] [bmv2] [D] [thread 7669] [31.0] [cxt 0] Deparser 'deparser': end
[22:14:15.940] [bmv2] [D] [thread 7673] [31.0] [cxt 0] Transmitting packet of size 70 out of port 0
[22:14:32.322] [bmv2] [D] [thread 7668] [32.0] [cxt 0] Processing packet received on port 2
[22:14:32.322] [bmv2] [D] [thread 7668] [32.0] [cxt 0] Parser 'parser': start
[22:14:32.322] [bmv2] [D] [thread 7668] [32.0] [cxt 0] Parser 'parser' entering state 'start'
[22:14:32.322] [bmv2] [D] [thread 7668] [32.0] [cxt 0] Extracting header 'ethernet'
[22:14:32.322] [bmv2] [D] [thread 7668] [32.0] [cxt 0] Parser state 'start': key is 86dd
[22:14:32.322] [bmv2] [T] [thread 7668] [32.0] [cxt 0] Bytes parsed: 14
[22:14:32.323] [bmv2] [D] [thread 7668] [32.0] [cxt 0] Parser 'parser': end
[22:14:32.323] [bmv2] [D] [thread 7668] [32.0] [cxt 0] Pipeline 'ingress': start
[22:14:32.323] [bmv2] [T] [thread 7668] [32.0] [cxt 0] qos.p4(197) Condition "hdr.ipv4.isValid()" (node_2) is false
[22:14:32.323] [bmv2] [D] [thread 7668] [32.0] [cxt 0] Pipeline 'ingress': end
[22:14:32.323] [bmv2] [D] [thread 7668] [32.0] [cxt 0] Egress port is 0
[22:14:32.323] [bmv2] [D] [thread 7668] [33.0] [cxt 0] Processing packet received on port 3
[22:14:32.323] [bmv2] [D] [thread 7668] [33.0] [cxt 0] Parser 'parser': start
[22:14:32.323] [bmv2] [D] [thread 7668] [33.0] [cxt 0] Parser 'parser' entering state 'start'
[22:14:32.323] [bmv2] [D] [thread 7668] [33.0] [cxt 0] Extracting header 'ethernet'
[22:14:32.323] [bmv2] [D] [thread 7668] [33.0] [cxt 0] Parser state 'start': key is 86dd
[22:14:32.323] [bmv2] [T] [thread 7668] [33.0] [cxt 0] Bytes parsed: 14
[22:14:32.323] [bmv2] [D] [thread 7668] [33.0] [cxt 0] Parser 'parser': end
[22:14:32.323] [bmv2] [D] [thread 7668] [33.0] [cxt 0] Pipeline 'ingress': start
[22:14:32.323] [bmv2] [T] [thread 7668] [33.0] [cxt 0] qos.p4(197) Condition "hdr.ipv4.isValid()" (node_2) is false
[22:14:32.323] [bmv2] [D] [thread 7668] [33.0] [cxt 0] Pipeline 'ingress': end
[22:14:32.323] [bmv2] [D] [thread 7668] [33.0] [cxt 0] Egress port is 0
[22:14:32.323] [bmv2] [D] [thread 7669] [32.0] [cxt 0] Pipeline 'egress': start
[22:14:32.323] [bmv2] [D] [thread 7669] [32.0] [cxt 0] Pipeline 'egress': end
[22:14:32.323] [bmv2] [D] [thread 7669] [32.0] [cxt 0] Deparser 'deparser': start
[22:14:32.323] [bmv2] [T] [thread 7669] [32.0] [cxt 0] Skipping checksum 'cksum' update because condition not met
[22:14:32.323] [bmv2] [D] [thread 7669] [32.0] [cxt 0] Deparsing header 'ethernet'
[22:14:32.323] [bmv2] [D] [thread 7669] [32.0] [cxt 0] Deparser 'deparser': end
[22:14:32.323] [bmv2] [D] [thread 7669] [33.0] [cxt 0] Pipeline 'egress': start
[22:14:32.323] [bmv2] [D] [thread 7669] [33.0] [cxt 0] Pipeline 'egress': end
[22:14:32.323] [bmv2] [D] [thread 7669] [33.0] [cxt 0] Deparser 'deparser': start
[22:14:32.323] [bmv2] [T] [thread 7669] [33.0] [cxt 0] Skipping checksum 'cksum' update because condition not met
[22:14:32.323] [bmv2] [D] [thread 7669] [33.0] [cxt 0] Deparsing header 'ethernet'
[22:14:32.323] [bmv2] [D] [thread 7669] [33.0] [cxt 0] Deparser 'deparser': end
[22:14:32.323] [bmv2] [D] [thread 7673] [32.0] [cxt 0] Transmitting packet of size 70 out of port 0
[22:14:32.323] [bmv2] [D] [thread 7673] [33.0] [cxt 0] Transmitting packet of size 70 out of port 0
[22:14:48.709] [bmv2] [D] [thread 7668] [34.0] [cxt 0] Processing packet received on port 2
[22:14:48.709] [bmv2] [D] [thread 7668] [34.0] [cxt 0] Parser 'parser': start
[22:14:48.712] [bmv2] [D] [thread 7668] [34.0] [cxt 0] Parser 'parser' entering state 'start'
[22:14:48.713] [bmv2] [D] [thread 7668] [34.0] [cxt 0] Extracting header 'ethernet'
[22:14:48.713] [bmv2] [D] [thread 7668] [34.0] [cxt 0] Parser state 'start': key is 86dd
[22:14:48.713] [bmv2] [T] [thread 7668] [34.0] [cxt 0] Bytes parsed: 14
[22:14:48.713] [bmv2] [D] [thread 7668] [34.0] [cxt 0] Parser 'parser': end
[22:14:48.714] [bmv2] [D] [thread 7668] [34.0] [cxt 0] Pipeline 'ingress': start
[22:14:48.714] [bmv2] [T] [thread 7668] [34.0] [cxt 0] qos.p4(197) Condition "hdr.ipv4.isValid()" (node_2) is false
[22:14:48.714] [bmv2] [D] [thread 7668] [34.0] [cxt 0] Pipeline 'ingress': end
[22:14:48.714] [bmv2] [D] [thread 7668] [34.0] [cxt 0] Egress port is 0
[22:14:48.717] [bmv2] [D] [thread 7669] [34.0] [cxt 0] Pipeline 'egress': start
[22:14:48.717] [bmv2] [D] [thread 7669] [34.0] [cxt 0] Pipeline 'egress': end
[22:14:48.717] [bmv2] [D] [thread 7669] [34.0] [cxt 0] Deparser 'deparser': start
[22:14:48.717] [bmv2] [T] [thread 7669] [34.0] [cxt 0] Skipping checksum 'cksum' update because condition not met
[22:14:48.718] [bmv2] [D] [thread 7669] [34.0] [cxt 0] Deparsing header 'ethernet'
[22:14:48.718] [bmv2] [D] [thread 7669] [34.0] [cxt 0] Deparser 'deparser': end
[22:14:48.718] [bmv2] [D] [thread 7673] [34.0] [cxt 0] Transmitting packet of size 70 out of port 0
open: No such file or directory
open: No such file or directory
open: No such file or directory
open: No such file or directory
open: No such file or directory
