###[ Ethernet ]### 
  dst       = ff:ff:ff:ff:ff:ff
  src       = 08:00:00:00:01:11
  type      = n_802_1Q
###[ 802.1Q ]### 
     prio      = 2
     id        = 0
     vlan      = 1
     type      = IPv4
###[ IP ]### 
        version   = 4
        ihl       = 5
        tos       = 0x28
        len       = 28
        id        = 1
        flags     = 
        frag      = 0
        ttl       = 64
        proto     = udp
        chksum    = 0x639c
        src       = 10.0.1.11
        dst       = 10.0.2.2
        \options   \
###[ UDP ]### 
           sport     = 1234
           dport     = 4321
           len       = 8
           chksum    = 0xd31e

Sending packets to 10.0.2.2 for 10 seconds with DSCP 10, PCP 2...
Packet sent at 0.01 seconds.
Packet sent at 0.04 seconds.
Packet sent at 0.06 seconds.
Packet sent at 0.08 seconds.
Packet sent at 0.09 seconds.
Packet sent at 0.12 seconds.
Packet sent at 0.14 seconds.
Packet sent at 0.16 seconds.
Packet sent at 0.18 seconds.
Packet sent at 0.20 seconds.
Packet sent at 0.23 seconds.
Packet sent at 0.25 seconds.
Packet sent at 0.27 seconds.
Packet sent at 0.30 seconds.
Packet sent at 0.30 seconds.
Packet sent at 0.32 seconds.
Packet sent at 0.35 seconds.
Packet sent at 0.37 seconds.
Packet sent at 0.40 seconds.
Packet sent at 0.42 seconds.
Packet sent at 0.44 seconds.
Packet sent at 0.46 seconds.
Packet sent at 0.47 seconds.
Packet sent at 0.50 seconds.
Packet sent at 0.52 seconds.
Packet sent at 0.54 seconds.
Packet sent at 0.56 seconds.
Packet sent at 0.59 seconds.
Packet sent at 0.60 seconds.
Packet sent at 0.63 seconds.
Packet sent at 0.65 seconds.
Packet sent at 0.68 seconds.
Packet sent at 0.70 seconds.
Packet sent at 0.72 seconds.
Packet sent at 0.73 seconds.
Packet sent at 0.76 seconds.
Packet sent at 0.77 seconds.
Packet sent at 0.81 seconds.
Packet sent at 0.85 seconds.
Packet sent at 0.87 seconds.
Packet sent at 0.89 seconds.
Packet sent at 0.92 seconds.
Packet sent at 0.94 seconds.
Packet sent at 0.96 seconds.
Packet sent at 0.98 seconds.
Packet sent at 1.01 seconds.
Packet sent at 1.02 seconds.
Packet sent at 1.04 seconds.
Packet sent at 1.06 seconds.
Packet sent at 1.08 seconds.
Packet sent at 1.11 seconds.
Packet sent at 1.12 seconds.
Packet sent at 1.14 seconds.
Packet sent at 1.16 seconds.
Packet sent at 1.19 seconds.
Packet sent at 1.21 seconds.
Packet sent at 1.23 seconds.
Packet sent at 1.25 seconds.
Packet sent at 1.27 seconds.
Packet sent at 1.28 seconds.
Packet sent at 1.31 seconds.
Packet sent at 1.34 seconds.
Packet sent at 1.36 seconds.
Packet sent at 1.38 seconds.
Packet sent at 1.40 seconds.
Packet sent at 1.42 seconds.
Packet sent at 1.44 seconds.
Packet sent at 1.46 seconds.
Packet sent at 1.48 seconds.
Packet sent at 1.49 seconds.
Packet sent at 1.52 seconds.
Packet sent at 1.54 seconds.
Packet sent at 1.56 seconds.
Packet sent at 1.58 seconds.
Packet sent at 1.61 seconds.
Packet sent at 1.63 seconds.
Packet sent at 1.66 seconds.
Packet sent at 1.68 seconds.
Packet sent at 1.70 seconds.
Packet sent at 1.72 seconds.
Packet sent at 1.74 seconds.
Packet sent at 1.76 seconds.
Packet sent at 1.79 seconds.
Packet sent at 1.81 seconds.
Packet sent at 1.81 seconds.
Packet sent at 1.83 seconds.
Packet sent at 1.86 seconds.
Packet sent at 1.88 seconds.
Packet sent at 1.90 seconds.
Packet sent at 1.93 seconds.
Packet sent at 1.95 seconds.
Packet sent at 1.98 seconds.
Packet sent at 2.00 seconds.
Packet sent at 2.02 seconds.
Packet sent at 2.04 seconds.
Packet sent at 2.07 seconds.
Packet sent at 2.09 seconds.
Packet sent at 2.12 seconds.
Packet sent at 2.14 seconds.
Packet sent at 2.16 seconds.
Packet sent at 2.19 seconds.
Packet sent at 2.21 seconds.
Packet sent at 2.23 seconds.
Packet sent at 2.25 seconds.
Packet sent at 2.26 seconds.
Packet sent at 2.29 seconds.
Packet sent at 2.31 seconds.
Packet sent at 2.33 seconds.
Packet sent at 2.34 seconds.
Packet sent at 2.36 seconds.
Packet sent at 2.39 seconds.
Packet sent at 2.41 seconds.
Packet sent at 2.43 seconds.
Packet sent at 2.44 seconds.
Packet sent at 2.47 seconds.
Packet sent at 2.49 seconds.
Packet sent at 2.51 seconds.
Packet sent at 2.54 seconds.
Packet sent at 2.56 seconds.
Packet sent at 2.57 seconds.
Packet sent at 2.60 seconds.
Packet sent at 2.62 seconds.
Packet sent at 2.63 seconds.
Packet sent at 2.65 seconds.
Packet sent at 2.68 seconds.
Packet sent at 2.69 seconds.
Packet sent at 2.71 seconds.
Packet sent at 2.72 seconds.
Packet sent at 2.75 seconds.
Packet sent at 2.76 seconds.
Packet sent at 2.79 seconds.
Packet sent at 2.80 seconds.
Packet sent at 2.83 seconds.
Packet sent at 2.84 seconds.
Packet sent at 2.86 seconds.
Packet sent at 2.89 seconds.
Packet sent at 2.91 seconds.
Packet sent at 2.93 seconds.
Packet sent at 2.95 seconds.
Packet sent at 2.98 seconds.
Packet sent at 2.98 seconds.
Packet sent at 3.01 seconds.
Packet sent at 3.03 seconds.
Packet sent at 3.06 seconds.
Packet sent at 3.08 seconds.
Packet sent at 3.10 seconds.
Packet sent at 3.13 seconds.
Packet sent at 3.15 seconds.
Packet sent at 3.17 seconds.
Packet sent at 3.19 seconds.
Packet sent at 3.21 seconds.
Packet sent at 3.25 seconds.
Packet sent at 3.27 seconds.
Packet sent at 3.29 seconds.
Packet sent at 3.32 seconds.
Packet sent at 3.33 seconds.
Packet sent at 3.35 seconds.
Packet sent at 3.38 seconds.
Packet sent at 3.39 seconds.
Packet sent at 3.41 seconds.
Packet sent at 3.43 seconds.
Packet sent at 3.46 seconds.
Packet sent at 3.47 seconds.
Packet sent at 3.50 seconds.
Packet sent at 3.51 seconds.
Packet sent at 3.53 seconds.
Packet sent at 3.55 seconds.
Packet sent at 3.58 seconds.
Packet sent at 3.60 seconds.
Packet sent at 3.62 seconds.
Packet sent at 3.64 seconds.
Packet sent at 3.68 seconds.
Packet sent at 3.68 seconds.
Packet sent at 3.70 seconds.
Packet sent at 3.73 seconds.
Packet sent at 3.75 seconds.
Packet sent at 3.77 seconds.
Packet sent at 3.79 seconds.
Packet sent at 3.80 seconds.
Packet sent at 3.83 seconds.
Packet sent at 3.85 seconds.
Packet sent at 3.87 seconds.
Packet sent at 3.92 seconds.
Packet sent at 3.94 seconds.
Packet sent at 3.96 seconds.
Packet sent at 3.98 seconds.
Packet sent at 3.99 seconds.
Packet sent at 4.01 seconds.
Packet sent at 4.03 seconds.
Packet sent at 4.04 seconds.
Packet sent at 4.06 seconds.
Packet sent at 4.08 seconds.
Packet sent at 4.09 seconds.
Packet sent at 4.11 seconds.
Packet sent at 4.13 seconds.
Packet sent at 4.15 seconds.
Packet sent at 4.16 seconds.
Packet sent at 4.18 seconds.
Packet sent at 4.20 seconds.
Packet sent at 4.21 seconds.
Packet sent at 4.23 seconds.
Packet sent at 4.24 seconds.
Packet sent at 4.26 seconds.
Packet sent at 4.28 seconds.
Packet sent at 4.30 seconds.
Packet sent at 4.32 seconds.
Packet sent at 4.34 seconds.
Packet sent at 4.36 seconds.
Packet sent at 4.37 seconds.
Packet sent at 4.39 seconds.
Packet sent at 4.42 seconds.
Packet sent at 4.44 seconds.
Packet sent at 4.46 seconds.
Packet sent at 4.47 seconds.
Packet sent at 4.49 seconds.
Packet sent at 4.50 seconds.
Packet sent at 4.51 seconds.
Packet sent at 4.53 seconds.
Packet sent at 4.55 seconds.
Packet sent at 4.57 seconds.
Packet sent at 4.59 seconds.
Packet sent at 4.60 seconds.
Packet sent at 4.63 seconds.
Packet sent at 4.64 seconds.
Packet sent at 4.66 seconds.
Packet sent at 4.69 seconds.
Packet sent at 4.70 seconds.
Packet sent at 4.72 seconds.
Packet sent at 4.74 seconds.
Packet sent at 4.75 seconds.
Packet sent at 4.77 seconds.
Packet sent at 4.79 seconds.
Packet sent at 4.81 seconds.
Packet sent at 4.82 seconds.
Packet sent at 4.84 seconds.
Packet sent at 4.86 seconds.
Packet sent at 4.88 seconds.
Packet sent at 4.89 seconds.
Packet sent at 4.91 seconds.
Packet sent at 4.92 seconds.
Packet sent at 4.94 seconds.
Packet sent at 4.97 seconds.
Packet sent at 4.99 seconds.
Packet sent at 5.00 seconds.
Packet sent at 5.02 seconds.
Packet sent at 5.04 seconds.
Packet sent at 5.05 seconds.
Packet sent at 5.07 seconds.
Packet sent at 5.08 seconds.
Packet sent at 5.09 seconds.
Packet sent at 5.10 seconds.
Packet sent at 5.12 seconds.
Packet sent at 5.13 seconds.
Packet sent at 5.14 seconds.
Packet sent at 5.16 seconds.
Packet sent at 5.17 seconds.
Packet sent at 5.18 seconds.
Packet sent at 5.20 seconds.
Packet sent at 5.23 seconds.
Packet sent at 5.26 seconds.
Packet sent at 5.27 seconds.
Packet sent at 5.29 seconds.
Packet sent at 5.30 seconds.
Packet sent at 5.32 seconds.
Packet sent at 5.33 seconds.
Packet sent at 5.35 seconds.
Packet sent at 5.36 seconds.
Packet sent at 5.38 seconds.
Packet sent at 5.39 seconds.
Packet sent at 5.41 seconds.
Packet sent at 5.42 seconds.
Packet sent at 5.44 seconds.
Packet sent at 5.46 seconds.
Packet sent at 5.47 seconds.
Packet sent at 5.49 seconds.
Packet sent at 5.50 seconds.
Packet sent at 5.51 seconds.
Packet sent at 5.53 seconds.
Packet sent at 5.54 seconds.
Packet sent at 5.56 seconds.
Packet sent at 5.57 seconds.
Packet sent at 5.59 seconds.
Packet sent at 5.60 seconds.
Packet sent at 5.62 seconds.
Packet sent at 5.63 seconds.
Packet sent at 5.65 seconds.
Packet sent at 5.66 seconds.
Packet sent at 5.68 seconds.
Packet sent at 5.69 seconds.
Packet sent at 5.70 seconds.
Packet sent at 5.73 seconds.
Packet sent at 5.74 seconds.
Packet sent at 5.76 seconds.
Packet sent at 5.78 seconds.
Packet sent at 5.79 seconds.
Packet sent at 5.81 seconds.
Packet sent at 5.82 seconds.
Packet sent at 5.83 seconds.
Packet sent at 5.85 seconds.
Packet sent at 5.86 seconds.
Packet sent at 5.88 seconds.
Packet sent at 5.89 seconds.
Packet sent at 5.91 seconds.
Packet sent at 5.92 seconds.
Packet sent at 5.94 seconds.
Packet sent at 5.95 seconds.
Packet sent at 5.97 seconds.
Packet sent at 5.98 seconds.
Packet sent at 6.00 seconds.
Packet sent at 6.02 seconds.
Packet sent at 6.03 seconds.
Packet sent at 6.04 seconds.
Packet sent at 6.06 seconds.
Packet sent at 6.07 seconds.
Packet sent at 6.09 seconds.
Packet sent at 6.10 seconds.
Packet sent at 6.11 seconds.
Packet sent at 6.12 seconds.
Packet sent at 6.14 seconds.
Packet sent at 6.16 seconds.
Packet sent at 6.17 seconds.
Packet sent at 6.18 seconds.
Packet sent at 6.19 seconds.
Packet sent at 6.21 seconds.
Packet sent at 6.22 seconds.
Packet sent at 6.23 seconds.
Packet sent at 6.25 seconds.
Packet sent at 6.26 seconds.
Packet sent at 6.27 seconds.
Packet sent at 6.29 seconds.
Packet sent at 6.30 seconds.
Packet sent at 6.32 seconds.
Packet sent at 6.33 seconds.
Packet sent at 6.35 seconds.
Packet sent at 6.37 seconds.
Packet sent at 6.38 seconds.
Packet sent at 6.40 seconds.
Packet sent at 6.41 seconds.
Packet sent at 6.42 seconds.
Packet sent at 6.43 seconds.
Packet sent at 6.45 seconds.
Packet sent at 6.46 seconds.
Packet sent at 6.48 seconds.
Packet sent at 6.49 seconds.
Packet sent at 6.50 seconds.
Packet sent at 6.52 seconds.
Packet sent at 6.53 seconds.
Packet sent at 6.55 seconds.
Packet sent at 6.57 seconds.
Packet sent at 6.58 seconds.
Packet sent at 6.60 seconds.
Packet sent at 6.61 seconds.
Packet sent at 6.63 seconds.
Packet sent at 6.64 seconds.
Packet sent at 6.66 seconds.
Packet sent at 6.67 seconds.
Packet sent at 6.69 seconds.
Packet sent at 6.70 seconds.
Packet sent at 6.71 seconds.
Packet sent at 6.73 seconds.
Packet sent at 6.74 seconds.
Packet sent at 6.76 seconds.
Packet sent at 6.76 seconds.
Packet sent at 6.79 seconds.
Packet sent at 6.80 seconds.
Packet sent at 6.81 seconds.
Packet sent at 6.82 seconds.
Packet sent at 6.84 seconds.
Packet sent at 6.85 seconds.
Packet sent at 6.86 seconds.
Packet sent at 6.88 seconds.
Packet sent at 6.89 seconds.
Packet sent at 6.90 seconds.
Packet sent at 6.92 seconds.
Packet sent at 6.93 seconds.
Packet sent at 6.94 seconds.
Packet sent at 6.97 seconds.
Packet sent at 6.98 seconds.
Packet sent at 6.98 seconds.
Packet sent at 7.00 seconds.
Packet sent at 7.01 seconds.
Packet sent at 7.02 seconds.
Packet sent at 7.03 seconds.
Packet sent at 7.05 seconds.
Packet sent at 7.06 seconds.
Packet sent at 7.08 seconds.
Packet sent at 7.09 seconds.
Packet sent at 7.10 seconds.
Packet sent at 7.12 seconds.
Packet sent at 7.13 seconds.
Packet sent at 7.15 seconds.
Packet sent at 7.17 seconds.
Packet sent at 7.18 seconds.
Packet sent at 7.20 seconds.
Packet sent at 7.21 seconds.
Packet sent at 7.22 seconds.
Packet sent at 7.24 seconds.
Packet sent at 7.25 seconds.
Packet sent at 7.26 seconds.
Packet sent at 7.28 seconds.
Packet sent at 7.29 seconds.
Packet sent at 7.31 seconds.
Packet sent at 7.32 seconds.
Packet sent at 7.33 seconds.
Packet sent at 7.34 seconds.
Packet sent at 7.36 seconds.
Packet sent at 7.37 seconds.
Packet sent at 7.38 seconds.
Packet sent at 7.40 seconds.
Packet sent at 7.42 seconds.
Packet sent at 7.43 seconds.
Packet sent at 7.44 seconds.
Packet sent at 7.46 seconds.
Packet sent at 7.47 seconds.
Packet sent at 7.49 seconds.
Packet sent at 7.50 seconds.
Packet sent at 7.52 seconds.
Packet sent at 7.54 seconds.
Packet sent at 7.55 seconds.
Packet sent at 7.57 seconds.
Packet sent at 7.58 seconds.
Packet sent at 7.59 seconds.
Packet sent at 7.60 seconds.
Packet sent at 7.62 seconds.
Packet sent at 7.63 seconds.
Packet sent at 7.65 seconds.
Packet sent at 7.66 seconds.
Packet sent at 7.68 seconds.
Packet sent at 7.70 seconds.
Packet sent at 7.71 seconds.
Packet sent at 7.72 seconds.
Packet sent at 7.74 seconds.
Packet sent at 7.76 seconds.
Packet sent at 7.77 seconds.
Packet sent at 7.78 seconds.
Packet sent at 7.80 seconds.
Packet sent at 7.81 seconds.
Packet sent at 7.83 seconds.
Packet sent at 7.84 seconds.
Packet sent at 7.86 seconds.
Packet sent at 7.88 seconds.
Packet sent at 7.89 seconds.
Packet sent at 7.91 seconds.
Packet sent at 7.92 seconds.
Packet sent at 7.93 seconds.
Packet sent at 7.95 seconds.
Packet sent at 7.96 seconds.
Packet sent at 7.98 seconds.
Packet sent at 8.00 seconds.
Packet sent at 8.01 seconds.
Packet sent at 8.03 seconds.
Packet sent at 8.04 seconds.
Packet sent at 8.05 seconds.
Packet sent at 8.07 seconds.
Packet sent at 8.08 seconds.
Packet sent at 8.10 seconds.
Packet sent at 8.10 seconds.
Packet sent at 8.12 seconds.
Packet sent at 8.14 seconds.
Packet sent at 8.15 seconds.
Packet sent at 8.17 seconds.
Packet sent at 8.18 seconds.
Packet sent at 8.20 seconds.
Packet sent at 8.21 seconds.
Packet sent at 8.23 seconds.
Packet sent at 8.24 seconds.
Packet sent at 8.26 seconds.
Packet sent at 8.27 seconds.
Packet sent at 8.29 seconds.
Packet sent at 8.30 seconds.
Packet sent at 8.31 seconds.
Packet sent at 8.33 seconds.
Packet sent at 8.34 seconds.
Packet sent at 8.36 seconds.
Packet sent at 8.37 seconds.
Packet sent at 8.38 seconds.
Packet sent at 8.39 seconds.
Packet sent at 8.41 seconds.
Packet sent at 8.42 seconds.
Packet sent at 8.44 seconds.
Packet sent at 8.46 seconds.
Packet sent at 8.48 seconds.
Packet sent at 8.48 seconds.
Packet sent at 8.50 seconds.
Packet sent at 8.51 seconds.
Packet sent at 8.53 seconds.
Packet sent at 8.54 seconds.
Packet sent at 8.55 seconds.
Packet sent at 8.57 seconds.
Packet sent at 8.58 seconds.
Packet sent at 8.60 seconds.
Packet sent at 8.61 seconds.
Packet sent at 8.63 seconds.
Packet sent at 8.64 seconds.
Packet sent at 8.66 seconds.
Packet sent at 8.67 seconds.
Packet sent at 8.68 seconds.
Packet sent at 8.70 seconds.
Packet sent at 8.71 seconds.
Packet sent at 8.72 seconds.
Packet sent at 8.75 seconds.
Packet sent at 8.76 seconds.
Packet sent at 8.77 seconds.
Packet sent at 8.78 seconds.
Packet sent at 8.80 seconds.
Packet sent at 8.82 seconds.
Packet sent at 8.83 seconds.
Packet sent at 8.85 seconds.
Packet sent at 8.86 seconds.
Packet sent at 8.88 seconds.
Packet sent at 8.89 seconds.
Packet sent at 8.92 seconds.
Packet sent at 8.92 seconds.
Packet sent at 8.93 seconds.
Packet sent at 8.95 seconds.
Packet sent at 8.96 seconds.
Packet sent at 8.98 seconds.
Packet sent at 8.99 seconds.
Packet sent at 9.00 seconds.
Packet sent at 9.02 seconds.
Packet sent at 9.03 seconds.
Packet sent at 9.05 seconds.
Packet sent at 9.06 seconds.
Packet sent at 9.08 seconds.
Packet sent at 9.09 seconds.
Packet sent at 9.10 seconds.
Packet sent at 9.12 seconds.
Packet sent at 9.13 seconds.
Packet sent at 9.15 seconds.
Packet sent at 9.16 seconds.
Packet sent at 9.17 seconds.
Packet sent at 9.19 seconds.
Packet sent at 9.20 seconds.
Packet sent at 9.21 seconds.
Packet sent at 9.22 seconds.
Packet sent at 9.24 seconds.
Packet sent at 9.25 seconds.
Packet sent at 9.27 seconds.
Packet sent at 9.28 seconds.
Packet sent at 9.29 seconds.
Packet sent at 9.33 seconds.
Packet sent at 9.35 seconds.
Packet sent at 9.37 seconds.
Packet sent at 9.39 seconds.
Packet sent at 9.40 seconds.
Packet sent at 9.42 seconds.
Packet sent at 9.43 seconds.
Packet sent at 9.44 seconds.
Packet sent at 9.47 seconds.
Packet sent at 9.47 seconds.
Packet sent at 9.49 seconds.
Packet sent at 9.50 seconds.
Packet sent at 9.51 seconds.
Packet sent at 9.53 seconds.
Packet sent at 9.54 seconds.
Packet sent at 9.55 seconds.
Packet sent at 9.57 seconds.
Packet sent at 9.59 seconds.
Packet sent at 9.60 seconds.
Packet sent at 9.61 seconds.
Packet sent at 9.63 seconds.
Packet sent at 9.64 seconds.
Packet sent at 9.66 seconds.
Packet sent at 9.66 seconds.
Packet sent at 9.68 seconds.
Packet sent at 9.69 seconds.
Packet sent at 9.71 seconds.
Packet sent at 9.72 seconds.
Packet sent at 9.73 seconds.
Packet sent at 9.75 seconds.
Packet sent at 9.76 seconds.
Packet sent at 9.77 seconds.
Packet sent at 9.80 seconds.
Packet sent at 9.82 seconds.
Packet sent at 9.83 seconds.
Packet sent at 9.85 seconds.
Packet sent at 9.87 seconds.
Packet sent at 9.88 seconds.
Packet sent at 9.90 seconds.
Packet sent at 9.91 seconds.
Packet sent at 9.92 seconds.
Packet sent at 9.94 seconds.
Packet sent at 9.95 seconds.
Packet sent at 9.97 seconds.
Packet sent at 9.99 seconds.
Packet sent at 10.00 seconds.
Packet sent at 10.01 seconds.
Packet sending completed.
