###[ Ethernet ]### 
  dst       = ff:ff:ff:ff:ff:ff
  src       = 08:00:00:00:01:01
  type      = n_802_1Q
###[ 802.1Q ]### 
     prio      = 2
     id        = 0
     vlan      = 1
     type      = IPv4
###[ IP ]### 
        version   = 4
        ihl       = 6
        tos       = 0x28
        len       = 32
        id        = 1
        flags     = 
        frag      = 0
        ttl       = 64
        proto     = udp
        chksum    = 0xc1a9
        src       = 10.0.1.1
        dst       = 10.0.2.2
        \options   \
         |###[ IP Option ]### 
         |  copy_flag = 1
         |  optclass  = control
         |  option    = 31
         |  length    = 4
         |  value     = '\x01\\xf4'
###[ UDP ]### 
           sport     = 1234
           dport     = 4321
           len       = 8
           chksum    = 0xd328

Sending packets to 10.0.2.2 for 10 seconds with link_qos 500, DSCP 10, PCP 2...
Packet sent at 0.02 seconds.
Packet sent at 0.06 seconds.
Packet sent at 0.08 seconds.
Packet sent at 0.12 seconds.
Packet sent at 0.14 seconds.
Packet sent at 0.16 seconds.
Packet sent at 0.18 seconds.
Packet sent at 0.20 seconds.
Packet sent at 0.22 seconds.
Packet sent at 0.24 seconds.
Packet sent at 0.28 seconds.
Packet sent at 0.32 seconds.
Packet sent at 0.34 seconds.
Packet sent at 0.38 seconds.
Packet sent at 0.40 seconds.
Packet sent at 0.42 seconds.
Packet sent at 0.44 seconds.
Packet sent at 0.46 seconds.
Packet sent at 0.49 seconds.
Packet sent at 0.50 seconds.
Packet sent at 0.52 seconds.
Packet sent at 0.54 seconds.
Packet sent at 0.56 seconds.
Packet sent at 0.58 seconds.
Packet sent at 0.60 seconds.
Packet sent at 0.62 seconds.
Packet sent at 0.64 seconds.
Packet sent at 0.66 seconds.
Packet sent at 0.68 seconds.
Packet sent at 0.70 seconds.
Packet sent at 0.72 seconds.
Packet sent at 0.74 seconds.
Packet sent at 0.76 seconds.
Packet sent at 0.78 seconds.
Packet sent at 0.80 seconds.
Packet sent at 0.82 seconds.
Packet sent at 0.84 seconds.
Packet sent at 0.85 seconds.
Packet sent at 0.87 seconds.
Packet sent at 0.90 seconds.
Packet sent at 0.92 seconds.
Packet sent at 0.94 seconds.
Packet sent at 0.96 seconds.
Packet sent at 0.98 seconds.
Packet sent at 1.00 seconds.
Packet sent at 1.01 seconds.
Packet sent at 1.04 seconds.
Packet sent at 1.06 seconds.
Packet sent at 1.07 seconds.
Packet sent at 1.10 seconds.
Packet sent at 1.11 seconds.
Packet sent at 1.14 seconds.
Packet sent at 1.16 seconds.
Packet sent at 1.18 seconds.
Packet sent at 1.20 seconds.
Packet sent at 1.22 seconds.
Packet sent at 1.24 seconds.
Packet sent at 1.26 seconds.
Packet sent at 1.28 seconds.
Packet sent at 1.30 seconds.
Packet sent at 1.32 seconds.
Packet sent at 1.34 seconds.
Packet sent at 1.36 seconds.
Packet sent at 1.38 seconds.
Packet sent at 1.40 seconds.
Packet sent at 1.42 seconds.
Packet sent at 1.43 seconds.
Packet sent at 1.46 seconds.
Packet sent at 1.48 seconds.
Packet sent at 1.49 seconds.
Packet sent at 1.51 seconds.
Packet sent at 1.52 seconds.
Packet sent at 1.54 seconds.
Packet sent at 1.56 seconds.
Packet sent at 1.58 seconds.
Packet sent at 1.61 seconds.
Packet sent at 1.63 seconds.
Packet sent at 1.66 seconds.
Packet sent at 1.67 seconds.
Packet sent at 1.69 seconds.
Packet sent at 1.71 seconds.
Packet sent at 1.74 seconds.
Packet sent at 1.76 seconds.
Packet sent at 1.78 seconds.
Packet sent at 1.81 seconds.
Packet sent at 1.83 seconds.
Packet sent at 1.84 seconds.
Packet sent at 1.87 seconds.
Packet sent at 1.88 seconds.
Packet sent at 1.91 seconds.
Packet sent at 1.93 seconds.
Packet sent at 1.95 seconds.
Packet sent at 1.97 seconds.
Packet sent at 1.99 seconds.
Packet sent at 2.01 seconds.
Packet sent at 2.02 seconds.
Packet sent at 2.05 seconds.
Packet sent at 2.07 seconds.
Packet sent at 2.08 seconds.
Packet sent at 2.11 seconds.
Packet sent at 2.13 seconds.
Packet sent at 2.15 seconds.
Packet sent at 2.17 seconds.
Packet sent at 2.18 seconds.
Packet sent at 2.20 seconds.
Packet sent at 2.22 seconds.
Packet sent at 2.25 seconds.
Packet sent at 2.27 seconds.
Packet sent at 2.28 seconds.
Packet sent at 2.30 seconds.
Packet sent at 2.33 seconds.
Packet sent at 2.34 seconds.
Packet sent at 2.36 seconds.
Packet sent at 2.38 seconds.
Packet sent at 2.40 seconds.
Packet sent at 2.41 seconds.
Packet sent at 2.43 seconds.
Packet sent at 2.45 seconds.
Packet sent at 2.47 seconds.
Packet sent at 2.49 seconds.
Packet sent at 2.51 seconds.
Packet sent at 2.52 seconds.
Packet sent at 2.54 seconds.
Packet sent at 2.57 seconds.
Packet sent at 2.58 seconds.
Packet sent at 2.60 seconds.
Packet sent at 2.62 seconds.
Packet sent at 2.64 seconds.
Packet sent at 2.66 seconds.
Packet sent at 2.68 seconds.
Packet sent at 2.70 seconds.
Packet sent at 2.71 seconds.
Packet sent at 2.73 seconds.
Packet sent at 2.75 seconds.
Packet sent at 2.77 seconds.
Packet sent at 2.80 seconds.
Packet sent at 2.81 seconds.
Packet sent at 2.83 seconds.
Packet sent at 2.85 seconds.
Packet sent at 2.87 seconds.
Packet sent at 2.90 seconds.
Packet sent at 2.92 seconds.
Packet sent at 2.94 seconds.
Packet sent at 2.96 seconds.
Packet sent at 2.98 seconds.
Packet sent at 2.99 seconds.
Packet sent at 3.01 seconds.
Packet sent at 3.04 seconds.
Packet sent at 3.06 seconds.
Packet sent at 3.08 seconds.
Packet sent at 3.09 seconds.
Packet sent at 3.10 seconds.
Packet sent at 3.13 seconds.
Packet sent at 3.16 seconds.
Packet sent at 3.17 seconds.
Packet sent at 3.19 seconds.
Packet sent at 3.22 seconds.
Packet sent at 3.23 seconds.
Packet sent at 3.26 seconds.
Packet sent at 3.27 seconds.
Packet sent at 3.29 seconds.
Packet sent at 3.31 seconds.
Packet sent at 3.33 seconds.
Packet sent at 3.34 seconds.
Packet sent at 3.36 seconds.
Packet sent at 3.38 seconds.
Packet sent at 3.40 seconds.
Packet sent at 3.43 seconds.
Packet sent at 3.45 seconds.
Packet sent at 3.46 seconds.
Packet sent at 3.48 seconds.
Packet sent at 3.50 seconds.
Packet sent at 3.52 seconds.
Packet sent at 3.54 seconds.
Packet sent at 3.56 seconds.
Packet sent at 3.58 seconds.
Packet sent at 3.60 seconds.
Packet sent at 3.62 seconds.
Packet sent at 3.64 seconds.
Packet sent at 3.66 seconds.
Packet sent at 3.69 seconds.
Packet sent at 3.71 seconds.
Packet sent at 3.73 seconds.
Packet sent at 3.76 seconds.
Packet sent at 3.77 seconds.
Packet sent at 3.79 seconds.
Packet sent at 3.82 seconds.
Packet sent at 3.83 seconds.
Packet sent at 3.86 seconds.
Packet sent at 3.88 seconds.
Packet sent at 3.89 seconds.
Packet sent at 3.92 seconds.
Packet sent at 3.93 seconds.
Packet sent at 3.95 seconds.
Packet sent at 3.98 seconds.
Packet sent at 4.00 seconds.
Packet sent at 4.01 seconds.
Packet sent at 4.04 seconds.
Packet sent at 4.05 seconds.
Packet sent at 4.07 seconds.
Packet sent at 4.09 seconds.
Packet sent at 4.11 seconds.
Packet sent at 4.13 seconds.
Packet sent at 4.15 seconds.
Packet sent at 4.17 seconds.
Packet sent at 4.19 seconds.
Packet sent at 4.21 seconds.
Packet sent at 4.23 seconds.
Packet sent at 4.24 seconds.
Packet sent at 4.27 seconds.
Packet sent at 4.29 seconds.
Packet sent at 4.31 seconds.
Packet sent at 4.33 seconds.
Packet sent at 4.34 seconds.
Packet sent at 4.37 seconds.
Packet sent at 4.38 seconds.
Packet sent at 4.40 seconds.
Packet sent at 4.42 seconds.
Packet sent at 4.44 seconds.
Packet sent at 4.46 seconds.
Packet sent at 4.47 seconds.
Packet sent at 4.50 seconds.
Packet sent at 4.51 seconds.
Packet sent at 4.54 seconds.
Packet sent at 4.55 seconds.
Packet sent at 4.57 seconds.
Packet sent at 4.59 seconds.
Packet sent at 4.61 seconds.
Packet sent at 4.62 seconds.
Packet sent at 4.64 seconds.
Packet sent at 4.67 seconds.
Packet sent at 4.69 seconds.
Packet sent at 4.71 seconds.
Packet sent at 4.72 seconds.
Packet sent at 4.74 seconds.
Packet sent at 4.76 seconds.
Packet sent at 4.78 seconds.
Packet sent at 4.80 seconds.
Packet sent at 4.82 seconds.
Packet sent at 4.84 seconds.
Packet sent at 4.85 seconds.
Packet sent at 4.88 seconds.
Packet sent at 4.89 seconds.
Packet sent at 4.91 seconds.
Packet sent at 4.93 seconds.
Packet sent at 4.95 seconds.
Packet sent at 4.97 seconds.
Packet sent at 4.98 seconds.
Packet sent at 5.01 seconds.
Packet sent at 5.02 seconds.
Packet sent at 5.05 seconds.
Packet sent at 5.11 seconds.
Packet sent at 5.13 seconds.
Packet sent at 5.15 seconds.
Packet sent at 5.17 seconds.
Packet sent at 5.19 seconds.
Packet sent at 5.22 seconds.
Packet sent at 5.23 seconds.
Packet sent at 5.26 seconds.
Packet sent at 5.28 seconds.
Packet sent at 5.30 seconds.
Packet sent at 5.32 seconds.
Packet sent at 5.34 seconds.
Packet sent at 5.36 seconds.
Packet sent at 5.37 seconds.
Packet sent at 5.39 seconds.
Packet sent at 5.41 seconds.
Packet sent at 5.42 seconds.
Packet sent at 5.44 seconds.
Packet sent at 5.46 seconds.
Packet sent at 5.48 seconds.
Packet sent at 5.49 seconds.
Packet sent at 5.52 seconds.
Packet sent at 5.53 seconds.
Packet sent at 5.56 seconds.
Packet sent at 5.57 seconds.
Packet sent at 5.59 seconds.
Packet sent at 5.60 seconds.
Packet sent at 5.63 seconds.
Packet sent at 5.64 seconds.
Packet sent at 5.66 seconds.
Packet sent at 5.69 seconds.
Packet sent at 5.70 seconds.
Packet sent at 5.73 seconds.
Packet sent at 5.74 seconds.
Packet sent at 5.77 seconds.
Packet sent at 5.79 seconds.
Packet sent at 5.81 seconds.
Packet sent at 5.82 seconds.
Packet sent at 5.84 seconds.
Packet sent at 5.88 seconds.
Packet sent at 5.89 seconds.
Packet sent at 5.92 seconds.
Packet sent at 5.94 seconds.
Packet sent at 5.95 seconds.
Packet sent at 5.98 seconds.
Packet sent at 6.00 seconds.
Packet sent at 6.02 seconds.
Packet sent at 6.03 seconds.
Packet sent at 6.06 seconds.
Packet sent at 6.07 seconds.
Packet sent at 6.09 seconds.
Packet sent at 6.10 seconds.
Packet sent at 6.12 seconds.
Packet sent at 6.14 seconds.
Packet sent at 6.17 seconds.
Packet sent at 6.19 seconds.
Packet sent at 6.22 seconds.
Packet sent at 6.24 seconds.
Packet sent at 6.26 seconds.
Packet sent at 6.28 seconds.
Packet sent at 6.30 seconds.
Packet sent at 6.33 seconds.
Packet sent at 6.35 seconds.
Packet sent at 6.37 seconds.
Packet sent at 6.40 seconds.
Packet sent at 6.42 seconds.
Packet sent at 6.45 seconds.
Packet sent at 6.47 seconds.
Packet sent at 6.48 seconds.
Packet sent at 6.51 seconds.
Packet sent at 6.54 seconds.
Packet sent at 6.56 seconds.
Packet sent at 6.57 seconds.
Packet sent at 6.60 seconds.
Packet sent at 6.63 seconds.
Packet sent at 6.65 seconds.
Packet sent at 6.67 seconds.
Packet sent at 6.70 seconds.
Packet sent at 6.72 seconds.
Packet sent at 6.74 seconds.
Packet sent at 6.77 seconds.
Packet sent at 6.80 seconds.
Packet sent at 6.82 seconds.
Packet sent at 6.84 seconds.
Packet sent at 6.87 seconds.
Packet sent at 6.90 seconds.
Packet sent at 6.92 seconds.
Packet sent at 6.96 seconds.
Packet sent at 6.98 seconds.
Packet sent at 7.01 seconds.
Packet sent at 7.03 seconds.
Packet sent at 7.05 seconds.
Packet sent at 7.08 seconds.
Packet sent at 7.11 seconds.
Packet sent at 7.14 seconds.
Packet sent at 7.17 seconds.
Packet sent at 7.18 seconds.
Packet sent at 7.21 seconds.
Packet sent at 7.24 seconds.
Packet sent at 7.26 seconds.
Packet sent at 7.28 seconds.
Packet sent at 7.30 seconds.
Packet sent at 7.32 seconds.
Packet sent at 7.35 seconds.
Packet sent at 7.37 seconds.
Packet sent at 7.40 seconds.
Packet sent at 7.42 seconds.
Packet sent at 7.44 seconds.
Packet sent at 7.46 seconds.
Packet sent at 7.48 seconds.
Packet sent at 7.50 seconds.
Packet sent at 7.53 seconds.
Packet sent at 7.54 seconds.
Packet sent at 7.58 seconds.
Packet sent at 7.60 seconds.
Packet sent at 7.61 seconds.
Packet sent at 7.64 seconds.
Packet sent at 7.66 seconds.
Packet sent at 7.68 seconds.
Packet sent at 7.71 seconds.
Packet sent at 7.73 seconds.
Packet sent at 7.77 seconds.
Packet sent at 7.79 seconds.
Packet sent at 7.81 seconds.
Packet sent at 7.84 seconds.
Packet sent at 7.86 seconds.
Packet sent at 7.88 seconds.
Packet sent at 7.90 seconds.
Packet sent at 7.93 seconds.
Packet sent at 7.95 seconds.
Packet sent at 7.98 seconds.
Packet sent at 8.00 seconds.
Packet sent at 8.02 seconds.
Packet sent at 8.04 seconds.
Packet sent at 8.06 seconds.
Packet sent at 8.09 seconds.
Packet sent at 8.10 seconds.
Packet sent at 8.12 seconds.
Packet sent at 8.15 seconds.
Packet sent at 8.19 seconds.
Packet sent at 8.21 seconds.
Packet sent at 8.23 seconds.
Packet sent at 8.27 seconds.
Packet sent at 8.29 seconds.
Packet sent at 8.31 seconds.
Packet sent at 8.33 seconds.
Packet sent at 8.36 seconds.
Packet sent at 8.38 seconds.
Packet sent at 8.40 seconds.
Packet sent at 8.43 seconds.
Packet sent at 8.45 seconds.
Packet sent at 8.47 seconds.
Packet sent at 8.49 seconds.
Packet sent at 8.52 seconds.
Packet sent at 8.55 seconds.
Packet sent at 8.57 seconds.
Packet sent at 8.59 seconds.
Packet sent at 8.61 seconds.
Packet sent at 8.64 seconds.
Packet sent at 8.65 seconds.
Packet sent at 8.68 seconds.
Packet sent at 8.70 seconds.
Packet sent at 8.72 seconds.
Packet sent at 8.75 seconds.
Packet sent at 8.77 seconds.
Packet sent at 8.79 seconds.
Packet sent at 8.82 seconds.
Packet sent at 8.85 seconds.
Packet sent at 8.87 seconds.
Packet sent at 8.89 seconds.
Packet sent at 8.91 seconds.
Packet sent at 8.94 seconds.
Packet sent at 8.96 seconds.
Packet sent at 8.98 seconds.
Packet sent at 9.01 seconds.
Packet sent at 9.02 seconds.
Packet sent at 9.06 seconds.
Packet sent at 9.07 seconds.
Packet sent at 9.10 seconds.
Packet sent at 9.12 seconds.
Packet sent at 9.14 seconds.
Packet sent at 9.17 seconds.
Packet sent at 9.18 seconds.
Packet sent at 9.21 seconds.
Packet sent at 9.23 seconds.
Packet sent at 9.26 seconds.
Packet sent at 9.28 seconds.
Packet sent at 9.32 seconds.
Packet sent at 9.33 seconds.
Packet sent at 9.36 seconds.
Packet sent at 9.38 seconds.
Packet sent at 9.40 seconds.
Packet sent at 9.43 seconds.
Packet sent at 9.44 seconds.
Packet sent at 9.46 seconds.
Packet sent at 9.48 seconds.
Packet sent at 9.50 seconds.
Packet sent at 9.53 seconds.
Packet sent at 9.55 seconds.
Packet sent at 9.57 seconds.
Packet sent at 9.59 seconds.
Packet sent at 9.62 seconds.
Packet sent at 9.64 seconds.
Packet sent at 9.66 seconds.
Packet sent at 9.68 seconds.
Packet sent at 9.71 seconds.
Packet sent at 9.73 seconds.
Packet sent at 9.75 seconds.
Packet sent at 9.78 seconds.
Packet sent at 9.80 seconds.
Packet sent at 9.83 seconds.
Packet sent at 9.85 seconds.
Packet sent at 9.87 seconds.
Packet sent at 9.89 seconds.
Packet sent at 9.92 seconds.
Packet sent at 9.93 seconds.
Packet sent at 9.96 seconds.
Packet sent at 9.99 seconds.
Packet sent at 10.01 seconds.
Packet sending completed.
